
=== stat: cpu-clock ===
# started on Thu Sep 10 16:48:30 2026


 Performance counter stats for 'sleep 0.05':

              0.50 msec cpu-clock                 #    0.010 CPUs utilized          

       0.050981693 seconds time elapsed

       0.000939000 seconds user
       0.000000000 seconds sys



=== record: cpu-clock ===
Couldn't record kernel reference relocation symbol
Symbol resolution may be skewed if relocation was used (e.g. kexec).
Check /proc/kallsyms permission or run as root.
perf_event__synthesize_bpf_events: failed to synthesize bpf images: No such file or directory
Couldn't synthesize bpf events.
[ perf record: Woken up 1 times to write data ]
[ perf record: Captured and wrote 0.002 MB /root/0460882-Project-HwiSwiCoDesign/results/raytrace/optimized/2026-09-10-16-48/.perf-probe.AdCrIP/record.data ]

=== stat: task-clock ===
# started on Thu Sep 10 16:48:31 2026


 Performance counter stats for 'sleep 0.05':

              0.45 msec task-clock                #    0.009 CPUs utilized          

       0.050916559 seconds time elapsed

       0.000898000 seconds user
       0.000000000 seconds sys



=== record: task-clock ===
Couldn't record kernel reference relocation symbol
Symbol resolution may be skewed if relocation was used (e.g. kexec).
Check /proc/kallsyms permission or run as root.
perf_event__synthesize_bpf_events: failed to synthesize bpf images: No such file or directory
Couldn't synthesize bpf events.
[ perf record: Woken up 1 times to write data ]
[ perf record: Captured and wrote 0.002 MB /root/0460882-Project-HwiSwiCoDesign/results/raytrace/optimized/2026-09-10-16-48/.perf-probe.AdCrIP/record.data ]

=== stat: cycles ===
# started on Thu Sep 10 16:48:32 2026


 Performance counter stats for 'sleep 0.05':

           1031304      cycles                                                      

       0.056795131 seconds time elapsed

       0.000000000 seconds user
       0.006661000 seconds sys



=== record: cycles ===
Couldn't record kernel reference relocation symbol
Symbol resolution may be skewed if relocation was used (e.g. kexec).
Check /proc/kallsyms permission or run as root.
perf_event__synthesize_bpf_events: failed to synthesize bpf images: No such file or directory
Couldn't synthesize bpf events.
[ perf record: Woken up 1 times to write data ]
[ perf record: Captured and wrote 0.002 MB /root/0460882-Project-HwiSwiCoDesign/results/raytrace/optimized/2026-09-10-16-48/.perf-probe.AdCrIP/record.data ]

=== stat: instructions ===
# started on Thu Sep 10 16:48:33 2026


 Performance counter stats for 'sleep 0.05':

            551765      instructions                                                

       0.056417544 seconds time elapsed

       0.000000000 seconds user
       0.006343000 seconds sys



=== record: instructions ===
Couldn't record kernel reference relocation symbol
Symbol resolution may be skewed if relocation was used (e.g. kexec).
Check /proc/kallsyms permission or run as root.
perf_event__synthesize_bpf_events: failed to synthesize bpf images: No such file or directory
Couldn't synthesize bpf events.
[ perf record: Woken up 1 times to write data ]
[ perf record: Captured and wrote 0.003 MB /root/0460882-Project-HwiSwiCoDesign/results/raytrace/optimized/2026-09-10-16-48/.perf-probe.AdCrIP/record.data (4 samples) ]

=== stat: branch-instructions ===
# started on Thu Sep 10 16:48:35 2026


 Performance counter stats for 'sleep 0.05':

            120303      branch-instructions                                         

       0.057155650 seconds time elapsed

       0.000000000 seconds user
       0.007078000 seconds sys



=== record: branch-instructions ===
Couldn't record kernel reference relocation symbol
Symbol resolution may be skewed if relocation was used (e.g. kexec).
Check /proc/kallsyms permission or run as root.
perf_event__synthesize_bpf_events: failed to synthesize bpf images: No such file or directory
Couldn't synthesize bpf events.
[ perf record: Woken up 1 times to write data ]
[ perf record: Captured and wrote 0.002 MB /root/0460882-Project-HwiSwiCoDesign/results/raytrace/optimized/2026-09-10-16-48/.perf-probe.AdCrIP/record.data ]

=== stat: branch-misses ===
# started on Thu Sep 10 16:48:36 2026


 Performance counter stats for 'sleep 0.05':

              5764      branch-misses                                               

       0.056465799 seconds time elapsed

       0.000000000 seconds user
       0.006386000 seconds sys



=== record: branch-misses ===
Couldn't record kernel reference relocation symbol
Symbol resolution may be skewed if relocation was used (e.g. kexec).
Check /proc/kallsyms permission or run as root.
perf_event__synthesize_bpf_events: failed to synthesize bpf images: No such file or directory
Couldn't synthesize bpf events.
[ perf record: Woken up 1 times to write data ]
[ perf record: Captured and wrote 0.002 MB /root/0460882-Project-HwiSwiCoDesign/results/raytrace/optimized/2026-09-10-16-48/.perf-probe.AdCrIP/record.data ]

=== stat: bus-cycles ===
# started on Thu Sep 10 16:48:37 2026


 Performance counter stats for 'sleep 0.05':

             57213      bus-cycles                                                  

       0.056674190 seconds time elapsed

       0.000000000 seconds user
       0.006573000 seconds sys



=== record: bus-cycles ===
Couldn't record kernel reference relocation symbol
Symbol resolution may be skewed if relocation was used (e.g. kexec).
Check /proc/kallsyms permission or run as root.
perf_event__synthesize_bpf_events: failed to synthesize bpf images: No such file or directory
Couldn't synthesize bpf events.
[ perf record: Woken up 1 times to write data ]
[ perf record: Captured and wrote 0.002 MB /root/0460882-Project-HwiSwiCoDesign/results/raytrace/optimized/2026-09-10-16-48/.perf-probe.AdCrIP/record.data ]

=== stat: cache-references ===
# started on Thu Sep 10 16:48:38 2026


 Performance counter stats for 'sleep 0.05':

             19529      cache-references                                            

       0.056288938 seconds time elapsed

       0.000000000 seconds user
       0.006213000 seconds sys



=== record: cache-references ===
Couldn't record kernel reference relocation symbol
Symbol resolution may be skewed if relocation was used (e.g. kexec).
Check /proc/kallsyms permission or run as root.
perf_event__synthesize_bpf_events: failed to synthesize bpf images: No such file or directory
Couldn't synthesize bpf events.
[ perf record: Woken up 1 times to write data ]
[ perf record: Captured and wrote 0.002 MB /root/0460882-Project-HwiSwiCoDesign/results/raytrace/optimized/2026-09-10-16-48/.perf-probe.AdCrIP/record.data ]

=== stat: cache-misses ===
# started on Thu Sep 10 16:48:39 2026


 Performance counter stats for 'sleep 0.05':

               418      cache-misses                                                

       0.056708156 seconds time elapsed

       0.000000000 seconds user
       0.006631000 seconds sys



=== record: cache-misses ===
Couldn't record kernel reference relocation symbol
Symbol resolution may be skewed if relocation was used (e.g. kexec).
Check /proc/kallsyms permission or run as root.
perf_event__synthesize_bpf_events: failed to synthesize bpf images: No such file or directory
Couldn't synthesize bpf events.
[ perf record: Woken up 1 times to write data ]
[ perf record: Captured and wrote 0.002 MB /root/0460882-Project-HwiSwiCoDesign/results/raytrace/optimized/2026-09-10-16-48/.perf-probe.AdCrIP/record.data ]

=== stat: ref-cycles ===
# started on Thu Sep 10 16:48:40 2026


 Performance counter stats for 'sleep 0.05':

           1082784      ref-cycles                                                  

       0.056512509 seconds time elapsed

       0.000000000 seconds user
       0.006384000 seconds sys



=== record: ref-cycles ===
Couldn't record kernel reference relocation symbol
Symbol resolution may be skewed if relocation was used (e.g. kexec).
Check /proc/kallsyms permission or run as root.
perf_event__synthesize_bpf_events: failed to synthesize bpf images: No such file or directory
Couldn't synthesize bpf events.
[ perf record: Woken up 1 times to write data ]
[ perf record: Captured and wrote 0.002 MB /root/0460882-Project-HwiSwiCoDesign/results/raytrace/optimized/2026-09-10-16-48/.perf-probe.AdCrIP/record.data ]

=== stat: stalled-cycles-frontend ===
# started on Thu Sep 10 16:48:41 2026


 Performance counter stats for 'sleep 0.05':

   <not supported>      stalled-cycles-frontend                                     

       0.050972376 seconds time elapsed

       0.000953000 seconds user
       0.000000000 seconds sys



=== record: stalled-cycles-frontend ===
Error:
The stalled-cycles-frontend event is not supported.

=== stat: stalled-cycles-backend ===
# started on Thu Sep 10 16:48:41 2026


 Performance counter stats for 'sleep 0.05':

   <not supported>      stalled-cycles-backend                                      

       0.051011111 seconds time elapsed

       0.000943000 seconds user
       0.000000000 seconds sys



=== record: stalled-cycles-backend ===
Error:
The stalled-cycles-backend event is not supported.

=== stat: page-faults ===
# started on Thu Sep 10 16:48:41 2026


 Performance counter stats for 'sleep 0.05':

                59      page-faults                                                 

       0.050923324 seconds time elapsed

       0.000898000 seconds user
       0.000000000 seconds sys



=== record: page-faults ===
Couldn't record kernel reference relocation symbol
Symbol resolution may be skewed if relocation was used (e.g. kexec).
Check /proc/kallsyms permission or run as root.
perf_event__synthesize_bpf_events: failed to synthesize bpf images: No such file or directory
Couldn't synthesize bpf events.
[ perf record: Woken up 1 times to write data ]
[ perf record: Captured and wrote 0.003 MB /root/0460882-Project-HwiSwiCoDesign/results/raytrace/optimized/2026-09-10-16-48/.perf-probe.AdCrIP/record.data (5 samples) ]

=== stat: minor-faults ===
# started on Thu Sep 10 16:48:43 2026


 Performance counter stats for 'sleep 0.05':

                59      minor-faults                                                

       0.051011343 seconds time elapsed

       0.000965000 seconds user
       0.000000000 seconds sys



=== record: minor-faults ===
Couldn't record kernel reference relocation symbol
Symbol resolution may be skewed if relocation was used (e.g. kexec).
Check /proc/kallsyms permission or run as root.
perf_event__synthesize_bpf_events: failed to synthesize bpf images: No such file or directory
Couldn't synthesize bpf events.
[ perf record: Woken up 1 times to write data ]
[ perf record: Captured and wrote 0.003 MB /root/0460882-Project-HwiSwiCoDesign/results/raytrace/optimized/2026-09-10-16-48/.perf-probe.AdCrIP/record.data (5 samples) ]

=== stat: major-faults ===
# started on Thu Sep 10 16:48:44 2026


 Performance counter stats for 'sleep 0.05':

                 0      major-faults                                                

       0.050998875 seconds time elapsed

       0.000967000 seconds user
       0.000000000 seconds sys



=== record: major-faults ===
Couldn't record kernel reference relocation symbol
Symbol resolution may be skewed if relocation was used (e.g. kexec).
Check /proc/kallsyms permission or run as root.
perf_event__synthesize_bpf_events: failed to synthesize bpf images: No such file or directory
Couldn't synthesize bpf events.
[ perf record: Woken up 1 times to write data ]
[ perf record: Captured and wrote 0.002 MB /root/0460882-Project-HwiSwiCoDesign/results/raytrace/optimized/2026-09-10-16-48/.perf-probe.AdCrIP/record.data ]

=== stat: context-switches ===
# started on Thu Sep 10 16:48:45 2026


 Performance counter stats for 'sleep 0.05':

                 1      context-switches                                            

       0.050982406 seconds time elapsed

       0.000940000 seconds user
       0.000000000 seconds sys



=== record: context-switches ===
Couldn't record kernel reference relocation symbol
Symbol resolution may be skewed if relocation was used (e.g. kexec).
Check /proc/kallsyms permission or run as root.
perf_event__synthesize_bpf_events: failed to synthesize bpf images: No such file or directory
Couldn't synthesize bpf events.
[ perf record: Woken up 1 times to write data ]
[ perf record: Captured and wrote 0.002 MB /root/0460882-Project-HwiSwiCoDesign/results/raytrace/optimized/2026-09-10-16-48/.perf-probe.AdCrIP/record.data (1 samples) ]

=== stat: cpu-migrations ===
# started on Thu Sep 10 16:48:46 2026


 Performance counter stats for 'sleep 0.05':

                 0      cpu-migrations                                              

       0.051028911 seconds time elapsed

       0.000000000 seconds user
       0.000981000 seconds sys



=== record: cpu-migrations ===
Couldn't record kernel reference relocation symbol
Symbol resolution may be skewed if relocation was used (e.g. kexec).
Check /proc/kallsyms permission or run as root.
perf_event__synthesize_bpf_events: failed to synthesize bpf images: No such file or directory
Couldn't synthesize bpf events.
[ perf record: Woken up 1 times to write data ]
[ perf record: Captured and wrote 0.002 MB /root/0460882-Project-HwiSwiCoDesign/results/raytrace/optimized/2026-09-10-16-48/.perf-probe.AdCrIP/record.data ]

=== stat: alignment-faults ===
# started on Thu Sep 10 16:48:47 2026


 Performance counter stats for 'sleep 0.05':

                 0      alignment-faults                                            

       0.051007067 seconds time elapsed

       0.000980000 seconds user
       0.000000000 seconds sys



=== record: alignment-faults ===
Couldn't record kernel reference relocation symbol
Symbol resolution may be skewed if relocation was used (e.g. kexec).
Check /proc/kallsyms permission or run as root.
perf_event__synthesize_bpf_events: failed to synthesize bpf images: No such file or directory
Couldn't synthesize bpf events.
[ perf record: Woken up 1 times to write data ]
[ perf record: Captured and wrote 0.002 MB /root/0460882-Project-HwiSwiCoDesign/results/raytrace/optimized/2026-09-10-16-48/.perf-probe.AdCrIP/record.data ]

=== stat: emulation-faults ===
# started on Thu Sep 10 16:48:48 2026


 Performance counter stats for 'sleep 0.05':

                 0      emulation-faults                                            

       0.051042467 seconds time elapsed

       0.000000000 seconds user
       0.001010000 seconds sys



=== record: emulation-faults ===
Couldn't record kernel reference relocation symbol
Symbol resolution may be skewed if relocation was used (e.g. kexec).
Check /proc/kallsyms permission or run as root.
perf_event__synthesize_bpf_events: failed to synthesize bpf images: No such file or directory
Couldn't synthesize bpf events.
[ perf record: Woken up 1 times to write data ]
[ perf record: Captured and wrote 0.002 MB /root/0460882-Project-HwiSwiCoDesign/results/raytrace/optimized/2026-09-10-16-48/.perf-probe.AdCrIP/record.data ]

=== stat: cgroup-switches ===
# started on Thu Sep 10 16:48:49 2026


 Performance counter stats for 'sleep 0.05':

                 1      cgroup-switches                                             

       0.051036960 seconds time elapsed

       0.000000000 seconds user
       0.001003000 seconds sys



=== record: cgroup-switches ===
Couldn't record kernel reference relocation symbol
Symbol resolution may be skewed if relocation was used (e.g. kexec).
Check /proc/kallsyms permission or run as root.
perf_event__synthesize_bpf_events: failed to synthesize bpf images: No such file or directory
Couldn't synthesize bpf events.
[ perf record: Woken up 1 times to write data ]
[ perf record: Captured and wrote 0.002 MB /root/0460882-Project-HwiSwiCoDesign/results/raytrace/optimized/2026-09-10-16-48/.perf-probe.AdCrIP/record.data ]

=== stat: L1-dcache-loads ===
# started on Thu Sep 10 16:48:50 2026


 Performance counter stats for 'sleep 0.05':

            156675      L1-dcache-loads                                             

       0.056669495 seconds time elapsed

       0.000000000 seconds user
       0.006614000 seconds sys



=== record: L1-dcache-loads ===
Couldn't record kernel reference relocation symbol
Symbol resolution may be skewed if relocation was used (e.g. kexec).
Check /proc/kallsyms permission or run as root.
perf_event__synthesize_bpf_events: failed to synthesize bpf images: No such file or directory
Couldn't synthesize bpf events.
[ perf record: Woken up 1 times to write data ]
[ perf record: Captured and wrote 0.002 MB /root/0460882-Project-HwiSwiCoDesign/results/raytrace/optimized/2026-09-10-16-48/.perf-probe.AdCrIP/record.data ]

=== stat: L1-dcache-load-misses ===
# started on Thu Sep 10 16:48:51 2026


 Performance counter stats for 'sleep 0.05':

             16053      L1-dcache-load-misses                                       

       0.056612590 seconds time elapsed

       0.000000000 seconds user
       0.006559000 seconds sys



=== record: L1-dcache-load-misses ===
Couldn't record kernel reference relocation symbol
Symbol resolution may be skewed if relocation was used (e.g. kexec).
Check /proc/kallsyms permission or run as root.
perf_event__synthesize_bpf_events: failed to synthesize bpf images: No such file or directory
Couldn't synthesize bpf events.
[ perf record: Woken up 1 times to write data ]
[ perf record: Captured and wrote 0.002 MB /root/0460882-Project-HwiSwiCoDesign/results/raytrace/optimized/2026-09-10-16-48/.perf-probe.AdCrIP/record.data ]

=== stat: L1-dcache-stores ===
# started on Thu Sep 10 16:48:53 2026


 Performance counter stats for 'sleep 0.05':

             96025      L1-dcache-stores                                            

       0.056614605 seconds time elapsed

       0.000000000 seconds user
       0.006518000 seconds sys



=== record: L1-dcache-stores ===
Couldn't record kernel reference relocation symbol
Symbol resolution may be skewed if relocation was used (e.g. kexec).
Check /proc/kallsyms permission or run as root.
perf_event__synthesize_bpf_events: failed to synthesize bpf images: No such file or directory
Couldn't synthesize bpf events.
[ perf record: Woken up 1 times to write data ]
[ perf record: Captured and wrote 0.002 MB /root/0460882-Project-HwiSwiCoDesign/results/raytrace/optimized/2026-09-10-16-48/.perf-probe.AdCrIP/record.data ]

=== stat: L1-dcache-store-misses ===
# started on Thu Sep 10 16:48:54 2026


 Performance counter stats for 'sleep 0.05':

   <not supported>      L1-dcache-store-misses                                      

       0.050989450 seconds time elapsed

       0.000942000 seconds user
       0.000000000 seconds sys



=== record: L1-dcache-store-misses ===
Error:
The L1-dcache-store-misses event is not supported.

=== stat: L1-dcache-prefetches ===
# started on Thu Sep 10 16:48:54 2026


 Performance counter stats for 'sleep 0.05':

   <not supported>      L1-dcache-prefetches                                        

       0.051007513 seconds time elapsed

       0.000951000 seconds user
       0.000000000 seconds sys



=== record: L1-dcache-prefetches ===
Error:
The L1-dcache-prefetches event is not supported.

=== stat: L1-dcache-prefetch-misses ===
# started on Thu Sep 10 16:48:54 2026


 Performance counter stats for 'sleep 0.05':

   <not supported>      L1-dcache-prefetch-misses                                   

       0.050926933 seconds time elapsed

       0.000875000 seconds user
       0.000000000 seconds sys



=== record: L1-dcache-prefetch-misses ===
Error:
The L1-dcache-prefetch-misses event is not supported.

=== stat: L1-icache-loads ===
# started on Thu Sep 10 16:48:54 2026


 Performance counter stats for 'sleep 0.05':

   <not supported>      L1-icache-loads                                             

       0.050953221 seconds time elapsed

       0.000901000 seconds user
       0.000000000 seconds sys



=== record: L1-icache-loads ===
Error:
The L1-icache-loads event is not supported.

=== stat: L1-icache-load-misses ===
# started on Thu Sep 10 16:48:54 2026


 Performance counter stats for 'sleep 0.05':

              9099      L1-icache-load-misses                                       

       0.051083844 seconds time elapsed

       0.001037000 seconds user
       0.000000000 seconds sys



=== record: L1-icache-load-misses ===
Couldn't record kernel reference relocation symbol
Symbol resolution may be skewed if relocation was used (e.g. kexec).
Check /proc/kallsyms permission or run as root.
perf_event__synthesize_bpf_events: failed to synthesize bpf images: No such file or directory
Couldn't synthesize bpf events.
[ perf record: Woken up 1 times to write data ]
[ perf record: Captured and wrote 0.002 MB /root/0460882-Project-HwiSwiCoDesign/results/raytrace/optimized/2026-09-10-16-48/.perf-probe.AdCrIP/record.data ]

=== stat: LLC-loads ===
# started on Thu Sep 10 16:48:55 2026


 Performance counter stats for 'sleep 0.05':

   <not supported>      LLC-loads                                                   

       0.050984679 seconds time elapsed

       0.000000000 seconds user
       0.000944000 seconds sys



=== record: LLC-loads ===
Error:
The sys_perf_event_open() syscall returned with 6 (No such device or address) for event (LLC-loads).
/bin/dmesg | grep -i perf may provide additional information.


=== stat: LLC-load-misses ===
# started on Thu Sep 10 16:48:55 2026


 Performance counter stats for 'sleep 0.05':

   <not supported>      LLC-load-misses                                             

       0.050991326 seconds time elapsed

       0.000000000 seconds user
       0.000921000 seconds sys



=== record: LLC-load-misses ===
Error:
The sys_perf_event_open() syscall returned with 6 (No such device or address) for event (LLC-load-misses).
/bin/dmesg | grep -i perf may provide additional information.


=== stat: LLC-stores ===
# started on Thu Sep 10 16:48:55 2026


 Performance counter stats for 'sleep 0.05':

   <not supported>      LLC-stores                                                  

       0.050928929 seconds time elapsed

       0.000867000 seconds user
       0.000000000 seconds sys



=== record: LLC-stores ===
Error:
The sys_perf_event_open() syscall returned with 6 (No such device or address) for event (LLC-stores).
/bin/dmesg | grep -i perf may provide additional information.


=== stat: LLC-store-misses ===
# started on Thu Sep 10 16:48:55 2026


 Performance counter stats for 'sleep 0.05':

   <not supported>      LLC-store-misses                                            

       0.050898666 seconds time elapsed

       0.000867000 seconds user
       0.000000000 seconds sys



=== record: LLC-store-misses ===
Error:
The sys_perf_event_open() syscall returned with 6 (No such device or address) for event (LLC-store-misses).
/bin/dmesg | grep -i perf may provide additional information.


=== stat: LLC-prefetches ===
# started on Thu Sep 10 16:48:56 2026


 Performance counter stats for 'sleep 0.05':

   <not supported>      LLC-prefetches                                              

       0.050935448 seconds time elapsed

       0.000889000 seconds user
       0.000000000 seconds sys



=== record: LLC-prefetches ===
Error:
The LLC-prefetches event is not supported.

=== stat: LLC-prefetch-misses ===
# started on Thu Sep 10 16:48:56 2026


 Performance counter stats for 'sleep 0.05':

   <not supported>      LLC-prefetch-misses                                         

       0.050853061 seconds time elapsed

       0.000818000 seconds user
       0.000000000 seconds sys



=== record: LLC-prefetch-misses ===
Error:
The LLC-prefetch-misses event is not supported.

=== stat: dTLB-loads ===
# started on Thu Sep 10 16:48:56 2026


 Performance counter stats for 'sleep 0.05':

            155224      dTLB-loads                                                  

       0.051152995 seconds time elapsed

       0.000000000 seconds user
       0.001088000 seconds sys



=== record: dTLB-loads ===
Couldn't record kernel reference relocation symbol
Symbol resolution may be skewed if relocation was used (e.g. kexec).
Check /proc/kallsyms permission or run as root.
perf_event__synthesize_bpf_events: failed to synthesize bpf images: No such file or directory
Couldn't synthesize bpf events.
[ perf record: Woken up 1 times to write data ]
[ perf record: Captured and wrote 0.002 MB /root/0460882-Project-HwiSwiCoDesign/results/raytrace/optimized/2026-09-10-16-48/.perf-probe.AdCrIP/record.data ]

=== stat: dTLB-load-misses ===
# started on Thu Sep 10 16:48:57 2026


 Performance counter stats for 'sleep 0.05':

              4116      dTLB-load-misses                                            

       0.061733875 seconds time elapsed

       0.000000000 seconds user
       0.011612000 seconds sys



=== record: dTLB-load-misses ===
Couldn't record kernel reference relocation symbol
Symbol resolution may be skewed if relocation was used (e.g. kexec).
Check /proc/kallsyms permission or run as root.
perf_event__synthesize_bpf_events: failed to synthesize bpf images: No such file or directory
Couldn't synthesize bpf events.
[ perf record: Woken up 1 times to write data ]
[ perf record: Captured and wrote 0.002 MB /root/0460882-Project-HwiSwiCoDesign/results/raytrace/optimized/2026-09-10-16-48/.perf-probe.AdCrIP/record.data ]

=== stat: dTLB-stores ===
# started on Thu Sep 10 16:48:58 2026


 Performance counter stats for 'sleep 0.05':

             93367      dTLB-stores                                                 

       0.057351952 seconds time elapsed

       0.000000000 seconds user
       0.007232000 seconds sys



=== record: dTLB-stores ===
Couldn't record kernel reference relocation symbol
Symbol resolution may be skewed if relocation was used (e.g. kexec).
Check /proc/kallsyms permission or run as root.
perf_event__synthesize_bpf_events: failed to synthesize bpf images: No such file or directory
Couldn't synthesize bpf events.
[ perf record: Woken up 1 times to write data ]
[ perf record: Captured and wrote 0.002 MB /root/0460882-Project-HwiSwiCoDesign/results/raytrace/optimized/2026-09-10-16-48/.perf-probe.AdCrIP/record.data ]

=== stat: dTLB-store-misses ===
# started on Thu Sep 10 16:48:59 2026


 Performance counter stats for 'sleep 0.05':

               569      dTLB-store-misses                                           

       0.057210063 seconds time elapsed

       0.000000000 seconds user
       0.007125000 seconds sys



=== record: dTLB-store-misses ===
Couldn't record kernel reference relocation symbol
Symbol resolution may be skewed if relocation was used (e.g. kexec).
Check /proc/kallsyms permission or run as root.
perf_event__synthesize_bpf_events: failed to synthesize bpf images: No such file or directory
Couldn't synthesize bpf events.
[ perf record: Woken up 1 times to write data ]
[ perf record: Captured and wrote 0.002 MB /root/0460882-Project-HwiSwiCoDesign/results/raytrace/optimized/2026-09-10-16-48/.perf-probe.AdCrIP/record.data ]

=== stat: iTLB-loads ===
# started on Thu Sep 10 16:49:00 2026


 Performance counter stats for 'sleep 0.05':

               803      iTLB-loads                                                  

       0.057309760 seconds time elapsed

       0.000000000 seconds user
       0.007221000 seconds sys



=== record: iTLB-loads ===
Couldn't record kernel reference relocation symbol
Symbol resolution may be skewed if relocation was used (e.g. kexec).
Check /proc/kallsyms permission or run as root.
perf_event__synthesize_bpf_events: failed to synthesize bpf images: No such file or directory
Couldn't synthesize bpf events.
[ perf record: Woken up 1 times to write data ]
[ perf record: Captured and wrote 0.002 MB /root/0460882-Project-HwiSwiCoDesign/results/raytrace/optimized/2026-09-10-16-48/.perf-probe.AdCrIP/record.data ]

=== stat: iTLB-load-misses ===
# started on Thu Sep 10 16:49:01 2026


 Performance counter stats for 'sleep 0.05':

              3801      iTLB-load-misses                                            

       0.056340882 seconds time elapsed

       0.000000000 seconds user
       0.006245000 seconds sys



=== record: iTLB-load-misses ===
Couldn't record kernel reference relocation symbol
Symbol resolution may be skewed if relocation was used (e.g. kexec).
Check /proc/kallsyms permission or run as root.
perf_event__synthesize_bpf_events: failed to synthesize bpf images: No such file or directory
Couldn't synthesize bpf events.
[ perf record: Woken up 1 times to write data ]
[ perf record: Captured and wrote 0.002 MB /root/0460882-Project-HwiSwiCoDesign/results/raytrace/optimized/2026-09-10-16-48/.perf-probe.AdCrIP/record.data ]

=== stat: branch-loads ===
# started on Thu Sep 10 16:49:02 2026


 Performance counter stats for 'sleep 0.05':

            119778      branch-loads                                                

       0.056598097 seconds time elapsed

       0.000000000 seconds user
       0.006508000 seconds sys



=== record: branch-loads ===
Couldn't record kernel reference relocation symbol
Symbol resolution may be skewed if relocation was used (e.g. kexec).
Check /proc/kallsyms permission or run as root.
perf_event__synthesize_bpf_events: failed to synthesize bpf images: No such file or directory
Couldn't synthesize bpf events.
[ perf record: Woken up 1 times to write data ]
[ perf record: Captured and wrote 0.002 MB /root/0460882-Project-HwiSwiCoDesign/results/raytrace/optimized/2026-09-10-16-48/.perf-probe.AdCrIP/record.data ]

=== stat: branch-load-misses ===
# started on Thu Sep 10 16:49:03 2026


 Performance counter stats for 'sleep 0.05':

              5640      branch-load-misses                                          

       0.056665082 seconds time elapsed

       0.000000000 seconds user
       0.006542000 seconds sys



=== record: branch-load-misses ===
Couldn't record kernel reference relocation symbol
Symbol resolution may be skewed if relocation was used (e.g. kexec).
Check /proc/kallsyms permission or run as root.
perf_event__synthesize_bpf_events: failed to synthesize bpf images: No such file or directory
Couldn't synthesize bpf events.
[ perf record: Woken up 1 times to write data ]
[ perf record: Captured and wrote 0.002 MB /root/0460882-Project-HwiSwiCoDesign/results/raytrace/optimized/2026-09-10-16-48/.perf-probe.AdCrIP/record.data ]

=== stat: node-loads ===
# started on Thu Sep 10 16:49:05 2026


 Performance counter stats for 'sleep 0.05':

   <not supported>      node-loads                                                  

       0.051015658 seconds time elapsed

       0.000976000 seconds user
       0.000000000 seconds sys



=== record: node-loads ===
Error:
The sys_perf_event_open() syscall returned with 6 (No such device or address) for event (node-loads).
/bin/dmesg | grep -i perf may provide additional information.


=== stat: node-load-misses ===
# started on Thu Sep 10 16:49:05 2026


 Performance counter stats for 'sleep 0.05':

   <not supported>      node-load-misses                                            

       0.051017349 seconds time elapsed

       0.000973000 seconds user
       0.000000000 seconds sys



=== record: node-load-misses ===
Error:
The sys_perf_event_open() syscall returned with 6 (No such device or address) for event (node-load-misses).
/bin/dmesg | grep -i perf may provide additional information.


=== stat: node-stores ===
# started on Thu Sep 10 16:49:05 2026


 Performance counter stats for 'sleep 0.05':

   <not supported>      node-stores                                                 

       0.050938479 seconds time elapsed

       0.000902000 seconds user
       0.000000000 seconds sys



=== record: node-stores ===
Error:
The sys_perf_event_open() syscall returned with 6 (No such device or address) for event (node-stores).
/bin/dmesg | grep -i perf may provide additional information.


=== stat: node-store-misses ===
# started on Thu Sep 10 16:49:05 2026


 Performance counter stats for 'sleep 0.05':

   <not supported>      node-store-misses                                           

       0.050939264 seconds time elapsed

       0.000906000 seconds user
       0.000000000 seconds sys



=== record: node-store-misses ===
Error:
The sys_perf_event_open() syscall returned with 6 (No such device or address) for event (node-store-misses).
/bin/dmesg | grep -i perf may provide additional information.


=== stat: duration_time ===
# started on Thu Sep 10 16:49:05 2026


 Performance counter stats for 'system wide':

          50988510 ns   duration_time                                               

       0.050988510 seconds time elapsed


=== stat: user_time ===
event syntax error: 'user_time'
                     \___ parser error
Run 'perf list' for a list of valid events

 Usage: perf stat [<options>] [<command>]

    -e, --event <event>   event selector. use 'perf list' to list available events

=== stat: system_time ===
event syntax error: 'system_time'
                     \___ parser error
Run 'perf list' for a list of valid events

 Usage: perf stat [<options>] [<command>]

    -e, --event <event>   event selector. use 'perf list' to list available events

=== stat: dummy ===
# started on Thu Sep 10 16:49:05 2026


 Performance counter stats for 'sleep 0.05':

                 0      dummy                                                       

       0.050934900 seconds time elapsed

       0.000887000 seconds user
       0.000000000 seconds sys



=== stat: bpf-output ===
# started on Thu Sep 10 16:49:05 2026


 Performance counter stats for 'sleep 0.05':

                 0      bpf-output                                                  

       0.050980788 seconds time elapsed

       0.000937000 seconds user
       0.000000000 seconds sys


