
=== stat: cpu-clock ===
# started on Thu Sep 10 12:39:42 2026


 Performance counter stats for 'sleep 0.05':

              0.47 msec cpu-clock                 #    0.009 CPUs utilized          

       0.050931366 seconds time elapsed

       0.000000000 seconds user
       0.000908000 seconds sys



=== record: cpu-clock ===
Couldn't record kernel reference relocation symbol
Symbol resolution may be skewed if relocation was used (e.g. kexec).
Check /proc/kallsyms permission or run as root.
perf_event__synthesize_bpf_events: failed to synthesize bpf images: No such file or directory
Couldn't synthesize bpf events.
[ perf record: Woken up 1 times to write data ]
[ perf record: Captured and wrote 0.002 MB /root/0460882-Project-HwiSwiCoDesign/results/raytrace/optimized/2026-09-10-12-39/.perf-probe.dhYoJ9/record.data ]

=== stat: task-clock ===
# started on Thu Sep 10 12:39:43 2026


 Performance counter stats for 'sleep 0.05':

              0.49 msec task-clock                #    0.010 CPUs utilized          

       0.050949794 seconds time elapsed

       0.000921000 seconds user
       0.000000000 seconds sys



=== record: task-clock ===
Couldn't record kernel reference relocation symbol
Symbol resolution may be skewed if relocation was used (e.g. kexec).
Check /proc/kallsyms permission or run as root.
perf_event__synthesize_bpf_events: failed to synthesize bpf images: No such file or directory
Couldn't synthesize bpf events.
[ perf record: Woken up 1 times to write data ]
[ perf record: Captured and wrote 0.002 MB /root/0460882-Project-HwiSwiCoDesign/results/raytrace/optimized/2026-09-10-12-39/.perf-probe.dhYoJ9/record.data ]

=== stat: cycles ===
# started on Thu Sep 10 12:39:44 2026


 Performance counter stats for 'sleep 0.05':

            952513      cycles                                                      

       0.056837794 seconds time elapsed

       0.000000000 seconds user
       0.006714000 seconds sys



=== record: cycles ===
Couldn't record kernel reference relocation symbol
Symbol resolution may be skewed if relocation was used (e.g. kexec).
Check /proc/kallsyms permission or run as root.
perf_event__synthesize_bpf_events: failed to synthesize bpf images: No such file or directory
Couldn't synthesize bpf events.
[ perf record: Woken up 1 times to write data ]
[ perf record: Captured and wrote 0.002 MB /root/0460882-Project-HwiSwiCoDesign/results/raytrace/optimized/2026-09-10-12-39/.perf-probe.dhYoJ9/record.data ]

=== stat: instructions ===
# started on Thu Sep 10 12:39:45 2026


 Performance counter stats for 'sleep 0.05':

            558378      instructions                                                

       0.056596440 seconds time elapsed

       0.000000000 seconds user
       0.006458000 seconds sys



=== record: instructions ===
Couldn't record kernel reference relocation symbol
Symbol resolution may be skewed if relocation was used (e.g. kexec).
Check /proc/kallsyms permission or run as root.
perf_event__synthesize_bpf_events: failed to synthesize bpf images: No such file or directory
Couldn't synthesize bpf events.
[ perf record: Woken up 1 times to write data ]
[ perf record: Captured and wrote 0.003 MB /root/0460882-Project-HwiSwiCoDesign/results/raytrace/optimized/2026-09-10-12-39/.perf-probe.dhYoJ9/record.data (4 samples) ]

=== stat: branch-instructions ===
# started on Thu Sep 10 12:39:46 2026


 Performance counter stats for 'sleep 0.05':

            115657      branch-instructions                                         

       0.056465593 seconds time elapsed

       0.000000000 seconds user
       0.006373000 seconds sys



=== record: branch-instructions ===
Couldn't record kernel reference relocation symbol
Symbol resolution may be skewed if relocation was used (e.g. kexec).
Check /proc/kallsyms permission or run as root.
perf_event__synthesize_bpf_events: failed to synthesize bpf images: No such file or directory
Couldn't synthesize bpf events.
[ perf record: Woken up 1 times to write data ]
[ perf record: Captured and wrote 0.002 MB /root/0460882-Project-HwiSwiCoDesign/results/raytrace/optimized/2026-09-10-12-39/.perf-probe.dhYoJ9/record.data ]

=== stat: branch-misses ===
# started on Thu Sep 10 12:39:48 2026


 Performance counter stats for 'sleep 0.05':

              5499      branch-misses                                               

       0.056824779 seconds time elapsed

       0.000000000 seconds user
       0.006757000 seconds sys



=== record: branch-misses ===
Couldn't record kernel reference relocation symbol
Symbol resolution may be skewed if relocation was used (e.g. kexec).
Check /proc/kallsyms permission or run as root.
perf_event__synthesize_bpf_events: failed to synthesize bpf images: No such file or directory
Couldn't synthesize bpf events.
[ perf record: Woken up 1 times to write data ]
[ perf record: Captured and wrote 0.002 MB /root/0460882-Project-HwiSwiCoDesign/results/raytrace/optimized/2026-09-10-12-39/.perf-probe.dhYoJ9/record.data ]

=== stat: bus-cycles ===
# started on Thu Sep 10 12:39:49 2026


 Performance counter stats for 'sleep 0.05':

             41665      bus-cycles                                                  

       0.056390609 seconds time elapsed

       0.000000000 seconds user
       0.006327000 seconds sys



=== record: bus-cycles ===
Couldn't record kernel reference relocation symbol
Symbol resolution may be skewed if relocation was used (e.g. kexec).
Check /proc/kallsyms permission or run as root.
perf_event__synthesize_bpf_events: failed to synthesize bpf images: No such file or directory
Couldn't synthesize bpf events.
[ perf record: Woken up 1 times to write data ]
[ perf record: Captured and wrote 0.002 MB /root/0460882-Project-HwiSwiCoDesign/results/raytrace/optimized/2026-09-10-12-39/.perf-probe.dhYoJ9/record.data ]

=== stat: cache-references ===
# started on Thu Sep 10 12:39:50 2026


 Performance counter stats for 'sleep 0.05':

             21181      cache-references                                            

       0.064854332 seconds time elapsed

       0.000000000 seconds user
       0.014740000 seconds sys



=== record: cache-references ===
Couldn't record kernel reference relocation symbol
Symbol resolution may be skewed if relocation was used (e.g. kexec).
Check /proc/kallsyms permission or run as root.
perf_event__synthesize_bpf_events: failed to synthesize bpf images: No such file or directory
Couldn't synthesize bpf events.
[ perf record: Woken up 1 times to write data ]
[ perf record: Captured and wrote 0.002 MB /root/0460882-Project-HwiSwiCoDesign/results/raytrace/optimized/2026-09-10-12-39/.perf-probe.dhYoJ9/record.data ]

=== stat: cache-misses ===
# started on Thu Sep 10 12:39:51 2026


 Performance counter stats for 'sleep 0.05':

               488      cache-misses                                                

       0.057269197 seconds time elapsed

       0.000000000 seconds user
       0.007172000 seconds sys



=== record: cache-misses ===
Couldn't record kernel reference relocation symbol
Symbol resolution may be skewed if relocation was used (e.g. kexec).
Check /proc/kallsyms permission or run as root.
perf_event__synthesize_bpf_events: failed to synthesize bpf images: No such file or directory
Couldn't synthesize bpf events.
[ perf record: Woken up 1 times to write data ]
[ perf record: Captured and wrote 0.002 MB /root/0460882-Project-HwiSwiCoDesign/results/raytrace/optimized/2026-09-10-12-39/.perf-probe.dhYoJ9/record.data ]

=== stat: ref-cycles ===
# started on Thu Sep 10 12:39:52 2026


 Performance counter stats for 'sleep 0.05':

           1028160      ref-cycles                                                  

       0.056586766 seconds time elapsed

       0.000000000 seconds user
       0.006475000 seconds sys



=== record: ref-cycles ===
Couldn't record kernel reference relocation symbol
Symbol resolution may be skewed if relocation was used (e.g. kexec).
Check /proc/kallsyms permission or run as root.
perf_event__synthesize_bpf_events: failed to synthesize bpf images: No such file or directory
Couldn't synthesize bpf events.
[ perf record: Woken up 1 times to write data ]
[ perf record: Captured and wrote 0.002 MB /root/0460882-Project-HwiSwiCoDesign/results/raytrace/optimized/2026-09-10-12-39/.perf-probe.dhYoJ9/record.data ]

=== stat: stalled-cycles-frontend ===
# started on Thu Sep 10 12:39:53 2026


 Performance counter stats for 'sleep 0.05':

   <not supported>      stalled-cycles-frontend                                     

       0.050936304 seconds time elapsed

       0.000916000 seconds user
       0.000000000 seconds sys



=== record: stalled-cycles-frontend ===
Error:
The stalled-cycles-frontend event is not supported.

=== stat: stalled-cycles-backend ===
# started on Thu Sep 10 12:39:53 2026


 Performance counter stats for 'sleep 0.05':

   <not supported>      stalled-cycles-backend                                      

       0.050972974 seconds time elapsed

       0.000000000 seconds user
       0.000930000 seconds sys



=== record: stalled-cycles-backend ===
Error:
The stalled-cycles-backend event is not supported.

=== stat: page-faults ===
# started on Thu Sep 10 12:39:53 2026


 Performance counter stats for 'sleep 0.05':

                59      page-faults                                                 

       0.050931245 seconds time elapsed

       0.000882000 seconds user
       0.000000000 seconds sys



=== record: page-faults ===
Couldn't record kernel reference relocation symbol
Symbol resolution may be skewed if relocation was used (e.g. kexec).
Check /proc/kallsyms permission or run as root.
perf_event__synthesize_bpf_events: failed to synthesize bpf images: No such file or directory
Couldn't synthesize bpf events.
[ perf record: Woken up 1 times to write data ]
[ perf record: Captured and wrote 0.003 MB /root/0460882-Project-HwiSwiCoDesign/results/raytrace/optimized/2026-09-10-12-39/.perf-probe.dhYoJ9/record.data (5 samples) ]

=== stat: minor-faults ===
# started on Thu Sep 10 12:39:54 2026


 Performance counter stats for 'sleep 0.05':

                59      minor-faults                                                

       0.050988522 seconds time elapsed

       0.000949000 seconds user
       0.000000000 seconds sys



=== record: minor-faults ===
Couldn't record kernel reference relocation symbol
Symbol resolution may be skewed if relocation was used (e.g. kexec).
Check /proc/kallsyms permission or run as root.
perf_event__synthesize_bpf_events: failed to synthesize bpf images: No such file or directory
Couldn't synthesize bpf events.
[ perf record: Woken up 1 times to write data ]
[ perf record: Captured and wrote 0.003 MB /root/0460882-Project-HwiSwiCoDesign/results/raytrace/optimized/2026-09-10-12-39/.perf-probe.dhYoJ9/record.data (5 samples) ]

=== stat: major-faults ===
# started on Thu Sep 10 12:39:56 2026


 Performance counter stats for 'sleep 0.05':

                 0      major-faults                                                

       0.050999008 seconds time elapsed

       0.000960000 seconds user
       0.000000000 seconds sys



=== record: major-faults ===
Couldn't record kernel reference relocation symbol
Symbol resolution may be skewed if relocation was used (e.g. kexec).
Check /proc/kallsyms permission or run as root.
perf_event__synthesize_bpf_events: failed to synthesize bpf images: No such file or directory
Couldn't synthesize bpf events.
[ perf record: Woken up 1 times to write data ]
[ perf record: Captured and wrote 0.002 MB /root/0460882-Project-HwiSwiCoDesign/results/raytrace/optimized/2026-09-10-12-39/.perf-probe.dhYoJ9/record.data ]

=== stat: context-switches ===
# started on Thu Sep 10 12:39:57 2026


 Performance counter stats for 'sleep 0.05':

                 1      context-switches                                            

       0.051014273 seconds time elapsed

       0.000956000 seconds user
       0.000000000 seconds sys



=== record: context-switches ===
Couldn't record kernel reference relocation symbol
Symbol resolution may be skewed if relocation was used (e.g. kexec).
Check /proc/kallsyms permission or run as root.
perf_event__synthesize_bpf_events: failed to synthesize bpf images: No such file or directory
Couldn't synthesize bpf events.
[ perf record: Woken up 1 times to write data ]
[ perf record: Captured and wrote 0.002 MB /root/0460882-Project-HwiSwiCoDesign/results/raytrace/optimized/2026-09-10-12-39/.perf-probe.dhYoJ9/record.data (1 samples) ]

=== stat: cpu-migrations ===
# started on Thu Sep 10 12:39:58 2026


 Performance counter stats for 'sleep 0.05':

                 0      cpu-migrations                                              

       0.050988990 seconds time elapsed

       0.000956000 seconds user
       0.000000000 seconds sys



=== record: cpu-migrations ===
Couldn't record kernel reference relocation symbol
Symbol resolution may be skewed if relocation was used (e.g. kexec).
Check /proc/kallsyms permission or run as root.
perf_event__synthesize_bpf_events: failed to synthesize bpf images: No such file or directory
Couldn't synthesize bpf events.
[ perf record: Woken up 1 times to write data ]
[ perf record: Captured and wrote 0.002 MB /root/0460882-Project-HwiSwiCoDesign/results/raytrace/optimized/2026-09-10-12-39/.perf-probe.dhYoJ9/record.data ]

=== stat: alignment-faults ===
# started on Thu Sep 10 12:39:59 2026


 Performance counter stats for 'sleep 0.05':

                 0      alignment-faults                                            

       0.050934950 seconds time elapsed

       0.000892000 seconds user
       0.000000000 seconds sys



=== record: alignment-faults ===
Couldn't record kernel reference relocation symbol
Symbol resolution may be skewed if relocation was used (e.g. kexec).
Check /proc/kallsyms permission or run as root.
perf_event__synthesize_bpf_events: failed to synthesize bpf images: No such file or directory
Couldn't synthesize bpf events.
[ perf record: Woken up 1 times to write data ]
[ perf record: Captured and wrote 0.002 MB /root/0460882-Project-HwiSwiCoDesign/results/raytrace/optimized/2026-09-10-12-39/.perf-probe.dhYoJ9/record.data ]

=== stat: emulation-faults ===
# started on Thu Sep 10 12:40:00 2026


 Performance counter stats for 'sleep 0.05':

                 0      emulation-faults                                            

       0.050983878 seconds time elapsed

       0.000949000 seconds user
       0.000000000 seconds sys



=== record: emulation-faults ===
Couldn't record kernel reference relocation symbol
Symbol resolution may be skewed if relocation was used (e.g. kexec).
Check /proc/kallsyms permission or run as root.
perf_event__synthesize_bpf_events: failed to synthesize bpf images: No such file or directory
Couldn't synthesize bpf events.
[ perf record: Woken up 1 times to write data ]
[ perf record: Captured and wrote 0.002 MB /root/0460882-Project-HwiSwiCoDesign/results/raytrace/optimized/2026-09-10-12-39/.perf-probe.dhYoJ9/record.data ]

=== stat: cgroup-switches ===
# started on Thu Sep 10 12:40:01 2026


 Performance counter stats for 'sleep 0.05':

                 1      cgroup-switches                                             

       0.051053817 seconds time elapsed

       0.000000000 seconds user
       0.000990000 seconds sys



=== record: cgroup-switches ===
Couldn't record kernel reference relocation symbol
Symbol resolution may be skewed if relocation was used (e.g. kexec).
Check /proc/kallsyms permission or run as root.
perf_event__synthesize_bpf_events: failed to synthesize bpf images: No such file or directory
Couldn't synthesize bpf events.
[ perf record: Woken up 1 times to write data ]
[ perf record: Captured and wrote 0.002 MB /root/0460882-Project-HwiSwiCoDesign/results/raytrace/optimized/2026-09-10-12-39/.perf-probe.dhYoJ9/record.data ]

=== stat: L1-dcache-loads ===
# started on Thu Sep 10 12:40:02 2026


 Performance counter stats for 'sleep 0.05':

            154864      L1-dcache-loads                                             

       0.056867706 seconds time elapsed

       0.000000000 seconds user
       0.006842000 seconds sys



=== record: L1-dcache-loads ===
Couldn't record kernel reference relocation symbol
Symbol resolution may be skewed if relocation was used (e.g. kexec).
Check /proc/kallsyms permission or run as root.
perf_event__synthesize_bpf_events: failed to synthesize bpf images: No such file or directory
Couldn't synthesize bpf events.
[ perf record: Woken up 1 times to write data ]
[ perf record: Captured and wrote 0.002 MB /root/0460882-Project-HwiSwiCoDesign/results/raytrace/optimized/2026-09-10-12-39/.perf-probe.dhYoJ9/record.data ]

=== stat: L1-dcache-load-misses ===
# started on Thu Sep 10 12:40:03 2026


 Performance counter stats for 'sleep 0.05':

             15116      L1-dcache-load-misses                                       

       0.051129732 seconds time elapsed

       0.001087000 seconds user
       0.000000000 seconds sys



=== record: L1-dcache-load-misses ===
Couldn't record kernel reference relocation symbol
Symbol resolution may be skewed if relocation was used (e.g. kexec).
Check /proc/kallsyms permission or run as root.
perf_event__synthesize_bpf_events: failed to synthesize bpf images: No such file or directory
Couldn't synthesize bpf events.
[ perf record: Woken up 1 times to write data ]
[ perf record: Captured and wrote 0.002 MB /root/0460882-Project-HwiSwiCoDesign/results/raytrace/optimized/2026-09-10-12-39/.perf-probe.dhYoJ9/record.data ]

=== stat: L1-dcache-stores ===
# started on Thu Sep 10 12:40:04 2026


 Performance counter stats for 'sleep 0.05':

             95035      L1-dcache-stores                                            

       0.057077351 seconds time elapsed

       0.003462000 seconds user
       0.003462000 seconds sys



=== record: L1-dcache-stores ===
Couldn't record kernel reference relocation symbol
Symbol resolution may be skewed if relocation was used (e.g. kexec).
Check /proc/kallsyms permission or run as root.
perf_event__synthesize_bpf_events: failed to synthesize bpf images: No such file or directory
Couldn't synthesize bpf events.
[ perf record: Woken up 1 times to write data ]
[ perf record: Captured and wrote 0.002 MB /root/0460882-Project-HwiSwiCoDesign/results/raytrace/optimized/2026-09-10-12-39/.perf-probe.dhYoJ9/record.data ]

=== stat: L1-dcache-store-misses ===
# started on Thu Sep 10 12:40:06 2026


 Performance counter stats for 'sleep 0.05':

   <not supported>      L1-dcache-store-misses                                      

       0.050957350 seconds time elapsed

       0.000922000 seconds user
       0.000000000 seconds sys



=== record: L1-dcache-store-misses ===
Error:
The L1-dcache-store-misses event is not supported.

=== stat: L1-dcache-prefetches ===
# started on Thu Sep 10 12:40:06 2026


 Performance counter stats for 'sleep 0.05':

   <not supported>      L1-dcache-prefetches                                        

       0.050926176 seconds time elapsed

       0.000896000 seconds user
       0.000000000 seconds sys



=== record: L1-dcache-prefetches ===
Error:
The L1-dcache-prefetches event is not supported.

=== stat: L1-dcache-prefetch-misses ===
# started on Thu Sep 10 12:40:06 2026


 Performance counter stats for 'sleep 0.05':

   <not supported>      L1-dcache-prefetch-misses                                   

       0.050881811 seconds time elapsed

       0.000851000 seconds user
       0.000000000 seconds sys



=== record: L1-dcache-prefetch-misses ===
Error:
The L1-dcache-prefetch-misses event is not supported.

=== stat: L1-icache-loads ===
# started on Thu Sep 10 12:40:06 2026


 Performance counter stats for 'sleep 0.05':

   <not supported>      L1-icache-loads                                             

       0.050937579 seconds time elapsed

       0.000879000 seconds user
       0.000000000 seconds sys



=== record: L1-icache-loads ===
Error:
The L1-icache-loads event is not supported.

=== stat: L1-icache-load-misses ===
# started on Thu Sep 10 12:40:06 2026


 Performance counter stats for 'sleep 0.05':

              8850      L1-icache-load-misses                                       

       0.051002236 seconds time elapsed

       0.000961000 seconds user
       0.000000000 seconds sys



=== record: L1-icache-load-misses ===
Couldn't record kernel reference relocation symbol
Symbol resolution may be skewed if relocation was used (e.g. kexec).
Check /proc/kallsyms permission or run as root.
perf_event__synthesize_bpf_events: failed to synthesize bpf images: No such file or directory
Couldn't synthesize bpf events.
[ perf record: Woken up 1 times to write data ]
[ perf record: Captured and wrote 0.002 MB /root/0460882-Project-HwiSwiCoDesign/results/raytrace/optimized/2026-09-10-12-39/.perf-probe.dhYoJ9/record.data ]

=== stat: LLC-loads ===
# started on Thu Sep 10 12:40:07 2026


 Performance counter stats for 'sleep 0.05':

   <not supported>      LLC-loads                                                   

       0.050936376 seconds time elapsed

       0.000896000 seconds user
       0.000000000 seconds sys



=== record: LLC-loads ===
Error:
The sys_perf_event_open() syscall returned with 6 (No such device or address) for event (LLC-loads).
/bin/dmesg | grep -i perf may provide additional information.


=== stat: LLC-load-misses ===
# started on Thu Sep 10 12:40:07 2026


 Performance counter stats for 'sleep 0.05':

   <not supported>      LLC-load-misses                                             

       0.050871499 seconds time elapsed

       0.000830000 seconds user
       0.000000000 seconds sys



=== record: LLC-load-misses ===
Error:
The sys_perf_event_open() syscall returned with 6 (No such device or address) for event (LLC-load-misses).
/bin/dmesg | grep -i perf may provide additional information.


=== stat: LLC-stores ===
# started on Thu Sep 10 12:40:07 2026


 Performance counter stats for 'sleep 0.05':

   <not supported>      LLC-stores                                                  

       0.050848095 seconds time elapsed

       0.000824000 seconds user
       0.000000000 seconds sys



=== record: LLC-stores ===
Error:
The sys_perf_event_open() syscall returned with 6 (No such device or address) for event (LLC-stores).
/bin/dmesg | grep -i perf may provide additional information.


=== stat: LLC-store-misses ===
# started on Thu Sep 10 12:40:07 2026


 Performance counter stats for 'sleep 0.05':

   <not supported>      LLC-store-misses                                            

       0.050952748 seconds time elapsed

       0.000903000 seconds user
       0.000000000 seconds sys



=== record: LLC-store-misses ===
Error:
The sys_perf_event_open() syscall returned with 6 (No such device or address) for event (LLC-store-misses).
/bin/dmesg | grep -i perf may provide additional information.


=== stat: LLC-prefetches ===
# started on Thu Sep 10 12:40:07 2026


 Performance counter stats for 'sleep 0.05':

   <not supported>      LLC-prefetches                                              

       0.050927819 seconds time elapsed

       0.000878000 seconds user
       0.000000000 seconds sys



=== record: LLC-prefetches ===
Error:
The LLC-prefetches event is not supported.

=== stat: LLC-prefetch-misses ===
# started on Thu Sep 10 12:40:08 2026


 Performance counter stats for 'sleep 0.05':

   <not supported>      LLC-prefetch-misses                                         

       0.050943981 seconds time elapsed

       0.000897000 seconds user
       0.000000000 seconds sys



=== record: LLC-prefetch-misses ===
Error:
The LLC-prefetch-misses event is not supported.

=== stat: dTLB-loads ===
# started on Thu Sep 10 12:40:08 2026


 Performance counter stats for 'sleep 0.05':

            155055      dTLB-loads                                                  

       0.051079612 seconds time elapsed

       0.001023000 seconds user
       0.000000000 seconds sys



=== record: dTLB-loads ===
Couldn't record kernel reference relocation symbol
Symbol resolution may be skewed if relocation was used (e.g. kexec).
Check /proc/kallsyms permission or run as root.
perf_event__synthesize_bpf_events: failed to synthesize bpf images: No such file or directory
Couldn't synthesize bpf events.
[ perf record: Woken up 1 times to write data ]
[ perf record: Captured and wrote 0.002 MB /root/0460882-Project-HwiSwiCoDesign/results/raytrace/optimized/2026-09-10-12-39/.perf-probe.dhYoJ9/record.data ]

=== stat: dTLB-load-misses ===
# started on Thu Sep 10 12:40:09 2026


 Performance counter stats for 'sleep 0.05':

              3420      dTLB-load-misses                                            

       0.057148718 seconds time elapsed

       0.000000000 seconds user
       0.007050000 seconds sys



=== record: dTLB-load-misses ===
Couldn't record kernel reference relocation symbol
Symbol resolution may be skewed if relocation was used (e.g. kexec).
Check /proc/kallsyms permission or run as root.
perf_event__synthesize_bpf_events: failed to synthesize bpf images: No such file or directory
Couldn't synthesize bpf events.
[ perf record: Woken up 1 times to write data ]
[ perf record: Captured and wrote 0.002 MB /root/0460882-Project-HwiSwiCoDesign/results/raytrace/optimized/2026-09-10-12-39/.perf-probe.dhYoJ9/record.data ]

=== stat: dTLB-stores ===
# started on Thu Sep 10 12:40:10 2026


 Performance counter stats for 'sleep 0.05':

             97992      dTLB-stores                                                 

       0.056970472 seconds time elapsed

       0.003383000 seconds user
       0.003383000 seconds sys



=== record: dTLB-stores ===
Couldn't record kernel reference relocation symbol
Symbol resolution may be skewed if relocation was used (e.g. kexec).
Check /proc/kallsyms permission or run as root.
perf_event__synthesize_bpf_events: failed to synthesize bpf images: No such file or directory
Couldn't synthesize bpf events.
[ perf record: Woken up 1 times to write data ]
[ perf record: Captured and wrote 0.002 MB /root/0460882-Project-HwiSwiCoDesign/results/raytrace/optimized/2026-09-10-12-39/.perf-probe.dhYoJ9/record.data ]

=== stat: dTLB-store-misses ===
# started on Thu Sep 10 12:40:11 2026


 Performance counter stats for 'sleep 0.05':

               548      dTLB-store-misses                                           

       0.063969256 seconds time elapsed

       0.000000000 seconds user
       0.013879000 seconds sys



=== record: dTLB-store-misses ===
Couldn't record kernel reference relocation symbol
Symbol resolution may be skewed if relocation was used (e.g. kexec).
Check /proc/kallsyms permission or run as root.
perf_event__synthesize_bpf_events: failed to synthesize bpf images: No such file or directory
Couldn't synthesize bpf events.
[ perf record: Woken up 1 times to write data ]
[ perf record: Captured and wrote 0.002 MB /root/0460882-Project-HwiSwiCoDesign/results/raytrace/optimized/2026-09-10-12-39/.perf-probe.dhYoJ9/record.data ]

=== stat: iTLB-loads ===
# started on Thu Sep 10 12:40:12 2026


 Performance counter stats for 'sleep 0.05':

               794      iTLB-loads                                                  

       0.057237281 seconds time elapsed

       0.000000000 seconds user
       0.007128000 seconds sys



=== record: iTLB-loads ===
Couldn't record kernel reference relocation symbol
Symbol resolution may be skewed if relocation was used (e.g. kexec).
Check /proc/kallsyms permission or run as root.
perf_event__synthesize_bpf_events: failed to synthesize bpf images: No such file or directory
Couldn't synthesize bpf events.
[ perf record: Woken up 1 times to write data ]
[ perf record: Captured and wrote 0.002 MB /root/0460882-Project-HwiSwiCoDesign/results/raytrace/optimized/2026-09-10-12-39/.perf-probe.dhYoJ9/record.data ]

=== stat: iTLB-load-misses ===
# started on Thu Sep 10 12:40:13 2026


 Performance counter stats for 'sleep 0.05':

              4201      iTLB-load-misses                                            

       0.056703212 seconds time elapsed

       0.000000000 seconds user
       0.006554000 seconds sys



=== record: iTLB-load-misses ===
Couldn't record kernel reference relocation symbol
Symbol resolution may be skewed if relocation was used (e.g. kexec).
Check /proc/kallsyms permission or run as root.
perf_event__synthesize_bpf_events: failed to synthesize bpf images: No such file or directory
Couldn't synthesize bpf events.
[ perf record: Woken up 1 times to write data ]
[ perf record: Captured and wrote 0.002 MB /root/0460882-Project-HwiSwiCoDesign/results/raytrace/optimized/2026-09-10-12-39/.perf-probe.dhYoJ9/record.data ]

=== stat: branch-loads ===
# started on Thu Sep 10 12:40:14 2026


 Performance counter stats for 'sleep 0.05':

            118224      branch-loads                                                

       0.057080097 seconds time elapsed

       0.000000000 seconds user
       0.006998000 seconds sys



=== record: branch-loads ===
Couldn't record kernel reference relocation symbol
Symbol resolution may be skewed if relocation was used (e.g. kexec).
Check /proc/kallsyms permission or run as root.
perf_event__synthesize_bpf_events: failed to synthesize bpf images: No such file or directory
Couldn't synthesize bpf events.
[ perf record: Woken up 1 times to write data ]
[ perf record: Captured and wrote 0.002 MB /root/0460882-Project-HwiSwiCoDesign/results/raytrace/optimized/2026-09-10-12-39/.perf-probe.dhYoJ9/record.data ]

=== stat: branch-load-misses ===
# started on Thu Sep 10 12:40:15 2026


 Performance counter stats for 'sleep 0.05':

              5388      branch-load-misses                                          

       0.056709732 seconds time elapsed

       0.000000000 seconds user
       0.006600000 seconds sys



=== record: branch-load-misses ===
Couldn't record kernel reference relocation symbol
Symbol resolution may be skewed if relocation was used (e.g. kexec).
Check /proc/kallsyms permission or run as root.
perf_event__synthesize_bpf_events: failed to synthesize bpf images: No such file or directory
Couldn't synthesize bpf events.
[ perf record: Woken up 1 times to write data ]
[ perf record: Captured and wrote 0.002 MB /root/0460882-Project-HwiSwiCoDesign/results/raytrace/optimized/2026-09-10-12-39/.perf-probe.dhYoJ9/record.data ]

=== stat: node-loads ===
# started on Thu Sep 10 12:40:16 2026


 Performance counter stats for 'sleep 0.05':

   <not supported>      node-loads                                                  

       0.051009153 seconds time elapsed

       0.000967000 seconds user
       0.000000000 seconds sys



=== record: node-loads ===
Error:
The sys_perf_event_open() syscall returned with 6 (No such device or address) for event (node-loads).
/bin/dmesg | grep -i perf may provide additional information.


=== stat: node-load-misses ===
# started on Thu Sep 10 12:40:17 2026


 Performance counter stats for 'sleep 0.05':

   <not supported>      node-load-misses                                            

       0.050960093 seconds time elapsed

       0.000911000 seconds user
       0.000000000 seconds sys



=== record: node-load-misses ===
Error:
The sys_perf_event_open() syscall returned with 6 (No such device or address) for event (node-load-misses).
/bin/dmesg | grep -i perf may provide additional information.


=== stat: node-stores ===
# started on Thu Sep 10 12:40:17 2026


 Performance counter stats for 'sleep 0.05':

   <not supported>      node-stores                                                 

       0.050882566 seconds time elapsed

       0.000844000 seconds user
       0.000000000 seconds sys



=== record: node-stores ===
Error:
The sys_perf_event_open() syscall returned with 6 (No such device or address) for event (node-stores).
/bin/dmesg | grep -i perf may provide additional information.


=== stat: node-store-misses ===
# started on Thu Sep 10 12:40:17 2026


 Performance counter stats for 'sleep 0.05':

   <not supported>      node-store-misses                                           

       0.050911878 seconds time elapsed

       0.000884000 seconds user
       0.000000000 seconds sys



=== record: node-store-misses ===
Error:
The sys_perf_event_open() syscall returned with 6 (No such device or address) for event (node-store-misses).
/bin/dmesg | grep -i perf may provide additional information.


=== stat: duration_time ===
# started on Thu Sep 10 12:40:17 2026


 Performance counter stats for 'system wide':

          50977638 ns   duration_time                                               

       0.050977638 seconds time elapsed


=== stat: user_time ===
event syntax error: 'user_time'
                     \___ parser error
Run 'perf list' for a list of valid events

 Usage: perf stat [<options>] [<command>]

    -e, --event <event>   event selector. use 'perf list' to list available events

=== stat: system_time ===
event syntax error: 'system_time'
                     \___ parser error
Run 'perf list' for a list of valid events

 Usage: perf stat [<options>] [<command>]

    -e, --event <event>   event selector. use 'perf list' to list available events

=== stat: dummy ===
# started on Thu Sep 10 12:40:17 2026


 Performance counter stats for 'sleep 0.05':

                 0      dummy                                                       

       0.050899199 seconds time elapsed

       0.000000000 seconds user
       0.000844000 seconds sys



=== stat: bpf-output ===
# started on Thu Sep 10 12:40:17 2026


 Performance counter stats for 'sleep 0.05':

                 0      bpf-output                                                  

       0.050975966 seconds time elapsed

       0.000000000 seconds user
       0.000960000 seconds sys


