
=== stat: cpu-clock ===
# started on Sat Sep 12 09:45:45 2026


 Performance counter stats for 'sleep 0.05':

              0.43 msec cpu-clock                 #    0.008 CPUs utilized          

       0.050891630 seconds time elapsed

       0.000863000 seconds user
       0.000000000 seconds sys



=== record: cpu-clock ===
Couldn't record kernel reference relocation symbol
Symbol resolution may be skewed if relocation was used (e.g. kexec).
Check /proc/kallsyms permission or run as root.
perf_event__synthesize_bpf_events: failed to synthesize bpf images: No such file or directory
Couldn't synthesize bpf events.
[ perf record: Woken up 1 times to write data ]
[ perf record: Captured and wrote 0.005 MB /root/0460882-Project-HwiSwiCoDesign/results/raytrace/optimized/2026-09-12-09-45/.perf-probe.hswlRc/record.data ]

=== stat: task-clock ===
# started on Sat Sep 12 09:45:45 2026


 Performance counter stats for 'sleep 0.05':

              0.41 msec task-clock                #    0.008 CPUs utilized          

       0.050845288 seconds time elapsed

       0.000805000 seconds user
       0.000000000 seconds sys



=== record: task-clock ===
Couldn't record kernel reference relocation symbol
Symbol resolution may be skewed if relocation was used (e.g. kexec).
Check /proc/kallsyms permission or run as root.
perf_event__synthesize_bpf_events: failed to synthesize bpf images: No such file or directory
Couldn't synthesize bpf events.
[ perf record: Woken up 1 times to write data ]
[ perf record: Captured and wrote 0.005 MB /root/0460882-Project-HwiSwiCoDesign/results/raytrace/optimized/2026-09-12-09-45/.perf-probe.hswlRc/record.data ]

=== stat: cycles ===
# started on Sat Sep 12 09:45:45 2026


 Performance counter stats for 'sleep 0.05':

            874492      cycles                                                      

       0.051036224 seconds time elapsed

       0.000969000 seconds user
       0.000000000 seconds sys



=== record: cycles ===
Couldn't record kernel reference relocation symbol
Symbol resolution may be skewed if relocation was used (e.g. kexec).
Check /proc/kallsyms permission or run as root.
perf_event__synthesize_bpf_events: failed to synthesize bpf images: No such file or directory
Couldn't synthesize bpf events.
[ perf record: Woken up 1 times to write data ]
[ perf record: Captured and wrote 0.005 MB /root/0460882-Project-HwiSwiCoDesign/results/raytrace/optimized/2026-09-12-09-45/.perf-probe.hswlRc/record.data ]

=== stat: instructions ===
# started on Sat Sep 12 09:45:45 2026


 Performance counter stats for 'sleep 0.05':

            548893      instructions                                                

       0.051168036 seconds time elapsed

       0.000000000 seconds user
       0.001106000 seconds sys



=== record: instructions ===
Couldn't record kernel reference relocation symbol
Symbol resolution may be skewed if relocation was used (e.g. kexec).
Check /proc/kallsyms permission or run as root.
perf_event__synthesize_bpf_events: failed to synthesize bpf images: No such file or directory
Couldn't synthesize bpf events.
[ perf record: Woken up 1 times to write data ]
[ perf record: Captured and wrote 0.034 MB /root/0460882-Project-HwiSwiCoDesign/results/raytrace/optimized/2026-09-12-09-45/.perf-probe.hswlRc/record.data (7 samples) ]

=== stat: branch-instructions ===
# started on Sat Sep 12 09:45:46 2026


 Performance counter stats for 'sleep 0.05':

            116234      branch-instructions                                         

       0.051079584 seconds time elapsed

       0.001023000 seconds user
       0.000000000 seconds sys



=== record: branch-instructions ===
Couldn't record kernel reference relocation symbol
Symbol resolution may be skewed if relocation was used (e.g. kexec).
Check /proc/kallsyms permission or run as root.
perf_event__synthesize_bpf_events: failed to synthesize bpf images: No such file or directory
Couldn't synthesize bpf events.
[ perf record: Woken up 1 times to write data ]
[ perf record: Captured and wrote 0.005 MB /root/0460882-Project-HwiSwiCoDesign/results/raytrace/optimized/2026-09-12-09-45/.perf-probe.hswlRc/record.data ]

=== stat: branch-misses ===
# started on Sat Sep 12 09:45:46 2026


 Performance counter stats for 'sleep 0.05':

              5107      branch-misses                                               

       0.051095965 seconds time elapsed

       0.001048000 seconds user
       0.000000000 seconds sys



=== record: branch-misses ===
Couldn't record kernel reference relocation symbol
Symbol resolution may be skewed if relocation was used (e.g. kexec).
Check /proc/kallsyms permission or run as root.
perf_event__synthesize_bpf_events: failed to synthesize bpf images: No such file or directory
Couldn't synthesize bpf events.
[ perf record: Woken up 1 times to write data ]
[ perf record: Captured and wrote 0.005 MB /root/0460882-Project-HwiSwiCoDesign/results/raytrace/optimized/2026-09-12-09-45/.perf-probe.hswlRc/record.data ]

=== stat: bus-cycles ===
# started on Sat Sep 12 09:45:46 2026


 Performance counter stats for 'sleep 0.05':

             39808      bus-cycles                                                  

       0.051011879 seconds time elapsed

       0.000977000 seconds user
       0.000000000 seconds sys



=== record: bus-cycles ===
Couldn't record kernel reference relocation symbol
Symbol resolution may be skewed if relocation was used (e.g. kexec).
Check /proc/kallsyms permission or run as root.
perf_event__synthesize_bpf_events: failed to synthesize bpf images: No such file or directory
Couldn't synthesize bpf events.
[ perf record: Woken up 1 times to write data ]
[ perf record: Captured and wrote 0.005 MB /root/0460882-Project-HwiSwiCoDesign/results/raytrace/optimized/2026-09-12-09-45/.perf-probe.hswlRc/record.data ]

=== stat: cache-references ===
# started on Sat Sep 12 09:45:46 2026


 Performance counter stats for 'sleep 0.05':

             18131      cache-references                                            

       0.056384645 seconds time elapsed

       0.000000000 seconds user
       0.006321000 seconds sys



=== record: cache-references ===
Couldn't record kernel reference relocation symbol
Symbol resolution may be skewed if relocation was used (e.g. kexec).
Check /proc/kallsyms permission or run as root.
perf_event__synthesize_bpf_events: failed to synthesize bpf images: No such file or directory
Couldn't synthesize bpf events.
[ perf record: Woken up 1 times to write data ]
[ perf record: Captured and wrote 0.005 MB /root/0460882-Project-HwiSwiCoDesign/results/raytrace/optimized/2026-09-12-09-45/.perf-probe.hswlRc/record.data ]

=== stat: cache-misses ===
# started on Sat Sep 12 09:45:46 2026


 Performance counter stats for 'sleep 0.05':

                83      cache-misses                                                

       0.051110818 seconds time elapsed

       0.001080000 seconds user
       0.000000000 seconds sys



=== record: cache-misses ===
Couldn't record kernel reference relocation symbol
Symbol resolution may be skewed if relocation was used (e.g. kexec).
Check /proc/kallsyms permission or run as root.
perf_event__synthesize_bpf_events: failed to synthesize bpf images: No such file or directory
Couldn't synthesize bpf events.
[ perf record: Woken up 1 times to write data ]
[ perf record: Captured and wrote 0.005 MB /root/0460882-Project-HwiSwiCoDesign/results/raytrace/optimized/2026-09-12-09-45/.perf-probe.hswlRc/record.data ]

=== stat: ref-cycles ===
# started on Sat Sep 12 09:45:46 2026


 Performance counter stats for 'sleep 0.05':

            959880      ref-cycles                                                  

       0.051036531 seconds time elapsed

       0.000000000 seconds user
       0.000992000 seconds sys



=== record: ref-cycles ===
Couldn't record kernel reference relocation symbol
Symbol resolution may be skewed if relocation was used (e.g. kexec).
Check /proc/kallsyms permission or run as root.
perf_event__synthesize_bpf_events: failed to synthesize bpf images: No such file or directory
Couldn't synthesize bpf events.
[ perf record: Woken up 1 times to write data ]
[ perf record: Captured and wrote 0.005 MB /root/0460882-Project-HwiSwiCoDesign/results/raytrace/optimized/2026-09-12-09-45/.perf-probe.hswlRc/record.data ]

=== stat: stalled-cycles-frontend ===
# started on Sat Sep 12 09:45:47 2026


 Performance counter stats for 'sleep 0.05':

   <not supported>      stalled-cycles-frontend                                     

       0.050973487 seconds time elapsed

       0.000923000 seconds user
       0.000000000 seconds sys



=== record: stalled-cycles-frontend ===
Error:
The stalled-cycles-frontend event is not supported.

=== stat: stalled-cycles-backend ===
# started on Sat Sep 12 09:45:47 2026


 Performance counter stats for 'sleep 0.05':

   <not supported>      stalled-cycles-backend                                      

       0.050959736 seconds time elapsed

       0.000886000 seconds user
       0.000000000 seconds sys



=== record: stalled-cycles-backend ===
Error:
The stalled-cycles-backend event is not supported.

=== stat: page-faults ===
# started on Sat Sep 12 09:45:47 2026


 Performance counter stats for 'sleep 0.05':

                60      page-faults                                                 

       0.050866592 seconds time elapsed

       0.000842000 seconds user
       0.000000000 seconds sys



=== record: page-faults ===
Couldn't record kernel reference relocation symbol
Symbol resolution may be skewed if relocation was used (e.g. kexec).
Check /proc/kallsyms permission or run as root.
perf_event__synthesize_bpf_events: failed to synthesize bpf images: No such file or directory
Couldn't synthesize bpf events.
[ perf record: Woken up 1 times to write data ]
[ perf record: Captured and wrote 0.026 MB /root/0460882-Project-HwiSwiCoDesign/results/raytrace/optimized/2026-09-12-09-45/.perf-probe.hswlRc/record.data (5 samples) ]

=== stat: minor-faults ===
# started on Sat Sep 12 09:45:47 2026


 Performance counter stats for 'sleep 0.05':

                60      minor-faults                                                

       0.050963821 seconds time elapsed

       0.000907000 seconds user
       0.000000000 seconds sys



=== record: minor-faults ===
Couldn't record kernel reference relocation symbol
Symbol resolution may be skewed if relocation was used (e.g. kexec).
Check /proc/kallsyms permission or run as root.
perf_event__synthesize_bpf_events: failed to synthesize bpf images: No such file or directory
Couldn't synthesize bpf events.
[ perf record: Woken up 1 times to write data ]
[ perf record: Captured and wrote 0.026 MB /root/0460882-Project-HwiSwiCoDesign/results/raytrace/optimized/2026-09-12-09-45/.perf-probe.hswlRc/record.data (5 samples) ]

=== stat: major-faults ===
# started on Sat Sep 12 09:45:47 2026


 Performance counter stats for 'sleep 0.05':

                 0      major-faults                                                

       0.051016222 seconds time elapsed

       0.000000000 seconds user
       0.000961000 seconds sys



=== record: major-faults ===
Couldn't record kernel reference relocation symbol
Symbol resolution may be skewed if relocation was used (e.g. kexec).
Check /proc/kallsyms permission or run as root.
perf_event__synthesize_bpf_events: failed to synthesize bpf images: No such file or directory
Couldn't synthesize bpf events.
[ perf record: Woken up 1 times to write data ]
[ perf record: Captured and wrote 0.005 MB /root/0460882-Project-HwiSwiCoDesign/results/raytrace/optimized/2026-09-12-09-45/.perf-probe.hswlRc/record.data ]

=== stat: context-switches ===
# started on Sat Sep 12 09:45:47 2026


 Performance counter stats for 'sleep 0.05':

                 1      context-switches                                            

       0.050920903 seconds time elapsed

       0.000876000 seconds user
       0.000000000 seconds sys



=== record: context-switches ===
Couldn't record kernel reference relocation symbol
Symbol resolution may be skewed if relocation was used (e.g. kexec).
Check /proc/kallsyms permission or run as root.
perf_event__synthesize_bpf_events: failed to synthesize bpf images: No such file or directory
Couldn't synthesize bpf events.
[ perf record: Woken up 1 times to write data ]
[ perf record: Captured and wrote 0.009 MB /root/0460882-Project-HwiSwiCoDesign/results/raytrace/optimized/2026-09-12-09-45/.perf-probe.hswlRc/record.data (1 samples) ]

=== stat: cpu-migrations ===
# started on Sat Sep 12 09:45:47 2026


 Performance counter stats for 'sleep 0.05':

                 0      cpu-migrations                                              

       0.050995411 seconds time elapsed

       0.000000000 seconds user
       0.000929000 seconds sys



=== record: cpu-migrations ===
Couldn't record kernel reference relocation symbol
Symbol resolution may be skewed if relocation was used (e.g. kexec).
Check /proc/kallsyms permission or run as root.
perf_event__synthesize_bpf_events: failed to synthesize bpf images: No such file or directory
Couldn't synthesize bpf events.
[ perf record: Woken up 1 times to write data ]
[ perf record: Captured and wrote 0.005 MB /root/0460882-Project-HwiSwiCoDesign/results/raytrace/optimized/2026-09-12-09-45/.perf-probe.hswlRc/record.data ]

=== stat: alignment-faults ===
# started on Sat Sep 12 09:45:48 2026


 Performance counter stats for 'sleep 0.05':

                 0      alignment-faults                                            

       0.050933546 seconds time elapsed

       0.000882000 seconds user
       0.000000000 seconds sys



=== record: alignment-faults ===
Couldn't record kernel reference relocation symbol
Symbol resolution may be skewed if relocation was used (e.g. kexec).
Check /proc/kallsyms permission or run as root.
perf_event__synthesize_bpf_events: failed to synthesize bpf images: No such file or directory
Couldn't synthesize bpf events.
[ perf record: Woken up 1 times to write data ]
[ perf record: Captured and wrote 0.005 MB /root/0460882-Project-HwiSwiCoDesign/results/raytrace/optimized/2026-09-12-09-45/.perf-probe.hswlRc/record.data ]

=== stat: emulation-faults ===
# started on Sat Sep 12 09:45:48 2026


 Performance counter stats for 'sleep 0.05':

                 0      emulation-faults                                            

       0.050937214 seconds time elapsed

       0.000904000 seconds user
       0.000000000 seconds sys



=== record: emulation-faults ===
Couldn't record kernel reference relocation symbol
Symbol resolution may be skewed if relocation was used (e.g. kexec).
Check /proc/kallsyms permission or run as root.
perf_event__synthesize_bpf_events: failed to synthesize bpf images: No such file or directory
Couldn't synthesize bpf events.
[ perf record: Woken up 1 times to write data ]
[ perf record: Captured and wrote 0.005 MB /root/0460882-Project-HwiSwiCoDesign/results/raytrace/optimized/2026-09-12-09-45/.perf-probe.hswlRc/record.data ]

=== stat: cgroup-switches ===
# started on Sat Sep 12 09:45:48 2026


 Performance counter stats for 'sleep 0.05':

                 1      cgroup-switches                                             

       0.050979051 seconds time elapsed

       0.000000000 seconds user
       0.000953000 seconds sys



=== record: cgroup-switches ===
Couldn't record kernel reference relocation symbol
Symbol resolution may be skewed if relocation was used (e.g. kexec).
Check /proc/kallsyms permission or run as root.
perf_event__synthesize_bpf_events: failed to synthesize bpf images: No such file or directory
Couldn't synthesize bpf events.
[ perf record: Woken up 1 times to write data ]
[ perf record: Captured and wrote 0.013 MB /root/0460882-Project-HwiSwiCoDesign/results/raytrace/optimized/2026-09-12-09-45/.perf-probe.hswlRc/record.data (2 samples) ]

=== stat: L1-dcache-loads ===
# started on Sat Sep 12 09:45:48 2026


 Performance counter stats for 'sleep 0.05':

            157515      L1-dcache-loads                                             

       0.051100918 seconds time elapsed

       0.001059000 seconds user
       0.000000000 seconds sys



=== record: L1-dcache-loads ===
Couldn't record kernel reference relocation symbol
Symbol resolution may be skewed if relocation was used (e.g. kexec).
Check /proc/kallsyms permission or run as root.
perf_event__synthesize_bpf_events: failed to synthesize bpf images: No such file or directory
Couldn't synthesize bpf events.
[ perf record: Woken up 1 times to write data ]
[ perf record: Captured and wrote 0.005 MB /root/0460882-Project-HwiSwiCoDesign/results/raytrace/optimized/2026-09-12-09-45/.perf-probe.hswlRc/record.data ]

=== stat: L1-dcache-load-misses ===
# started on Sat Sep 12 09:45:48 2026


 Performance counter stats for 'sleep 0.05':

             15240      L1-dcache-load-misses                                       

       0.056548101 seconds time elapsed

       0.000000000 seconds user
       0.006524000 seconds sys



=== record: L1-dcache-load-misses ===
Couldn't record kernel reference relocation symbol
Symbol resolution may be skewed if relocation was used (e.g. kexec).
Check /proc/kallsyms permission or run as root.
perf_event__synthesize_bpf_events: failed to synthesize bpf images: No such file or directory
Couldn't synthesize bpf events.
[ perf record: Woken up 1 times to write data ]
[ perf record: Captured and wrote 0.005 MB /root/0460882-Project-HwiSwiCoDesign/results/raytrace/optimized/2026-09-12-09-45/.perf-probe.hswlRc/record.data ]

=== stat: L1-dcache-stores ===
# started on Sat Sep 12 09:45:48 2026


 Performance counter stats for 'sleep 0.05':

             93774      L1-dcache-stores                                            

       0.051099219 seconds time elapsed

       0.001054000 seconds user
       0.000000000 seconds sys



=== record: L1-dcache-stores ===
Couldn't record kernel reference relocation symbol
Symbol resolution may be skewed if relocation was used (e.g. kexec).
Check /proc/kallsyms permission or run as root.
perf_event__synthesize_bpf_events: failed to synthesize bpf images: No such file or directory
Couldn't synthesize bpf events.
[ perf record: Woken up 1 times to write data ]
[ perf record: Captured and wrote 0.005 MB /root/0460882-Project-HwiSwiCoDesign/results/raytrace/optimized/2026-09-12-09-45/.perf-probe.hswlRc/record.data ]

=== stat: L1-dcache-store-misses ===
# started on Sat Sep 12 09:45:49 2026


 Performance counter stats for 'sleep 0.05':

   <not supported>      L1-dcache-store-misses                                      

       0.050964648 seconds time elapsed

       0.000925000 seconds user
       0.000000000 seconds sys



=== record: L1-dcache-store-misses ===
Error:
The L1-dcache-store-misses event is not supported.

=== stat: L1-dcache-prefetches ===
# started on Sat Sep 12 09:45:49 2026


 Performance counter stats for 'sleep 0.05':

   <not supported>      L1-dcache-prefetches                                        

       0.050901749 seconds time elapsed

       0.000865000 seconds user
       0.000000000 seconds sys



=== record: L1-dcache-prefetches ===
Error:
The L1-dcache-prefetches event is not supported.

=== stat: L1-dcache-prefetch-misses ===
# started on Sat Sep 12 09:45:49 2026


 Performance counter stats for 'sleep 0.05':

   <not supported>      L1-dcache-prefetch-misses                                   

       0.050917558 seconds time elapsed

       0.000880000 seconds user
       0.000000000 seconds sys



=== record: L1-dcache-prefetch-misses ===
Error:
The L1-dcache-prefetch-misses event is not supported.

=== stat: L1-icache-loads ===
# started on Sat Sep 12 09:45:49 2026


 Performance counter stats for 'sleep 0.05':

   <not supported>      L1-icache-loads                                             

       0.050953277 seconds time elapsed

       0.000000000 seconds user
       0.000902000 seconds sys



=== record: L1-icache-loads ===
Error:
The L1-icache-loads event is not supported.

=== stat: L1-icache-load-misses ===
# started on Sat Sep 12 09:45:49 2026


 Performance counter stats for 'sleep 0.05':

              8130      L1-icache-load-misses                                       

       0.050911096 seconds time elapsed

       0.000877000 seconds user
       0.000000000 seconds sys



=== record: L1-icache-load-misses ===
Couldn't record kernel reference relocation symbol
Symbol resolution may be skewed if relocation was used (e.g. kexec).
Check /proc/kallsyms permission or run as root.
perf_event__synthesize_bpf_events: failed to synthesize bpf images: No such file or directory
Couldn't synthesize bpf events.
[ perf record: Woken up 1 times to write data ]
[ perf record: Captured and wrote 0.005 MB /root/0460882-Project-HwiSwiCoDesign/results/raytrace/optimized/2026-09-12-09-45/.perf-probe.hswlRc/record.data ]

=== stat: LLC-loads ===
# started on Sat Sep 12 09:45:49 2026


 Performance counter stats for 'sleep 0.05':

   <not supported>      LLC-loads                                                   

       0.050924426 seconds time elapsed

       0.000879000 seconds user
       0.000000000 seconds sys



=== record: LLC-loads ===
Error:
The sys_perf_event_open() syscall returned with 6 (No such device or address) for event (LLC-loads).
/bin/dmesg | grep -i perf may provide additional information.


=== stat: LLC-load-misses ===
# started on Sat Sep 12 09:45:49 2026


 Performance counter stats for 'sleep 0.05':

   <not supported>      LLC-load-misses                                             

       0.050852614 seconds time elapsed

       0.000791000 seconds user
       0.000000000 seconds sys



=== record: LLC-load-misses ===
Error:
The sys_perf_event_open() syscall returned with 6 (No such device or address) for event (LLC-load-misses).
/bin/dmesg | grep -i perf may provide additional information.


=== stat: LLC-stores ===
# started on Sat Sep 12 09:45:49 2026


 Performance counter stats for 'sleep 0.05':

   <not supported>      LLC-stores                                                  

       0.050914589 seconds time elapsed

       0.000864000 seconds user
       0.000000000 seconds sys



=== record: LLC-stores ===
Error:
The sys_perf_event_open() syscall returned with 6 (No such device or address) for event (LLC-stores).
/bin/dmesg | grep -i perf may provide additional information.


=== stat: LLC-store-misses ===
# started on Sat Sep 12 09:45:49 2026


 Performance counter stats for 'sleep 0.05':

   <not supported>      LLC-store-misses                                            

       0.050896589 seconds time elapsed

       0.000866000 seconds user
       0.000000000 seconds sys



=== record: LLC-store-misses ===
Error:
The sys_perf_event_open() syscall returned with 6 (No such device or address) for event (LLC-store-misses).
/bin/dmesg | grep -i perf may provide additional information.


=== stat: LLC-prefetches ===
# started on Sat Sep 12 09:45:50 2026


 Performance counter stats for 'sleep 0.05':

   <not supported>      LLC-prefetches                                              

       0.050902649 seconds time elapsed

       0.000853000 seconds user
       0.000000000 seconds sys



=== record: LLC-prefetches ===
Error:
The LLC-prefetches event is not supported.

=== stat: LLC-prefetch-misses ===
# started on Sat Sep 12 09:45:50 2026


 Performance counter stats for 'sleep 0.05':

   <not supported>      LLC-prefetch-misses                                         

       0.050842894 seconds time elapsed

       0.000831000 seconds user
       0.000000000 seconds sys



=== record: LLC-prefetch-misses ===
Error:
The LLC-prefetch-misses event is not supported.

=== stat: dTLB-loads ===
# started on Sat Sep 12 09:45:50 2026


 Performance counter stats for 'sleep 0.05':

            155284      dTLB-loads                                                  

       0.051065375 seconds time elapsed

       0.001021000 seconds user
       0.000000000 seconds sys



=== record: dTLB-loads ===
Couldn't record kernel reference relocation symbol
Symbol resolution may be skewed if relocation was used (e.g. kexec).
Check /proc/kallsyms permission or run as root.
perf_event__synthesize_bpf_events: failed to synthesize bpf images: No such file or directory
Couldn't synthesize bpf events.
[ perf record: Woken up 1 times to write data ]
[ perf record: Captured and wrote 0.005 MB /root/0460882-Project-HwiSwiCoDesign/results/raytrace/optimized/2026-09-12-09-45/.perf-probe.hswlRc/record.data ]

=== stat: dTLB-load-misses ===
# started on Sat Sep 12 09:45:50 2026


 Performance counter stats for 'sleep 0.05':

              3754      dTLB-load-misses                                            

       0.051011491 seconds time elapsed

       0.000957000 seconds user
       0.000000000 seconds sys



=== record: dTLB-load-misses ===
Couldn't record kernel reference relocation symbol
Symbol resolution may be skewed if relocation was used (e.g. kexec).
Check /proc/kallsyms permission or run as root.
perf_event__synthesize_bpf_events: failed to synthesize bpf images: No such file or directory
Couldn't synthesize bpf events.
[ perf record: Woken up 1 times to write data ]
[ perf record: Captured and wrote 0.005 MB /root/0460882-Project-HwiSwiCoDesign/results/raytrace/optimized/2026-09-12-09-45/.perf-probe.hswlRc/record.data ]

=== stat: dTLB-stores ===
# started on Sat Sep 12 09:45:50 2026


 Performance counter stats for 'sleep 0.05':

             94097      dTLB-stores                                                 

       0.050919626 seconds time elapsed

       0.000882000 seconds user
       0.000000000 seconds sys



=== record: dTLB-stores ===
Couldn't record kernel reference relocation symbol
Symbol resolution may be skewed if relocation was used (e.g. kexec).
Check /proc/kallsyms permission or run as root.
perf_event__synthesize_bpf_events: failed to synthesize bpf images: No such file or directory
Couldn't synthesize bpf events.
[ perf record: Woken up 1 times to write data ]
[ perf record: Captured and wrote 0.005 MB /root/0460882-Project-HwiSwiCoDesign/results/raytrace/optimized/2026-09-12-09-45/.perf-probe.hswlRc/record.data ]

=== stat: dTLB-store-misses ===
# started on Sat Sep 12 09:45:50 2026


 Performance counter stats for 'sleep 0.05':

               555      dTLB-store-misses                                           

       0.050967027 seconds time elapsed

       0.000943000 seconds user
       0.000000000 seconds sys



=== record: dTLB-store-misses ===
Couldn't record kernel reference relocation symbol
Symbol resolution may be skewed if relocation was used (e.g. kexec).
Check /proc/kallsyms permission or run as root.
perf_event__synthesize_bpf_events: failed to synthesize bpf images: No such file or directory
Couldn't synthesize bpf events.
[ perf record: Woken up 1 times to write data ]
[ perf record: Captured and wrote 0.005 MB /root/0460882-Project-HwiSwiCoDesign/results/raytrace/optimized/2026-09-12-09-45/.perf-probe.hswlRc/record.data ]

=== stat: iTLB-loads ===
# started on Sat Sep 12 09:45:50 2026


 Performance counter stats for 'sleep 0.05':

               775      iTLB-loads                                                  

       0.057332241 seconds time elapsed

       0.003604000 seconds user
       0.003596000 seconds sys



=== record: iTLB-loads ===
Couldn't record kernel reference relocation symbol
Symbol resolution may be skewed if relocation was used (e.g. kexec).
Check /proc/kallsyms permission or run as root.
perf_event__synthesize_bpf_events: failed to synthesize bpf images: No such file or directory
Couldn't synthesize bpf events.
[ perf record: Woken up 1 times to write data ]
[ perf record: Captured and wrote 0.005 MB /root/0460882-Project-HwiSwiCoDesign/results/raytrace/optimized/2026-09-12-09-45/.perf-probe.hswlRc/record.data ]

=== stat: iTLB-load-misses ===
# started on Sat Sep 12 09:45:51 2026


 Performance counter stats for 'sleep 0.05':

              3631      iTLB-load-misses                                            

       0.051093087 seconds time elapsed

       0.001060000 seconds user
       0.000000000 seconds sys



=== record: iTLB-load-misses ===
Couldn't record kernel reference relocation symbol
Symbol resolution may be skewed if relocation was used (e.g. kexec).
Check /proc/kallsyms permission or run as root.
perf_event__synthesize_bpf_events: failed to synthesize bpf images: No such file or directory
Couldn't synthesize bpf events.
[ perf record: Woken up 1 times to write data ]
[ perf record: Captured and wrote 0.005 MB /root/0460882-Project-HwiSwiCoDesign/results/raytrace/optimized/2026-09-12-09-45/.perf-probe.hswlRc/record.data ]

=== stat: branch-loads ===
# started on Sat Sep 12 09:45:51 2026


 Performance counter stats for 'sleep 0.05':

            113331      branch-loads                                                

       0.050973176 seconds time elapsed

       0.000953000 seconds user
       0.000000000 seconds sys



=== record: branch-loads ===
Couldn't record kernel reference relocation symbol
Symbol resolution may be skewed if relocation was used (e.g. kexec).
Check /proc/kallsyms permission or run as root.
perf_event__synthesize_bpf_events: failed to synthesize bpf images: No such file or directory
Couldn't synthesize bpf events.
[ perf record: Woken up 1 times to write data ]
[ perf record: Captured and wrote 0.005 MB /root/0460882-Project-HwiSwiCoDesign/results/raytrace/optimized/2026-09-12-09-45/.perf-probe.hswlRc/record.data ]

=== stat: branch-load-misses ===
# started on Sat Sep 12 09:45:51 2026


 Performance counter stats for 'sleep 0.05':

              5200      branch-load-misses                                          

       0.051119420 seconds time elapsed

       0.000000000 seconds user
       0.001070000 seconds sys



=== record: branch-load-misses ===
Couldn't record kernel reference relocation symbol
Symbol resolution may be skewed if relocation was used (e.g. kexec).
Check /proc/kallsyms permission or run as root.
perf_event__synthesize_bpf_events: failed to synthesize bpf images: No such file or directory
Couldn't synthesize bpf events.
[ perf record: Woken up 1 times to write data ]
[ perf record: Captured and wrote 0.005 MB /root/0460882-Project-HwiSwiCoDesign/results/raytrace/optimized/2026-09-12-09-45/.perf-probe.hswlRc/record.data ]

=== stat: node-loads ===
# started on Sat Sep 12 09:45:51 2026


 Performance counter stats for 'sleep 0.05':

   <not supported>      node-loads                                                  

       0.050957994 seconds time elapsed

       0.000913000 seconds user
       0.000000000 seconds sys



=== record: node-loads ===
Error:
The sys_perf_event_open() syscall returned with 6 (No such device or address) for event (node-loads).
/bin/dmesg | grep -i perf may provide additional information.


=== stat: node-load-misses ===
# started on Sat Sep 12 09:45:51 2026


 Performance counter stats for 'sleep 0.05':

   <not supported>      node-load-misses                                            

       0.050936474 seconds time elapsed

       0.000887000 seconds user
       0.000000000 seconds sys



=== record: node-load-misses ===
Error:
The sys_perf_event_open() syscall returned with 6 (No such device or address) for event (node-load-misses).
/bin/dmesg | grep -i perf may provide additional information.


=== stat: node-stores ===
# started on Sat Sep 12 09:45:51 2026


 Performance counter stats for 'sleep 0.05':

   <not supported>      node-stores                                                 

       0.050887566 seconds time elapsed

       0.000000000 seconds user
       0.000852000 seconds sys



=== record: node-stores ===
Error:
The sys_perf_event_open() syscall returned with 6 (No such device or address) for event (node-stores).
/bin/dmesg | grep -i perf may provide additional information.


=== stat: node-store-misses ===
# started on Sat Sep 12 09:45:51 2026


 Performance counter stats for 'sleep 0.05':

   <not supported>      node-store-misses                                           

       0.050932711 seconds time elapsed

       0.000873000 seconds user
       0.000000000 seconds sys



=== record: node-store-misses ===
Error:
The sys_perf_event_open() syscall returned with 6 (No such device or address) for event (node-store-misses).
/bin/dmesg | grep -i perf may provide additional information.


=== stat: duration_time ===
# started on Sat Sep 12 09:45:52 2026


 Performance counter stats for 'system wide':

          50852797 ns   duration_time                                               

       0.050852797 seconds time elapsed


=== stat: user_time ===
event syntax error: 'user_time'
                     \___ parser error
Run 'perf list' for a list of valid events

 Usage: perf stat [<options>] [<command>]

    -e, --event <event>   event selector. use 'perf list' to list available events

=== stat: system_time ===
event syntax error: 'system_time'
                     \___ parser error
Run 'perf list' for a list of valid events

 Usage: perf stat [<options>] [<command>]

    -e, --event <event>   event selector. use 'perf list' to list available events

=== stat: dummy ===
# started on Sat Sep 12 09:45:52 2026


 Performance counter stats for 'sleep 0.05':

                 0      dummy                                                       

       0.050964063 seconds time elapsed

       0.000000000 seconds user
       0.000897000 seconds sys



=== stat: bpf-output ===
# started on Sat Sep 12 09:45:52 2026


 Performance counter stats for 'sleep 0.05':

                 0      bpf-output                                                  

       0.050954365 seconds time elapsed

       0.000894000 seconds user
       0.000000000 seconds sys


