
=== stat: cpu-clock ===
# started on Sat Sep 12 15:04:21 2026


 Performance counter stats for 'sleep 0.05':

              0.40 msec cpu-clock                 #    0.008 CPUs utilized          

       0.050847752 seconds time elapsed

       0.000815000 seconds user
       0.000000000 seconds sys



=== record: cpu-clock ===
Couldn't record kernel reference relocation symbol
Symbol resolution may be skewed if relocation was used (e.g. kexec).
Check /proc/kallsyms permission or run as root.
perf_event__synthesize_bpf_events: failed to synthesize bpf images: No such file or directory
Couldn't synthesize bpf events.
[ perf record: Woken up 1 times to write data ]
[ perf record: Captured and wrote 0.002 MB /root/0460882-Project-HwiSwiCoDesign/results/pyflate/optimized/2026-09-12-15-04/.perf-probe.slu2wV/record.data ]

=== stat: task-clock ===
# started on Sat Sep 12 15:04:21 2026


 Performance counter stats for 'sleep 0.05':

              0.40 msec task-clock                #    0.008 CPUs utilized          

       0.050812359 seconds time elapsed

       0.000773000 seconds user
       0.000000000 seconds sys



=== record: task-clock ===
Couldn't record kernel reference relocation symbol
Symbol resolution may be skewed if relocation was used (e.g. kexec).
Check /proc/kallsyms permission or run as root.
perf_event__synthesize_bpf_events: failed to synthesize bpf images: No such file or directory
Couldn't synthesize bpf events.
[ perf record: Woken up 1 times to write data ]
[ perf record: Captured and wrote 0.002 MB /root/0460882-Project-HwiSwiCoDesign/results/pyflate/optimized/2026-09-12-15-04/.perf-probe.slu2wV/record.data ]

=== stat: cycles ===
# started on Sat Sep 12 15:04:22 2026


 Performance counter stats for 'sleep 0.05':

            862430      cycles                                                      

       0.051011931 seconds time elapsed

       0.000983000 seconds user
       0.000000000 seconds sys



=== record: cycles ===
Couldn't record kernel reference relocation symbol
Symbol resolution may be skewed if relocation was used (e.g. kexec).
Check /proc/kallsyms permission or run as root.
perf_event__synthesize_bpf_events: failed to synthesize bpf images: No such file or directory
Couldn't synthesize bpf events.
[ perf record: Woken up 1 times to write data ]
[ perf record: Captured and wrote 0.002 MB /root/0460882-Project-HwiSwiCoDesign/results/pyflate/optimized/2026-09-12-15-04/.perf-probe.slu2wV/record.data ]

=== stat: instructions ===
# started on Sat Sep 12 15:04:22 2026


 Performance counter stats for 'sleep 0.05':

            566131      instructions                                                

       0.051126812 seconds time elapsed

       0.000000000 seconds user
       0.001065000 seconds sys



=== record: instructions ===
Couldn't record kernel reference relocation symbol
Symbol resolution may be skewed if relocation was used (e.g. kexec).
Check /proc/kallsyms permission or run as root.
perf_event__synthesize_bpf_events: failed to synthesize bpf images: No such file or directory
Couldn't synthesize bpf events.
[ perf record: Woken up 1 times to write data ]
[ perf record: Captured and wrote 0.003 MB /root/0460882-Project-HwiSwiCoDesign/results/pyflate/optimized/2026-09-12-15-04/.perf-probe.slu2wV/record.data (7 samples) ]

=== stat: branch-instructions ===
# started on Sat Sep 12 15:04:22 2026


 Performance counter stats for 'sleep 0.05':

            116895      branch-instructions                                         

       0.051111919 seconds time elapsed

       0.000000000 seconds user
       0.001039000 seconds sys



=== record: branch-instructions ===
Couldn't record kernel reference relocation symbol
Symbol resolution may be skewed if relocation was used (e.g. kexec).
Check /proc/kallsyms permission or run as root.
perf_event__synthesize_bpf_events: failed to synthesize bpf images: No such file or directory
Couldn't synthesize bpf events.
[ perf record: Woken up 1 times to write data ]
[ perf record: Captured and wrote 0.002 MB /root/0460882-Project-HwiSwiCoDesign/results/pyflate/optimized/2026-09-12-15-04/.perf-probe.slu2wV/record.data ]

=== stat: branch-misses ===
# started on Sat Sep 12 15:04:22 2026


 Performance counter stats for 'sleep 0.05':

              5024      branch-misses                                               

       0.051097660 seconds time elapsed

       0.001050000 seconds user
       0.000000000 seconds sys



=== record: branch-misses ===
Couldn't record kernel reference relocation symbol
Symbol resolution may be skewed if relocation was used (e.g. kexec).
Check /proc/kallsyms permission or run as root.
perf_event__synthesize_bpf_events: failed to synthesize bpf images: No such file or directory
Couldn't synthesize bpf events.
[ perf record: Woken up 1 times to write data ]
[ perf record: Captured and wrote 0.002 MB /root/0460882-Project-HwiSwiCoDesign/results/pyflate/optimized/2026-09-12-15-04/.perf-probe.slu2wV/record.data ]

=== stat: bus-cycles ===
# started on Sat Sep 12 15:04:22 2026


 Performance counter stats for 'sleep 0.05':

             41623      bus-cycles                                                  

       0.051031168 seconds time elapsed

       0.001002000 seconds user
       0.000000000 seconds sys



=== record: bus-cycles ===
Couldn't record kernel reference relocation symbol
Symbol resolution may be skewed if relocation was used (e.g. kexec).
Check /proc/kallsyms permission or run as root.
perf_event__synthesize_bpf_events: failed to synthesize bpf images: No such file or directory
Couldn't synthesize bpf events.
[ perf record: Woken up 1 times to write data ]
[ perf record: Captured and wrote 0.002 MB /root/0460882-Project-HwiSwiCoDesign/results/pyflate/optimized/2026-09-12-15-04/.perf-probe.slu2wV/record.data ]

=== stat: cache-references ===
# started on Sat Sep 12 15:04:22 2026


 Performance counter stats for 'sleep 0.05':

             19213      cache-references                                            

       0.056688485 seconds time elapsed

       0.000000000 seconds user
       0.006572000 seconds sys



=== record: cache-references ===
Couldn't record kernel reference relocation symbol
Symbol resolution may be skewed if relocation was used (e.g. kexec).
Check /proc/kallsyms permission or run as root.
perf_event__synthesize_bpf_events: failed to synthesize bpf images: No such file or directory
Couldn't synthesize bpf events.
[ perf record: Woken up 1 times to write data ]
[ perf record: Captured and wrote 0.002 MB /root/0460882-Project-HwiSwiCoDesign/results/pyflate/optimized/2026-09-12-15-04/.perf-probe.slu2wV/record.data ]

=== stat: cache-misses ===
# started on Sat Sep 12 15:04:23 2026


 Performance counter stats for 'sleep 0.05':

               116      cache-misses                                                

       0.051130576 seconds time elapsed

       0.000000000 seconds user
       0.001060000 seconds sys



=== record: cache-misses ===
Couldn't record kernel reference relocation symbol
Symbol resolution may be skewed if relocation was used (e.g. kexec).
Check /proc/kallsyms permission or run as root.
perf_event__synthesize_bpf_events: failed to synthesize bpf images: No such file or directory
Couldn't synthesize bpf events.
[ perf record: Woken up 1 times to write data ]
[ perf record: Captured and wrote 0.002 MB /root/0460882-Project-HwiSwiCoDesign/results/pyflate/optimized/2026-09-12-15-04/.perf-probe.slu2wV/record.data ]

=== stat: ref-cycles ===
# started on Sat Sep 12 15:04:23 2026


 Performance counter stats for 'sleep 0.05':

            948696      ref-cycles                                                  

       0.050990973 seconds time elapsed

       0.000950000 seconds user
       0.000000000 seconds sys



=== record: ref-cycles ===
Couldn't record kernel reference relocation symbol
Symbol resolution may be skewed if relocation was used (e.g. kexec).
Check /proc/kallsyms permission or run as root.
perf_event__synthesize_bpf_events: failed to synthesize bpf images: No such file or directory
Couldn't synthesize bpf events.
[ perf record: Woken up 1 times to write data ]
[ perf record: Captured and wrote 0.002 MB /root/0460882-Project-HwiSwiCoDesign/results/pyflate/optimized/2026-09-12-15-04/.perf-probe.slu2wV/record.data ]

=== stat: stalled-cycles-frontend ===
# started on Sat Sep 12 15:04:23 2026


 Performance counter stats for 'sleep 0.05':

   <not supported>      stalled-cycles-frontend                                     

       0.050962664 seconds time elapsed

       0.000917000 seconds user
       0.000000000 seconds sys



=== record: stalled-cycles-frontend ===
Error:
The stalled-cycles-frontend event is not supported.

=== stat: stalled-cycles-backend ===
# started on Sat Sep 12 15:04:23 2026


 Performance counter stats for 'sleep 0.05':

   <not supported>      stalled-cycles-backend                                      

       0.050902602 seconds time elapsed

       0.000872000 seconds user
       0.000000000 seconds sys



=== record: stalled-cycles-backend ===
Error:
The stalled-cycles-backend event is not supported.

=== stat: page-faults ===
# started on Sat Sep 12 15:04:23 2026


 Performance counter stats for 'sleep 0.05':

                60      page-faults                                                 

       0.050891943 seconds time elapsed

       0.000850000 seconds user
       0.000000000 seconds sys



=== record: page-faults ===
Couldn't record kernel reference relocation symbol
Symbol resolution may be skewed if relocation was used (e.g. kexec).
Check /proc/kallsyms permission or run as root.
perf_event__synthesize_bpf_events: failed to synthesize bpf images: No such file or directory
Couldn't synthesize bpf events.
[ perf record: Woken up 1 times to write data ]
[ perf record: Captured and wrote 0.003 MB /root/0460882-Project-HwiSwiCoDesign/results/pyflate/optimized/2026-09-12-15-04/.perf-probe.slu2wV/record.data (5 samples) ]

=== stat: minor-faults ===
# started on Sat Sep 12 15:04:23 2026


 Performance counter stats for 'sleep 0.05':

                59      minor-faults                                                

       0.050971913 seconds time elapsed

       0.000928000 seconds user
       0.000000000 seconds sys



=== record: minor-faults ===
Couldn't record kernel reference relocation symbol
Symbol resolution may be skewed if relocation was used (e.g. kexec).
Check /proc/kallsyms permission or run as root.
perf_event__synthesize_bpf_events: failed to synthesize bpf images: No such file or directory
Couldn't synthesize bpf events.
[ perf record: Woken up 1 times to write data ]
[ perf record: Captured and wrote 0.003 MB /root/0460882-Project-HwiSwiCoDesign/results/pyflate/optimized/2026-09-12-15-04/.perf-probe.slu2wV/record.data (5 samples) ]

=== stat: major-faults ===
# started on Sat Sep 12 15:04:23 2026


 Performance counter stats for 'sleep 0.05':

                 0      major-faults                                                

       0.050984821 seconds time elapsed

       0.000928000 seconds user
       0.000000000 seconds sys



=== record: major-faults ===
Couldn't record kernel reference relocation symbol
Symbol resolution may be skewed if relocation was used (e.g. kexec).
Check /proc/kallsyms permission or run as root.
perf_event__synthesize_bpf_events: failed to synthesize bpf images: No such file or directory
Couldn't synthesize bpf events.
[ perf record: Woken up 1 times to write data ]
[ perf record: Captured and wrote 0.002 MB /root/0460882-Project-HwiSwiCoDesign/results/pyflate/optimized/2026-09-12-15-04/.perf-probe.slu2wV/record.data ]

=== stat: context-switches ===
# started on Sat Sep 12 15:04:24 2026


 Performance counter stats for 'sleep 0.05':

                 1      context-switches                                            

       0.050965668 seconds time elapsed

       0.000921000 seconds user
       0.000000000 seconds sys



=== record: context-switches ===
Couldn't record kernel reference relocation symbol
Symbol resolution may be skewed if relocation was used (e.g. kexec).
Check /proc/kallsyms permission or run as root.
perf_event__synthesize_bpf_events: failed to synthesize bpf images: No such file or directory
Couldn't synthesize bpf events.
[ perf record: Woken up 1 times to write data ]
[ perf record: Captured and wrote 0.002 MB /root/0460882-Project-HwiSwiCoDesign/results/pyflate/optimized/2026-09-12-15-04/.perf-probe.slu2wV/record.data (1 samples) ]

=== stat: cpu-migrations ===
# started on Sat Sep 12 15:04:24 2026


 Performance counter stats for 'sleep 0.05':

                 0      cpu-migrations                                              

       0.051007531 seconds time elapsed

       0.000954000 seconds user
       0.000000000 seconds sys



=== record: cpu-migrations ===
Couldn't record kernel reference relocation symbol
Symbol resolution may be skewed if relocation was used (e.g. kexec).
Check /proc/kallsyms permission or run as root.
perf_event__synthesize_bpf_events: failed to synthesize bpf images: No such file or directory
Couldn't synthesize bpf events.
[ perf record: Woken up 1 times to write data ]
[ perf record: Captured and wrote 0.002 MB /root/0460882-Project-HwiSwiCoDesign/results/pyflate/optimized/2026-09-12-15-04/.perf-probe.slu2wV/record.data ]

=== stat: alignment-faults ===
# started on Sat Sep 12 15:04:24 2026


 Performance counter stats for 'sleep 0.05':

                 0      alignment-faults                                            

       0.050912316 seconds time elapsed

       0.000880000 seconds user
       0.000000000 seconds sys



=== record: alignment-faults ===
Couldn't record kernel reference relocation symbol
Symbol resolution may be skewed if relocation was used (e.g. kexec).
Check /proc/kallsyms permission or run as root.
perf_event__synthesize_bpf_events: failed to synthesize bpf images: No such file or directory
Couldn't synthesize bpf events.
[ perf record: Woken up 1 times to write data ]
[ perf record: Captured and wrote 0.002 MB /root/0460882-Project-HwiSwiCoDesign/results/pyflate/optimized/2026-09-12-15-04/.perf-probe.slu2wV/record.data ]

=== stat: emulation-faults ===
# started on Sat Sep 12 15:04:24 2026


 Performance counter stats for 'sleep 0.05':

                 0      emulation-faults                                            

       0.050956803 seconds time elapsed

       0.000914000 seconds user
       0.000000000 seconds sys



=== record: emulation-faults ===
Couldn't record kernel reference relocation symbol
Symbol resolution may be skewed if relocation was used (e.g. kexec).
Check /proc/kallsyms permission or run as root.
perf_event__synthesize_bpf_events: failed to synthesize bpf images: No such file or directory
Couldn't synthesize bpf events.
[ perf record: Woken up 1 times to write data ]
[ perf record: Captured and wrote 0.002 MB /root/0460882-Project-HwiSwiCoDesign/results/pyflate/optimized/2026-09-12-15-04/.perf-probe.slu2wV/record.data ]

=== stat: cgroup-switches ===
# started on Sat Sep 12 15:04:24 2026


 Performance counter stats for 'sleep 0.05':

                 1      cgroup-switches                                             

       0.050957504 seconds time elapsed

       0.000902000 seconds user
       0.000000000 seconds sys



=== record: cgroup-switches ===
Couldn't record kernel reference relocation symbol
Symbol resolution may be skewed if relocation was used (e.g. kexec).
Check /proc/kallsyms permission or run as root.
perf_event__synthesize_bpf_events: failed to synthesize bpf images: No such file or directory
Couldn't synthesize bpf events.
[ perf record: Woken up 1 times to write data ]
[ perf record: Captured and wrote 0.003 MB /root/0460882-Project-HwiSwiCoDesign/results/pyflate/optimized/2026-09-12-15-04/.perf-probe.slu2wV/record.data (2 samples) ]

=== stat: L1-dcache-loads ===
# started on Sat Sep 12 15:04:24 2026


 Performance counter stats for 'sleep 0.05':

            158231      L1-dcache-loads                                             

       0.051074874 seconds time elapsed

       0.001024000 seconds user
       0.000000000 seconds sys



=== record: L1-dcache-loads ===
Couldn't record kernel reference relocation symbol
Symbol resolution may be skewed if relocation was used (e.g. kexec).
Check /proc/kallsyms permission or run as root.
perf_event__synthesize_bpf_events: failed to synthesize bpf images: No such file or directory
Couldn't synthesize bpf events.
[ perf record: Woken up 1 times to write data ]
[ perf record: Captured and wrote 0.002 MB /root/0460882-Project-HwiSwiCoDesign/results/pyflate/optimized/2026-09-12-15-04/.perf-probe.slu2wV/record.data ]

=== stat: L1-dcache-load-misses ===
# started on Sat Sep 12 15:04:25 2026


 Performance counter stats for 'sleep 0.05':

             15442      L1-dcache-load-misses                                       

       0.057127116 seconds time elapsed

       0.000000000 seconds user
       0.006990000 seconds sys



=== record: L1-dcache-load-misses ===
Couldn't record kernel reference relocation symbol
Symbol resolution may be skewed if relocation was used (e.g. kexec).
Check /proc/kallsyms permission or run as root.
perf_event__synthesize_bpf_events: failed to synthesize bpf images: No such file or directory
Couldn't synthesize bpf events.
[ perf record: Woken up 1 times to write data ]
[ perf record: Captured and wrote 0.002 MB /root/0460882-Project-HwiSwiCoDesign/results/pyflate/optimized/2026-09-12-15-04/.perf-probe.slu2wV/record.data ]

=== stat: L1-dcache-stores ===
# started on Sat Sep 12 15:04:25 2026


 Performance counter stats for 'sleep 0.05':

             93535      L1-dcache-stores                                            

       0.051042565 seconds time elapsed

       0.000000000 seconds user
       0.000975000 seconds sys



=== record: L1-dcache-stores ===
Couldn't record kernel reference relocation symbol
Symbol resolution may be skewed if relocation was used (e.g. kexec).
Check /proc/kallsyms permission or run as root.
perf_event__synthesize_bpf_events: failed to synthesize bpf images: No such file or directory
Couldn't synthesize bpf events.
[ perf record: Woken up 1 times to write data ]
[ perf record: Captured and wrote 0.002 MB /root/0460882-Project-HwiSwiCoDesign/results/pyflate/optimized/2026-09-12-15-04/.perf-probe.slu2wV/record.data ]

=== stat: L1-dcache-store-misses ===
# started on Sat Sep 12 15:04:25 2026


 Performance counter stats for 'sleep 0.05':

   <not supported>      L1-dcache-store-misses                                      

       0.050973488 seconds time elapsed

       0.000938000 seconds user
       0.000000000 seconds sys



=== record: L1-dcache-store-misses ===
Error:
The L1-dcache-store-misses event is not supported.

=== stat: L1-dcache-prefetches ===
# started on Sat Sep 12 15:04:25 2026


 Performance counter stats for 'sleep 0.05':

   <not supported>      L1-dcache-prefetches                                        

       0.050962911 seconds time elapsed

       0.000917000 seconds user
       0.000000000 seconds sys



=== record: L1-dcache-prefetches ===
Error:
The L1-dcache-prefetches event is not supported.

=== stat: L1-dcache-prefetch-misses ===
# started on Sat Sep 12 15:04:25 2026


 Performance counter stats for 'sleep 0.05':

   <not supported>      L1-dcache-prefetch-misses                                   

       0.050841795 seconds time elapsed

       0.000798000 seconds user
       0.000000000 seconds sys



=== record: L1-dcache-prefetch-misses ===
Error:
The L1-dcache-prefetch-misses event is not supported.

=== stat: L1-icache-loads ===
# started on Sat Sep 12 15:04:25 2026


 Performance counter stats for 'sleep 0.05':

   <not supported>      L1-icache-loads                                             

       0.050915760 seconds time elapsed

       0.000872000 seconds user
       0.000000000 seconds sys



=== record: L1-icache-loads ===
Error:
The L1-icache-loads event is not supported.

=== stat: L1-icache-load-misses ===
# started on Sat Sep 12 15:04:25 2026


 Performance counter stats for 'sleep 0.05':

              8234      L1-icache-load-misses                                       

       0.051041348 seconds time elapsed

       0.000982000 seconds user
       0.000000000 seconds sys



=== record: L1-icache-load-misses ===
Couldn't record kernel reference relocation symbol
Symbol resolution may be skewed if relocation was used (e.g. kexec).
Check /proc/kallsyms permission or run as root.
perf_event__synthesize_bpf_events: failed to synthesize bpf images: No such file or directory
Couldn't synthesize bpf events.
[ perf record: Woken up 1 times to write data ]
[ perf record: Captured and wrote 0.002 MB /root/0460882-Project-HwiSwiCoDesign/results/pyflate/optimized/2026-09-12-15-04/.perf-probe.slu2wV/record.data ]

=== stat: LLC-loads ===
# started on Sat Sep 12 15:04:26 2026


 Performance counter stats for 'sleep 0.05':

   <not supported>      LLC-loads                                                   

       0.050868262 seconds time elapsed

       0.000828000 seconds user
       0.000000000 seconds sys



=== record: LLC-loads ===
Error:
The sys_perf_event_open() syscall returned with 6 (No such device or address) for event (LLC-loads).
/bin/dmesg | grep -i perf may provide additional information.


=== stat: LLC-load-misses ===
# started on Sat Sep 12 15:04:26 2026


 Performance counter stats for 'sleep 0.05':

   <not supported>      LLC-load-misses                                             

       0.050843444 seconds time elapsed

       0.000801000 seconds user
       0.000000000 seconds sys



=== record: LLC-load-misses ===
Error:
The sys_perf_event_open() syscall returned with 6 (No such device or address) for event (LLC-load-misses).
/bin/dmesg | grep -i perf may provide additional information.


=== stat: LLC-stores ===
# started on Sat Sep 12 15:04:26 2026


 Performance counter stats for 'sleep 0.05':

   <not supported>      LLC-stores                                                  

       0.050846175 seconds time elapsed

       0.000803000 seconds user
       0.000000000 seconds sys



=== record: LLC-stores ===
Error:
The sys_perf_event_open() syscall returned with 6 (No such device or address) for event (LLC-stores).
/bin/dmesg | grep -i perf may provide additional information.


=== stat: LLC-store-misses ===
# started on Sat Sep 12 15:04:26 2026


 Performance counter stats for 'sleep 0.05':

   <not supported>      LLC-store-misses                                            

       0.050862237 seconds time elapsed

       0.000821000 seconds user
       0.000000000 seconds sys



=== record: LLC-store-misses ===
Error:
The sys_perf_event_open() syscall returned with 6 (No such device or address) for event (LLC-store-misses).
/bin/dmesg | grep -i perf may provide additional information.


=== stat: LLC-prefetches ===
# started on Sat Sep 12 15:04:26 2026


 Performance counter stats for 'sleep 0.05':

   <not supported>      LLC-prefetches                                              

       0.050830319 seconds time elapsed

       0.000786000 seconds user
       0.000000000 seconds sys



=== record: LLC-prefetches ===
Error:
The LLC-prefetches event is not supported.

=== stat: LLC-prefetch-misses ===
# started on Sat Sep 12 15:04:26 2026


 Performance counter stats for 'sleep 0.05':

   <not supported>      LLC-prefetch-misses                                         

       0.050910303 seconds time elapsed

       0.000855000 seconds user
       0.000000000 seconds sys



=== record: LLC-prefetch-misses ===
Error:
The LLC-prefetch-misses event is not supported.

=== stat: dTLB-loads ===
# started on Sat Sep 12 15:04:26 2026


 Performance counter stats for 'sleep 0.05':

            156217      dTLB-loads                                                  

       0.050972638 seconds time elapsed

       0.000000000 seconds user
       0.000913000 seconds sys



=== record: dTLB-loads ===
Couldn't record kernel reference relocation symbol
Symbol resolution may be skewed if relocation was used (e.g. kexec).
Check /proc/kallsyms permission or run as root.
perf_event__synthesize_bpf_events: failed to synthesize bpf images: No such file or directory
Couldn't synthesize bpf events.
[ perf record: Woken up 1 times to write data ]
[ perf record: Captured and wrote 0.002 MB /root/0460882-Project-HwiSwiCoDesign/results/pyflate/optimized/2026-09-12-15-04/.perf-probe.slu2wV/record.data ]

=== stat: dTLB-load-misses ===
# started on Sat Sep 12 15:04:26 2026


 Performance counter stats for 'sleep 0.05':

              3060      dTLB-load-misses                                            

       0.051033055 seconds time elapsed

       0.000987000 seconds user
       0.000000000 seconds sys



=== record: dTLB-load-misses ===
Couldn't record kernel reference relocation symbol
Symbol resolution may be skewed if relocation was used (e.g. kexec).
Check /proc/kallsyms permission or run as root.
perf_event__synthesize_bpf_events: failed to synthesize bpf images: No such file or directory
Couldn't synthesize bpf events.
[ perf record: Woken up 1 times to write data ]
[ perf record: Captured and wrote 0.002 MB /root/0460882-Project-HwiSwiCoDesign/results/pyflate/optimized/2026-09-12-15-04/.perf-probe.slu2wV/record.data ]

=== stat: dTLB-stores ===
# started on Sat Sep 12 15:04:26 2026


 Performance counter stats for 'sleep 0.05':

             91895      dTLB-stores                                                 

       0.051076462 seconds time elapsed

       0.001038000 seconds user
       0.000000000 seconds sys



=== record: dTLB-stores ===
Couldn't record kernel reference relocation symbol
Symbol resolution may be skewed if relocation was used (e.g. kexec).
Check /proc/kallsyms permission or run as root.
perf_event__synthesize_bpf_events: failed to synthesize bpf images: No such file or directory
Couldn't synthesize bpf events.
[ perf record: Woken up 1 times to write data ]
[ perf record: Captured and wrote 0.002 MB /root/0460882-Project-HwiSwiCoDesign/results/pyflate/optimized/2026-09-12-15-04/.perf-probe.slu2wV/record.data ]

=== stat: dTLB-store-misses ===
# started on Sat Sep 12 15:04:27 2026


 Performance counter stats for 'sleep 0.05':

               564      dTLB-store-misses                                           

       0.051037221 seconds time elapsed

       0.000998000 seconds user
       0.000000000 seconds sys



=== record: dTLB-store-misses ===
Couldn't record kernel reference relocation symbol
Symbol resolution may be skewed if relocation was used (e.g. kexec).
Check /proc/kallsyms permission or run as root.
perf_event__synthesize_bpf_events: failed to synthesize bpf images: No such file or directory
Couldn't synthesize bpf events.
[ perf record: Woken up 1 times to write data ]
[ perf record: Captured and wrote 0.002 MB /root/0460882-Project-HwiSwiCoDesign/results/pyflate/optimized/2026-09-12-15-04/.perf-probe.slu2wV/record.data ]

=== stat: iTLB-loads ===
# started on Sat Sep 12 15:04:27 2026


 Performance counter stats for 'sleep 0.05':

               752      iTLB-loads                                                  

       0.057168275 seconds time elapsed

       0.000000000 seconds user
       0.007087000 seconds sys



=== record: iTLB-loads ===
Couldn't record kernel reference relocation symbol
Symbol resolution may be skewed if relocation was used (e.g. kexec).
Check /proc/kallsyms permission or run as root.
perf_event__synthesize_bpf_events: failed to synthesize bpf images: No such file or directory
Couldn't synthesize bpf events.
[ perf record: Woken up 1 times to write data ]
[ perf record: Captured and wrote 0.002 MB /root/0460882-Project-HwiSwiCoDesign/results/pyflate/optimized/2026-09-12-15-04/.perf-probe.slu2wV/record.data ]

=== stat: iTLB-load-misses ===
# started on Sat Sep 12 15:04:27 2026


 Performance counter stats for 'sleep 0.05':

              3896      iTLB-load-misses                                            

       0.051088338 seconds time elapsed

       0.001034000 seconds user
       0.000000000 seconds sys



=== record: iTLB-load-misses ===
Couldn't record kernel reference relocation symbol
Symbol resolution may be skewed if relocation was used (e.g. kexec).
Check /proc/kallsyms permission or run as root.
perf_event__synthesize_bpf_events: failed to synthesize bpf images: No such file or directory
Couldn't synthesize bpf events.
[ perf record: Woken up 1 times to write data ]
[ perf record: Captured and wrote 0.002 MB /root/0460882-Project-HwiSwiCoDesign/results/pyflate/optimized/2026-09-12-15-04/.perf-probe.slu2wV/record.data ]

=== stat: branch-loads ===
# started on Sat Sep 12 15:04:27 2026


 Performance counter stats for 'sleep 0.05':

            115528      branch-loads                                                

       0.050976518 seconds time elapsed

       0.000936000 seconds user
       0.000000000 seconds sys



=== record: branch-loads ===
Couldn't record kernel reference relocation symbol
Symbol resolution may be skewed if relocation was used (e.g. kexec).
Check /proc/kallsyms permission or run as root.
perf_event__synthesize_bpf_events: failed to synthesize bpf images: No such file or directory
Couldn't synthesize bpf events.
[ perf record: Woken up 1 times to write data ]
[ perf record: Captured and wrote 0.002 MB /root/0460882-Project-HwiSwiCoDesign/results/pyflate/optimized/2026-09-12-15-04/.perf-probe.slu2wV/record.data ]

=== stat: branch-load-misses ===
# started on Sat Sep 12 15:04:27 2026


 Performance counter stats for 'sleep 0.05':

              4965      branch-load-misses                                          

       0.051021900 seconds time elapsed

       0.000987000 seconds user
       0.000000000 seconds sys



=== record: branch-load-misses ===
Couldn't record kernel reference relocation symbol
Symbol resolution may be skewed if relocation was used (e.g. kexec).
Check /proc/kallsyms permission or run as root.
perf_event__synthesize_bpf_events: failed to synthesize bpf images: No such file or directory
Couldn't synthesize bpf events.
[ perf record: Woken up 1 times to write data ]
[ perf record: Captured and wrote 0.002 MB /root/0460882-Project-HwiSwiCoDesign/results/pyflate/optimized/2026-09-12-15-04/.perf-probe.slu2wV/record.data ]

=== stat: node-loads ===
# started on Sat Sep 12 15:04:27 2026


 Performance counter stats for 'sleep 0.05':

   <not supported>      node-loads                                                  

       0.050916959 seconds time elapsed

       0.000861000 seconds user
       0.000000000 seconds sys



=== record: node-loads ===
Error:
The sys_perf_event_open() syscall returned with 6 (No such device or address) for event (node-loads).
/bin/dmesg | grep -i perf may provide additional information.


=== stat: node-load-misses ===
# started on Sat Sep 12 15:04:28 2026


 Performance counter stats for 'sleep 0.05':

   <not supported>      node-load-misses                                            

       0.050944681 seconds time elapsed

       0.000881000 seconds user
       0.000000000 seconds sys



=== record: node-load-misses ===
Error:
The sys_perf_event_open() syscall returned with 6 (No such device or address) for event (node-load-misses).
/bin/dmesg | grep -i perf may provide additional information.


=== stat: node-stores ===
# started on Sat Sep 12 15:04:28 2026


 Performance counter stats for 'sleep 0.05':

   <not supported>      node-stores                                                 

       0.050964962 seconds time elapsed

       0.000000000 seconds user
       0.000930000 seconds sys



=== record: node-stores ===
Error:
The sys_perf_event_open() syscall returned with 6 (No such device or address) for event (node-stores).
/bin/dmesg | grep -i perf may provide additional information.


=== stat: node-store-misses ===
# started on Sat Sep 12 15:04:28 2026


 Performance counter stats for 'sleep 0.05':

   <not supported>      node-store-misses                                           

       0.050904900 seconds time elapsed

       0.000851000 seconds user
       0.000000000 seconds sys



=== record: node-store-misses ===
Error:
The sys_perf_event_open() syscall returned with 6 (No such device or address) for event (node-store-misses).
/bin/dmesg | grep -i perf may provide additional information.


=== stat: duration_time ===
# started on Sat Sep 12 15:04:28 2026


 Performance counter stats for 'system wide':

          50877722 ns   duration_time                                               

       0.050877722 seconds time elapsed


=== stat: user_time ===
event syntax error: 'user_time'
                     \___ parser error
Run 'perf list' for a list of valid events

 Usage: perf stat [<options>] [<command>]

    -e, --event <event>   event selector. use 'perf list' to list available events

=== stat: system_time ===
event syntax error: 'system_time'
                     \___ parser error
Run 'perf list' for a list of valid events

 Usage: perf stat [<options>] [<command>]

    -e, --event <event>   event selector. use 'perf list' to list available events

=== stat: dummy ===
# started on Sat Sep 12 15:04:28 2026


 Performance counter stats for 'sleep 0.05':

                 0      dummy                                                       

       0.050909696 seconds time elapsed

       0.000859000 seconds user
       0.000000000 seconds sys



=== stat: bpf-output ===
# started on Sat Sep 12 15:04:28 2026


 Performance counter stats for 'sleep 0.05':

                 0      bpf-output                                                  

       0.050934044 seconds time elapsed

       0.000877000 seconds user
       0.000000000 seconds sys


