
=== stat: cpu-clock ===
# started on Thu Sep 17 14:22:43 2026


 Performance counter stats for 'sleep 0.05':

              0.45 msec cpu-clock                 #    0.009 CPUs utilized          

       0.050966650 seconds time elapsed

       0.000933000 seconds user
       0.000000000 seconds sys



=== record: cpu-clock ===
Couldn't record kernel reference relocation symbol
Symbol resolution may be skewed if relocation was used (e.g. kexec).
Check /proc/kallsyms permission or run as root.
perf_event__synthesize_bpf_events: failed to synthesize bpf images: No such file or directory
Couldn't synthesize bpf events.
[ perf record: Woken up 1 times to write data ]
[ perf record: Captured and wrote 0.002 MB /root/0460882-Project-HwiSwiCoDesign/results/raytrace/optimized/2026-09-17-14-22/.perf-probe.SGBm0x/record.data ]

=== stat: task-clock ===
# started on Thu Sep 17 14:22:43 2026


 Performance counter stats for 'sleep 0.05':

              0.44 msec task-clock                #    0.009 CPUs utilized          

       0.050971653 seconds time elapsed

       0.000904000 seconds user
       0.000000000 seconds sys



=== record: task-clock ===
Couldn't record kernel reference relocation symbol
Symbol resolution may be skewed if relocation was used (e.g. kexec).
Check /proc/kallsyms permission or run as root.
perf_event__synthesize_bpf_events: failed to synthesize bpf images: No such file or directory
Couldn't synthesize bpf events.
[ perf record: Woken up 1 times to write data ]
[ perf record: Captured and wrote 0.002 MB /root/0460882-Project-HwiSwiCoDesign/results/raytrace/optimized/2026-09-17-14-22/.perf-probe.SGBm0x/record.data ]

=== stat: cycles ===
# started on Thu Sep 17 14:22:44 2026


 Performance counter stats for 'sleep 0.05':

            946633      cycles                                                      

       0.050995936 seconds time elapsed

       0.000970000 seconds user
       0.000000000 seconds sys



=== record: cycles ===
Couldn't record kernel reference relocation symbol
Symbol resolution may be skewed if relocation was used (e.g. kexec).
Check /proc/kallsyms permission or run as root.
perf_event__synthesize_bpf_events: failed to synthesize bpf images: No such file or directory
Couldn't synthesize bpf events.
[ perf record: Woken up 1 times to write data ]
[ perf record: Captured and wrote 0.002 MB /root/0460882-Project-HwiSwiCoDesign/results/raytrace/optimized/2026-09-17-14-22/.perf-probe.SGBm0x/record.data ]

=== stat: instructions ===
# started on Thu Sep 17 14:22:44 2026


 Performance counter stats for 'sleep 0.05':

            562536      instructions                                                

       0.051158818 seconds time elapsed

       0.000000000 seconds user
       0.001108000 seconds sys



=== record: instructions ===
Couldn't record kernel reference relocation symbol
Symbol resolution may be skewed if relocation was used (e.g. kexec).
Check /proc/kallsyms permission or run as root.
perf_event__synthesize_bpf_events: failed to synthesize bpf images: No such file or directory
Couldn't synthesize bpf events.
[ perf record: Woken up 1 times to write data ]
[ perf record: Captured and wrote 0.003 MB /root/0460882-Project-HwiSwiCoDesign/results/raytrace/optimized/2026-09-17-14-22/.perf-probe.SGBm0x/record.data (7 samples) ]

=== stat: branch-instructions ===
# started on Thu Sep 17 14:22:44 2026


 Performance counter stats for 'sleep 0.05':

            116082      branch-instructions                                         

       0.051113425 seconds time elapsed

       0.001080000 seconds user
       0.000000000 seconds sys



=== record: branch-instructions ===
Couldn't record kernel reference relocation symbol
Symbol resolution may be skewed if relocation was used (e.g. kexec).
Check /proc/kallsyms permission or run as root.
perf_event__synthesize_bpf_events: failed to synthesize bpf images: No such file or directory
Couldn't synthesize bpf events.
[ perf record: Woken up 1 times to write data ]
[ perf record: Captured and wrote 0.002 MB /root/0460882-Project-HwiSwiCoDesign/results/raytrace/optimized/2026-09-17-14-22/.perf-probe.SGBm0x/record.data ]

=== stat: branch-misses ===
# started on Thu Sep 17 14:22:44 2026


 Performance counter stats for 'sleep 0.05':

              4907      branch-misses                                               

       0.051100003 seconds time elapsed

       0.001044000 seconds user
       0.000000000 seconds sys



=== record: branch-misses ===
Couldn't record kernel reference relocation symbol
Symbol resolution may be skewed if relocation was used (e.g. kexec).
Check /proc/kallsyms permission or run as root.
perf_event__synthesize_bpf_events: failed to synthesize bpf images: No such file or directory
Couldn't synthesize bpf events.
[ perf record: Woken up 1 times to write data ]
[ perf record: Captured and wrote 0.002 MB /root/0460882-Project-HwiSwiCoDesign/results/raytrace/optimized/2026-09-17-14-22/.perf-probe.SGBm0x/record.data ]

=== stat: bus-cycles ===
# started on Thu Sep 17 14:22:44 2026


 Performance counter stats for 'sleep 0.05':

             43621      bus-cycles                                                  

       0.051079950 seconds time elapsed

       0.001040000 seconds user
       0.000000000 seconds sys



=== record: bus-cycles ===
Couldn't record kernel reference relocation symbol
Symbol resolution may be skewed if relocation was used (e.g. kexec).
Check /proc/kallsyms permission or run as root.
perf_event__synthesize_bpf_events: failed to synthesize bpf images: No such file or directory
Couldn't synthesize bpf events.
[ perf record: Woken up 1 times to write data ]
[ perf record: Captured and wrote 0.002 MB /root/0460882-Project-HwiSwiCoDesign/results/raytrace/optimized/2026-09-17-14-22/.perf-probe.SGBm0x/record.data ]

=== stat: cache-references ===
# started on Thu Sep 17 14:22:44 2026


 Performance counter stats for 'sleep 0.05':

             19879      cache-references                                            

       0.057314814 seconds time elapsed

       0.000000000 seconds user
       0.007182000 seconds sys



=== record: cache-references ===
Couldn't record kernel reference relocation symbol
Symbol resolution may be skewed if relocation was used (e.g. kexec).
Check /proc/kallsyms permission or run as root.
perf_event__synthesize_bpf_events: failed to synthesize bpf images: No such file or directory
Couldn't synthesize bpf events.
[ perf record: Woken up 1 times to write data ]
[ perf record: Captured and wrote 0.002 MB /root/0460882-Project-HwiSwiCoDesign/results/raytrace/optimized/2026-09-17-14-22/.perf-probe.SGBm0x/record.data ]

=== stat: cache-misses ===
# started on Thu Sep 17 14:22:45 2026


 Performance counter stats for 'sleep 0.05':

               322      cache-misses                                                

       0.051111058 seconds time elapsed

       0.001053000 seconds user
       0.000000000 seconds sys



=== record: cache-misses ===
Couldn't record kernel reference relocation symbol
Symbol resolution may be skewed if relocation was used (e.g. kexec).
Check /proc/kallsyms permission or run as root.
perf_event__synthesize_bpf_events: failed to synthesize bpf images: No such file or directory
Couldn't synthesize bpf events.
[ perf record: Woken up 1 times to write data ]
[ perf record: Captured and wrote 0.002 MB /root/0460882-Project-HwiSwiCoDesign/results/raytrace/optimized/2026-09-17-14-22/.perf-probe.SGBm0x/record.data ]

=== stat: ref-cycles ===
# started on Thu Sep 17 14:22:45 2026


 Performance counter stats for 'sleep 0.05':

           1026288      ref-cycles                                                  

       0.051074925 seconds time elapsed

       0.001082000 seconds user
       0.000000000 seconds sys



=== record: ref-cycles ===
Couldn't record kernel reference relocation symbol
Symbol resolution may be skewed if relocation was used (e.g. kexec).
Check /proc/kallsyms permission or run as root.
perf_event__synthesize_bpf_events: failed to synthesize bpf images: No such file or directory
Couldn't synthesize bpf events.
[ perf record: Woken up 1 times to write data ]
[ perf record: Captured and wrote 0.002 MB /root/0460882-Project-HwiSwiCoDesign/results/raytrace/optimized/2026-09-17-14-22/.perf-probe.SGBm0x/record.data ]

=== stat: stalled-cycles-frontend ===
# started on Thu Sep 17 14:22:45 2026


 Performance counter stats for 'sleep 0.05':

   <not supported>      stalled-cycles-frontend                                     

       0.050993662 seconds time elapsed

       0.000957000 seconds user
       0.000000000 seconds sys



=== record: stalled-cycles-frontend ===
Error:
The stalled-cycles-frontend event is not supported.

=== stat: stalled-cycles-backend ===
# started on Thu Sep 17 14:22:45 2026


 Performance counter stats for 'sleep 0.05':

   <not supported>      stalled-cycles-backend                                      

       0.050898733 seconds time elapsed

       0.000000000 seconds user
       0.000858000 seconds sys



=== record: stalled-cycles-backend ===
Error:
The stalled-cycles-backend event is not supported.

=== stat: page-faults ===
# started on Thu Sep 17 14:22:45 2026


 Performance counter stats for 'sleep 0.05':

                60      page-faults                                                 

       0.051013551 seconds time elapsed

       0.000000000 seconds user
       0.000948000 seconds sys



=== record: page-faults ===
Couldn't record kernel reference relocation symbol
Symbol resolution may be skewed if relocation was used (e.g. kexec).
Check /proc/kallsyms permission or run as root.
perf_event__synthesize_bpf_events: failed to synthesize bpf images: No such file or directory
Couldn't synthesize bpf events.
[ perf record: Woken up 1 times to write data ]
[ perf record: Captured and wrote 0.003 MB /root/0460882-Project-HwiSwiCoDesign/results/raytrace/optimized/2026-09-17-14-22/.perf-probe.SGBm0x/record.data (5 samples) ]

=== stat: minor-faults ===
# started on Thu Sep 17 14:22:45 2026


 Performance counter stats for 'sleep 0.05':

                61      minor-faults                                                

       0.050979000 seconds time elapsed

       0.000000000 seconds user
       0.000939000 seconds sys



=== record: minor-faults ===
Couldn't record kernel reference relocation symbol
Symbol resolution may be skewed if relocation was used (e.g. kexec).
Check /proc/kallsyms permission or run as root.
perf_event__synthesize_bpf_events: failed to synthesize bpf images: No such file or directory
Couldn't synthesize bpf events.
[ perf record: Woken up 1 times to write data ]
[ perf record: Captured and wrote 0.003 MB /root/0460882-Project-HwiSwiCoDesign/results/raytrace/optimized/2026-09-17-14-22/.perf-probe.SGBm0x/record.data (5 samples) ]

=== stat: major-faults ===
# started on Thu Sep 17 14:22:46 2026


 Performance counter stats for 'sleep 0.05':

                 0      major-faults                                                

       0.051008338 seconds time elapsed

       0.000923000 seconds user
       0.000000000 seconds sys



=== record: major-faults ===
Couldn't record kernel reference relocation symbol
Symbol resolution may be skewed if relocation was used (e.g. kexec).
Check /proc/kallsyms permission or run as root.
perf_event__synthesize_bpf_events: failed to synthesize bpf images: No such file or directory
Couldn't synthesize bpf events.
[ perf record: Woken up 1 times to write data ]
[ perf record: Captured and wrote 0.002 MB /root/0460882-Project-HwiSwiCoDesign/results/raytrace/optimized/2026-09-17-14-22/.perf-probe.SGBm0x/record.data ]

=== stat: context-switches ===
# started on Thu Sep 17 14:22:46 2026


 Performance counter stats for 'sleep 0.05':

                 1      context-switches                                            

       0.050980318 seconds time elapsed

       0.000936000 seconds user
       0.000000000 seconds sys



=== record: context-switches ===
Couldn't record kernel reference relocation symbol
Symbol resolution may be skewed if relocation was used (e.g. kexec).
Check /proc/kallsyms permission or run as root.
perf_event__synthesize_bpf_events: failed to synthesize bpf images: No such file or directory
Couldn't synthesize bpf events.
[ perf record: Woken up 1 times to write data ]
[ perf record: Captured and wrote 0.002 MB /root/0460882-Project-HwiSwiCoDesign/results/raytrace/optimized/2026-09-17-14-22/.perf-probe.SGBm0x/record.data (1 samples) ]

=== stat: cpu-migrations ===
# started on Thu Sep 17 14:22:46 2026


 Performance counter stats for 'sleep 0.05':

                 0      cpu-migrations                                              

       0.051016392 seconds time elapsed

       0.000920000 seconds user
       0.000000000 seconds sys



=== record: cpu-migrations ===
Couldn't record kernel reference relocation symbol
Symbol resolution may be skewed if relocation was used (e.g. kexec).
Check /proc/kallsyms permission or run as root.
perf_event__synthesize_bpf_events: failed to synthesize bpf images: No such file or directory
Couldn't synthesize bpf events.
[ perf record: Woken up 1 times to write data ]
[ perf record: Captured and wrote 0.002 MB /root/0460882-Project-HwiSwiCoDesign/results/raytrace/optimized/2026-09-17-14-22/.perf-probe.SGBm0x/record.data ]

=== stat: alignment-faults ===
# started on Thu Sep 17 14:22:46 2026


 Performance counter stats for 'sleep 0.05':

                 0      alignment-faults                                            

       0.050937983 seconds time elapsed

       0.000905000 seconds user
       0.000000000 seconds sys



=== record: alignment-faults ===
Couldn't record kernel reference relocation symbol
Symbol resolution may be skewed if relocation was used (e.g. kexec).
Check /proc/kallsyms permission or run as root.
perf_event__synthesize_bpf_events: failed to synthesize bpf images: No such file or directory
Couldn't synthesize bpf events.
[ perf record: Woken up 1 times to write data ]
[ perf record: Captured and wrote 0.002 MB /root/0460882-Project-HwiSwiCoDesign/results/raytrace/optimized/2026-09-17-14-22/.perf-probe.SGBm0x/record.data ]

=== stat: emulation-faults ===
# started on Thu Sep 17 14:22:46 2026


 Performance counter stats for 'sleep 0.05':

                 0      emulation-faults                                            

       0.050988358 seconds time elapsed

       0.000928000 seconds user
       0.000000000 seconds sys



=== record: emulation-faults ===
Couldn't record kernel reference relocation symbol
Symbol resolution may be skewed if relocation was used (e.g. kexec).
Check /proc/kallsyms permission or run as root.
perf_event__synthesize_bpf_events: failed to synthesize bpf images: No such file or directory
Couldn't synthesize bpf events.
[ perf record: Woken up 1 times to write data ]
[ perf record: Captured and wrote 0.002 MB /root/0460882-Project-HwiSwiCoDesign/results/raytrace/optimized/2026-09-17-14-22/.perf-probe.SGBm0x/record.data ]

=== stat: cgroup-switches ===
# started on Thu Sep 17 14:22:46 2026


 Performance counter stats for 'sleep 0.05':

                 1      cgroup-switches                                             

       0.050974825 seconds time elapsed

       0.000925000 seconds user
       0.000000000 seconds sys



=== record: cgroup-switches ===
Couldn't record kernel reference relocation symbol
Symbol resolution may be skewed if relocation was used (e.g. kexec).
Check /proc/kallsyms permission or run as root.
perf_event__synthesize_bpf_events: failed to synthesize bpf images: No such file or directory
Couldn't synthesize bpf events.
[ perf record: Woken up 1 times to write data ]
[ perf record: Captured and wrote 0.002 MB /root/0460882-Project-HwiSwiCoDesign/results/raytrace/optimized/2026-09-17-14-22/.perf-probe.SGBm0x/record.data (1 samples) ]

=== stat: L1-dcache-loads ===
# started on Thu Sep 17 14:22:47 2026


 Performance counter stats for 'sleep 0.05':

            153488      L1-dcache-loads                                             

       0.051000049 seconds time elapsed

       0.000975000 seconds user
       0.000000000 seconds sys



=== record: L1-dcache-loads ===
Couldn't record kernel reference relocation symbol
Symbol resolution may be skewed if relocation was used (e.g. kexec).
Check /proc/kallsyms permission or run as root.
perf_event__synthesize_bpf_events: failed to synthesize bpf images: No such file or directory
Couldn't synthesize bpf events.
[ perf record: Woken up 1 times to write data ]
[ perf record: Captured and wrote 0.002 MB /root/0460882-Project-HwiSwiCoDesign/results/raytrace/optimized/2026-09-17-14-22/.perf-probe.SGBm0x/record.data ]

=== stat: L1-dcache-load-misses ===
# started on Thu Sep 17 14:22:47 2026


 Performance counter stats for 'sleep 0.05':

             16025      L1-dcache-load-misses                                       

       0.056555871 seconds time elapsed

       0.000000000 seconds user
       0.006454000 seconds sys



=== record: L1-dcache-load-misses ===
Couldn't record kernel reference relocation symbol
Symbol resolution may be skewed if relocation was used (e.g. kexec).
Check /proc/kallsyms permission or run as root.
perf_event__synthesize_bpf_events: failed to synthesize bpf images: No such file or directory
Couldn't synthesize bpf events.
[ perf record: Woken up 1 times to write data ]
[ perf record: Captured and wrote 0.002 MB /root/0460882-Project-HwiSwiCoDesign/results/raytrace/optimized/2026-09-17-14-22/.perf-probe.SGBm0x/record.data ]

=== stat: L1-dcache-stores ===
# started on Thu Sep 17 14:22:47 2026


 Performance counter stats for 'sleep 0.05':

             93629      L1-dcache-stores                                            

       0.051112298 seconds time elapsed

       0.001051000 seconds user
       0.000000000 seconds sys



=== record: L1-dcache-stores ===
Couldn't record kernel reference relocation symbol
Symbol resolution may be skewed if relocation was used (e.g. kexec).
Check /proc/kallsyms permission or run as root.
perf_event__synthesize_bpf_events: failed to synthesize bpf images: No such file or directory
Couldn't synthesize bpf events.
[ perf record: Woken up 1 times to write data ]
[ perf record: Captured and wrote 0.002 MB /root/0460882-Project-HwiSwiCoDesign/results/raytrace/optimized/2026-09-17-14-22/.perf-probe.SGBm0x/record.data ]

=== stat: L1-dcache-store-misses ===
# started on Thu Sep 17 14:22:47 2026


 Performance counter stats for 'sleep 0.05':

   <not supported>      L1-dcache-store-misses                                      

       0.050984493 seconds time elapsed

       0.000928000 seconds user
       0.000000000 seconds sys



=== record: L1-dcache-store-misses ===
Error:
The L1-dcache-store-misses event is not supported.

=== stat: L1-dcache-prefetches ===
# started on Thu Sep 17 14:22:47 2026


 Performance counter stats for 'sleep 0.05':

   <not supported>      L1-dcache-prefetches                                        

       0.050951716 seconds time elapsed

       0.000881000 seconds user
       0.000000000 seconds sys



=== record: L1-dcache-prefetches ===
Error:
The L1-dcache-prefetches event is not supported.

=== stat: L1-dcache-prefetch-misses ===
# started on Thu Sep 17 14:22:47 2026


 Performance counter stats for 'sleep 0.05':

   <not supported>      L1-dcache-prefetch-misses                                   

       0.050907086 seconds time elapsed

       0.000872000 seconds user
       0.000000000 seconds sys



=== record: L1-dcache-prefetch-misses ===
Error:
The L1-dcache-prefetch-misses event is not supported.

=== stat: L1-icache-loads ===
# started on Thu Sep 17 14:22:47 2026


 Performance counter stats for 'sleep 0.05':

   <not supported>      L1-icache-loads                                             

       0.050884960 seconds time elapsed

       0.000858000 seconds user
       0.000000000 seconds sys



=== record: L1-icache-loads ===
Error:
The L1-icache-loads event is not supported.

=== stat: L1-icache-load-misses ===
# started on Thu Sep 17 14:22:47 2026


 Performance counter stats for 'sleep 0.05':

              8790      L1-icache-load-misses                                       

       0.050976568 seconds time elapsed

       0.000948000 seconds user
       0.000000000 seconds sys



=== record: L1-icache-load-misses ===
Couldn't record kernel reference relocation symbol
Symbol resolution may be skewed if relocation was used (e.g. kexec).
Check /proc/kallsyms permission or run as root.
perf_event__synthesize_bpf_events: failed to synthesize bpf images: No such file or directory
Couldn't synthesize bpf events.
[ perf record: Woken up 1 times to write data ]
[ perf record: Captured and wrote 0.002 MB /root/0460882-Project-HwiSwiCoDesign/results/raytrace/optimized/2026-09-17-14-22/.perf-probe.SGBm0x/record.data ]

=== stat: LLC-loads ===
# started on Thu Sep 17 14:22:48 2026


 Performance counter stats for 'sleep 0.05':

   <not supported>      LLC-loads                                                   

       0.050932989 seconds time elapsed

       0.000902000 seconds user
       0.000000000 seconds sys



=== record: LLC-loads ===
Error:
The sys_perf_event_open() syscall returned with 6 (No such device or address) for event (LLC-loads).
/bin/dmesg | grep -i perf may provide additional information.


=== stat: LLC-load-misses ===
# started on Thu Sep 17 14:22:48 2026


 Performance counter stats for 'sleep 0.05':

   <not supported>      LLC-load-misses                                             

       0.050967138 seconds time elapsed

       0.000910000 seconds user
       0.000000000 seconds sys



=== record: LLC-load-misses ===
Error:
The sys_perf_event_open() syscall returned with 6 (No such device or address) for event (LLC-load-misses).
/bin/dmesg | grep -i perf may provide additional information.


=== stat: LLC-stores ===
# started on Thu Sep 17 14:22:48 2026


 Performance counter stats for 'sleep 0.05':

   <not supported>      LLC-stores                                                  

       0.050888889 seconds time elapsed

       0.000846000 seconds user
       0.000000000 seconds sys



=== record: LLC-stores ===
Error:
The sys_perf_event_open() syscall returned with 6 (No such device or address) for event (LLC-stores).
/bin/dmesg | grep -i perf may provide additional information.


=== stat: LLC-store-misses ===
# started on Thu Sep 17 14:22:48 2026


 Performance counter stats for 'sleep 0.05':

   <not supported>      LLC-store-misses                                            

       0.050862397 seconds time elapsed

       0.000820000 seconds user
       0.000000000 seconds sys



=== record: LLC-store-misses ===
Error:
The sys_perf_event_open() syscall returned with 6 (No such device or address) for event (LLC-store-misses).
/bin/dmesg | grep -i perf may provide additional information.


=== stat: LLC-prefetches ===
# started on Thu Sep 17 14:22:48 2026


 Performance counter stats for 'sleep 0.05':

   <not supported>      LLC-prefetches                                              

       0.050931361 seconds time elapsed

       0.000893000 seconds user
       0.000000000 seconds sys



=== record: LLC-prefetches ===
Error:
The LLC-prefetches event is not supported.

=== stat: LLC-prefetch-misses ===
# started on Thu Sep 17 14:22:48 2026


 Performance counter stats for 'sleep 0.05':

   <not supported>      LLC-prefetch-misses                                         

       0.050921639 seconds time elapsed

       0.000888000 seconds user
       0.000000000 seconds sys



=== record: LLC-prefetch-misses ===
Error:
The LLC-prefetch-misses event is not supported.

=== stat: dTLB-loads ===
# started on Thu Sep 17 14:22:48 2026


 Performance counter stats for 'sleep 0.05':

            159526      dTLB-loads                                                  

       0.050934867 seconds time elapsed

       0.000893000 seconds user
       0.000000000 seconds sys



=== record: dTLB-loads ===
Couldn't record kernel reference relocation symbol
Symbol resolution may be skewed if relocation was used (e.g. kexec).
Check /proc/kallsyms permission or run as root.
perf_event__synthesize_bpf_events: failed to synthesize bpf images: No such file or directory
Couldn't synthesize bpf events.
[ perf record: Woken up 1 times to write data ]
[ perf record: Captured and wrote 0.002 MB /root/0460882-Project-HwiSwiCoDesign/results/raytrace/optimized/2026-09-17-14-22/.perf-probe.SGBm0x/record.data ]

=== stat: dTLB-load-misses ===
# started on Thu Sep 17 14:22:48 2026


 Performance counter stats for 'sleep 0.05':

             16258      dTLB-load-misses                                            

       0.111587743 seconds time elapsed

       0.002489000 seconds user
       0.017429000 seconds sys



=== record: dTLB-load-misses ===
Couldn't record kernel reference relocation symbol
Symbol resolution may be skewed if relocation was used (e.g. kexec).
Check /proc/kallsyms permission or run as root.
perf_event__synthesize_bpf_events: failed to synthesize bpf images: No such file or directory
Couldn't synthesize bpf events.
[ perf record: Woken up 1 times to write data ]
[ perf record: Captured and wrote 0.002 MB /root/0460882-Project-HwiSwiCoDesign/results/raytrace/optimized/2026-09-17-14-22/.perf-probe.SGBm0x/record.data ]

=== stat: dTLB-stores ===
# started on Thu Sep 17 14:22:49 2026


 Performance counter stats for 'sleep 0.05':

             93906      dTLB-stores                                                 

       0.050960971 seconds time elapsed

       0.000934000 seconds user
       0.000000000 seconds sys



=== record: dTLB-stores ===
Couldn't record kernel reference relocation symbol
Symbol resolution may be skewed if relocation was used (e.g. kexec).
Check /proc/kallsyms permission or run as root.
perf_event__synthesize_bpf_events: failed to synthesize bpf images: No such file or directory
Couldn't synthesize bpf events.
[ perf record: Woken up 1 times to write data ]
[ perf record: Captured and wrote 0.002 MB /root/0460882-Project-HwiSwiCoDesign/results/raytrace/optimized/2026-09-17-14-22/.perf-probe.SGBm0x/record.data ]

=== stat: dTLB-store-misses ===
# started on Thu Sep 17 14:22:49 2026


 Performance counter stats for 'sleep 0.05':

               529      dTLB-store-misses                                           

       0.050937542 seconds time elapsed

       0.000897000 seconds user
       0.000000000 seconds sys



=== record: dTLB-store-misses ===
Couldn't record kernel reference relocation symbol
Symbol resolution may be skewed if relocation was used (e.g. kexec).
Check /proc/kallsyms permission or run as root.
perf_event__synthesize_bpf_events: failed to synthesize bpf images: No such file or directory
Couldn't synthesize bpf events.
[ perf record: Woken up 1 times to write data ]
[ perf record: Captured and wrote 0.002 MB /root/0460882-Project-HwiSwiCoDesign/results/raytrace/optimized/2026-09-17-14-22/.perf-probe.SGBm0x/record.data ]

=== stat: iTLB-loads ===
# started on Thu Sep 17 14:22:49 2026


 Performance counter stats for 'sleep 0.05':

               780      iTLB-loads                                                  

       0.051613396 seconds time elapsed

       0.001201000 seconds user
       0.000000000 seconds sys



=== record: iTLB-loads ===
Couldn't record kernel reference relocation symbol
Symbol resolution may be skewed if relocation was used (e.g. kexec).
Check /proc/kallsyms permission or run as root.
perf_event__synthesize_bpf_events: failed to synthesize bpf images: No such file or directory
Couldn't synthesize bpf events.
[ perf record: Woken up 1 times to write data ]
[ perf record: Captured and wrote 0.002 MB /root/0460882-Project-HwiSwiCoDesign/results/raytrace/optimized/2026-09-17-14-22/.perf-probe.SGBm0x/record.data ]

=== stat: iTLB-load-misses ===
# started on Thu Sep 17 14:22:49 2026


 Performance counter stats for 'sleep 0.05':

              3842      iTLB-load-misses                                            

       0.050948058 seconds time elapsed

       0.000902000 seconds user
       0.000000000 seconds sys



=== record: iTLB-load-misses ===
Couldn't record kernel reference relocation symbol
Symbol resolution may be skewed if relocation was used (e.g. kexec).
Check /proc/kallsyms permission or run as root.
perf_event__synthesize_bpf_events: failed to synthesize bpf images: No such file or directory
Couldn't synthesize bpf events.
[ perf record: Woken up 1 times to write data ]
[ perf record: Captured and wrote 0.002 MB /root/0460882-Project-HwiSwiCoDesign/results/raytrace/optimized/2026-09-17-14-22/.perf-probe.SGBm0x/record.data ]

=== stat: branch-loads ===
# started on Thu Sep 17 14:22:49 2026


 Performance counter stats for 'sleep 0.05':

            120057      branch-loads                                                

       0.051094997 seconds time elapsed

       0.000000000 seconds user
       0.001042000 seconds sys



=== record: branch-loads ===
Couldn't record kernel reference relocation symbol
Symbol resolution may be skewed if relocation was used (e.g. kexec).
Check /proc/kallsyms permission or run as root.
perf_event__synthesize_bpf_events: failed to synthesize bpf images: No such file or directory
Couldn't synthesize bpf events.
[ perf record: Woken up 1 times to write data ]
[ perf record: Captured and wrote 0.002 MB /root/0460882-Project-HwiSwiCoDesign/results/raytrace/optimized/2026-09-17-14-22/.perf-probe.SGBm0x/record.data ]

=== stat: branch-load-misses ===
# started on Thu Sep 17 14:22:49 2026


 Performance counter stats for 'sleep 0.05':

              5179      branch-load-misses                                          

       0.051173017 seconds time elapsed

       0.000000000 seconds user
       0.001098000 seconds sys



=== record: branch-load-misses ===
Couldn't record kernel reference relocation symbol
Symbol resolution may be skewed if relocation was used (e.g. kexec).
Check /proc/kallsyms permission or run as root.
perf_event__synthesize_bpf_events: failed to synthesize bpf images: No such file or directory
Couldn't synthesize bpf events.
[ perf record: Woken up 1 times to write data ]
[ perf record: Captured and wrote 0.002 MB /root/0460882-Project-HwiSwiCoDesign/results/raytrace/optimized/2026-09-17-14-22/.perf-probe.SGBm0x/record.data ]

=== stat: node-loads ===
# started on Thu Sep 17 14:22:50 2026


 Performance counter stats for 'sleep 0.05':

   <not supported>      node-loads                                                  

       0.051035104 seconds time elapsed

       0.000000000 seconds user
       0.000976000 seconds sys



=== record: node-loads ===
Error:
The sys_perf_event_open() syscall returned with 6 (No such device or address) for event (node-loads).
/bin/dmesg | grep -i perf may provide additional information.


=== stat: node-load-misses ===
# started on Thu Sep 17 14:22:50 2026


 Performance counter stats for 'sleep 0.05':

   <not supported>      node-load-misses                                            

       0.050943211 seconds time elapsed

       0.000893000 seconds user
       0.000000000 seconds sys



=== record: node-load-misses ===
Error:
The sys_perf_event_open() syscall returned with 6 (No such device or address) for event (node-load-misses).
/bin/dmesg | grep -i perf may provide additional information.


=== stat: node-stores ===
# started on Thu Sep 17 14:22:50 2026


 Performance counter stats for 'sleep 0.05':

   <not supported>      node-stores                                                 

       0.050894421 seconds time elapsed

       0.000000000 seconds user
       0.000844000 seconds sys



=== record: node-stores ===
Error:
The sys_perf_event_open() syscall returned with 6 (No such device or address) for event (node-stores).
/bin/dmesg | grep -i perf may provide additional information.


=== stat: node-store-misses ===
# started on Thu Sep 17 14:22:50 2026


 Performance counter stats for 'sleep 0.05':

   <not supported>      node-store-misses                                           

       0.050909019 seconds time elapsed

       0.000000000 seconds user
       0.000877000 seconds sys



=== record: node-store-misses ===
Error:
The sys_perf_event_open() syscall returned with 6 (No such device or address) for event (node-store-misses).
/bin/dmesg | grep -i perf may provide additional information.


=== stat: duration_time ===
# started on Thu Sep 17 14:22:50 2026


 Performance counter stats for 'system wide':

          50914851 ns   duration_time                                               

       0.050914851 seconds time elapsed


=== stat: user_time ===
event syntax error: 'user_time'
                     \___ parser error
Run 'perf list' for a list of valid events

 Usage: perf stat [<options>] [<command>]

    -e, --event <event>   event selector. use 'perf list' to list available events

=== stat: system_time ===
event syntax error: 'system_time'
                     \___ parser error
Run 'perf list' for a list of valid events

 Usage: perf stat [<options>] [<command>]

    -e, --event <event>   event selector. use 'perf list' to list available events

=== stat: dummy ===
# started on Thu Sep 17 14:22:50 2026


 Performance counter stats for 'sleep 0.05':

                 0      dummy                                                       

       0.050904595 seconds time elapsed

       0.000857000 seconds user
       0.000000000 seconds sys



=== stat: bpf-output ===
# started on Thu Sep 17 14:22:50 2026


 Performance counter stats for 'sleep 0.05':

                 0      bpf-output                                                  

       0.050879411 seconds time elapsed

       0.000843000 seconds user
       0.000000000 seconds sys


