
=== stat: cpu-clock ===
# started on Thu Sep 17 13:32:40 2026


 Performance counter stats for 'sleep 0.05':

              0.44 msec cpu-clock                 #    0.009 CPUs utilized          

       0.050943203 seconds time elapsed

       0.000902000 seconds user
       0.000000000 seconds sys



=== record: cpu-clock ===
Couldn't record kernel reference relocation symbol
Symbol resolution may be skewed if relocation was used (e.g. kexec).
Check /proc/kallsyms permission or run as root.
perf_event__synthesize_bpf_events: failed to synthesize bpf images: No such file or directory
Couldn't synthesize bpf events.
[ perf record: Woken up 1 times to write data ]
[ perf record: Captured and wrote 0.002 MB /root/0460882-Project-HwiSwiCoDesign/results/raytrace/optimized/2026-09-17-13-32/.perf-probe.5hTTBf/record.data ]

=== stat: task-clock ===
# started on Thu Sep 17 13:32:40 2026


 Performance counter stats for 'sleep 0.05':

              0.44 msec task-clock                #    0.009 CPUs utilized          

       0.050897121 seconds time elapsed

       0.000866000 seconds user
       0.000000000 seconds sys



=== record: task-clock ===
Couldn't record kernel reference relocation symbol
Symbol resolution may be skewed if relocation was used (e.g. kexec).
Check /proc/kallsyms permission or run as root.
perf_event__synthesize_bpf_events: failed to synthesize bpf images: No such file or directory
Couldn't synthesize bpf events.
[ perf record: Woken up 1 times to write data ]
[ perf record: Captured and wrote 0.002 MB /root/0460882-Project-HwiSwiCoDesign/results/raytrace/optimized/2026-09-17-13-32/.perf-probe.5hTTBf/record.data ]

=== stat: cycles ===
# started on Thu Sep 17 13:32:40 2026


 Performance counter stats for 'sleep 0.05':

            952577      cycles                                                      

       0.051100235 seconds time elapsed

       0.001060000 seconds user
       0.000000000 seconds sys



=== record: cycles ===
Couldn't record kernel reference relocation symbol
Symbol resolution may be skewed if relocation was used (e.g. kexec).
Check /proc/kallsyms permission or run as root.
perf_event__synthesize_bpf_events: failed to synthesize bpf images: No such file or directory
Couldn't synthesize bpf events.
[ perf record: Woken up 1 times to write data ]
[ perf record: Captured and wrote 0.002 MB /root/0460882-Project-HwiSwiCoDesign/results/raytrace/optimized/2026-09-17-13-32/.perf-probe.5hTTBf/record.data ]

=== stat: instructions ===
# started on Thu Sep 17 13:32:40 2026


 Performance counter stats for 'sleep 0.05':

            550307      instructions                                                

       0.051187640 seconds time elapsed

       0.001151000 seconds user
       0.000000000 seconds sys



=== record: instructions ===
Couldn't record kernel reference relocation symbol
Symbol resolution may be skewed if relocation was used (e.g. kexec).
Check /proc/kallsyms permission or run as root.
perf_event__synthesize_bpf_events: failed to synthesize bpf images: No such file or directory
Couldn't synthesize bpf events.
[ perf record: Woken up 1 times to write data ]
[ perf record: Captured and wrote 0.003 MB /root/0460882-Project-HwiSwiCoDesign/results/raytrace/optimized/2026-09-17-13-32/.perf-probe.5hTTBf/record.data (7 samples) ]

=== stat: branch-instructions ===
# started on Thu Sep 17 13:32:40 2026


 Performance counter stats for 'sleep 0.05':

            114644      branch-instructions                                         

       0.051123919 seconds time elapsed

       0.001080000 seconds user
       0.000000000 seconds sys



=== record: branch-instructions ===
Couldn't record kernel reference relocation symbol
Symbol resolution may be skewed if relocation was used (e.g. kexec).
Check /proc/kallsyms permission or run as root.
perf_event__synthesize_bpf_events: failed to synthesize bpf images: No such file or directory
Couldn't synthesize bpf events.
[ perf record: Woken up 1 times to write data ]
[ perf record: Captured and wrote 0.002 MB /root/0460882-Project-HwiSwiCoDesign/results/raytrace/optimized/2026-09-17-13-32/.perf-probe.5hTTBf/record.data ]

=== stat: branch-misses ===
# started on Thu Sep 17 13:32:40 2026


 Performance counter stats for 'sleep 0.05':

              4973      branch-misses                                               

       0.051018863 seconds time elapsed

       0.000973000 seconds user
       0.000000000 seconds sys



=== record: branch-misses ===
Couldn't record kernel reference relocation symbol
Symbol resolution may be skewed if relocation was used (e.g. kexec).
Check /proc/kallsyms permission or run as root.
perf_event__synthesize_bpf_events: failed to synthesize bpf images: No such file or directory
Couldn't synthesize bpf events.
[ perf record: Woken up 1 times to write data ]
[ perf record: Captured and wrote 0.002 MB /root/0460882-Project-HwiSwiCoDesign/results/raytrace/optimized/2026-09-17-13-32/.perf-probe.5hTTBf/record.data ]

=== stat: bus-cycles ===
# started on Thu Sep 17 13:32:41 2026


 Performance counter stats for 'sleep 0.05':

             41910      bus-cycles                                                  

       0.051115266 seconds time elapsed

       0.000000000 seconds user
       0.001071000 seconds sys



=== record: bus-cycles ===
Couldn't record kernel reference relocation symbol
Symbol resolution may be skewed if relocation was used (e.g. kexec).
Check /proc/kallsyms permission or run as root.
perf_event__synthesize_bpf_events: failed to synthesize bpf images: No such file or directory
Couldn't synthesize bpf events.
[ perf record: Woken up 1 times to write data ]
[ perf record: Captured and wrote 0.002 MB /root/0460882-Project-HwiSwiCoDesign/results/raytrace/optimized/2026-09-17-13-32/.perf-probe.5hTTBf/record.data ]

=== stat: cache-references ===
# started on Thu Sep 17 13:32:41 2026


 Performance counter stats for 'sleep 0.05':

             19739      cache-references                                            

       0.056796416 seconds time elapsed

       0.000000000 seconds user
       0.006684000 seconds sys



=== record: cache-references ===
Couldn't record kernel reference relocation symbol
Symbol resolution may be skewed if relocation was used (e.g. kexec).
Check /proc/kallsyms permission or run as root.
perf_event__synthesize_bpf_events: failed to synthesize bpf images: No such file or directory
Couldn't synthesize bpf events.
[ perf record: Woken up 1 times to write data ]
[ perf record: Captured and wrote 0.002 MB /root/0460882-Project-HwiSwiCoDesign/results/raytrace/optimized/2026-09-17-13-32/.perf-probe.5hTTBf/record.data ]

=== stat: cache-misses ===
# started on Thu Sep 17 13:32:41 2026


 Performance counter stats for 'sleep 0.05':

               155      cache-misses                                                

       0.051138982 seconds time elapsed

       0.000000000 seconds user
       0.001082000 seconds sys



=== record: cache-misses ===
Couldn't record kernel reference relocation symbol
Symbol resolution may be skewed if relocation was used (e.g. kexec).
Check /proc/kallsyms permission or run as root.
perf_event__synthesize_bpf_events: failed to synthesize bpf images: No such file or directory
Couldn't synthesize bpf events.
[ perf record: Woken up 1 times to write data ]
[ perf record: Captured and wrote 0.002 MB /root/0460882-Project-HwiSwiCoDesign/results/raytrace/optimized/2026-09-17-13-32/.perf-probe.5hTTBf/record.data ]

=== stat: ref-cycles ===
# started on Thu Sep 17 13:32:41 2026


 Performance counter stats for 'sleep 0.05':

           1043736      ref-cycles                                                  

       0.051166976 seconds time elapsed

       0.000000000 seconds user
       0.001099000 seconds sys



=== record: ref-cycles ===
Couldn't record kernel reference relocation symbol
Symbol resolution may be skewed if relocation was used (e.g. kexec).
Check /proc/kallsyms permission or run as root.
perf_event__synthesize_bpf_events: failed to synthesize bpf images: No such file or directory
Couldn't synthesize bpf events.
[ perf record: Woken up 1 times to write data ]
[ perf record: Captured and wrote 0.002 MB /root/0460882-Project-HwiSwiCoDesign/results/raytrace/optimized/2026-09-17-13-32/.perf-probe.5hTTBf/record.data ]

=== stat: stalled-cycles-frontend ===
# started on Thu Sep 17 13:32:41 2026


 Performance counter stats for 'sleep 0.05':

   <not supported>      stalled-cycles-frontend                                     

       0.050977408 seconds time elapsed

       0.000931000 seconds user
       0.000000000 seconds sys



=== record: stalled-cycles-frontend ===
Error:
The stalled-cycles-frontend event is not supported.

=== stat: stalled-cycles-backend ===
# started on Thu Sep 17 13:32:41 2026


 Performance counter stats for 'sleep 0.05':

   <not supported>      stalled-cycles-backend                                      

       0.050951813 seconds time elapsed

       0.000900000 seconds user
       0.000000000 seconds sys



=== record: stalled-cycles-backend ===
Error:
The stalled-cycles-backend event is not supported.

=== stat: page-faults ===
# started on Thu Sep 17 13:32:41 2026


 Performance counter stats for 'sleep 0.05':

                59      page-faults                                                 

       0.050961276 seconds time elapsed

       0.000912000 seconds user
       0.000000000 seconds sys



=== record: page-faults ===
Couldn't record kernel reference relocation symbol
Symbol resolution may be skewed if relocation was used (e.g. kexec).
Check /proc/kallsyms permission or run as root.
perf_event__synthesize_bpf_events: failed to synthesize bpf images: No such file or directory
Couldn't synthesize bpf events.
[ perf record: Woken up 1 times to write data ]
[ perf record: Captured and wrote 0.003 MB /root/0460882-Project-HwiSwiCoDesign/results/raytrace/optimized/2026-09-17-13-32/.perf-probe.5hTTBf/record.data (5 samples) ]

=== stat: minor-faults ===
# started on Thu Sep 17 13:32:42 2026


 Performance counter stats for 'sleep 0.05':

                60      minor-faults                                                

       0.050966659 seconds time elapsed

       0.000930000 seconds user
       0.000000000 seconds sys



=== record: minor-faults ===
Couldn't record kernel reference relocation symbol
Symbol resolution may be skewed if relocation was used (e.g. kexec).
Check /proc/kallsyms permission or run as root.
perf_event__synthesize_bpf_events: failed to synthesize bpf images: No such file or directory
Couldn't synthesize bpf events.
[ perf record: Woken up 1 times to write data ]
[ perf record: Captured and wrote 0.003 MB /root/0460882-Project-HwiSwiCoDesign/results/raytrace/optimized/2026-09-17-13-32/.perf-probe.5hTTBf/record.data (5 samples) ]

=== stat: major-faults ===
# started on Thu Sep 17 13:32:42 2026


 Performance counter stats for 'sleep 0.05':

                 0      major-faults                                                

       0.050928026 seconds time elapsed

       0.000905000 seconds user
       0.000000000 seconds sys



=== record: major-faults ===
Couldn't record kernel reference relocation symbol
Symbol resolution may be skewed if relocation was used (e.g. kexec).
Check /proc/kallsyms permission or run as root.
perf_event__synthesize_bpf_events: failed to synthesize bpf images: No such file or directory
Couldn't synthesize bpf events.
[ perf record: Woken up 1 times to write data ]
[ perf record: Captured and wrote 0.002 MB /root/0460882-Project-HwiSwiCoDesign/results/raytrace/optimized/2026-09-17-13-32/.perf-probe.5hTTBf/record.data ]

=== stat: context-switches ===
# started on Thu Sep 17 13:32:42 2026


 Performance counter stats for 'sleep 0.05':

                 1      context-switches                                            

       0.051013801 seconds time elapsed

       0.000000000 seconds user
       0.000963000 seconds sys



=== record: context-switches ===
Couldn't record kernel reference relocation symbol
Symbol resolution may be skewed if relocation was used (e.g. kexec).
Check /proc/kallsyms permission or run as root.
perf_event__synthesize_bpf_events: failed to synthesize bpf images: No such file or directory
Couldn't synthesize bpf events.
[ perf record: Woken up 1 times to write data ]
[ perf record: Captured and wrote 0.002 MB /root/0460882-Project-HwiSwiCoDesign/results/raytrace/optimized/2026-09-17-13-32/.perf-probe.5hTTBf/record.data (1 samples) ]

=== stat: cpu-migrations ===
# started on Thu Sep 17 13:32:42 2026


 Performance counter stats for 'sleep 0.05':

                 0      cpu-migrations                                              

       0.050932419 seconds time elapsed

       0.000898000 seconds user
       0.000000000 seconds sys



=== record: cpu-migrations ===
Couldn't record kernel reference relocation symbol
Symbol resolution may be skewed if relocation was used (e.g. kexec).
Check /proc/kallsyms permission or run as root.
perf_event__synthesize_bpf_events: failed to synthesize bpf images: No such file or directory
Couldn't synthesize bpf events.
[ perf record: Woken up 1 times to write data ]
[ perf record: Captured and wrote 0.002 MB /root/0460882-Project-HwiSwiCoDesign/results/raytrace/optimized/2026-09-17-13-32/.perf-probe.5hTTBf/record.data ]

=== stat: alignment-faults ===
# started on Thu Sep 17 13:32:42 2026


 Performance counter stats for 'sleep 0.05':

                 0      alignment-faults                                            

       0.050993958 seconds time elapsed

       0.000941000 seconds user
       0.000000000 seconds sys



=== record: alignment-faults ===
Couldn't record kernel reference relocation symbol
Symbol resolution may be skewed if relocation was used (e.g. kexec).
Check /proc/kallsyms permission or run as root.
perf_event__synthesize_bpf_events: failed to synthesize bpf images: No such file or directory
Couldn't synthesize bpf events.
[ perf record: Woken up 1 times to write data ]
[ perf record: Captured and wrote 0.002 MB /root/0460882-Project-HwiSwiCoDesign/results/raytrace/optimized/2026-09-17-13-32/.perf-probe.5hTTBf/record.data ]

=== stat: emulation-faults ===
# started on Thu Sep 17 13:32:42 2026


 Performance counter stats for 'sleep 0.05':

                 0      emulation-faults                                            

       0.050986769 seconds time elapsed

       0.000935000 seconds user
       0.000000000 seconds sys



=== record: emulation-faults ===
Couldn't record kernel reference relocation symbol
Symbol resolution may be skewed if relocation was used (e.g. kexec).
Check /proc/kallsyms permission or run as root.
perf_event__synthesize_bpf_events: failed to synthesize bpf images: No such file or directory
Couldn't synthesize bpf events.
[ perf record: Woken up 1 times to write data ]
[ perf record: Captured and wrote 0.002 MB /root/0460882-Project-HwiSwiCoDesign/results/raytrace/optimized/2026-09-17-13-32/.perf-probe.5hTTBf/record.data ]

=== stat: cgroup-switches ===
# started on Thu Sep 17 13:32:43 2026


 Performance counter stats for 'sleep 0.05':

                 1      cgroup-switches                                             

       0.050904392 seconds time elapsed

       0.000867000 seconds user
       0.000000000 seconds sys



=== record: cgroup-switches ===
Couldn't record kernel reference relocation symbol
Symbol resolution may be skewed if relocation was used (e.g. kexec).
Check /proc/kallsyms permission or run as root.
perf_event__synthesize_bpf_events: failed to synthesize bpf images: No such file or directory
Couldn't synthesize bpf events.
[ perf record: Woken up 1 times to write data ]
[ perf record: Captured and wrote 0.002 MB /root/0460882-Project-HwiSwiCoDesign/results/raytrace/optimized/2026-09-17-13-32/.perf-probe.5hTTBf/record.data (1 samples) ]

=== stat: L1-dcache-loads ===
# started on Thu Sep 17 13:32:43 2026


 Performance counter stats for 'sleep 0.05':

            156183      L1-dcache-loads                                             

       0.051110091 seconds time elapsed

       0.001058000 seconds user
       0.000000000 seconds sys



=== record: L1-dcache-loads ===
Couldn't record kernel reference relocation symbol
Symbol resolution may be skewed if relocation was used (e.g. kexec).
Check /proc/kallsyms permission or run as root.
perf_event__synthesize_bpf_events: failed to synthesize bpf images: No such file or directory
Couldn't synthesize bpf events.
[ perf record: Woken up 1 times to write data ]
[ perf record: Captured and wrote 0.002 MB /root/0460882-Project-HwiSwiCoDesign/results/raytrace/optimized/2026-09-17-13-32/.perf-probe.5hTTBf/record.data ]

=== stat: L1-dcache-load-misses ===
# started on Thu Sep 17 13:32:43 2026


 Performance counter stats for 'sleep 0.05':

             15671      L1-dcache-load-misses                                       

       0.051090015 seconds time elapsed

       0.001076000 seconds user
       0.000000000 seconds sys



=== record: L1-dcache-load-misses ===
Couldn't record kernel reference relocation symbol
Symbol resolution may be skewed if relocation was used (e.g. kexec).
Check /proc/kallsyms permission or run as root.
perf_event__synthesize_bpf_events: failed to synthesize bpf images: No such file or directory
Couldn't synthesize bpf events.
[ perf record: Woken up 1 times to write data ]
[ perf record: Captured and wrote 0.002 MB /root/0460882-Project-HwiSwiCoDesign/results/raytrace/optimized/2026-09-17-13-32/.perf-probe.5hTTBf/record.data ]

=== stat: L1-dcache-stores ===
# started on Thu Sep 17 13:32:43 2026


 Performance counter stats for 'sleep 0.05':

             93361      L1-dcache-stores                                            

       0.051103345 seconds time elapsed

       0.001059000 seconds user
       0.000000000 seconds sys



=== record: L1-dcache-stores ===
Couldn't record kernel reference relocation symbol
Symbol resolution may be skewed if relocation was used (e.g. kexec).
Check /proc/kallsyms permission or run as root.
perf_event__synthesize_bpf_events: failed to synthesize bpf images: No such file or directory
Couldn't synthesize bpf events.
[ perf record: Woken up 1 times to write data ]
[ perf record: Captured and wrote 0.002 MB /root/0460882-Project-HwiSwiCoDesign/results/raytrace/optimized/2026-09-17-13-32/.perf-probe.5hTTBf/record.data ]

=== stat: L1-dcache-store-misses ===
# started on Thu Sep 17 13:32:43 2026


 Performance counter stats for 'sleep 0.05':

   <not supported>      L1-dcache-store-misses                                      

       0.050927288 seconds time elapsed

       0.000899000 seconds user
       0.000000000 seconds sys



=== record: L1-dcache-store-misses ===
Error:
The L1-dcache-store-misses event is not supported.

=== stat: L1-dcache-prefetches ===
# started on Thu Sep 17 13:32:43 2026


 Performance counter stats for 'sleep 0.05':

   <not supported>      L1-dcache-prefetches                                        

       0.050954102 seconds time elapsed

       0.000908000 seconds user
       0.000000000 seconds sys



=== record: L1-dcache-prefetches ===
Error:
The L1-dcache-prefetches event is not supported.

=== stat: L1-dcache-prefetch-misses ===
# started on Thu Sep 17 13:32:43 2026


 Performance counter stats for 'sleep 0.05':

   <not supported>      L1-dcache-prefetch-misses                                   

       0.050864779 seconds time elapsed

       0.000819000 seconds user
       0.000000000 seconds sys



=== record: L1-dcache-prefetch-misses ===
Error:
The L1-dcache-prefetch-misses event is not supported.

=== stat: L1-icache-loads ===
# started on Thu Sep 17 13:32:44 2026


 Performance counter stats for 'sleep 0.05':

   <not supported>      L1-icache-loads                                             

       0.050913209 seconds time elapsed

       0.000868000 seconds user
       0.000000000 seconds sys



=== record: L1-icache-loads ===
Error:
The L1-icache-loads event is not supported.

=== stat: L1-icache-load-misses ===
# started on Thu Sep 17 13:32:44 2026


 Performance counter stats for 'sleep 0.05':

              8430      L1-icache-load-misses                                       

       0.050974368 seconds time elapsed

       0.000946000 seconds user
       0.000000000 seconds sys



=== record: L1-icache-load-misses ===
Couldn't record kernel reference relocation symbol
Symbol resolution may be skewed if relocation was used (e.g. kexec).
Check /proc/kallsyms permission or run as root.
perf_event__synthesize_bpf_events: failed to synthesize bpf images: No such file or directory
Couldn't synthesize bpf events.
[ perf record: Woken up 1 times to write data ]
[ perf record: Captured and wrote 0.002 MB /root/0460882-Project-HwiSwiCoDesign/results/raytrace/optimized/2026-09-17-13-32/.perf-probe.5hTTBf/record.data ]

=== stat: LLC-loads ===
# started on Thu Sep 17 13:32:44 2026


 Performance counter stats for 'sleep 0.05':

   <not supported>      LLC-loads                                                   

       0.050877549 seconds time elapsed

       0.000851000 seconds user
       0.000000000 seconds sys



=== record: LLC-loads ===
Error:
The sys_perf_event_open() syscall returned with 6 (No such device or address) for event (LLC-loads).
/bin/dmesg | grep -i perf may provide additional information.


=== stat: LLC-load-misses ===
# started on Thu Sep 17 13:32:44 2026


 Performance counter stats for 'sleep 0.05':

   <not supported>      LLC-load-misses                                             

       0.050931424 seconds time elapsed

       0.000886000 seconds user
       0.000000000 seconds sys



=== record: LLC-load-misses ===
Error:
The sys_perf_event_open() syscall returned with 6 (No such device or address) for event (LLC-load-misses).
/bin/dmesg | grep -i perf may provide additional information.


=== stat: LLC-stores ===
# started on Thu Sep 17 13:32:44 2026


 Performance counter stats for 'sleep 0.05':

   <not supported>      LLC-stores                                                  

       0.050945816 seconds time elapsed

       0.000882000 seconds user
       0.000000000 seconds sys



=== record: LLC-stores ===
Error:
The sys_perf_event_open() syscall returned with 6 (No such device or address) for event (LLC-stores).
/bin/dmesg | grep -i perf may provide additional information.


=== stat: LLC-store-misses ===
# started on Thu Sep 17 13:32:44 2026


 Performance counter stats for 'sleep 0.05':

   <not supported>      LLC-store-misses                                            

       0.050909998 seconds time elapsed

       0.000886000 seconds user
       0.000000000 seconds sys



=== record: LLC-store-misses ===
Error:
The sys_perf_event_open() syscall returned with 6 (No such device or address) for event (LLC-store-misses).
/bin/dmesg | grep -i perf may provide additional information.


=== stat: LLC-prefetches ===
# started on Thu Sep 17 13:32:44 2026


 Performance counter stats for 'sleep 0.05':

   <not supported>      LLC-prefetches                                              

       0.050849312 seconds time elapsed

       0.000819000 seconds user
       0.000000000 seconds sys



=== record: LLC-prefetches ===
Error:
The LLC-prefetches event is not supported.

=== stat: LLC-prefetch-misses ===
# started on Thu Sep 17 13:32:44 2026


 Performance counter stats for 'sleep 0.05':

   <not supported>      LLC-prefetch-misses                                         

       0.050923991 seconds time elapsed

       0.000875000 seconds user
       0.000000000 seconds sys



=== record: LLC-prefetch-misses ===
Error:
The LLC-prefetch-misses event is not supported.

=== stat: dTLB-loads ===
# started on Thu Sep 17 13:32:44 2026


 Performance counter stats for 'sleep 0.05':

            156290      dTLB-loads                                                  

       0.050976367 seconds time elapsed

       0.000918000 seconds user
       0.000000000 seconds sys



=== record: dTLB-loads ===
Couldn't record kernel reference relocation symbol
Symbol resolution may be skewed if relocation was used (e.g. kexec).
Check /proc/kallsyms permission or run as root.
perf_event__synthesize_bpf_events: failed to synthesize bpf images: No such file or directory
Couldn't synthesize bpf events.
[ perf record: Woken up 1 times to write data ]
[ perf record: Captured and wrote 0.002 MB /root/0460882-Project-HwiSwiCoDesign/results/raytrace/optimized/2026-09-17-13-32/.perf-probe.5hTTBf/record.data ]

=== stat: dTLB-load-misses ===
# started on Thu Sep 17 13:32:45 2026


 Performance counter stats for 'sleep 0.05':

              4162      dTLB-load-misses                                            

       0.051064193 seconds time elapsed

       0.001016000 seconds user
       0.000000000 seconds sys



=== record: dTLB-load-misses ===
Couldn't record kernel reference relocation symbol
Symbol resolution may be skewed if relocation was used (e.g. kexec).
Check /proc/kallsyms permission or run as root.
perf_event__synthesize_bpf_events: failed to synthesize bpf images: No such file or directory
Couldn't synthesize bpf events.
[ perf record: Woken up 1 times to write data ]
[ perf record: Captured and wrote 0.002 MB /root/0460882-Project-HwiSwiCoDesign/results/raytrace/optimized/2026-09-17-13-32/.perf-probe.5hTTBf/record.data ]

=== stat: dTLB-stores ===
# started on Thu Sep 17 13:32:45 2026


 Performance counter stats for 'sleep 0.05':

             93671      dTLB-stores                                                 

       0.051031411 seconds time elapsed

       0.000998000 seconds user
       0.000000000 seconds sys



=== record: dTLB-stores ===
Couldn't record kernel reference relocation symbol
Symbol resolution may be skewed if relocation was used (e.g. kexec).
Check /proc/kallsyms permission or run as root.
perf_event__synthesize_bpf_events: failed to synthesize bpf images: No such file or directory
Couldn't synthesize bpf events.
[ perf record: Woken up 1 times to write data ]
[ perf record: Captured and wrote 0.002 MB /root/0460882-Project-HwiSwiCoDesign/results/raytrace/optimized/2026-09-17-13-32/.perf-probe.5hTTBf/record.data ]

=== stat: dTLB-store-misses ===
# started on Thu Sep 17 13:32:45 2026


 Performance counter stats for 'sleep 0.05':

               608      dTLB-store-misses                                           

       0.051016083 seconds time elapsed

       0.000980000 seconds user
       0.000000000 seconds sys



=== record: dTLB-store-misses ===
Couldn't record kernel reference relocation symbol
Symbol resolution may be skewed if relocation was used (e.g. kexec).
Check /proc/kallsyms permission or run as root.
perf_event__synthesize_bpf_events: failed to synthesize bpf images: No such file or directory
Couldn't synthesize bpf events.
[ perf record: Woken up 1 times to write data ]
[ perf record: Captured and wrote 0.002 MB /root/0460882-Project-HwiSwiCoDesign/results/raytrace/optimized/2026-09-17-13-32/.perf-probe.5hTTBf/record.data ]

=== stat: iTLB-loads ===
# started on Thu Sep 17 13:32:45 2026


 Performance counter stats for 'sleep 0.05':

               689      iTLB-loads                                                  

       0.051011648 seconds time elapsed

       0.000974000 seconds user
       0.000000000 seconds sys



=== record: iTLB-loads ===
Couldn't record kernel reference relocation symbol
Symbol resolution may be skewed if relocation was used (e.g. kexec).
Check /proc/kallsyms permission or run as root.
perf_event__synthesize_bpf_events: failed to synthesize bpf images: No such file or directory
Couldn't synthesize bpf events.
[ perf record: Woken up 1 times to write data ]
[ perf record: Captured and wrote 0.002 MB /root/0460882-Project-HwiSwiCoDesign/results/raytrace/optimized/2026-09-17-13-32/.perf-probe.5hTTBf/record.data ]

=== stat: iTLB-load-misses ===
# started on Thu Sep 17 13:32:45 2026


 Performance counter stats for 'sleep 0.05':

              3943      iTLB-load-misses                                            

       0.052702317 seconds time elapsed

       0.000980000 seconds user
       0.000000000 seconds sys



=== record: iTLB-load-misses ===
Couldn't record kernel reference relocation symbol
Symbol resolution may be skewed if relocation was used (e.g. kexec).
Check /proc/kallsyms permission or run as root.
perf_event__synthesize_bpf_events: failed to synthesize bpf images: No such file or directory
Couldn't synthesize bpf events.
[ perf record: Woken up 1 times to write data ]
[ perf record: Captured and wrote 0.002 MB /root/0460882-Project-HwiSwiCoDesign/results/raytrace/optimized/2026-09-17-13-32/.perf-probe.5hTTBf/record.data ]

=== stat: branch-loads ===
# started on Thu Sep 17 13:32:45 2026


 Performance counter stats for 'sleep 0.05':

            117810      branch-loads                                                

       0.051115837 seconds time elapsed

       0.001064000 seconds user
       0.000000000 seconds sys



=== record: branch-loads ===
Couldn't record kernel reference relocation symbol
Symbol resolution may be skewed if relocation was used (e.g. kexec).
Check /proc/kallsyms permission or run as root.
perf_event__synthesize_bpf_events: failed to synthesize bpf images: No such file or directory
Couldn't synthesize bpf events.
[ perf record: Woken up 1 times to write data ]
[ perf record: Captured and wrote 0.002 MB /root/0460882-Project-HwiSwiCoDesign/results/raytrace/optimized/2026-09-17-13-32/.perf-probe.5hTTBf/record.data ]

=== stat: branch-load-misses ===
# started on Thu Sep 17 13:32:46 2026


 Performance counter stats for 'sleep 0.05':

              5158      branch-load-misses                                          

       0.051174876 seconds time elapsed

       0.000000000 seconds user
       0.001097000 seconds sys



=== record: branch-load-misses ===
Couldn't record kernel reference relocation symbol
Symbol resolution may be skewed if relocation was used (e.g. kexec).
Check /proc/kallsyms permission or run as root.
perf_event__synthesize_bpf_events: failed to synthesize bpf images: No such file or directory
Couldn't synthesize bpf events.
[ perf record: Woken up 1 times to write data ]
[ perf record: Captured and wrote 0.002 MB /root/0460882-Project-HwiSwiCoDesign/results/raytrace/optimized/2026-09-17-13-32/.perf-probe.5hTTBf/record.data ]

=== stat: node-loads ===
# started on Thu Sep 17 13:32:46 2026


 Performance counter stats for 'sleep 0.05':

   <not supported>      node-loads                                                  

       0.051008124 seconds time elapsed

       0.000000000 seconds user
       0.000953000 seconds sys



=== record: node-loads ===
Error:
The sys_perf_event_open() syscall returned with 6 (No such device or address) for event (node-loads).
/bin/dmesg | grep -i perf may provide additional information.


=== stat: node-load-misses ===
# started on Thu Sep 17 13:32:46 2026


 Performance counter stats for 'sleep 0.05':

   <not supported>      node-load-misses                                            

       0.050935184 seconds time elapsed

       0.000893000 seconds user
       0.000000000 seconds sys



=== record: node-load-misses ===
Error:
The sys_perf_event_open() syscall returned with 6 (No such device or address) for event (node-load-misses).
/bin/dmesg | grep -i perf may provide additional information.


=== stat: node-stores ===
# started on Thu Sep 17 13:32:46 2026


 Performance counter stats for 'sleep 0.05':

   <not supported>      node-stores                                                 

       0.050977384 seconds time elapsed

       0.000907000 seconds user
       0.000000000 seconds sys



=== record: node-stores ===
Error:
The sys_perf_event_open() syscall returned with 6 (No such device or address) for event (node-stores).
/bin/dmesg | grep -i perf may provide additional information.


=== stat: node-store-misses ===
# started on Thu Sep 17 13:32:46 2026


 Performance counter stats for 'sleep 0.05':

   <not supported>      node-store-misses                                           

       0.050866864 seconds time elapsed

       0.000833000 seconds user
       0.000000000 seconds sys



=== record: node-store-misses ===
Error:
The sys_perf_event_open() syscall returned with 6 (No such device or address) for event (node-store-misses).
/bin/dmesg | grep -i perf may provide additional information.


=== stat: duration_time ===
# started on Thu Sep 17 13:32:46 2026


 Performance counter stats for 'system wide':

          50945848 ns   duration_time                                               

       0.050945848 seconds time elapsed


=== stat: user_time ===
event syntax error: 'user_time'
                     \___ parser error
Run 'perf list' for a list of valid events

 Usage: perf stat [<options>] [<command>]

    -e, --event <event>   event selector. use 'perf list' to list available events

=== stat: system_time ===
event syntax error: 'system_time'
                     \___ parser error
Run 'perf list' for a list of valid events

 Usage: perf stat [<options>] [<command>]

    -e, --event <event>   event selector. use 'perf list' to list available events

=== stat: dummy ===
# started on Thu Sep 17 13:32:46 2026


 Performance counter stats for 'sleep 0.05':

                 0      dummy                                                       

       0.050934869 seconds time elapsed

       0.000871000 seconds user
       0.000000000 seconds sys



=== stat: bpf-output ===
# started on Thu Sep 17 13:32:46 2026


 Performance counter stats for 'sleep 0.05':

                 0      bpf-output                                                  

       0.050961533 seconds time elapsed

       0.000896000 seconds user
       0.000000000 seconds sys


