
=== stat: cpu-clock ===
# started on Thu Sep 17 11:32:02 2026


 Performance counter stats for 'sleep 0.05':

              0.86 msec cpu-clock                 #    0.016 CPUs utilized          

       0.052338906 seconds time elapsed

       0.001504000 seconds user
       0.000000000 seconds sys



=== record: cpu-clock ===
Couldn't record kernel reference relocation symbol
Symbol resolution may be skewed if relocation was used (e.g. kexec).
Check /proc/kallsyms permission or run as root.
perf_event__synthesize_bpf_events: failed to synthesize bpf images: No such file or directory
Couldn't synthesize bpf events.
[ perf record: Woken up 1 times to write data ]
[ perf record: Captured and wrote 0.002 MB /root/0460882-Project-HwiSwiCoDesign/results/raytrace/optimized/2026-09-17-11-32/.perf-probe.Sh2HFo/record.data ]

=== stat: task-clock ===
# started on Thu Sep 17 11:32:03 2026


 Performance counter stats for 'sleep 0.05':

              0.42 msec task-clock                #    0.008 CPUs utilized          

       0.050953654 seconds time elapsed

       0.000908000 seconds user
       0.000000000 seconds sys



=== record: task-clock ===
Couldn't record kernel reference relocation symbol
Symbol resolution may be skewed if relocation was used (e.g. kexec).
Check /proc/kallsyms permission or run as root.
perf_event__synthesize_bpf_events: failed to synthesize bpf images: No such file or directory
Couldn't synthesize bpf events.
[ perf record: Woken up 1 times to write data ]
[ perf record: Captured and wrote 0.002 MB /root/0460882-Project-HwiSwiCoDesign/results/raytrace/optimized/2026-09-17-11-32/.perf-probe.Sh2HFo/record.data ]

=== stat: cycles ===
# started on Thu Sep 17 11:32:03 2026


 Performance counter stats for 'sleep 0.05':

            915597      cycles                                                      

       0.051094805 seconds time elapsed

       0.001051000 seconds user
       0.000000000 seconds sys



=== record: cycles ===
Couldn't record kernel reference relocation symbol
Symbol resolution may be skewed if relocation was used (e.g. kexec).
Check /proc/kallsyms permission or run as root.
perf_event__synthesize_bpf_events: failed to synthesize bpf images: No such file or directory
Couldn't synthesize bpf events.
[ perf record: Woken up 1 times to write data ]
[ perf record: Captured and wrote 0.002 MB /root/0460882-Project-HwiSwiCoDesign/results/raytrace/optimized/2026-09-17-11-32/.perf-probe.Sh2HFo/record.data ]

=== stat: instructions ===
# started on Thu Sep 17 11:32:03 2026


 Performance counter stats for 'sleep 0.05':

            551968      instructions                                                

       0.051156167 seconds time elapsed

       0.001101000 seconds user
       0.000000000 seconds sys



=== record: instructions ===
Couldn't record kernel reference relocation symbol
Symbol resolution may be skewed if relocation was used (e.g. kexec).
Check /proc/kallsyms permission or run as root.
perf_event__synthesize_bpf_events: failed to synthesize bpf images: No such file or directory
Couldn't synthesize bpf events.
[ perf record: Woken up 1 times to write data ]
[ perf record: Captured and wrote 0.003 MB /root/0460882-Project-HwiSwiCoDesign/results/raytrace/optimized/2026-09-17-11-32/.perf-probe.Sh2HFo/record.data (7 samples) ]

=== stat: branch-instructions ===
# started on Thu Sep 17 11:32:03 2026


 Performance counter stats for 'sleep 0.05':

            117051      branch-instructions                                         

       0.051090497 seconds time elapsed

       0.001034000 seconds user
       0.000000000 seconds sys



=== record: branch-instructions ===
Couldn't record kernel reference relocation symbol
Symbol resolution may be skewed if relocation was used (e.g. kexec).
Check /proc/kallsyms permission or run as root.
perf_event__synthesize_bpf_events: failed to synthesize bpf images: No such file or directory
Couldn't synthesize bpf events.
[ perf record: Woken up 1 times to write data ]
[ perf record: Captured and wrote 0.002 MB /root/0460882-Project-HwiSwiCoDesign/results/raytrace/optimized/2026-09-17-11-32/.perf-probe.Sh2HFo/record.data ]

=== stat: branch-misses ===
# started on Thu Sep 17 11:32:03 2026


 Performance counter stats for 'sleep 0.05':

              5100      branch-misses                                               

       0.051081206 seconds time elapsed

       0.001046000 seconds user
       0.000000000 seconds sys



=== record: branch-misses ===
Couldn't record kernel reference relocation symbol
Symbol resolution may be skewed if relocation was used (e.g. kexec).
Check /proc/kallsyms permission or run as root.
perf_event__synthesize_bpf_events: failed to synthesize bpf images: No such file or directory
Couldn't synthesize bpf events.
[ perf record: Woken up 1 times to write data ]
[ perf record: Captured and wrote 0.002 MB /root/0460882-Project-HwiSwiCoDesign/results/raytrace/optimized/2026-09-17-11-32/.perf-probe.Sh2HFo/record.data ]

=== stat: bus-cycles ===
# started on Thu Sep 17 11:32:04 2026


 Performance counter stats for 'sleep 0.05':

             43836      bus-cycles                                                  

       0.056807644 seconds time elapsed

       0.000000000 seconds user
       0.006736000 seconds sys



=== record: bus-cycles ===
Couldn't record kernel reference relocation symbol
Symbol resolution may be skewed if relocation was used (e.g. kexec).
Check /proc/kallsyms permission or run as root.
perf_event__synthesize_bpf_events: failed to synthesize bpf images: No such file or directory
Couldn't synthesize bpf events.
[ perf record: Woken up 1 times to write data ]
[ perf record: Captured and wrote 0.002 MB /root/0460882-Project-HwiSwiCoDesign/results/raytrace/optimized/2026-09-17-11-32/.perf-probe.Sh2HFo/record.data ]

=== stat: cache-references ===
# started on Thu Sep 17 11:32:04 2026


 Performance counter stats for 'sleep 0.05':

             17320      cache-references                                            

       0.051073582 seconds time elapsed

       0.001024000 seconds user
       0.000000000 seconds sys



=== record: cache-references ===
Couldn't record kernel reference relocation symbol
Symbol resolution may be skewed if relocation was used (e.g. kexec).
Check /proc/kallsyms permission or run as root.
perf_event__synthesize_bpf_events: failed to synthesize bpf images: No such file or directory
Couldn't synthesize bpf events.
[ perf record: Woken up 1 times to write data ]
[ perf record: Captured and wrote 0.002 MB /root/0460882-Project-HwiSwiCoDesign/results/raytrace/optimized/2026-09-17-11-32/.perf-probe.Sh2HFo/record.data ]

=== stat: cache-misses ===
# started on Thu Sep 17 11:32:04 2026


 Performance counter stats for 'sleep 0.05':

                80      cache-misses                                                

       0.050970252 seconds time elapsed

       0.000934000 seconds user
       0.000000000 seconds sys



=== record: cache-misses ===
Couldn't record kernel reference relocation symbol
Symbol resolution may be skewed if relocation was used (e.g. kexec).
Check /proc/kallsyms permission or run as root.
perf_event__synthesize_bpf_events: failed to synthesize bpf images: No such file or directory
Couldn't synthesize bpf events.
[ perf record: Woken up 1 times to write data ]
[ perf record: Captured and wrote 0.002 MB /root/0460882-Project-HwiSwiCoDesign/results/raytrace/optimized/2026-09-17-11-32/.perf-probe.Sh2HFo/record.data ]

=== stat: ref-cycles ===
# started on Thu Sep 17 11:32:04 2026


 Performance counter stats for 'sleep 0.05':

            927360      ref-cycles                                                  

       0.051073718 seconds time elapsed

       0.000000000 seconds user
       0.001024000 seconds sys



=== record: ref-cycles ===
Couldn't record kernel reference relocation symbol
Symbol resolution may be skewed if relocation was used (e.g. kexec).
Check /proc/kallsyms permission or run as root.
perf_event__synthesize_bpf_events: failed to synthesize bpf images: No such file or directory
Couldn't synthesize bpf events.
[ perf record: Woken up 1 times to write data ]
[ perf record: Captured and wrote 0.002 MB /root/0460882-Project-HwiSwiCoDesign/results/raytrace/optimized/2026-09-17-11-32/.perf-probe.Sh2HFo/record.data ]

=== stat: stalled-cycles-frontend ===
# started on Thu Sep 17 11:32:04 2026


 Performance counter stats for 'sleep 0.05':

   <not supported>      stalled-cycles-frontend                                     

       0.050963601 seconds time elapsed

       0.000000000 seconds user
       0.000909000 seconds sys



=== record: stalled-cycles-frontend ===
Error:
The stalled-cycles-frontend event is not supported.

=== stat: stalled-cycles-backend ===
# started on Thu Sep 17 11:32:04 2026


 Performance counter stats for 'sleep 0.05':

   <not supported>      stalled-cycles-backend                                      

       0.050925733 seconds time elapsed

       0.000890000 seconds user
       0.000000000 seconds sys



=== record: stalled-cycles-backend ===
Error:
The stalled-cycles-backend event is not supported.

=== stat: page-faults ===
# started on Thu Sep 17 11:32:04 2026


 Performance counter stats for 'sleep 0.05':

                60      page-faults                                                 

       0.050933247 seconds time elapsed

       0.000875000 seconds user
       0.000000000 seconds sys



=== record: page-faults ===
Couldn't record kernel reference relocation symbol
Symbol resolution may be skewed if relocation was used (e.g. kexec).
Check /proc/kallsyms permission or run as root.
perf_event__synthesize_bpf_events: failed to synthesize bpf images: No such file or directory
Couldn't synthesize bpf events.
[ perf record: Woken up 1 times to write data ]
[ perf record: Captured and wrote 0.003 MB /root/0460882-Project-HwiSwiCoDesign/results/raytrace/optimized/2026-09-17-11-32/.perf-probe.Sh2HFo/record.data (5 samples) ]

=== stat: minor-faults ===
# started on Thu Sep 17 11:32:05 2026


 Performance counter stats for 'sleep 0.05':

                58      minor-faults                                                

       0.050952263 seconds time elapsed

       0.000907000 seconds user
       0.000000000 seconds sys



=== record: minor-faults ===
Couldn't record kernel reference relocation symbol
Symbol resolution may be skewed if relocation was used (e.g. kexec).
Check /proc/kallsyms permission or run as root.
perf_event__synthesize_bpf_events: failed to synthesize bpf images: No such file or directory
Couldn't synthesize bpf events.
[ perf record: Woken up 1 times to write data ]
[ perf record: Captured and wrote 0.003 MB /root/0460882-Project-HwiSwiCoDesign/results/raytrace/optimized/2026-09-17-11-32/.perf-probe.Sh2HFo/record.data (5 samples) ]

=== stat: major-faults ===
# started on Thu Sep 17 11:32:05 2026


 Performance counter stats for 'sleep 0.05':

                 0      major-faults                                                

       0.050983958 seconds time elapsed

       0.000953000 seconds user
       0.000000000 seconds sys



=== record: major-faults ===
Couldn't record kernel reference relocation symbol
Symbol resolution may be skewed if relocation was used (e.g. kexec).
Check /proc/kallsyms permission or run as root.
perf_event__synthesize_bpf_events: failed to synthesize bpf images: No such file or directory
Couldn't synthesize bpf events.
[ perf record: Woken up 1 times to write data ]
[ perf record: Captured and wrote 0.002 MB /root/0460882-Project-HwiSwiCoDesign/results/raytrace/optimized/2026-09-17-11-32/.perf-probe.Sh2HFo/record.data ]

=== stat: context-switches ===
# started on Thu Sep 17 11:32:05 2026


 Performance counter stats for 'sleep 0.05':

                 1      context-switches                                            

       0.050949177 seconds time elapsed

       0.000897000 seconds user
       0.000000000 seconds sys



=== record: context-switches ===
Couldn't record kernel reference relocation symbol
Symbol resolution may be skewed if relocation was used (e.g. kexec).
Check /proc/kallsyms permission or run as root.
perf_event__synthesize_bpf_events: failed to synthesize bpf images: No such file or directory
Couldn't synthesize bpf events.
[ perf record: Woken up 1 times to write data ]
[ perf record: Captured and wrote 0.004 MB /root/0460882-Project-HwiSwiCoDesign/results/raytrace/optimized/2026-09-17-11-32/.perf-probe.Sh2HFo/record.data (3 samples) ]

=== stat: cpu-migrations ===
# started on Thu Sep 17 11:32:05 2026


 Performance counter stats for 'sleep 0.05':

                 0      cpu-migrations                                              

       0.050892418 seconds time elapsed

       0.000849000 seconds user
       0.000000000 seconds sys



=== record: cpu-migrations ===
Couldn't record kernel reference relocation symbol
Symbol resolution may be skewed if relocation was used (e.g. kexec).
Check /proc/kallsyms permission or run as root.
perf_event__synthesize_bpf_events: failed to synthesize bpf images: No such file or directory
Couldn't synthesize bpf events.
[ perf record: Woken up 1 times to write data ]
[ perf record: Captured and wrote 0.002 MB /root/0460882-Project-HwiSwiCoDesign/results/raytrace/optimized/2026-09-17-11-32/.perf-probe.Sh2HFo/record.data ]

=== stat: alignment-faults ===
# started on Thu Sep 17 11:32:05 2026


 Performance counter stats for 'sleep 0.05':

                 0      alignment-faults                                            

       0.050957366 seconds time elapsed

       0.000883000 seconds user
       0.000000000 seconds sys



=== record: alignment-faults ===
Couldn't record kernel reference relocation symbol
Symbol resolution may be skewed if relocation was used (e.g. kexec).
Check /proc/kallsyms permission or run as root.
perf_event__synthesize_bpf_events: failed to synthesize bpf images: No such file or directory
Couldn't synthesize bpf events.
[ perf record: Woken up 1 times to write data ]
[ perf record: Captured and wrote 0.002 MB /root/0460882-Project-HwiSwiCoDesign/results/raytrace/optimized/2026-09-17-11-32/.perf-probe.Sh2HFo/record.data ]

=== stat: emulation-faults ===
# started on Thu Sep 17 11:32:05 2026


 Performance counter stats for 'sleep 0.05':

                 0      emulation-faults                                            

       0.050861323 seconds time elapsed

       0.000820000 seconds user
       0.000000000 seconds sys



=== record: emulation-faults ===
Couldn't record kernel reference relocation symbol
Symbol resolution may be skewed if relocation was used (e.g. kexec).
Check /proc/kallsyms permission or run as root.
perf_event__synthesize_bpf_events: failed to synthesize bpf images: No such file or directory
Couldn't synthesize bpf events.
[ perf record: Woken up 1 times to write data ]
[ perf record: Captured and wrote 0.002 MB /root/0460882-Project-HwiSwiCoDesign/results/raytrace/optimized/2026-09-17-11-32/.perf-probe.Sh2HFo/record.data ]

=== stat: cgroup-switches ===
# started on Thu Sep 17 11:32:06 2026


 Performance counter stats for 'sleep 0.05':

                 1      cgroup-switches                                             

       0.050969464 seconds time elapsed

       0.000918000 seconds user
       0.000000000 seconds sys



=== record: cgroup-switches ===
Couldn't record kernel reference relocation symbol
Symbol resolution may be skewed if relocation was used (e.g. kexec).
Check /proc/kallsyms permission or run as root.
perf_event__synthesize_bpf_events: failed to synthesize bpf images: No such file or directory
Couldn't synthesize bpf events.
[ perf record: Woken up 1 times to write data ]
[ perf record: Captured and wrote 0.002 MB /root/0460882-Project-HwiSwiCoDesign/results/raytrace/optimized/2026-09-17-11-32/.perf-probe.Sh2HFo/record.data (1 samples) ]

=== stat: L1-dcache-loads ===
# started on Thu Sep 17 11:32:06 2026


 Performance counter stats for 'sleep 0.05':

            159882      L1-dcache-loads                                             

       0.056961863 seconds time elapsed

       0.000000000 seconds user
       0.006869000 seconds sys



=== record: L1-dcache-loads ===
Couldn't record kernel reference relocation symbol
Symbol resolution may be skewed if relocation was used (e.g. kexec).
Check /proc/kallsyms permission or run as root.
perf_event__synthesize_bpf_events: failed to synthesize bpf images: No such file or directory
Couldn't synthesize bpf events.
[ perf record: Woken up 1 times to write data ]
[ perf record: Captured and wrote 0.002 MB /root/0460882-Project-HwiSwiCoDesign/results/raytrace/optimized/2026-09-17-11-32/.perf-probe.Sh2HFo/record.data ]

=== stat: L1-dcache-load-misses ===
# started on Thu Sep 17 11:32:06 2026


 Performance counter stats for 'sleep 0.05':

             14533      L1-dcache-load-misses                                       

       0.051068742 seconds time elapsed

       0.001014000 seconds user
       0.000000000 seconds sys



=== record: L1-dcache-load-misses ===
Couldn't record kernel reference relocation symbol
Symbol resolution may be skewed if relocation was used (e.g. kexec).
Check /proc/kallsyms permission or run as root.
perf_event__synthesize_bpf_events: failed to synthesize bpf images: No such file or directory
Couldn't synthesize bpf events.
[ perf record: Woken up 1 times to write data ]
[ perf record: Captured and wrote 0.002 MB /root/0460882-Project-HwiSwiCoDesign/results/raytrace/optimized/2026-09-17-11-32/.perf-probe.Sh2HFo/record.data ]

=== stat: L1-dcache-stores ===
# started on Thu Sep 17 11:32:06 2026


 Performance counter stats for 'sleep 0.05':

             91602      L1-dcache-stores                                            

       0.051021226 seconds time elapsed

       0.000979000 seconds user
       0.000000000 seconds sys



=== record: L1-dcache-stores ===
Couldn't record kernel reference relocation symbol
Symbol resolution may be skewed if relocation was used (e.g. kexec).
Check /proc/kallsyms permission or run as root.
perf_event__synthesize_bpf_events: failed to synthesize bpf images: No such file or directory
Couldn't synthesize bpf events.
[ perf record: Woken up 1 times to write data ]
[ perf record: Captured and wrote 0.002 MB /root/0460882-Project-HwiSwiCoDesign/results/raytrace/optimized/2026-09-17-11-32/.perf-probe.Sh2HFo/record.data ]

=== stat: L1-dcache-store-misses ===
# started on Thu Sep 17 11:32:06 2026


 Performance counter stats for 'sleep 0.05':

   <not supported>      L1-dcache-store-misses                                      

       0.050912901 seconds time elapsed

       0.000883000 seconds user
       0.000000000 seconds sys



=== record: L1-dcache-store-misses ===
Error:
The L1-dcache-store-misses event is not supported.

=== stat: L1-dcache-prefetches ===
# started on Thu Sep 17 11:32:06 2026


 Performance counter stats for 'sleep 0.05':

   <not supported>      L1-dcache-prefetches                                        

       0.050851096 seconds time elapsed

       0.000806000 seconds user
       0.000000000 seconds sys



=== record: L1-dcache-prefetches ===
Error:
The L1-dcache-prefetches event is not supported.

=== stat: L1-dcache-prefetch-misses ===
# started on Thu Sep 17 11:32:07 2026


 Performance counter stats for 'sleep 0.05':

   <not supported>      L1-dcache-prefetch-misses                                   

       0.050821545 seconds time elapsed

       0.000791000 seconds user
       0.000000000 seconds sys



=== record: L1-dcache-prefetch-misses ===
Error:
The L1-dcache-prefetch-misses event is not supported.

=== stat: L1-icache-loads ===
# started on Thu Sep 17 11:32:07 2026


 Performance counter stats for 'sleep 0.05':

   <not supported>      L1-icache-loads                                             

       0.050891994 seconds time elapsed

       0.000842000 seconds user
       0.000000000 seconds sys



=== record: L1-icache-loads ===
Error:
The L1-icache-loads event is not supported.

=== stat: L1-icache-load-misses ===
# started on Thu Sep 17 11:32:07 2026


 Performance counter stats for 'sleep 0.05':

              9760      L1-icache-load-misses                                       

       0.050984932 seconds time elapsed

       0.000920000 seconds user
       0.000000000 seconds sys



=== record: L1-icache-load-misses ===
Couldn't record kernel reference relocation symbol
Symbol resolution may be skewed if relocation was used (e.g. kexec).
Check /proc/kallsyms permission or run as root.
perf_event__synthesize_bpf_events: failed to synthesize bpf images: No such file or directory
Couldn't synthesize bpf events.
[ perf record: Woken up 1 times to write data ]
[ perf record: Captured and wrote 0.002 MB /root/0460882-Project-HwiSwiCoDesign/results/raytrace/optimized/2026-09-17-11-32/.perf-probe.Sh2HFo/record.data ]

=== stat: LLC-loads ===
# started on Thu Sep 17 11:32:07 2026


 Performance counter stats for 'sleep 0.05':

   <not supported>      LLC-loads                                                   

       0.050952466 seconds time elapsed

       0.000000000 seconds user
       0.000914000 seconds sys



=== record: LLC-loads ===
Error:
The sys_perf_event_open() syscall returned with 6 (No such device or address) for event (LLC-loads).
/bin/dmesg | grep -i perf may provide additional information.


=== stat: LLC-load-misses ===
# started on Thu Sep 17 11:32:07 2026


 Performance counter stats for 'sleep 0.05':

   <not supported>      LLC-load-misses                                             

       0.050964154 seconds time elapsed

       0.000951000 seconds user
       0.000000000 seconds sys



=== record: LLC-load-misses ===
Error:
The sys_perf_event_open() syscall returned with 6 (No such device or address) for event (LLC-load-misses).
/bin/dmesg | grep -i perf may provide additional information.


=== stat: LLC-stores ===
# started on Thu Sep 17 11:32:07 2026


 Performance counter stats for 'sleep 0.05':

   <not supported>      LLC-stores                                                  

       0.050976361 seconds time elapsed

       0.000927000 seconds user
       0.000000000 seconds sys



=== record: LLC-stores ===
Error:
The sys_perf_event_open() syscall returned with 6 (No such device or address) for event (LLC-stores).
/bin/dmesg | grep -i perf may provide additional information.


=== stat: LLC-store-misses ===
# started on Thu Sep 17 11:32:07 2026


 Performance counter stats for 'sleep 0.05':

   <not supported>      LLC-store-misses                                            

       0.050898127 seconds time elapsed

       0.000871000 seconds user
       0.000000000 seconds sys



=== record: LLC-store-misses ===
Error:
The sys_perf_event_open() syscall returned with 6 (No such device or address) for event (LLC-store-misses).
/bin/dmesg | grep -i perf may provide additional information.


=== stat: LLC-prefetches ===
# started on Thu Sep 17 11:32:07 2026


 Performance counter stats for 'sleep 0.05':

   <not supported>      LLC-prefetches                                              

       0.050928846 seconds time elapsed

       0.000880000 seconds user
       0.000000000 seconds sys



=== record: LLC-prefetches ===
Error:
The LLC-prefetches event is not supported.

=== stat: LLC-prefetch-misses ===
# started on Thu Sep 17 11:32:07 2026


 Performance counter stats for 'sleep 0.05':

   <not supported>      LLC-prefetch-misses                                         

       0.050937142 seconds time elapsed

       0.000899000 seconds user
       0.000000000 seconds sys



=== record: LLC-prefetch-misses ===
Error:
The LLC-prefetch-misses event is not supported.

=== stat: dTLB-loads ===
# started on Thu Sep 17 11:32:08 2026


 Performance counter stats for 'sleep 0.05':

            157842      dTLB-loads                                                  

       0.051062926 seconds time elapsed

       0.001026000 seconds user
       0.000000000 seconds sys



=== record: dTLB-loads ===
Couldn't record kernel reference relocation symbol
Symbol resolution may be skewed if relocation was used (e.g. kexec).
Check /proc/kallsyms permission or run as root.
perf_event__synthesize_bpf_events: failed to synthesize bpf images: No such file or directory
Couldn't synthesize bpf events.
[ perf record: Woken up 1 times to write data ]
[ perf record: Captured and wrote 0.002 MB /root/0460882-Project-HwiSwiCoDesign/results/raytrace/optimized/2026-09-17-11-32/.perf-probe.Sh2HFo/record.data ]

=== stat: dTLB-load-misses ===
# started on Thu Sep 17 11:32:08 2026


 Performance counter stats for 'sleep 0.05':

              2807      dTLB-load-misses                                            

       0.051059689 seconds time elapsed

       0.001008000 seconds user
       0.000000000 seconds sys



=== record: dTLB-load-misses ===
Couldn't record kernel reference relocation symbol
Symbol resolution may be skewed if relocation was used (e.g. kexec).
Check /proc/kallsyms permission or run as root.
perf_event__synthesize_bpf_events: failed to synthesize bpf images: No such file or directory
Couldn't synthesize bpf events.
[ perf record: Woken up 1 times to write data ]
[ perf record: Captured and wrote 0.002 MB /root/0460882-Project-HwiSwiCoDesign/results/raytrace/optimized/2026-09-17-11-32/.perf-probe.Sh2HFo/record.data ]

=== stat: dTLB-stores ===
# started on Thu Sep 17 11:32:08 2026


 Performance counter stats for 'sleep 0.05':

             91520      dTLB-stores                                                 

       0.051076133 seconds time elapsed

       0.001023000 seconds user
       0.000000000 seconds sys



=== record: dTLB-stores ===
Couldn't record kernel reference relocation symbol
Symbol resolution may be skewed if relocation was used (e.g. kexec).
Check /proc/kallsyms permission or run as root.
perf_event__synthesize_bpf_events: failed to synthesize bpf images: No such file or directory
Couldn't synthesize bpf events.
[ perf record: Woken up 1 times to write data ]
[ perf record: Captured and wrote 0.002 MB /root/0460882-Project-HwiSwiCoDesign/results/raytrace/optimized/2026-09-17-11-32/.perf-probe.Sh2HFo/record.data ]

=== stat: dTLB-store-misses ===
# started on Thu Sep 17 11:32:08 2026


 Performance counter stats for 'sleep 0.05':

               496      dTLB-store-misses                                           

       0.056562543 seconds time elapsed

       0.000000000 seconds user
       0.006458000 seconds sys



=== record: dTLB-store-misses ===
Couldn't record kernel reference relocation symbol
Symbol resolution may be skewed if relocation was used (e.g. kexec).
Check /proc/kallsyms permission or run as root.
perf_event__synthesize_bpf_events: failed to synthesize bpf images: No such file or directory
Couldn't synthesize bpf events.
[ perf record: Woken up 1 times to write data ]
[ perf record: Captured and wrote 0.002 MB /root/0460882-Project-HwiSwiCoDesign/results/raytrace/optimized/2026-09-17-11-32/.perf-probe.Sh2HFo/record.data ]

=== stat: iTLB-loads ===
# started on Thu Sep 17 11:32:08 2026


 Performance counter stats for 'sleep 0.05':

              1247      iTLB-loads                                                  

       0.051112531 seconds time elapsed

       0.000000000 seconds user
       0.001047000 seconds sys



=== record: iTLB-loads ===
Couldn't record kernel reference relocation symbol
Symbol resolution may be skewed if relocation was used (e.g. kexec).
Check /proc/kallsyms permission or run as root.
perf_event__synthesize_bpf_events: failed to synthesize bpf images: No such file or directory
Couldn't synthesize bpf events.
[ perf record: Woken up 1 times to write data ]
[ perf record: Captured and wrote 0.002 MB /root/0460882-Project-HwiSwiCoDesign/results/raytrace/optimized/2026-09-17-11-32/.perf-probe.Sh2HFo/record.data ]

=== stat: iTLB-load-misses ===
# started on Thu Sep 17 11:32:08 2026


 Performance counter stats for 'sleep 0.05':

              3808      iTLB-load-misses                                            

       0.051069823 seconds time elapsed

       0.001037000 seconds user
       0.000000000 seconds sys



=== record: iTLB-load-misses ===
Couldn't record kernel reference relocation symbol
Symbol resolution may be skewed if relocation was used (e.g. kexec).
Check /proc/kallsyms permission or run as root.
perf_event__synthesize_bpf_events: failed to synthesize bpf images: No such file or directory
Couldn't synthesize bpf events.
[ perf record: Woken up 1 times to write data ]
[ perf record: Captured and wrote 0.002 MB /root/0460882-Project-HwiSwiCoDesign/results/raytrace/optimized/2026-09-17-11-32/.perf-probe.Sh2HFo/record.data ]

=== stat: branch-loads ===
# started on Thu Sep 17 11:32:09 2026


 Performance counter stats for 'sleep 0.05':

            114662      branch-loads                                                

       0.051024263 seconds time elapsed

       0.000992000 seconds user
       0.000000000 seconds sys



=== record: branch-loads ===
Couldn't record kernel reference relocation symbol
Symbol resolution may be skewed if relocation was used (e.g. kexec).
Check /proc/kallsyms permission or run as root.
perf_event__synthesize_bpf_events: failed to synthesize bpf images: No such file or directory
Couldn't synthesize bpf events.
[ perf record: Woken up 1 times to write data ]
[ perf record: Captured and wrote 0.002 MB /root/0460882-Project-HwiSwiCoDesign/results/raytrace/optimized/2026-09-17-11-32/.perf-probe.Sh2HFo/record.data ]

=== stat: branch-load-misses ===
# started on Thu Sep 17 11:32:09 2026


 Performance counter stats for 'sleep 0.05':

              5439      branch-load-misses                                          

       0.051184732 seconds time elapsed

       0.000000000 seconds user
       0.001125000 seconds sys



=== record: branch-load-misses ===
Couldn't record kernel reference relocation symbol
Symbol resolution may be skewed if relocation was used (e.g. kexec).
Check /proc/kallsyms permission or run as root.
perf_event__synthesize_bpf_events: failed to synthesize bpf images: No such file or directory
Couldn't synthesize bpf events.
[ perf record: Woken up 1 times to write data ]
[ perf record: Captured and wrote 0.002 MB /root/0460882-Project-HwiSwiCoDesign/results/raytrace/optimized/2026-09-17-11-32/.perf-probe.Sh2HFo/record.data ]

=== stat: node-loads ===
# started on Thu Sep 17 11:32:09 2026


 Performance counter stats for 'sleep 0.05':

   <not supported>      node-loads                                                  

       0.051009429 seconds time elapsed

       0.000938000 seconds user
       0.000000000 seconds sys



=== record: node-loads ===
Error:
The sys_perf_event_open() syscall returned with 6 (No such device or address) for event (node-loads).
/bin/dmesg | grep -i perf may provide additional information.


=== stat: node-load-misses ===
# started on Thu Sep 17 11:32:09 2026


 Performance counter stats for 'sleep 0.05':

   <not supported>      node-load-misses                                            

       0.050983553 seconds time elapsed

       0.000948000 seconds user
       0.000000000 seconds sys



=== record: node-load-misses ===
Error:
The sys_perf_event_open() syscall returned with 6 (No such device or address) for event (node-load-misses).
/bin/dmesg | grep -i perf may provide additional information.


=== stat: node-stores ===
# started on Thu Sep 17 11:32:09 2026


 Performance counter stats for 'sleep 0.05':

   <not supported>      node-stores                                                 

       0.050936041 seconds time elapsed

       0.000898000 seconds user
       0.000000000 seconds sys



=== record: node-stores ===
Error:
The sys_perf_event_open() syscall returned with 6 (No such device or address) for event (node-stores).
/bin/dmesg | grep -i perf may provide additional information.


=== stat: node-store-misses ===
# started on Thu Sep 17 11:32:09 2026


 Performance counter stats for 'sleep 0.05':

   <not supported>      node-store-misses                                           

       0.050976770 seconds time elapsed

       0.000925000 seconds user
       0.000000000 seconds sys



=== record: node-store-misses ===
Error:
The sys_perf_event_open() syscall returned with 6 (No such device or address) for event (node-store-misses).
/bin/dmesg | grep -i perf may provide additional information.


=== stat: duration_time ===
# started on Thu Sep 17 11:32:09 2026


 Performance counter stats for 'system wide':

          50955756 ns   duration_time                                               

       0.050955756 seconds time elapsed


=== stat: user_time ===
event syntax error: 'user_time'
                     \___ parser error
Run 'perf list' for a list of valid events

 Usage: perf stat [<options>] [<command>]

    -e, --event <event>   event selector. use 'perf list' to list available events

=== stat: system_time ===
event syntax error: 'system_time'
                     \___ parser error
Run 'perf list' for a list of valid events

 Usage: perf stat [<options>] [<command>]

    -e, --event <event>   event selector. use 'perf list' to list available events

=== stat: dummy ===
# started on Thu Sep 17 11:32:09 2026


 Performance counter stats for 'sleep 0.05':

                 0      dummy                                                       

       0.050896807 seconds time elapsed

       0.000000000 seconds user
       0.000842000 seconds sys



=== stat: bpf-output ===
# started on Thu Sep 17 11:32:09 2026


 Performance counter stats for 'sleep 0.05':

                 0      bpf-output                                                  

       0.051000663 seconds time elapsed

       0.000000000 seconds user
       0.000912000 seconds sys


