
=== stat: cpu-clock ===
# started on Thu Sep 10 15:37:36 2026


 Performance counter stats for 'sleep 0.05':

              0.45 msec cpu-clock                 #    0.009 CPUs utilized          

       0.050930800 seconds time elapsed

       0.000890000 seconds user
       0.000000000 seconds sys



=== record: cpu-clock ===
Couldn't record kernel reference relocation symbol
Symbol resolution may be skewed if relocation was used (e.g. kexec).
Check /proc/kallsyms permission or run as root.
perf_event__synthesize_bpf_events: failed to synthesize bpf images: No such file or directory
Couldn't synthesize bpf events.
[ perf record: Woken up 1 times to write data ]
[ perf record: Captured and wrote 0.002 MB /root/0460882-Project-HwiSwiCoDesign/results/raytrace/optimized/2026-09-10-15-37/.perf-probe.XwJBr0/record.data ]

=== stat: task-clock ===
# started on Thu Sep 10 15:37:37 2026


 Performance counter stats for 'sleep 0.05':

              0.50 msec task-clock                #    0.010 CPUs utilized          

       0.051074502 seconds time elapsed

       0.000000000 seconds user
       0.001018000 seconds sys



=== record: task-clock ===
Couldn't record kernel reference relocation symbol
Symbol resolution may be skewed if relocation was used (e.g. kexec).
Check /proc/kallsyms permission or run as root.
perf_event__synthesize_bpf_events: failed to synthesize bpf images: No such file or directory
Couldn't synthesize bpf events.
[ perf record: Woken up 1 times to write data ]
[ perf record: Captured and wrote 0.002 MB /root/0460882-Project-HwiSwiCoDesign/results/raytrace/optimized/2026-09-10-15-37/.perf-probe.XwJBr0/record.data ]

=== stat: cycles ===
# started on Thu Sep 10 15:37:38 2026


 Performance counter stats for 'sleep 0.05':

           1038892      cycles                                                      

       0.060875307 seconds time elapsed

       0.000000000 seconds user
       0.010793000 seconds sys



=== record: cycles ===
Couldn't record kernel reference relocation symbol
Symbol resolution may be skewed if relocation was used (e.g. kexec).
Check /proc/kallsyms permission or run as root.
perf_event__synthesize_bpf_events: failed to synthesize bpf images: No such file or directory
Couldn't synthesize bpf events.
[ perf record: Woken up 1 times to write data ]
[ perf record: Captured and wrote 0.002 MB /root/0460882-Project-HwiSwiCoDesign/results/raytrace/optimized/2026-09-10-15-37/.perf-probe.XwJBr0/record.data ]

=== stat: instructions ===
# started on Thu Sep 10 15:37:39 2026


 Performance counter stats for 'sleep 0.05':

            542544      instructions                                                

       0.056745076 seconds time elapsed

       0.000000000 seconds user
       0.006607000 seconds sys



=== record: instructions ===
Couldn't record kernel reference relocation symbol
Symbol resolution may be skewed if relocation was used (e.g. kexec).
Check /proc/kallsyms permission or run as root.
perf_event__synthesize_bpf_events: failed to synthesize bpf images: No such file or directory
Couldn't synthesize bpf events.
[ perf record: Woken up 1 times to write data ]
[ perf record: Captured and wrote 0.003 MB /root/0460882-Project-HwiSwiCoDesign/results/raytrace/optimized/2026-09-10-15-37/.perf-probe.XwJBr0/record.data (4 samples) ]

=== stat: branch-instructions ===
# started on Thu Sep 10 15:37:40 2026


 Performance counter stats for 'sleep 0.05':

            119495      branch-instructions                                         

       0.060090109 seconds time elapsed

       0.000000000 seconds user
       0.010015000 seconds sys



=== record: branch-instructions ===
Couldn't record kernel reference relocation symbol
Symbol resolution may be skewed if relocation was used (e.g. kexec).
Check /proc/kallsyms permission or run as root.
perf_event__synthesize_bpf_events: failed to synthesize bpf images: No such file or directory
Couldn't synthesize bpf events.
[ perf record: Woken up 1 times to write data ]
[ perf record: Captured and wrote 0.002 MB /root/0460882-Project-HwiSwiCoDesign/results/raytrace/optimized/2026-09-10-15-37/.perf-probe.XwJBr0/record.data ]

=== stat: branch-misses ===
# started on Thu Sep 10 15:37:41 2026


 Performance counter stats for 'sleep 0.05':

              5364      branch-misses                                               

       0.058804401 seconds time elapsed

       0.000000000 seconds user
       0.008715000 seconds sys



=== record: branch-misses ===
Couldn't record kernel reference relocation symbol
Symbol resolution may be skewed if relocation was used (e.g. kexec).
Check /proc/kallsyms permission or run as root.
perf_event__synthesize_bpf_events: failed to synthesize bpf images: No such file or directory
Couldn't synthesize bpf events.
[ perf record: Woken up 1 times to write data ]
[ perf record: Captured and wrote 0.002 MB /root/0460882-Project-HwiSwiCoDesign/results/raytrace/optimized/2026-09-10-15-37/.perf-probe.XwJBr0/record.data ]

=== stat: bus-cycles ===
# started on Thu Sep 10 15:37:43 2026


 Performance counter stats for 'sleep 0.05':

             49429      bus-cycles                                                  

       0.057178176 seconds time elapsed

       0.000000000 seconds user
       0.007059000 seconds sys



=== record: bus-cycles ===
Couldn't record kernel reference relocation symbol
Symbol resolution may be skewed if relocation was used (e.g. kexec).
Check /proc/kallsyms permission or run as root.
perf_event__synthesize_bpf_events: failed to synthesize bpf images: No such file or directory
Couldn't synthesize bpf events.
[ perf record: Woken up 1 times to write data ]
[ perf record: Captured and wrote 0.002 MB /root/0460882-Project-HwiSwiCoDesign/results/raytrace/optimized/2026-09-10-15-37/.perf-probe.XwJBr0/record.data ]

=== stat: cache-references ===
# started on Thu Sep 10 15:37:44 2026


 Performance counter stats for 'sleep 0.05':

             19729      cache-references                                            

       0.056822761 seconds time elapsed

       0.000000000 seconds user
       0.006716000 seconds sys



=== record: cache-references ===
Couldn't record kernel reference relocation symbol
Symbol resolution may be skewed if relocation was used (e.g. kexec).
Check /proc/kallsyms permission or run as root.
perf_event__synthesize_bpf_events: failed to synthesize bpf images: No such file or directory
Couldn't synthesize bpf events.
[ perf record: Woken up 1 times to write data ]
[ perf record: Captured and wrote 0.002 MB /root/0460882-Project-HwiSwiCoDesign/results/raytrace/optimized/2026-09-10-15-37/.perf-probe.XwJBr0/record.data ]

=== stat: cache-misses ===
# started on Thu Sep 10 15:37:45 2026


 Performance counter stats for 'sleep 0.05':

               435      cache-misses                                                

       0.057069996 seconds time elapsed

       0.000000000 seconds user
       0.006967000 seconds sys



=== record: cache-misses ===
Couldn't record kernel reference relocation symbol
Symbol resolution may be skewed if relocation was used (e.g. kexec).
Check /proc/kallsyms permission or run as root.
perf_event__synthesize_bpf_events: failed to synthesize bpf images: No such file or directory
Couldn't synthesize bpf events.
[ perf record: Woken up 1 times to write data ]
[ perf record: Captured and wrote 0.002 MB /root/0460882-Project-HwiSwiCoDesign/results/raytrace/optimized/2026-09-10-15-37/.perf-probe.XwJBr0/record.data ]

=== stat: ref-cycles ===
# started on Thu Sep 10 15:37:46 2026


 Performance counter stats for 'sleep 0.05':

           1077408      ref-cycles                                                  

       0.061916406 seconds time elapsed

       0.000000000 seconds user
       0.009857000 seconds sys



=== record: ref-cycles ===
Couldn't record kernel reference relocation symbol
Symbol resolution may be skewed if relocation was used (e.g. kexec).
Check /proc/kallsyms permission or run as root.
perf_event__synthesize_bpf_events: failed to synthesize bpf images: No such file or directory
Couldn't synthesize bpf events.
[ perf record: Woken up 1 times to write data ]
[ perf record: Captured and wrote 0.002 MB /root/0460882-Project-HwiSwiCoDesign/results/raytrace/optimized/2026-09-10-15-37/.perf-probe.XwJBr0/record.data ]

=== stat: stalled-cycles-frontend ===
# started on Thu Sep 10 15:37:47 2026


 Performance counter stats for 'sleep 0.05':

   <not supported>      stalled-cycles-frontend                                     

       0.051143784 seconds time elapsed

       0.001078000 seconds user
       0.000000000 seconds sys



=== record: stalled-cycles-frontend ===
Error:
The stalled-cycles-frontend event is not supported.

=== stat: stalled-cycles-backend ===
# started on Thu Sep 10 15:37:47 2026


 Performance counter stats for 'sleep 0.05':

   <not supported>      stalled-cycles-backend                                      

       0.050940025 seconds time elapsed

       0.000894000 seconds user
       0.000000000 seconds sys



=== record: stalled-cycles-backend ===
Error:
The stalled-cycles-backend event is not supported.

=== stat: page-faults ===
# started on Thu Sep 10 15:37:47 2026


 Performance counter stats for 'sleep 0.05':

                58      page-faults                                                 

       0.050858129 seconds time elapsed

       0.000813000 seconds user
       0.000000000 seconds sys



=== record: page-faults ===
Couldn't record kernel reference relocation symbol
Symbol resolution may be skewed if relocation was used (e.g. kexec).
Check /proc/kallsyms permission or run as root.
perf_event__synthesize_bpf_events: failed to synthesize bpf images: No such file or directory
Couldn't synthesize bpf events.
[ perf record: Woken up 1 times to write data ]
[ perf record: Captured and wrote 0.003 MB /root/0460882-Project-HwiSwiCoDesign/results/raytrace/optimized/2026-09-10-15-37/.perf-probe.XwJBr0/record.data (6 samples) ]

=== stat: minor-faults ===
# started on Thu Sep 10 15:37:48 2026


 Performance counter stats for 'sleep 0.05':

                61      minor-faults                                                

       0.051055616 seconds time elapsed

       0.001011000 seconds user
       0.000000000 seconds sys



=== record: minor-faults ===
Couldn't record kernel reference relocation symbol
Symbol resolution may be skewed if relocation was used (e.g. kexec).
Check /proc/kallsyms permission or run as root.
perf_event__synthesize_bpf_events: failed to synthesize bpf images: No such file or directory
Couldn't synthesize bpf events.
[ perf record: Woken up 1 times to write data ]
[ perf record: Captured and wrote 0.003 MB /root/0460882-Project-HwiSwiCoDesign/results/raytrace/optimized/2026-09-10-15-37/.perf-probe.XwJBr0/record.data (5 samples) ]

=== stat: major-faults ===
# started on Thu Sep 10 15:37:49 2026


 Performance counter stats for 'sleep 0.05':

                 0      major-faults                                                

       0.050983276 seconds time elapsed

       0.000963000 seconds user
       0.000000000 seconds sys



=== record: major-faults ===
Couldn't record kernel reference relocation symbol
Symbol resolution may be skewed if relocation was used (e.g. kexec).
Check /proc/kallsyms permission or run as root.
perf_event__synthesize_bpf_events: failed to synthesize bpf images: No such file or directory
Couldn't synthesize bpf events.
[ perf record: Woken up 1 times to write data ]
[ perf record: Captured and wrote 0.002 MB /root/0460882-Project-HwiSwiCoDesign/results/raytrace/optimized/2026-09-10-15-37/.perf-probe.XwJBr0/record.data ]

=== stat: context-switches ===
# started on Thu Sep 10 15:37:51 2026


 Performance counter stats for 'sleep 0.05':

                 1      context-switches                                            

       0.051006476 seconds time elapsed

       0.000966000 seconds user
       0.000000000 seconds sys



=== record: context-switches ===
Couldn't record kernel reference relocation symbol
Symbol resolution may be skewed if relocation was used (e.g. kexec).
Check /proc/kallsyms permission or run as root.
perf_event__synthesize_bpf_events: failed to synthesize bpf images: No such file or directory
Couldn't synthesize bpf events.
[ perf record: Woken up 1 times to write data ]
[ perf record: Captured and wrote 0.002 MB /root/0460882-Project-HwiSwiCoDesign/results/raytrace/optimized/2026-09-10-15-37/.perf-probe.XwJBr0/record.data (1 samples) ]

=== stat: cpu-migrations ===
# started on Thu Sep 10 15:37:52 2026


 Performance counter stats for 'sleep 0.05':

                 0      cpu-migrations                                              

       0.050928895 seconds time elapsed

       0.000904000 seconds user
       0.000000000 seconds sys



=== record: cpu-migrations ===
Couldn't record kernel reference relocation symbol
Symbol resolution may be skewed if relocation was used (e.g. kexec).
Check /proc/kallsyms permission or run as root.
perf_event__synthesize_bpf_events: failed to synthesize bpf images: No such file or directory
Couldn't synthesize bpf events.
[ perf record: Woken up 1 times to write data ]
[ perf record: Captured and wrote 0.002 MB /root/0460882-Project-HwiSwiCoDesign/results/raytrace/optimized/2026-09-10-15-37/.perf-probe.XwJBr0/record.data ]

=== stat: alignment-faults ===
# started on Thu Sep 10 15:37:53 2026


 Performance counter stats for 'sleep 0.05':

                 0      alignment-faults                                            

       0.051053368 seconds time elapsed

       0.000000000 seconds user
       0.001007000 seconds sys



=== record: alignment-faults ===
Couldn't record kernel reference relocation symbol
Symbol resolution may be skewed if relocation was used (e.g. kexec).
Check /proc/kallsyms permission or run as root.
perf_event__synthesize_bpf_events: failed to synthesize bpf images: No such file or directory
Couldn't synthesize bpf events.
[ perf record: Woken up 1 times to write data ]
[ perf record: Captured and wrote 0.002 MB /root/0460882-Project-HwiSwiCoDesign/results/raytrace/optimized/2026-09-10-15-37/.perf-probe.XwJBr0/record.data ]

=== stat: emulation-faults ===
# started on Thu Sep 10 15:37:54 2026


 Performance counter stats for 'sleep 0.05':

                 0      emulation-faults                                            

       0.051040039 seconds time elapsed

       0.000988000 seconds user
       0.000000000 seconds sys



=== record: emulation-faults ===
Couldn't record kernel reference relocation symbol
Symbol resolution may be skewed if relocation was used (e.g. kexec).
Check /proc/kallsyms permission or run as root.
perf_event__synthesize_bpf_events: failed to synthesize bpf images: No such file or directory
Couldn't synthesize bpf events.
[ perf record: Woken up 1 times to write data ]
[ perf record: Captured and wrote 0.002 MB /root/0460882-Project-HwiSwiCoDesign/results/raytrace/optimized/2026-09-10-15-37/.perf-probe.XwJBr0/record.data ]

=== stat: cgroup-switches ===
# started on Thu Sep 10 15:37:55 2026


 Performance counter stats for 'sleep 0.05':

                 1      cgroup-switches                                             

       0.051073018 seconds time elapsed

       0.000000000 seconds user
       0.001006000 seconds sys



=== record: cgroup-switches ===
Couldn't record kernel reference relocation symbol
Symbol resolution may be skewed if relocation was used (e.g. kexec).
Check /proc/kallsyms permission or run as root.
perf_event__synthesize_bpf_events: failed to synthesize bpf images: No such file or directory
Couldn't synthesize bpf events.
[ perf record: Woken up 1 times to write data ]
[ perf record: Captured and wrote 0.002 MB /root/0460882-Project-HwiSwiCoDesign/results/raytrace/optimized/2026-09-10-15-37/.perf-probe.XwJBr0/record.data ]

=== stat: L1-dcache-loads ===
# started on Thu Sep 10 15:37:56 2026


 Performance counter stats for 'sleep 0.05':

            161336      L1-dcache-loads                                             

       0.059841907 seconds time elapsed

       0.000000000 seconds user
       0.009739000 seconds sys



=== record: L1-dcache-loads ===
Couldn't record kernel reference relocation symbol
Symbol resolution may be skewed if relocation was used (e.g. kexec).
Check /proc/kallsyms permission or run as root.
perf_event__synthesize_bpf_events: failed to synthesize bpf images: No such file or directory
Couldn't synthesize bpf events.
[ perf record: Woken up 1 times to write data ]
[ perf record: Captured and wrote 0.002 MB /root/0460882-Project-HwiSwiCoDesign/results/raytrace/optimized/2026-09-10-15-37/.perf-probe.XwJBr0/record.data ]

=== stat: L1-dcache-load-misses ===
# started on Thu Sep 10 15:37:57 2026


 Performance counter stats for 'sleep 0.05':

             16191      L1-dcache-load-misses                                       

       0.056608147 seconds time elapsed

       0.000000000 seconds user
       0.006542000 seconds sys



=== record: L1-dcache-load-misses ===
Couldn't record kernel reference relocation symbol
Symbol resolution may be skewed if relocation was used (e.g. kexec).
Check /proc/kallsyms permission or run as root.
perf_event__synthesize_bpf_events: failed to synthesize bpf images: No such file or directory
Couldn't synthesize bpf events.
[ perf record: Woken up 1 times to write data ]
[ perf record: Captured and wrote 0.002 MB /root/0460882-Project-HwiSwiCoDesign/results/raytrace/optimized/2026-09-10-15-37/.perf-probe.XwJBr0/record.data ]

=== stat: L1-dcache-stores ===
# started on Thu Sep 10 15:37:58 2026


 Performance counter stats for 'sleep 0.05':

             92717      L1-dcache-stores                                            

       0.056526691 seconds time elapsed

       0.000000000 seconds user
       0.006383000 seconds sys



=== record: L1-dcache-stores ===
Couldn't record kernel reference relocation symbol
Symbol resolution may be skewed if relocation was used (e.g. kexec).
Check /proc/kallsyms permission or run as root.
perf_event__synthesize_bpf_events: failed to synthesize bpf images: No such file or directory
Couldn't synthesize bpf events.
[ perf record: Woken up 1 times to write data ]
[ perf record: Captured and wrote 0.002 MB /root/0460882-Project-HwiSwiCoDesign/results/raytrace/optimized/2026-09-10-15-37/.perf-probe.XwJBr0/record.data ]

=== stat: L1-dcache-store-misses ===
# started on Thu Sep 10 15:38:00 2026


 Performance counter stats for 'sleep 0.05':

   <not supported>      L1-dcache-store-misses                                      

       0.050934901 seconds time elapsed

       0.000925000 seconds user
       0.000000000 seconds sys



=== record: L1-dcache-store-misses ===
Error:
The L1-dcache-store-misses event is not supported.

=== stat: L1-dcache-prefetches ===
# started on Thu Sep 10 15:38:00 2026


 Performance counter stats for 'sleep 0.05':

   <not supported>      L1-dcache-prefetches                                        

       0.051008860 seconds time elapsed

       0.000947000 seconds user
       0.000000000 seconds sys



=== record: L1-dcache-prefetches ===
Error:
The L1-dcache-prefetches event is not supported.

=== stat: L1-dcache-prefetch-misses ===
# started on Thu Sep 10 15:38:00 2026


 Performance counter stats for 'sleep 0.05':

   <not supported>      L1-dcache-prefetch-misses                                   

       0.050994055 seconds time elapsed

       0.000920000 seconds user
       0.000000000 seconds sys



=== record: L1-dcache-prefetch-misses ===
Error:
The L1-dcache-prefetch-misses event is not supported.

=== stat: L1-icache-loads ===
# started on Thu Sep 10 15:38:00 2026


 Performance counter stats for 'sleep 0.05':

   <not supported>      L1-icache-loads                                             

       0.050970556 seconds time elapsed

       0.000944000 seconds user
       0.000000000 seconds sys



=== record: L1-icache-loads ===
Error:
The L1-icache-loads event is not supported.

=== stat: L1-icache-load-misses ===
# started on Thu Sep 10 15:38:00 2026


 Performance counter stats for 'sleep 0.05':

              8951      L1-icache-load-misses                                       

       0.051097422 seconds time elapsed

       0.001045000 seconds user
       0.000000000 seconds sys



=== record: L1-icache-load-misses ===
Couldn't record kernel reference relocation symbol
Symbol resolution may be skewed if relocation was used (e.g. kexec).
Check /proc/kallsyms permission or run as root.
perf_event__synthesize_bpf_events: failed to synthesize bpf images: No such file or directory
Couldn't synthesize bpf events.
[ perf record: Woken up 1 times to write data ]
[ perf record: Captured and wrote 0.002 MB /root/0460882-Project-HwiSwiCoDesign/results/raytrace/optimized/2026-09-10-15-37/.perf-probe.XwJBr0/record.data ]

=== stat: LLC-loads ===
# started on Thu Sep 10 15:38:01 2026


 Performance counter stats for 'sleep 0.05':

   <not supported>      LLC-loads                                                   

       0.051017590 seconds time elapsed

       0.000000000 seconds user
       0.000968000 seconds sys



=== record: LLC-loads ===
Error:
The sys_perf_event_open() syscall returned with 6 (No such device or address) for event (LLC-loads).
/bin/dmesg | grep -i perf may provide additional information.


=== stat: LLC-load-misses ===
# started on Thu Sep 10 15:38:01 2026


 Performance counter stats for 'sleep 0.05':

   <not supported>      LLC-load-misses                                             

       0.050967993 seconds time elapsed

       0.000000000 seconds user
       0.000929000 seconds sys



=== record: LLC-load-misses ===
Error:
The sys_perf_event_open() syscall returned with 6 (No such device or address) for event (LLC-load-misses).
/bin/dmesg | grep -i perf may provide additional information.


=== stat: LLC-stores ===
# started on Thu Sep 10 15:38:01 2026


 Performance counter stats for 'sleep 0.05':

   <not supported>      LLC-stores                                                  

       0.050980678 seconds time elapsed

       0.000920000 seconds user
       0.000000000 seconds sys



=== record: LLC-stores ===
Error:
The sys_perf_event_open() syscall returned with 6 (No such device or address) for event (LLC-stores).
/bin/dmesg | grep -i perf may provide additional information.


=== stat: LLC-store-misses ===
# started on Thu Sep 10 15:38:01 2026


 Performance counter stats for 'sleep 0.05':

   <not supported>      LLC-store-misses                                            

       0.050981916 seconds time elapsed

       0.000916000 seconds user
       0.000000000 seconds sys



=== record: LLC-store-misses ===
Error:
The sys_perf_event_open() syscall returned with 6 (No such device or address) for event (LLC-store-misses).
/bin/dmesg | grep -i perf may provide additional information.


=== stat: LLC-prefetches ===
# started on Thu Sep 10 15:38:01 2026


 Performance counter stats for 'sleep 0.05':

   <not supported>      LLC-prefetches                                              

       0.050947771 seconds time elapsed

       0.000884000 seconds user
       0.000000000 seconds sys



=== record: LLC-prefetches ===
Error:
The LLC-prefetches event is not supported.

=== stat: LLC-prefetch-misses ===
# started on Thu Sep 10 15:38:02 2026


 Performance counter stats for 'sleep 0.05':

   <not supported>      LLC-prefetch-misses                                         

       0.050940176 seconds time elapsed

       0.000917000 seconds user
       0.000000000 seconds sys



=== record: LLC-prefetch-misses ===
Error:
The LLC-prefetch-misses event is not supported.

=== stat: dTLB-loads ===
# started on Thu Sep 10 15:38:02 2026


 Performance counter stats for 'sleep 0.05':

            157920      dTLB-loads                                                  

       0.051093786 seconds time elapsed

       0.001047000 seconds user
       0.000000000 seconds sys



=== record: dTLB-loads ===
Couldn't record kernel reference relocation symbol
Symbol resolution may be skewed if relocation was used (e.g. kexec).
Check /proc/kallsyms permission or run as root.
perf_event__synthesize_bpf_events: failed to synthesize bpf images: No such file or directory
Couldn't synthesize bpf events.
[ perf record: Woken up 1 times to write data ]
[ perf record: Captured and wrote 0.002 MB /root/0460882-Project-HwiSwiCoDesign/results/raytrace/optimized/2026-09-10-15-37/.perf-probe.XwJBr0/record.data ]

=== stat: dTLB-load-misses ===
# started on Thu Sep 10 15:38:03 2026


 Performance counter stats for 'sleep 0.05':

              4111      dTLB-load-misses                                            

       0.056545022 seconds time elapsed

       0.000000000 seconds user
       0.006513000 seconds sys



=== record: dTLB-load-misses ===
Couldn't record kernel reference relocation symbol
Symbol resolution may be skewed if relocation was used (e.g. kexec).
Check /proc/kallsyms permission or run as root.
perf_event__synthesize_bpf_events: failed to synthesize bpf images: No such file or directory
Couldn't synthesize bpf events.
[ perf record: Woken up 1 times to write data ]
[ perf record: Captured and wrote 0.002 MB /root/0460882-Project-HwiSwiCoDesign/results/raytrace/optimized/2026-09-10-15-37/.perf-probe.XwJBr0/record.data ]

=== stat: dTLB-stores ===
# started on Thu Sep 10 15:38:04 2026


 Performance counter stats for 'sleep 0.05':

             94718      dTLB-stores                                                 

       0.057238286 seconds time elapsed

       0.000000000 seconds user
       0.007144000 seconds sys



=== record: dTLB-stores ===
Couldn't record kernel reference relocation symbol
Symbol resolution may be skewed if relocation was used (e.g. kexec).
Check /proc/kallsyms permission or run as root.
perf_event__synthesize_bpf_events: failed to synthesize bpf images: No such file or directory
Couldn't synthesize bpf events.
[ perf record: Woken up 1 times to write data ]
[ perf record: Captured and wrote 0.002 MB /root/0460882-Project-HwiSwiCoDesign/results/raytrace/optimized/2026-09-10-15-37/.perf-probe.XwJBr0/record.data ]

=== stat: dTLB-store-misses ===
# started on Thu Sep 10 15:38:05 2026


 Performance counter stats for 'sleep 0.05':

               559      dTLB-store-misses                                           

       0.057216938 seconds time elapsed

       0.000000000 seconds user
       0.007098000 seconds sys



=== record: dTLB-store-misses ===
Couldn't record kernel reference relocation symbol
Symbol resolution may be skewed if relocation was used (e.g. kexec).
Check /proc/kallsyms permission or run as root.
perf_event__synthesize_bpf_events: failed to synthesize bpf images: No such file or directory
Couldn't synthesize bpf events.
[ perf record: Woken up 1 times to write data ]
[ perf record: Captured and wrote 0.002 MB /root/0460882-Project-HwiSwiCoDesign/results/raytrace/optimized/2026-09-10-15-37/.perf-probe.XwJBr0/record.data ]

=== stat: iTLB-loads ===
# started on Thu Sep 10 15:38:06 2026


 Performance counter stats for 'sleep 0.05':

               737      iTLB-loads                                                  

       0.057114560 seconds time elapsed

       0.000000000 seconds user
       0.007035000 seconds sys



=== record: iTLB-loads ===
Couldn't record kernel reference relocation symbol
Symbol resolution may be skewed if relocation was used (e.g. kexec).
Check /proc/kallsyms permission or run as root.
perf_event__synthesize_bpf_events: failed to synthesize bpf images: No such file or directory
Couldn't synthesize bpf events.
[ perf record: Woken up 1 times to write data ]
[ perf record: Captured and wrote 0.002 MB /root/0460882-Project-HwiSwiCoDesign/results/raytrace/optimized/2026-09-10-15-37/.perf-probe.XwJBr0/record.data ]

=== stat: iTLB-load-misses ===
# started on Thu Sep 10 15:38:07 2026


 Performance counter stats for 'sleep 0.05':

              4137      iTLB-load-misses                                            

       0.057195541 seconds time elapsed

       0.000000000 seconds user
       0.007089000 seconds sys



=== record: iTLB-load-misses ===
Couldn't record kernel reference relocation symbol
Symbol resolution may be skewed if relocation was used (e.g. kexec).
Check /proc/kallsyms permission or run as root.
perf_event__synthesize_bpf_events: failed to synthesize bpf images: No such file or directory
Couldn't synthesize bpf events.
[ perf record: Woken up 1 times to write data ]
[ perf record: Captured and wrote 0.002 MB /root/0460882-Project-HwiSwiCoDesign/results/raytrace/optimized/2026-09-10-15-37/.perf-probe.XwJBr0/record.data ]

=== stat: branch-loads ===
# started on Thu Sep 10 15:38:08 2026


 Performance counter stats for 'sleep 0.05':

            118385      branch-loads                                                

       0.056801188 seconds time elapsed

       0.000000000 seconds user
       0.006653000 seconds sys



=== record: branch-loads ===
Couldn't record kernel reference relocation symbol
Symbol resolution may be skewed if relocation was used (e.g. kexec).
Check /proc/kallsyms permission or run as root.
perf_event__synthesize_bpf_events: failed to synthesize bpf images: No such file or directory
Couldn't synthesize bpf events.
[ perf record: Woken up 1 times to write data ]
[ perf record: Captured and wrote 0.002 MB /root/0460882-Project-HwiSwiCoDesign/results/raytrace/optimized/2026-09-10-15-37/.perf-probe.XwJBr0/record.data ]

=== stat: branch-load-misses ===
# started on Thu Sep 10 15:38:09 2026


 Performance counter stats for 'sleep 0.05':

              5623      branch-load-misses                                          

       0.056493260 seconds time elapsed

       0.000000000 seconds user
       0.006382000 seconds sys



=== record: branch-load-misses ===
Couldn't record kernel reference relocation symbol
Symbol resolution may be skewed if relocation was used (e.g. kexec).
Check /proc/kallsyms permission or run as root.
perf_event__synthesize_bpf_events: failed to synthesize bpf images: No such file or directory
Couldn't synthesize bpf events.
[ perf record: Woken up 1 times to write data ]
[ perf record: Captured and wrote 0.002 MB /root/0460882-Project-HwiSwiCoDesign/results/raytrace/optimized/2026-09-10-15-37/.perf-probe.XwJBr0/record.data ]

=== stat: node-loads ===
# started on Thu Sep 10 15:38:11 2026


 Performance counter stats for 'sleep 0.05':

   <not supported>      node-loads                                                  

       0.051004440 seconds time elapsed

       0.000966000 seconds user
       0.000000000 seconds sys



=== record: node-loads ===
Error:
The sys_perf_event_open() syscall returned with 6 (No such device or address) for event (node-loads).
/bin/dmesg | grep -i perf may provide additional information.


=== stat: node-load-misses ===
# started on Thu Sep 10 15:38:11 2026


 Performance counter stats for 'sleep 0.05':

   <not supported>      node-load-misses                                            

       0.050996908 seconds time elapsed

       0.000945000 seconds user
       0.000000000 seconds sys



=== record: node-load-misses ===
Error:
The sys_perf_event_open() syscall returned with 6 (No such device or address) for event (node-load-misses).
/bin/dmesg | grep -i perf may provide additional information.


=== stat: node-stores ===
# started on Thu Sep 10 15:38:11 2026


 Performance counter stats for 'sleep 0.05':

   <not supported>      node-stores                                                 

       0.050979928 seconds time elapsed

       0.000933000 seconds user
       0.000000000 seconds sys



=== record: node-stores ===
Error:
The sys_perf_event_open() syscall returned with 6 (No such device or address) for event (node-stores).
/bin/dmesg | grep -i perf may provide additional information.


=== stat: node-store-misses ===
# started on Thu Sep 10 15:38:11 2026


 Performance counter stats for 'sleep 0.05':

   <not supported>      node-store-misses                                           

       0.050896683 seconds time elapsed

       0.000866000 seconds user
       0.000000000 seconds sys



=== record: node-store-misses ===
Error:
The sys_perf_event_open() syscall returned with 6 (No such device or address) for event (node-store-misses).
/bin/dmesg | grep -i perf may provide additional information.


=== stat: duration_time ===
# started on Thu Sep 10 15:38:11 2026


 Performance counter stats for 'system wide':

          50998400 ns   duration_time                                               

       0.050998400 seconds time elapsed


=== stat: user_time ===
event syntax error: 'user_time'
                     \___ parser error
Run 'perf list' for a list of valid events

 Usage: perf stat [<options>] [<command>]

    -e, --event <event>   event selector. use 'perf list' to list available events

=== stat: system_time ===
event syntax error: 'system_time'
                     \___ parser error
Run 'perf list' for a list of valid events

 Usage: perf stat [<options>] [<command>]

    -e, --event <event>   event selector. use 'perf list' to list available events

=== stat: dummy ===
# started on Thu Sep 10 15:38:11 2026


 Performance counter stats for 'sleep 0.05':

                 0      dummy                                                       

       0.050958209 seconds time elapsed

       0.000906000 seconds user
       0.000000000 seconds sys



=== stat: bpf-output ===
# started on Thu Sep 10 15:38:11 2026


 Performance counter stats for 'sleep 0.05':

                 0      bpf-output                                                  

       0.050979706 seconds time elapsed

       0.000000000 seconds user
       0.000928000 seconds sys


