
=== stat: cpu-clock ===
# started on Fri Sep 11 16:20:59 2026


 Performance counter stats for 'sleep 0.05':

              0.42 msec cpu-clock                 #    0.008 CPUs utilized          

       0.050927624 seconds time elapsed

       0.000901000 seconds user
       0.000000000 seconds sys



=== record: cpu-clock ===
Couldn't record kernel reference relocation symbol
Symbol resolution may be skewed if relocation was used (e.g. kexec).
Check /proc/kallsyms permission or run as root.
perf_event__synthesize_bpf_events: failed to synthesize bpf images: No such file or directory
Couldn't synthesize bpf events.
[ perf record: Woken up 1 times to write data ]
[ perf record: Captured and wrote 0.005 MB /root/0460882-Project-HwiSwiCoDesign/results/raytrace/optimized/2026-09-11-16-20/.perf-probe.wIHpHC/record.data ]

=== stat: task-clock ===
# started on Fri Sep 11 16:21:00 2026


 Performance counter stats for 'sleep 0.05':

              0.43 msec task-clock                #    0.008 CPUs utilized          

       0.050890902 seconds time elapsed

       0.000000000 seconds user
       0.000849000 seconds sys



=== record: task-clock ===
Couldn't record kernel reference relocation symbol
Symbol resolution may be skewed if relocation was used (e.g. kexec).
Check /proc/kallsyms permission or run as root.
perf_event__synthesize_bpf_events: failed to synthesize bpf images: No such file or directory
Couldn't synthesize bpf events.
[ perf record: Woken up 1 times to write data ]
[ perf record: Captured and wrote 0.005 MB /root/0460882-Project-HwiSwiCoDesign/results/raytrace/optimized/2026-09-11-16-20/.perf-probe.wIHpHC/record.data ]

=== stat: cycles ===
# started on Fri Sep 11 16:21:00 2026


 Performance counter stats for 'sleep 0.05':

            819047      cycles                                                      

       0.050936621 seconds time elapsed

       0.000908000 seconds user
       0.000000000 seconds sys



=== record: cycles ===
Couldn't record kernel reference relocation symbol
Symbol resolution may be skewed if relocation was used (e.g. kexec).
Check /proc/kallsyms permission or run as root.
perf_event__synthesize_bpf_events: failed to synthesize bpf images: No such file or directory
Couldn't synthesize bpf events.
[ perf record: Woken up 1 times to write data ]
[ perf record: Captured and wrote 0.005 MB /root/0460882-Project-HwiSwiCoDesign/results/raytrace/optimized/2026-09-11-16-20/.perf-probe.wIHpHC/record.data ]

=== stat: instructions ===
# started on Fri Sep 11 16:21:00 2026


 Performance counter stats for 'sleep 0.05':

            539384      instructions                                                

       0.050912601 seconds time elapsed

       0.000894000 seconds user
       0.000000000 seconds sys



=== record: instructions ===
Couldn't record kernel reference relocation symbol
Symbol resolution may be skewed if relocation was used (e.g. kexec).
Check /proc/kallsyms permission or run as root.
perf_event__synthesize_bpf_events: failed to synthesize bpf images: No such file or directory
Couldn't synthesize bpf events.
[ perf record: Woken up 1 times to write data ]
[ perf record: Captured and wrote 0.037 MB /root/0460882-Project-HwiSwiCoDesign/results/raytrace/optimized/2026-09-11-16-20/.perf-probe.wIHpHC/record.data (4 samples) ]

=== stat: branch-instructions ===
# started on Fri Sep 11 16:21:00 2026


 Performance counter stats for 'sleep 0.05':

            118269      branch-instructions                                         

       0.050957993 seconds time elapsed

       0.000931000 seconds user
       0.000000000 seconds sys



=== record: branch-instructions ===
Couldn't record kernel reference relocation symbol
Symbol resolution may be skewed if relocation was used (e.g. kexec).
Check /proc/kallsyms permission or run as root.
perf_event__synthesize_bpf_events: failed to synthesize bpf images: No such file or directory
Couldn't synthesize bpf events.
[ perf record: Woken up 1 times to write data ]
[ perf record: Captured and wrote 0.005 MB /root/0460882-Project-HwiSwiCoDesign/results/raytrace/optimized/2026-09-11-16-20/.perf-probe.wIHpHC/record.data ]

=== stat: branch-misses ===
# started on Fri Sep 11 16:21:00 2026


 Performance counter stats for 'sleep 0.05':

              4980      branch-misses                                               

       0.050844757 seconds time elapsed

       0.000812000 seconds user
       0.000000000 seconds sys



=== record: branch-misses ===
Couldn't record kernel reference relocation symbol
Symbol resolution may be skewed if relocation was used (e.g. kexec).
Check /proc/kallsyms permission or run as root.
perf_event__synthesize_bpf_events: failed to synthesize bpf images: No such file or directory
Couldn't synthesize bpf events.
[ perf record: Woken up 1 times to write data ]
[ perf record: Captured and wrote 0.005 MB /root/0460882-Project-HwiSwiCoDesign/results/raytrace/optimized/2026-09-11-16-20/.perf-probe.wIHpHC/record.data ]

=== stat: bus-cycles ===
# started on Fri Sep 11 16:21:00 2026


 Performance counter stats for 'sleep 0.05':

             34830      bus-cycles                                                  

       0.050865197 seconds time elapsed

       0.000831000 seconds user
       0.000000000 seconds sys



=== record: bus-cycles ===
Couldn't record kernel reference relocation symbol
Symbol resolution may be skewed if relocation was used (e.g. kexec).
Check /proc/kallsyms permission or run as root.
perf_event__synthesize_bpf_events: failed to synthesize bpf images: No such file or directory
Couldn't synthesize bpf events.
[ perf record: Woken up 1 times to write data ]
[ perf record: Captured and wrote 0.005 MB /root/0460882-Project-HwiSwiCoDesign/results/raytrace/optimized/2026-09-11-16-20/.perf-probe.wIHpHC/record.data ]

=== stat: cache-references ===
# started on Fri Sep 11 16:21:00 2026


 Performance counter stats for 'sleep 0.05':

             17773      cache-references                                            

       0.056436899 seconds time elapsed

       0.000000000 seconds user
       0.006401000 seconds sys



=== record: cache-references ===
Couldn't record kernel reference relocation symbol
Symbol resolution may be skewed if relocation was used (e.g. kexec).
Check /proc/kallsyms permission or run as root.
perf_event__synthesize_bpf_events: failed to synthesize bpf images: No such file or directory
Couldn't synthesize bpf events.
[ perf record: Woken up 1 times to write data ]
[ perf record: Captured and wrote 0.005 MB /root/0460882-Project-HwiSwiCoDesign/results/raytrace/optimized/2026-09-11-16-20/.perf-probe.wIHpHC/record.data ]

=== stat: cache-misses ===
# started on Fri Sep 11 16:21:01 2026


 Performance counter stats for 'sleep 0.05':

               207      cache-misses                                                

       0.051049858 seconds time elapsed

       0.000000000 seconds user
       0.000957000 seconds sys



=== record: cache-misses ===
Couldn't record kernel reference relocation symbol
Symbol resolution may be skewed if relocation was used (e.g. kexec).
Check /proc/kallsyms permission or run as root.
perf_event__synthesize_bpf_events: failed to synthesize bpf images: No such file or directory
Couldn't synthesize bpf events.
[ perf record: Woken up 1 times to write data ]
[ perf record: Captured and wrote 0.005 MB /root/0460882-Project-HwiSwiCoDesign/results/raytrace/optimized/2026-09-11-16-20/.perf-probe.wIHpHC/record.data ]

=== stat: ref-cycles ===
# started on Fri Sep 11 16:21:01 2026


 Performance counter stats for 'sleep 0.05':

            898032      ref-cycles                                                  

       0.050976434 seconds time elapsed

       0.000000000 seconds user
       0.000934000 seconds sys



=== record: ref-cycles ===
Couldn't record kernel reference relocation symbol
Symbol resolution may be skewed if relocation was used (e.g. kexec).
Check /proc/kallsyms permission or run as root.
perf_event__synthesize_bpf_events: failed to synthesize bpf images: No such file or directory
Couldn't synthesize bpf events.
[ perf record: Woken up 1 times to write data ]
[ perf record: Captured and wrote 0.005 MB /root/0460882-Project-HwiSwiCoDesign/results/raytrace/optimized/2026-09-11-16-20/.perf-probe.wIHpHC/record.data ]

=== stat: stalled-cycles-frontend ===
# started on Fri Sep 11 16:21:01 2026


 Performance counter stats for 'sleep 0.05':

   <not supported>      stalled-cycles-frontend                                     

       0.050855728 seconds time elapsed

       0.000813000 seconds user
       0.000000000 seconds sys



=== record: stalled-cycles-frontend ===
Error:
The stalled-cycles-frontend event is not supported.

=== stat: stalled-cycles-backend ===
# started on Fri Sep 11 16:21:01 2026


 Performance counter stats for 'sleep 0.05':

   <not supported>      stalled-cycles-backend                                      

       0.050848974 seconds time elapsed

       0.000799000 seconds user
       0.000000000 seconds sys



=== record: stalled-cycles-backend ===
Error:
The stalled-cycles-backend event is not supported.

=== stat: page-faults ===
# started on Fri Sep 11 16:21:01 2026


 Performance counter stats for 'sleep 0.05':

                59      page-faults                                                 

       0.050786943 seconds time elapsed

       0.000760000 seconds user
       0.000000000 seconds sys



=== record: page-faults ===
Couldn't record kernel reference relocation symbol
Symbol resolution may be skewed if relocation was used (e.g. kexec).
Check /proc/kallsyms permission or run as root.
perf_event__synthesize_bpf_events: failed to synthesize bpf images: No such file or directory
Couldn't synthesize bpf events.
[ perf record: Woken up 1 times to write data ]
[ perf record: Captured and wrote 0.053 MB /root/0460882-Project-HwiSwiCoDesign/results/raytrace/optimized/2026-09-11-16-20/.perf-probe.wIHpHC/record.data (6 samples) ]

=== stat: minor-faults ===
# started on Fri Sep 11 16:21:01 2026


 Performance counter stats for 'sleep 0.05':

                61      minor-faults                                                

       0.050839925 seconds time elapsed

       0.000815000 seconds user
       0.000000000 seconds sys



=== record: minor-faults ===
Couldn't record kernel reference relocation symbol
Symbol resolution may be skewed if relocation was used (e.g. kexec).
Check /proc/kallsyms permission or run as root.
perf_event__synthesize_bpf_events: failed to synthesize bpf images: No such file or directory
Couldn't synthesize bpf events.
[ perf record: Woken up 1 times to write data ]
[ perf record: Captured and wrote 0.045 MB /root/0460882-Project-HwiSwiCoDesign/results/raytrace/optimized/2026-09-11-16-20/.perf-probe.wIHpHC/record.data (5 samples) ]

=== stat: major-faults ===
# started on Fri Sep 11 16:21:01 2026


 Performance counter stats for 'sleep 0.05':

                 0      major-faults                                                

       0.050899649 seconds time elapsed

       0.000000000 seconds user
       0.000852000 seconds sys



=== record: major-faults ===
Couldn't record kernel reference relocation symbol
Symbol resolution may be skewed if relocation was used (e.g. kexec).
Check /proc/kallsyms permission or run as root.
perf_event__synthesize_bpf_events: failed to synthesize bpf images: No such file or directory
Couldn't synthesize bpf events.
[ perf record: Woken up 1 times to write data ]
[ perf record: Captured and wrote 0.005 MB /root/0460882-Project-HwiSwiCoDesign/results/raytrace/optimized/2026-09-11-16-20/.perf-probe.wIHpHC/record.data ]

=== stat: context-switches ===
# started on Fri Sep 11 16:21:02 2026


 Performance counter stats for 'sleep 0.05':

                 1      context-switches                                            

       0.050853927 seconds time elapsed

       0.000808000 seconds user
       0.000000000 seconds sys



=== record: context-switches ===
Couldn't record kernel reference relocation symbol
Symbol resolution may be skewed if relocation was used (e.g. kexec).
Check /proc/kallsyms permission or run as root.
perf_event__synthesize_bpf_events: failed to synthesize bpf images: No such file or directory
Couldn't synthesize bpf events.
[ perf record: Woken up 1 times to write data ]
[ perf record: Captured and wrote 0.013 MB /root/0460882-Project-HwiSwiCoDesign/results/raytrace/optimized/2026-09-11-16-20/.perf-probe.wIHpHC/record.data (1 samples) ]

=== stat: cpu-migrations ===
# started on Fri Sep 11 16:21:02 2026


 Performance counter stats for 'sleep 0.05':

                 0      cpu-migrations                                              

       0.050887176 seconds time elapsed

       0.000829000 seconds user
       0.000000000 seconds sys



=== record: cpu-migrations ===
Couldn't record kernel reference relocation symbol
Symbol resolution may be skewed if relocation was used (e.g. kexec).
Check /proc/kallsyms permission or run as root.
perf_event__synthesize_bpf_events: failed to synthesize bpf images: No such file or directory
Couldn't synthesize bpf events.
[ perf record: Woken up 1 times to write data ]
[ perf record: Captured and wrote 0.005 MB /root/0460882-Project-HwiSwiCoDesign/results/raytrace/optimized/2026-09-11-16-20/.perf-probe.wIHpHC/record.data ]

=== stat: alignment-faults ===
# started on Fri Sep 11 16:21:02 2026


 Performance counter stats for 'sleep 0.05':

                 0      alignment-faults                                            

       0.050898011 seconds time elapsed

       0.000848000 seconds user
       0.000000000 seconds sys



=== record: alignment-faults ===
Couldn't record kernel reference relocation symbol
Symbol resolution may be skewed if relocation was used (e.g. kexec).
Check /proc/kallsyms permission or run as root.
perf_event__synthesize_bpf_events: failed to synthesize bpf images: No such file or directory
Couldn't synthesize bpf events.
[ perf record: Woken up 1 times to write data ]
[ perf record: Captured and wrote 0.005 MB /root/0460882-Project-HwiSwiCoDesign/results/raytrace/optimized/2026-09-11-16-20/.perf-probe.wIHpHC/record.data ]

=== stat: emulation-faults ===
# started on Fri Sep 11 16:21:02 2026


 Performance counter stats for 'sleep 0.05':

                 0      emulation-faults                                            

       0.050861312 seconds time elapsed

       0.000808000 seconds user
       0.000000000 seconds sys



=== record: emulation-faults ===
Couldn't record kernel reference relocation symbol
Symbol resolution may be skewed if relocation was used (e.g. kexec).
Check /proc/kallsyms permission or run as root.
perf_event__synthesize_bpf_events: failed to synthesize bpf images: No such file or directory
Couldn't synthesize bpf events.
[ perf record: Woken up 1 times to write data ]
[ perf record: Captured and wrote 0.005 MB /root/0460882-Project-HwiSwiCoDesign/results/raytrace/optimized/2026-09-11-16-20/.perf-probe.wIHpHC/record.data ]

=== stat: cgroup-switches ===
# started on Fri Sep 11 16:21:02 2026


 Performance counter stats for 'sleep 0.05':

                 1      cgroup-switches                                             

       0.050859147 seconds time elapsed

       0.000000000 seconds user
       0.000823000 seconds sys



=== record: cgroup-switches ===
Couldn't record kernel reference relocation symbol
Symbol resolution may be skewed if relocation was used (e.g. kexec).
Check /proc/kallsyms permission or run as root.
perf_event__synthesize_bpf_events: failed to synthesize bpf images: No such file or directory
Couldn't synthesize bpf events.
[ perf record: Woken up 1 times to write data ]
[ perf record: Captured and wrote 0.013 MB /root/0460882-Project-HwiSwiCoDesign/results/raytrace/optimized/2026-09-11-16-20/.perf-probe.wIHpHC/record.data (1 samples) ]

=== stat: L1-dcache-loads ===
# started on Fri Sep 11 16:21:02 2026


 Performance counter stats for 'sleep 0.05':

            155625      L1-dcache-loads                                             

       0.050910172 seconds time elapsed

       0.000878000 seconds user
       0.000000000 seconds sys



=== record: L1-dcache-loads ===
Couldn't record kernel reference relocation symbol
Symbol resolution may be skewed if relocation was used (e.g. kexec).
Check /proc/kallsyms permission or run as root.
perf_event__synthesize_bpf_events: failed to synthesize bpf images: No such file or directory
Couldn't synthesize bpf events.
[ perf record: Woken up 1 times to write data ]
[ perf record: Captured and wrote 0.005 MB /root/0460882-Project-HwiSwiCoDesign/results/raytrace/optimized/2026-09-11-16-20/.perf-probe.wIHpHC/record.data ]

=== stat: L1-dcache-load-misses ===
# started on Fri Sep 11 16:21:03 2026


 Performance counter stats for 'sleep 0.05':

             14891      L1-dcache-load-misses                                       

       0.050924694 seconds time elapsed

       0.000900000 seconds user
       0.000000000 seconds sys



=== record: L1-dcache-load-misses ===
Couldn't record kernel reference relocation symbol
Symbol resolution may be skewed if relocation was used (e.g. kexec).
Check /proc/kallsyms permission or run as root.
perf_event__synthesize_bpf_events: failed to synthesize bpf images: No such file or directory
Couldn't synthesize bpf events.
[ perf record: Woken up 1 times to write data ]
[ perf record: Captured and wrote 0.005 MB /root/0460882-Project-HwiSwiCoDesign/results/raytrace/optimized/2026-09-11-16-20/.perf-probe.wIHpHC/record.data ]

=== stat: L1-dcache-stores ===
# started on Fri Sep 11 16:21:03 2026


 Performance counter stats for 'sleep 0.05':

             95033      L1-dcache-stores                                            

       0.056571976 seconds time elapsed

       0.000000000 seconds user
       0.006515000 seconds sys



=== record: L1-dcache-stores ===
Couldn't record kernel reference relocation symbol
Symbol resolution may be skewed if relocation was used (e.g. kexec).
Check /proc/kallsyms permission or run as root.
perf_event__synthesize_bpf_events: failed to synthesize bpf images: No such file or directory
Couldn't synthesize bpf events.
[ perf record: Woken up 1 times to write data ]
[ perf record: Captured and wrote 0.005 MB /root/0460882-Project-HwiSwiCoDesign/results/raytrace/optimized/2026-09-11-16-20/.perf-probe.wIHpHC/record.data ]

=== stat: L1-dcache-store-misses ===
# started on Fri Sep 11 16:21:03 2026


 Performance counter stats for 'sleep 0.05':

   <not supported>      L1-dcache-store-misses                                      

       0.050864058 seconds time elapsed

       0.000811000 seconds user
       0.000000000 seconds sys



=== record: L1-dcache-store-misses ===
Error:
The L1-dcache-store-misses event is not supported.

=== stat: L1-dcache-prefetches ===
# started on Fri Sep 11 16:21:03 2026


 Performance counter stats for 'sleep 0.05':

   <not supported>      L1-dcache-prefetches                                        

       0.050875495 seconds time elapsed

       0.000835000 seconds user
       0.000000000 seconds sys



=== record: L1-dcache-prefetches ===
Error:
The L1-dcache-prefetches event is not supported.

=== stat: L1-dcache-prefetch-misses ===
# started on Fri Sep 11 16:21:03 2026


 Performance counter stats for 'sleep 0.05':

   <not supported>      L1-dcache-prefetch-misses                                   

       0.050807077 seconds time elapsed

       0.000778000 seconds user
       0.000000000 seconds sys



=== record: L1-dcache-prefetch-misses ===
Error:
The L1-dcache-prefetch-misses event is not supported.

=== stat: L1-icache-loads ===
# started on Fri Sep 11 16:21:03 2026


 Performance counter stats for 'sleep 0.05':

   <not supported>      L1-icache-loads                                             

       0.050894486 seconds time elapsed

       0.000851000 seconds user
       0.000000000 seconds sys



=== record: L1-icache-loads ===
Error:
The L1-icache-loads event is not supported.

=== stat: L1-icache-load-misses ===
# started on Fri Sep 11 16:21:03 2026


 Performance counter stats for 'sleep 0.05':

              7245      L1-icache-load-misses                                       

       0.050992694 seconds time elapsed

       0.000941000 seconds user
       0.000000000 seconds sys



=== record: L1-icache-load-misses ===
Couldn't record kernel reference relocation symbol
Symbol resolution may be skewed if relocation was used (e.g. kexec).
Check /proc/kallsyms permission or run as root.
perf_event__synthesize_bpf_events: failed to synthesize bpf images: No such file or directory
Couldn't synthesize bpf events.
[ perf record: Woken up 1 times to write data ]
[ perf record: Captured and wrote 0.005 MB /root/0460882-Project-HwiSwiCoDesign/results/raytrace/optimized/2026-09-11-16-20/.perf-probe.wIHpHC/record.data ]

=== stat: LLC-loads ===
# started on Fri Sep 11 16:21:03 2026


 Performance counter stats for 'sleep 0.05':

   <not supported>      LLC-loads                                                   

       0.050852256 seconds time elapsed

       0.000806000 seconds user
       0.000000000 seconds sys



=== record: LLC-loads ===
Error:
The sys_perf_event_open() syscall returned with 6 (No such device or address) for event (LLC-loads).
/bin/dmesg | grep -i perf may provide additional information.


=== stat: LLC-load-misses ===
# started on Fri Sep 11 16:21:04 2026


 Performance counter stats for 'sleep 0.05':

   <not supported>      LLC-load-misses                                             

       0.050849141 seconds time elapsed

       0.000000000 seconds user
       0.000817000 seconds sys



=== record: LLC-load-misses ===
Error:
The sys_perf_event_open() syscall returned with 6 (No such device or address) for event (LLC-load-misses).
/bin/dmesg | grep -i perf may provide additional information.


=== stat: LLC-stores ===
# started on Fri Sep 11 16:21:04 2026


 Performance counter stats for 'sleep 0.05':

   <not supported>      LLC-stores                                                  

       0.050804131 seconds time elapsed

       0.000769000 seconds user
       0.000000000 seconds sys



=== record: LLC-stores ===
Error:
The sys_perf_event_open() syscall returned with 6 (No such device or address) for event (LLC-stores).
/bin/dmesg | grep -i perf may provide additional information.


=== stat: LLC-store-misses ===
# started on Fri Sep 11 16:21:04 2026


 Performance counter stats for 'sleep 0.05':

   <not supported>      LLC-store-misses                                            

       0.050799718 seconds time elapsed

       0.000778000 seconds user
       0.000000000 seconds sys



=== record: LLC-store-misses ===
Error:
The sys_perf_event_open() syscall returned with 6 (No such device or address) for event (LLC-store-misses).
/bin/dmesg | grep -i perf may provide additional information.


=== stat: LLC-prefetches ===
# started on Fri Sep 11 16:21:04 2026


 Performance counter stats for 'sleep 0.05':

   <not supported>      LLC-prefetches                                              

       0.050874140 seconds time elapsed

       0.000826000 seconds user
       0.000000000 seconds sys



=== record: LLC-prefetches ===
Error:
The LLC-prefetches event is not supported.

=== stat: LLC-prefetch-misses ===
# started on Fri Sep 11 16:21:04 2026


 Performance counter stats for 'sleep 0.05':

   <not supported>      LLC-prefetch-misses                                         

       0.050857150 seconds time elapsed

       0.000808000 seconds user
       0.000000000 seconds sys



=== record: LLC-prefetch-misses ===
Error:
The LLC-prefetch-misses event is not supported.

=== stat: dTLB-loads ===
# started on Fri Sep 11 16:21:04 2026


 Performance counter stats for 'sleep 0.05':

            157570      dTLB-loads                                                  

       0.050872823 seconds time elapsed

       0.000835000 seconds user
       0.000000000 seconds sys



=== record: dTLB-loads ===
Couldn't record kernel reference relocation symbol
Symbol resolution may be skewed if relocation was used (e.g. kexec).
Check /proc/kallsyms permission or run as root.
perf_event__synthesize_bpf_events: failed to synthesize bpf images: No such file or directory
Couldn't synthesize bpf events.
[ perf record: Woken up 1 times to write data ]
[ perf record: Captured and wrote 0.005 MB /root/0460882-Project-HwiSwiCoDesign/results/raytrace/optimized/2026-09-11-16-20/.perf-probe.wIHpHC/record.data ]

=== stat: dTLB-load-misses ===
# started on Fri Sep 11 16:21:04 2026


 Performance counter stats for 'sleep 0.05':

              3428      dTLB-load-misses                                            

       0.050858037 seconds time elapsed

       0.000821000 seconds user
       0.000000000 seconds sys



=== record: dTLB-load-misses ===
Couldn't record kernel reference relocation symbol
Symbol resolution may be skewed if relocation was used (e.g. kexec).
Check /proc/kallsyms permission or run as root.
perf_event__synthesize_bpf_events: failed to synthesize bpf images: No such file or directory
Couldn't synthesize bpf events.
[ perf record: Woken up 1 times to write data ]
[ perf record: Captured and wrote 0.005 MB /root/0460882-Project-HwiSwiCoDesign/results/raytrace/optimized/2026-09-11-16-20/.perf-probe.wIHpHC/record.data ]

=== stat: dTLB-stores ===
# started on Fri Sep 11 16:21:04 2026


 Performance counter stats for 'sleep 0.05':

             93132      dTLB-stores                                                 

       0.050926706 seconds time elapsed

       0.000916000 seconds user
       0.000000000 seconds sys



=== record: dTLB-stores ===
Couldn't record kernel reference relocation symbol
Symbol resolution may be skewed if relocation was used (e.g. kexec).
Check /proc/kallsyms permission or run as root.
perf_event__synthesize_bpf_events: failed to synthesize bpf images: No such file or directory
Couldn't synthesize bpf events.
[ perf record: Woken up 1 times to write data ]
[ perf record: Captured and wrote 0.005 MB /root/0460882-Project-HwiSwiCoDesign/results/raytrace/optimized/2026-09-11-16-20/.perf-probe.wIHpHC/record.data ]

=== stat: dTLB-store-misses ===
# started on Fri Sep 11 16:21:04 2026


 Performance counter stats for 'sleep 0.05':

               539      dTLB-store-misses                                           

       0.051019483 seconds time elapsed

       0.000000000 seconds user
       0.000954000 seconds sys



=== record: dTLB-store-misses ===
Couldn't record kernel reference relocation symbol
Symbol resolution may be skewed if relocation was used (e.g. kexec).
Check /proc/kallsyms permission or run as root.
perf_event__synthesize_bpf_events: failed to synthesize bpf images: No such file or directory
Couldn't synthesize bpf events.
[ perf record: Woken up 1 times to write data ]
[ perf record: Captured and wrote 0.005 MB /root/0460882-Project-HwiSwiCoDesign/results/raytrace/optimized/2026-09-11-16-20/.perf-probe.wIHpHC/record.data ]

=== stat: iTLB-loads ===
# started on Fri Sep 11 16:21:05 2026


 Performance counter stats for 'sleep 0.05':

               739      iTLB-loads                                                  

       0.050943011 seconds time elapsed

       0.000892000 seconds user
       0.000000000 seconds sys



=== record: iTLB-loads ===
Couldn't record kernel reference relocation symbol
Symbol resolution may be skewed if relocation was used (e.g. kexec).
Check /proc/kallsyms permission or run as root.
perf_event__synthesize_bpf_events: failed to synthesize bpf images: No such file or directory
Couldn't synthesize bpf events.
[ perf record: Woken up 1 times to write data ]
[ perf record: Captured and wrote 0.005 MB /root/0460882-Project-HwiSwiCoDesign/results/raytrace/optimized/2026-09-11-16-20/.perf-probe.wIHpHC/record.data ]

=== stat: iTLB-load-misses ===
# started on Fri Sep 11 16:21:05 2026


 Performance counter stats for 'sleep 0.05':

              3841      iTLB-load-misses                                            

       0.056653067 seconds time elapsed

       0.000000000 seconds user
       0.006595000 seconds sys



=== record: iTLB-load-misses ===
Couldn't record kernel reference relocation symbol
Symbol resolution may be skewed if relocation was used (e.g. kexec).
Check /proc/kallsyms permission or run as root.
perf_event__synthesize_bpf_events: failed to synthesize bpf images: No such file or directory
Couldn't synthesize bpf events.
[ perf record: Woken up 1 times to write data ]
[ perf record: Captured and wrote 0.005 MB /root/0460882-Project-HwiSwiCoDesign/results/raytrace/optimized/2026-09-11-16-20/.perf-probe.wIHpHC/record.data ]

=== stat: branch-loads ===
# started on Fri Sep 11 16:21:05 2026


 Performance counter stats for 'sleep 0.05':

            115651      branch-loads                                                

       0.050981950 seconds time elapsed

       0.000941000 seconds user
       0.000000000 seconds sys



=== record: branch-loads ===
Couldn't record kernel reference relocation symbol
Symbol resolution may be skewed if relocation was used (e.g. kexec).
Check /proc/kallsyms permission or run as root.
perf_event__synthesize_bpf_events: failed to synthesize bpf images: No such file or directory
Couldn't synthesize bpf events.
[ perf record: Woken up 1 times to write data ]
[ perf record: Captured and wrote 0.005 MB /root/0460882-Project-HwiSwiCoDesign/results/raytrace/optimized/2026-09-11-16-20/.perf-probe.wIHpHC/record.data ]

=== stat: branch-load-misses ===
# started on Fri Sep 11 16:21:05 2026


 Performance counter stats for 'sleep 0.05':

              5043      branch-load-misses                                          

       0.050969533 seconds time elapsed

       0.000906000 seconds user
       0.000000000 seconds sys



=== record: branch-load-misses ===
Couldn't record kernel reference relocation symbol
Symbol resolution may be skewed if relocation was used (e.g. kexec).
Check /proc/kallsyms permission or run as root.
perf_event__synthesize_bpf_events: failed to synthesize bpf images: No such file or directory
Couldn't synthesize bpf events.
[ perf record: Woken up 1 times to write data ]
[ perf record: Captured and wrote 0.005 MB /root/0460882-Project-HwiSwiCoDesign/results/raytrace/optimized/2026-09-11-16-20/.perf-probe.wIHpHC/record.data ]

=== stat: node-loads ===
# started on Fri Sep 11 16:21:05 2026


 Performance counter stats for 'sleep 0.05':

   <not supported>      node-loads                                                  

       0.050872252 seconds time elapsed

       0.000823000 seconds user
       0.000000000 seconds sys



=== record: node-loads ===
Error:
The sys_perf_event_open() syscall returned with 6 (No such device or address) for event (node-loads).
/bin/dmesg | grep -i perf may provide additional information.


=== stat: node-load-misses ===
# started on Fri Sep 11 16:21:05 2026


 Performance counter stats for 'sleep 0.05':

   <not supported>      node-load-misses                                            

       0.050794933 seconds time elapsed

       0.000755000 seconds user
       0.000000000 seconds sys



=== record: node-load-misses ===
Error:
The sys_perf_event_open() syscall returned with 6 (No such device or address) for event (node-load-misses).
/bin/dmesg | grep -i perf may provide additional information.


=== stat: node-stores ===
# started on Fri Sep 11 16:21:05 2026


 Performance counter stats for 'sleep 0.05':

   <not supported>      node-stores                                                 

       0.050870371 seconds time elapsed

       0.000000000 seconds user
       0.000828000 seconds sys



=== record: node-stores ===
Error:
The sys_perf_event_open() syscall returned with 6 (No such device or address) for event (node-stores).
/bin/dmesg | grep -i perf may provide additional information.


=== stat: node-store-misses ===
# started on Fri Sep 11 16:21:06 2026


 Performance counter stats for 'sleep 0.05':

   <not supported>      node-store-misses                                           

       0.050866423 seconds time elapsed

       0.000820000 seconds user
       0.000000000 seconds sys



=== record: node-store-misses ===
Error:
The sys_perf_event_open() syscall returned with 6 (No such device or address) for event (node-store-misses).
/bin/dmesg | grep -i perf may provide additional information.


=== stat: duration_time ===
# started on Fri Sep 11 16:21:06 2026


 Performance counter stats for 'system wide':

          50887937 ns   duration_time                                               

       0.050887937 seconds time elapsed


=== stat: user_time ===
event syntax error: 'user_time'
                     \___ parser error
Run 'perf list' for a list of valid events

 Usage: perf stat [<options>] [<command>]

    -e, --event <event>   event selector. use 'perf list' to list available events

=== stat: system_time ===
event syntax error: 'system_time'
                     \___ parser error
Run 'perf list' for a list of valid events

 Usage: perf stat [<options>] [<command>]

    -e, --event <event>   event selector. use 'perf list' to list available events

=== stat: dummy ===
# started on Fri Sep 11 16:21:06 2026


 Performance counter stats for 'sleep 0.05':

                 0      dummy                                                       

       0.050870751 seconds time elapsed

       0.000823000 seconds user
       0.000000000 seconds sys



=== stat: bpf-output ===
# started on Fri Sep 11 16:21:06 2026


 Performance counter stats for 'sleep 0.05':

                 0      bpf-output                                                  

       0.050842099 seconds time elapsed

       0.000798000 seconds user
       0.000000000 seconds sys


