
=== stat: cpu-clock ===
# started on Thu Sep 10 16:37:00 2026


 Performance counter stats for 'sleep 0.05':

              0.46 msec cpu-clock                 #    0.009 CPUs utilized          

       0.050993218 seconds time elapsed

       0.000966000 seconds user
       0.000000000 seconds sys



=== record: cpu-clock ===
Couldn't record kernel reference relocation symbol
Symbol resolution may be skewed if relocation was used (e.g. kexec).
Check /proc/kallsyms permission or run as root.
perf_event__synthesize_bpf_events: failed to synthesize bpf images: No such file or directory
Couldn't synthesize bpf events.
[ perf record: Woken up 1 times to write data ]
[ perf record: Captured and wrote 0.002 MB /root/0460882-Project-HwiSwiCoDesign/results/raytrace/optimized/2026-09-10-16-37/.perf-probe.YGjaSK/record.data ]

=== stat: task-clock ===
# started on Thu Sep 10 16:37:01 2026


 Performance counter stats for 'sleep 0.05':

              0.45 msec task-clock                #    0.009 CPUs utilized          

       0.051059386 seconds time elapsed

       0.000000000 seconds user
       0.000998000 seconds sys



=== record: task-clock ===
Couldn't record kernel reference relocation symbol
Symbol resolution may be skewed if relocation was used (e.g. kexec).
Check /proc/kallsyms permission or run as root.
perf_event__synthesize_bpf_events: failed to synthesize bpf images: No such file or directory
Couldn't synthesize bpf events.
[ perf record: Woken up 1 times to write data ]
[ perf record: Captured and wrote 0.002 MB /root/0460882-Project-HwiSwiCoDesign/results/raytrace/optimized/2026-09-10-16-37/.perf-probe.YGjaSK/record.data ]

=== stat: cycles ===
# started on Thu Sep 10 16:37:02 2026


 Performance counter stats for 'sleep 0.05':

            994580      cycles                                                      

       0.056380900 seconds time elapsed

       0.000000000 seconds user
       0.006352000 seconds sys



=== record: cycles ===
Couldn't record kernel reference relocation symbol
Symbol resolution may be skewed if relocation was used (e.g. kexec).
Check /proc/kallsyms permission or run as root.
perf_event__synthesize_bpf_events: failed to synthesize bpf images: No such file or directory
Couldn't synthesize bpf events.
[ perf record: Woken up 1 times to write data ]
[ perf record: Captured and wrote 0.002 MB /root/0460882-Project-HwiSwiCoDesign/results/raytrace/optimized/2026-09-10-16-37/.perf-probe.YGjaSK/record.data ]

=== stat: instructions ===
# started on Thu Sep 10 16:37:03 2026


 Performance counter stats for 'sleep 0.05':

            551487      instructions                                                

       0.057118336 seconds time elapsed

       0.000000000 seconds user
       0.006986000 seconds sys



=== record: instructions ===
Couldn't record kernel reference relocation symbol
Symbol resolution may be skewed if relocation was used (e.g. kexec).
Check /proc/kallsyms permission or run as root.
perf_event__synthesize_bpf_events: failed to synthesize bpf images: No such file or directory
Couldn't synthesize bpf events.
[ perf record: Woken up 1 times to write data ]
[ perf record: Captured and wrote 0.003 MB /root/0460882-Project-HwiSwiCoDesign/results/raytrace/optimized/2026-09-10-16-37/.perf-probe.YGjaSK/record.data (4 samples) ]

=== stat: branch-instructions ===
# started on Thu Sep 10 16:37:04 2026


 Performance counter stats for 'sleep 0.05':

            116506      branch-instructions                                         

       0.056924350 seconds time elapsed

       0.000000000 seconds user
       0.006849000 seconds sys



=== record: branch-instructions ===
Couldn't record kernel reference relocation symbol
Symbol resolution may be skewed if relocation was used (e.g. kexec).
Check /proc/kallsyms permission or run as root.
perf_event__synthesize_bpf_events: failed to synthesize bpf images: No such file or directory
Couldn't synthesize bpf events.
[ perf record: Woken up 1 times to write data ]
[ perf record: Captured and wrote 0.002 MB /root/0460882-Project-HwiSwiCoDesign/results/raytrace/optimized/2026-09-10-16-37/.perf-probe.YGjaSK/record.data ]

=== stat: branch-misses ===
# started on Thu Sep 10 16:37:05 2026


 Performance counter stats for 'sleep 0.05':

              5435      branch-misses                                               

       0.056928825 seconds time elapsed

       0.000000000 seconds user
       0.006802000 seconds sys



=== record: branch-misses ===
Couldn't record kernel reference relocation symbol
Symbol resolution may be skewed if relocation was used (e.g. kexec).
Check /proc/kallsyms permission or run as root.
perf_event__synthesize_bpf_events: failed to synthesize bpf images: No such file or directory
Couldn't synthesize bpf events.
[ perf record: Woken up 1 times to write data ]
[ perf record: Captured and wrote 0.002 MB /root/0460882-Project-HwiSwiCoDesign/results/raytrace/optimized/2026-09-10-16-37/.perf-probe.YGjaSK/record.data ]

=== stat: bus-cycles ===
# started on Thu Sep 10 16:37:06 2026


 Performance counter stats for 'sleep 0.05':

             47690      bus-cycles                                                  

       0.057178114 seconds time elapsed

       0.000000000 seconds user
       0.007073000 seconds sys



=== record: bus-cycles ===
Couldn't record kernel reference relocation symbol
Symbol resolution may be skewed if relocation was used (e.g. kexec).
Check /proc/kallsyms permission or run as root.
perf_event__synthesize_bpf_events: failed to synthesize bpf images: No such file or directory
Couldn't synthesize bpf events.
[ perf record: Woken up 1 times to write data ]
[ perf record: Captured and wrote 0.002 MB /root/0460882-Project-HwiSwiCoDesign/results/raytrace/optimized/2026-09-10-16-37/.perf-probe.YGjaSK/record.data ]

=== stat: cache-references ===
# started on Thu Sep 10 16:37:08 2026


 Performance counter stats for 'sleep 0.05':

             19561      cache-references                                            

       0.056659131 seconds time elapsed

       0.000000000 seconds user
       0.006595000 seconds sys



=== record: cache-references ===
Couldn't record kernel reference relocation symbol
Symbol resolution may be skewed if relocation was used (e.g. kexec).
Check /proc/kallsyms permission or run as root.
perf_event__synthesize_bpf_events: failed to synthesize bpf images: No such file or directory
Couldn't synthesize bpf events.
[ perf record: Woken up 1 times to write data ]
[ perf record: Captured and wrote 0.002 MB /root/0460882-Project-HwiSwiCoDesign/results/raytrace/optimized/2026-09-10-16-37/.perf-probe.YGjaSK/record.data ]

=== stat: cache-misses ===
# started on Thu Sep 10 16:37:09 2026


 Performance counter stats for 'sleep 0.05':

               414      cache-misses                                                

       0.056410514 seconds time elapsed

       0.000000000 seconds user
       0.006312000 seconds sys



=== record: cache-misses ===
Couldn't record kernel reference relocation symbol
Symbol resolution may be skewed if relocation was used (e.g. kexec).
Check /proc/kallsyms permission or run as root.
perf_event__synthesize_bpf_events: failed to synthesize bpf images: No such file or directory
Couldn't synthesize bpf events.
[ perf record: Woken up 1 times to write data ]
[ perf record: Captured and wrote 0.002 MB /root/0460882-Project-HwiSwiCoDesign/results/raytrace/optimized/2026-09-10-16-37/.perf-probe.YGjaSK/record.data ]

=== stat: ref-cycles ===
# started on Thu Sep 10 16:37:10 2026


 Performance counter stats for 'sleep 0.05':

           1307088      ref-cycles                                                  

       0.056990223 seconds time elapsed

       0.000000000 seconds user
       0.006893000 seconds sys



=== record: ref-cycles ===
Couldn't record kernel reference relocation symbol
Symbol resolution may be skewed if relocation was used (e.g. kexec).
Check /proc/kallsyms permission or run as root.
perf_event__synthesize_bpf_events: failed to synthesize bpf images: No such file or directory
Couldn't synthesize bpf events.
[ perf record: Woken up 1 times to write data ]
[ perf record: Captured and wrote 0.002 MB /root/0460882-Project-HwiSwiCoDesign/results/raytrace/optimized/2026-09-10-16-37/.perf-probe.YGjaSK/record.data ]

=== stat: stalled-cycles-frontend ===
# started on Thu Sep 10 16:37:11 2026


 Performance counter stats for 'sleep 0.05':

   <not supported>      stalled-cycles-frontend                                     

       0.050982195 seconds time elapsed

       0.000946000 seconds user
       0.000000000 seconds sys



=== record: stalled-cycles-frontend ===
Error:
The stalled-cycles-frontend event is not supported.

=== stat: stalled-cycles-backend ===
# started on Thu Sep 10 16:37:11 2026


 Performance counter stats for 'sleep 0.05':

   <not supported>      stalled-cycles-backend                                      

       0.050890227 seconds time elapsed

       0.000854000 seconds user
       0.000000000 seconds sys



=== record: stalled-cycles-backend ===
Error:
The stalled-cycles-backend event is not supported.

=== stat: page-faults ===
# started on Thu Sep 10 16:37:11 2026


 Performance counter stats for 'sleep 0.05':

                61      page-faults                                                 

       0.050993175 seconds time elapsed

       0.000922000 seconds user
       0.000000000 seconds sys



=== record: page-faults ===
Couldn't record kernel reference relocation symbol
Symbol resolution may be skewed if relocation was used (e.g. kexec).
Check /proc/kallsyms permission or run as root.
perf_event__synthesize_bpf_events: failed to synthesize bpf images: No such file or directory
Couldn't synthesize bpf events.
[ perf record: Woken up 1 times to write data ]
[ perf record: Captured and wrote 0.003 MB /root/0460882-Project-HwiSwiCoDesign/results/raytrace/optimized/2026-09-10-16-37/.perf-probe.YGjaSK/record.data (5 samples) ]

=== stat: minor-faults ===
# started on Thu Sep 10 16:37:12 2026


 Performance counter stats for 'sleep 0.05':

                58      minor-faults                                                

       0.050965673 seconds time elapsed

       0.000931000 seconds user
       0.000000000 seconds sys



=== record: minor-faults ===
Couldn't record kernel reference relocation symbol
Symbol resolution may be skewed if relocation was used (e.g. kexec).
Check /proc/kallsyms permission or run as root.
perf_event__synthesize_bpf_events: failed to synthesize bpf images: No such file or directory
Couldn't synthesize bpf events.
[ perf record: Woken up 1 times to write data ]
[ perf record: Captured and wrote 0.003 MB /root/0460882-Project-HwiSwiCoDesign/results/raytrace/optimized/2026-09-10-16-37/.perf-probe.YGjaSK/record.data (5 samples) ]

=== stat: major-faults ===
# started on Thu Sep 10 16:37:13 2026


 Performance counter stats for 'sleep 0.05':

                 0      major-faults                                                

       0.051030873 seconds time elapsed

       0.000985000 seconds user
       0.000000000 seconds sys



=== record: major-faults ===
Couldn't record kernel reference relocation symbol
Symbol resolution may be skewed if relocation was used (e.g. kexec).
Check /proc/kallsyms permission or run as root.
perf_event__synthesize_bpf_events: failed to synthesize bpf images: No such file or directory
Couldn't synthesize bpf events.
[ perf record: Woken up 1 times to write data ]
[ perf record: Captured and wrote 0.002 MB /root/0460882-Project-HwiSwiCoDesign/results/raytrace/optimized/2026-09-10-16-37/.perf-probe.YGjaSK/record.data ]

=== stat: context-switches ===
# started on Thu Sep 10 16:37:14 2026


 Performance counter stats for 'sleep 0.05':

                 1      context-switches                                            

       0.051016111 seconds time elapsed

       0.000988000 seconds user
       0.000000000 seconds sys



=== record: context-switches ===
Couldn't record kernel reference relocation symbol
Symbol resolution may be skewed if relocation was used (e.g. kexec).
Check /proc/kallsyms permission or run as root.
perf_event__synthesize_bpf_events: failed to synthesize bpf images: No such file or directory
Couldn't synthesize bpf events.
[ perf record: Woken up 1 times to write data ]
[ perf record: Captured and wrote 0.002 MB /root/0460882-Project-HwiSwiCoDesign/results/raytrace/optimized/2026-09-10-16-37/.perf-probe.YGjaSK/record.data (1 samples) ]

=== stat: cpu-migrations ===
# started on Thu Sep 10 16:37:16 2026


 Performance counter stats for 'sleep 0.05':

                 0      cpu-migrations                                              

       0.051005648 seconds time elapsed

       0.000957000 seconds user
       0.000000000 seconds sys



=== record: cpu-migrations ===
Couldn't record kernel reference relocation symbol
Symbol resolution may be skewed if relocation was used (e.g. kexec).
Check /proc/kallsyms permission or run as root.
perf_event__synthesize_bpf_events: failed to synthesize bpf images: No such file or directory
Couldn't synthesize bpf events.
[ perf record: Woken up 1 times to write data ]
[ perf record: Captured and wrote 0.002 MB /root/0460882-Project-HwiSwiCoDesign/results/raytrace/optimized/2026-09-10-16-37/.perf-probe.YGjaSK/record.data ]

=== stat: alignment-faults ===
# started on Thu Sep 10 16:37:17 2026


 Performance counter stats for 'sleep 0.05':

                 0      alignment-faults                                            

       0.051016236 seconds time elapsed

       0.000979000 seconds user
       0.000000000 seconds sys



=== record: alignment-faults ===
Couldn't record kernel reference relocation symbol
Symbol resolution may be skewed if relocation was used (e.g. kexec).
Check /proc/kallsyms permission or run as root.
perf_event__synthesize_bpf_events: failed to synthesize bpf images: No such file or directory
Couldn't synthesize bpf events.
[ perf record: Woken up 1 times to write data ]
[ perf record: Captured and wrote 0.002 MB /root/0460882-Project-HwiSwiCoDesign/results/raytrace/optimized/2026-09-10-16-37/.perf-probe.YGjaSK/record.data ]

=== stat: emulation-faults ===
# started on Thu Sep 10 16:37:18 2026


 Performance counter stats for 'sleep 0.05':

                 0      emulation-faults                                            

       0.051019293 seconds time elapsed

       0.000987000 seconds user
       0.000000000 seconds sys



=== record: emulation-faults ===
Couldn't record kernel reference relocation symbol
Symbol resolution may be skewed if relocation was used (e.g. kexec).
Check /proc/kallsyms permission or run as root.
perf_event__synthesize_bpf_events: failed to synthesize bpf images: No such file or directory
Couldn't synthesize bpf events.
[ perf record: Woken up 1 times to write data ]
[ perf record: Captured and wrote 0.002 MB /root/0460882-Project-HwiSwiCoDesign/results/raytrace/optimized/2026-09-10-16-37/.perf-probe.YGjaSK/record.data ]

=== stat: cgroup-switches ===
# started on Thu Sep 10 16:37:19 2026


 Performance counter stats for 'sleep 0.05':

                 1      cgroup-switches                                             

       0.051023518 seconds time elapsed

       0.000981000 seconds user
       0.000000000 seconds sys



=== record: cgroup-switches ===
Couldn't record kernel reference relocation symbol
Symbol resolution may be skewed if relocation was used (e.g. kexec).
Check /proc/kallsyms permission or run as root.
perf_event__synthesize_bpf_events: failed to synthesize bpf images: No such file or directory
Couldn't synthesize bpf events.
[ perf record: Woken up 1 times to write data ]
[ perf record: Captured and wrote 0.002 MB /root/0460882-Project-HwiSwiCoDesign/results/raytrace/optimized/2026-09-10-16-37/.perf-probe.YGjaSK/record.data ]

=== stat: L1-dcache-loads ===
# started on Thu Sep 10 16:37:20 2026


 Performance counter stats for 'sleep 0.05':

            155096      L1-dcache-loads                                             

       0.056483056 seconds time elapsed

       0.000000000 seconds user
       0.006435000 seconds sys



=== record: L1-dcache-loads ===
Couldn't record kernel reference relocation symbol
Symbol resolution may be skewed if relocation was used (e.g. kexec).
Check /proc/kallsyms permission or run as root.
perf_event__synthesize_bpf_events: failed to synthesize bpf images: No such file or directory
Couldn't synthesize bpf events.
[ perf record: Woken up 1 times to write data ]
[ perf record: Captured and wrote 0.002 MB /root/0460882-Project-HwiSwiCoDesign/results/raytrace/optimized/2026-09-10-16-37/.perf-probe.YGjaSK/record.data ]

=== stat: L1-dcache-load-misses ===
# started on Thu Sep 10 16:37:21 2026


 Performance counter stats for 'sleep 0.05':

             16436      L1-dcache-load-misses                                       

       0.051206452 seconds time elapsed

       0.000000000 seconds user
       0.001136000 seconds sys



=== record: L1-dcache-load-misses ===
Couldn't record kernel reference relocation symbol
Symbol resolution may be skewed if relocation was used (e.g. kexec).
Check /proc/kallsyms permission or run as root.
perf_event__synthesize_bpf_events: failed to synthesize bpf images: No such file or directory
Couldn't synthesize bpf events.
[ perf record: Woken up 1 times to write data ]
[ perf record: Captured and wrote 0.002 MB /root/0460882-Project-HwiSwiCoDesign/results/raytrace/optimized/2026-09-10-16-37/.perf-probe.YGjaSK/record.data ]

=== stat: L1-dcache-stores ===
# started on Thu Sep 10 16:37:22 2026


 Performance counter stats for 'sleep 0.05':

             94931      L1-dcache-stores                                            

       0.056790093 seconds time elapsed

       0.000000000 seconds user
       0.006679000 seconds sys



=== record: L1-dcache-stores ===
Couldn't record kernel reference relocation symbol
Symbol resolution may be skewed if relocation was used (e.g. kexec).
Check /proc/kallsyms permission or run as root.
perf_event__synthesize_bpf_events: failed to synthesize bpf images: No such file or directory
Couldn't synthesize bpf events.
[ perf record: Woken up 1 times to write data ]
[ perf record: Captured and wrote 0.002 MB /root/0460882-Project-HwiSwiCoDesign/results/raytrace/optimized/2026-09-10-16-37/.perf-probe.YGjaSK/record.data ]

=== stat: L1-dcache-store-misses ===
# started on Thu Sep 10 16:37:23 2026


 Performance counter stats for 'sleep 0.05':

   <not supported>      L1-dcache-store-misses                                      

       0.050916330 seconds time elapsed

       0.000884000 seconds user
       0.000000000 seconds sys



=== record: L1-dcache-store-misses ===
Error:
The L1-dcache-store-misses event is not supported.

=== stat: L1-dcache-prefetches ===
# started on Thu Sep 10 16:37:23 2026


 Performance counter stats for 'sleep 0.05':

   <not supported>      L1-dcache-prefetches                                        

       0.050931092 seconds time elapsed

       0.000905000 seconds user
       0.000000000 seconds sys



=== record: L1-dcache-prefetches ===
Error:
The L1-dcache-prefetches event is not supported.

=== stat: L1-dcache-prefetch-misses ===
# started on Thu Sep 10 16:37:23 2026


 Performance counter stats for 'sleep 0.05':

   <not supported>      L1-dcache-prefetch-misses                                   

       0.050958365 seconds time elapsed

       0.000905000 seconds user
       0.000000000 seconds sys



=== record: L1-dcache-prefetch-misses ===
Error:
The L1-dcache-prefetch-misses event is not supported.

=== stat: L1-icache-loads ===
# started on Thu Sep 10 16:37:24 2026


 Performance counter stats for 'sleep 0.05':

   <not supported>      L1-icache-loads                                             

       0.050979463 seconds time elapsed

       0.000000000 seconds user
       0.000896000 seconds sys



=== record: L1-icache-loads ===
Error:
The L1-icache-loads event is not supported.

=== stat: L1-icache-load-misses ===
# started on Thu Sep 10 16:37:24 2026


 Performance counter stats for 'sleep 0.05':

              8995      L1-icache-load-misses                                       

       0.051066972 seconds time elapsed

       0.001011000 seconds user
       0.000000000 seconds sys



=== record: L1-icache-load-misses ===
Couldn't record kernel reference relocation symbol
Symbol resolution may be skewed if relocation was used (e.g. kexec).
Check /proc/kallsyms permission or run as root.
perf_event__synthesize_bpf_events: failed to synthesize bpf images: No such file or directory
Couldn't synthesize bpf events.
[ perf record: Woken up 1 times to write data ]
[ perf record: Captured and wrote 0.002 MB /root/0460882-Project-HwiSwiCoDesign/results/raytrace/optimized/2026-09-10-16-37/.perf-probe.YGjaSK/record.data ]

=== stat: LLC-loads ===
# started on Thu Sep 10 16:37:25 2026


 Performance counter stats for 'sleep 0.05':

   <not supported>      LLC-loads                                                   

       0.051010907 seconds time elapsed

       0.000000000 seconds user
       0.000963000 seconds sys



=== record: LLC-loads ===
Error:
The sys_perf_event_open() syscall returned with 6 (No such device or address) for event (LLC-loads).
/bin/dmesg | grep -i perf may provide additional information.


=== stat: LLC-load-misses ===
# started on Thu Sep 10 16:37:25 2026


 Performance counter stats for 'sleep 0.05':

   <not supported>      LLC-load-misses                                             

       0.050962568 seconds time elapsed

       0.000906000 seconds user
       0.000000000 seconds sys



=== record: LLC-load-misses ===
Error:
The sys_perf_event_open() syscall returned with 6 (No such device or address) for event (LLC-load-misses).
/bin/dmesg | grep -i perf may provide additional information.


=== stat: LLC-stores ===
# started on Thu Sep 10 16:37:25 2026


 Performance counter stats for 'sleep 0.05':

   <not supported>      LLC-stores                                                  

       0.050961233 seconds time elapsed

       0.000000000 seconds user
       0.000912000 seconds sys



=== record: LLC-stores ===
Error:
The sys_perf_event_open() syscall returned with 6 (No such device or address) for event (LLC-stores).
/bin/dmesg | grep -i perf may provide additional information.


=== stat: LLC-store-misses ===
# started on Thu Sep 10 16:37:25 2026


 Performance counter stats for 'sleep 0.05':

   <not supported>      LLC-store-misses                                            

       0.050962085 seconds time elapsed

       0.000912000 seconds user
       0.000000000 seconds sys



=== record: LLC-store-misses ===
Error:
The sys_perf_event_open() syscall returned with 6 (No such device or address) for event (LLC-store-misses).
/bin/dmesg | grep -i perf may provide additional information.


=== stat: LLC-prefetches ===
# started on Thu Sep 10 16:37:25 2026


 Performance counter stats for 'sleep 0.05':

   <not supported>      LLC-prefetches                                              

       0.050983698 seconds time elapsed

       0.000000000 seconds user
       0.000950000 seconds sys



=== record: LLC-prefetches ===
Error:
The LLC-prefetches event is not supported.

=== stat: LLC-prefetch-misses ===
# started on Thu Sep 10 16:37:25 2026


 Performance counter stats for 'sleep 0.05':

   <not supported>      LLC-prefetch-misses                                         

       0.050965068 seconds time elapsed

       0.000920000 seconds user
       0.000000000 seconds sys



=== record: LLC-prefetch-misses ===
Error:
The LLC-prefetch-misses event is not supported.

=== stat: dTLB-loads ===
# started on Thu Sep 10 16:37:25 2026


 Performance counter stats for 'sleep 0.05':

            150973      dTLB-loads                                                  

       0.050998898 seconds time elapsed

       0.000966000 seconds user
       0.000000000 seconds sys



=== record: dTLB-loads ===
Couldn't record kernel reference relocation symbol
Symbol resolution may be skewed if relocation was used (e.g. kexec).
Check /proc/kallsyms permission or run as root.
perf_event__synthesize_bpf_events: failed to synthesize bpf images: No such file or directory
Couldn't synthesize bpf events.
[ perf record: Woken up 1 times to write data ]
[ perf record: Captured and wrote 0.002 MB /root/0460882-Project-HwiSwiCoDesign/results/raytrace/optimized/2026-09-10-16-37/.perf-probe.YGjaSK/record.data ]

=== stat: dTLB-load-misses ===
# started on Thu Sep 10 16:37:26 2026


 Performance counter stats for 'sleep 0.05':

              4172      dTLB-load-misses                                            

       0.057087236 seconds time elapsed

       0.000000000 seconds user
       0.007003000 seconds sys



=== record: dTLB-load-misses ===
Couldn't record kernel reference relocation symbol
Symbol resolution may be skewed if relocation was used (e.g. kexec).
Check /proc/kallsyms permission or run as root.
perf_event__synthesize_bpf_events: failed to synthesize bpf images: No such file or directory
Couldn't synthesize bpf events.
[ perf record: Woken up 1 times to write data ]
[ perf record: Captured and wrote 0.002 MB /root/0460882-Project-HwiSwiCoDesign/results/raytrace/optimized/2026-09-10-16-37/.perf-probe.YGjaSK/record.data ]

=== stat: dTLB-stores ===
# started on Thu Sep 10 16:37:28 2026


 Performance counter stats for 'sleep 0.05':

             94707      dTLB-stores                                                 

       0.056894576 seconds time elapsed

       0.000000000 seconds user
       0.006825000 seconds sys



=== record: dTLB-stores ===
Couldn't record kernel reference relocation symbol
Symbol resolution may be skewed if relocation was used (e.g. kexec).
Check /proc/kallsyms permission or run as root.
perf_event__synthesize_bpf_events: failed to synthesize bpf images: No such file or directory
Couldn't synthesize bpf events.
[ perf record: Woken up 1 times to write data ]
[ perf record: Captured and wrote 0.002 MB /root/0460882-Project-HwiSwiCoDesign/results/raytrace/optimized/2026-09-10-16-37/.perf-probe.YGjaSK/record.data ]

=== stat: dTLB-store-misses ===
# started on Thu Sep 10 16:37:29 2026


 Performance counter stats for 'sleep 0.05':

               546      dTLB-store-misses                                           

       0.056492552 seconds time elapsed

       0.000000000 seconds user
       0.006371000 seconds sys



=== record: dTLB-store-misses ===
Couldn't record kernel reference relocation symbol
Symbol resolution may be skewed if relocation was used (e.g. kexec).
Check /proc/kallsyms permission or run as root.
perf_event__synthesize_bpf_events: failed to synthesize bpf images: No such file or directory
Couldn't synthesize bpf events.
[ perf record: Woken up 1 times to write data ]
[ perf record: Captured and wrote 0.002 MB /root/0460882-Project-HwiSwiCoDesign/results/raytrace/optimized/2026-09-10-16-37/.perf-probe.YGjaSK/record.data ]

=== stat: iTLB-loads ===
# started on Thu Sep 10 16:37:30 2026


 Performance counter stats for 'sleep 0.05':

               792      iTLB-loads                                                  

       0.058789077 seconds time elapsed

       0.000000000 seconds user
       0.008681000 seconds sys



=== record: iTLB-loads ===
Couldn't record kernel reference relocation symbol
Symbol resolution may be skewed if relocation was used (e.g. kexec).
Check /proc/kallsyms permission or run as root.
perf_event__synthesize_bpf_events: failed to synthesize bpf images: No such file or directory
Couldn't synthesize bpf events.
[ perf record: Woken up 1 times to write data ]
[ perf record: Captured and wrote 0.002 MB /root/0460882-Project-HwiSwiCoDesign/results/raytrace/optimized/2026-09-10-16-37/.perf-probe.YGjaSK/record.data ]

=== stat: iTLB-load-misses ===
# started on Thu Sep 10 16:37:31 2026


 Performance counter stats for 'sleep 0.05':

              4180      iTLB-load-misses                                            

       0.057111651 seconds time elapsed

       0.000000000 seconds user
       0.007022000 seconds sys



=== record: iTLB-load-misses ===
Couldn't record kernel reference relocation symbol
Symbol resolution may be skewed if relocation was used (e.g. kexec).
Check /proc/kallsyms permission or run as root.
perf_event__synthesize_bpf_events: failed to synthesize bpf images: No such file or directory
Couldn't synthesize bpf events.
[ perf record: Woken up 1 times to write data ]
[ perf record: Captured and wrote 0.002 MB /root/0460882-Project-HwiSwiCoDesign/results/raytrace/optimized/2026-09-10-16-37/.perf-probe.YGjaSK/record.data ]

=== stat: branch-loads ===
# started on Thu Sep 10 16:37:32 2026


 Performance counter stats for 'sleep 0.05':

            120419      branch-loads                                                

       0.056848013 seconds time elapsed

       0.000000000 seconds user
       0.006737000 seconds sys



=== record: branch-loads ===
Couldn't record kernel reference relocation symbol
Symbol resolution may be skewed if relocation was used (e.g. kexec).
Check /proc/kallsyms permission or run as root.
perf_event__synthesize_bpf_events: failed to synthesize bpf images: No such file or directory
Couldn't synthesize bpf events.
[ perf record: Woken up 1 times to write data ]
[ perf record: Captured and wrote 0.002 MB /root/0460882-Project-HwiSwiCoDesign/results/raytrace/optimized/2026-09-10-16-37/.perf-probe.YGjaSK/record.data ]

=== stat: branch-load-misses ===
# started on Thu Sep 10 16:37:33 2026


 Performance counter stats for 'sleep 0.05':

              5374      branch-load-misses                                          

       0.057141694 seconds time elapsed

       0.000000000 seconds user
       0.007057000 seconds sys



=== record: branch-load-misses ===
Couldn't record kernel reference relocation symbol
Symbol resolution may be skewed if relocation was used (e.g. kexec).
Check /proc/kallsyms permission or run as root.
perf_event__synthesize_bpf_events: failed to synthesize bpf images: No such file or directory
Couldn't synthesize bpf events.
[ perf record: Woken up 1 times to write data ]
[ perf record: Captured and wrote 0.002 MB /root/0460882-Project-HwiSwiCoDesign/results/raytrace/optimized/2026-09-10-16-37/.perf-probe.YGjaSK/record.data ]

=== stat: node-loads ===
# started on Thu Sep 10 16:37:34 2026


 Performance counter stats for 'sleep 0.05':

   <not supported>      node-loads                                                  

       0.051027718 seconds time elapsed

       0.000000000 seconds user
       0.001007000 seconds sys



=== record: node-loads ===
Error:
The sys_perf_event_open() syscall returned with 6 (No such device or address) for event (node-loads).
/bin/dmesg | grep -i perf may provide additional information.


=== stat: node-load-misses ===
# started on Thu Sep 10 16:37:34 2026


 Performance counter stats for 'sleep 0.05':

   <not supported>      node-load-misses                                            

       0.050965556 seconds time elapsed

       0.000917000 seconds user
       0.000000000 seconds sys



=== record: node-load-misses ===
Error:
The sys_perf_event_open() syscall returned with 6 (No such device or address) for event (node-load-misses).
/bin/dmesg | grep -i perf may provide additional information.


=== stat: node-stores ===
# started on Thu Sep 10 16:37:34 2026


 Performance counter stats for 'sleep 0.05':

   <not supported>      node-stores                                                 

       0.050922833 seconds time elapsed

       0.000867000 seconds user
       0.000000000 seconds sys



=== record: node-stores ===
Error:
The sys_perf_event_open() syscall returned with 6 (No such device or address) for event (node-stores).
/bin/dmesg | grep -i perf may provide additional information.


=== stat: node-store-misses ===
# started on Thu Sep 10 16:37:35 2026


 Performance counter stats for 'sleep 0.05':

   <not supported>      node-store-misses                                           

       0.050997264 seconds time elapsed

       0.000000000 seconds user
       0.000932000 seconds sys



=== record: node-store-misses ===
Error:
The sys_perf_event_open() syscall returned with 6 (No such device or address) for event (node-store-misses).
/bin/dmesg | grep -i perf may provide additional information.


=== stat: duration_time ===
# started on Thu Sep 10 16:37:35 2026


 Performance counter stats for 'system wide':

          50875329 ns   duration_time                                               

       0.050875329 seconds time elapsed


=== stat: user_time ===
event syntax error: 'user_time'
                     \___ parser error
Run 'perf list' for a list of valid events

 Usage: perf stat [<options>] [<command>]

    -e, --event <event>   event selector. use 'perf list' to list available events

=== stat: system_time ===
event syntax error: 'system_time'
                     \___ parser error
Run 'perf list' for a list of valid events

 Usage: perf stat [<options>] [<command>]

    -e, --event <event>   event selector. use 'perf list' to list available events

=== stat: dummy ===
# started on Thu Sep 10 16:37:35 2026


 Performance counter stats for 'sleep 0.05':

                 0      dummy                                                       

       0.050870969 seconds time elapsed

       0.000838000 seconds user
       0.000000000 seconds sys



=== stat: bpf-output ===
# started on Thu Sep 10 16:37:35 2026


 Performance counter stats for 'sleep 0.05':

                 0      bpf-output                                                  

       0.050987483 seconds time elapsed

       0.000940000 seconds user
       0.000000000 seconds sys


