
=== stat: cpu-clock ===
# started on Thu Sep 17 14:18:05 2026


 Performance counter stats for 'sleep 0.05':

              0.43 msec cpu-clock                 #    0.008 CPUs utilized          

       0.050932769 seconds time elapsed

       0.000902000 seconds user
       0.000000000 seconds sys



=== record: cpu-clock ===
Couldn't record kernel reference relocation symbol
Symbol resolution may be skewed if relocation was used (e.g. kexec).
Check /proc/kallsyms permission or run as root.
perf_event__synthesize_bpf_events: failed to synthesize bpf images: No such file or directory
Couldn't synthesize bpf events.
[ perf record: Woken up 1 times to write data ]
[ perf record: Captured and wrote 0.002 MB /root/0460882-Project-HwiSwiCoDesign/results/raytrace/optimized/2026-09-17-14-18/.perf-probe.R8kyai/record.data ]

=== stat: task-clock ===
# started on Thu Sep 17 14:18:05 2026


 Performance counter stats for 'sleep 0.05':

              0.44 msec task-clock                #    0.009 CPUs utilized          

       0.050990431 seconds time elapsed

       0.000939000 seconds user
       0.000000000 seconds sys



=== record: task-clock ===
Couldn't record kernel reference relocation symbol
Symbol resolution may be skewed if relocation was used (e.g. kexec).
Check /proc/kallsyms permission or run as root.
perf_event__synthesize_bpf_events: failed to synthesize bpf images: No such file or directory
Couldn't synthesize bpf events.
[ perf record: Woken up 1 times to write data ]
[ perf record: Captured and wrote 0.002 MB /root/0460882-Project-HwiSwiCoDesign/results/raytrace/optimized/2026-09-17-14-18/.perf-probe.R8kyai/record.data ]

=== stat: cycles ===
# started on Thu Sep 17 14:18:05 2026


 Performance counter stats for 'sleep 0.05':

            953596      cycles                                                      

       0.051133909 seconds time elapsed

       0.001096000 seconds user
       0.000000000 seconds sys



=== record: cycles ===
Couldn't record kernel reference relocation symbol
Symbol resolution may be skewed if relocation was used (e.g. kexec).
Check /proc/kallsyms permission or run as root.
perf_event__synthesize_bpf_events: failed to synthesize bpf images: No such file or directory
Couldn't synthesize bpf events.
[ perf record: Woken up 1 times to write data ]
[ perf record: Captured and wrote 0.002 MB /root/0460882-Project-HwiSwiCoDesign/results/raytrace/optimized/2026-09-17-14-18/.perf-probe.R8kyai/record.data ]

=== stat: instructions ===
# started on Thu Sep 17 14:18:05 2026


 Performance counter stats for 'sleep 0.05':

            554057      instructions                                                

       0.051191269 seconds time elapsed

       0.001137000 seconds user
       0.000000000 seconds sys



=== record: instructions ===
Couldn't record kernel reference relocation symbol
Symbol resolution may be skewed if relocation was used (e.g. kexec).
Check /proc/kallsyms permission or run as root.
perf_event__synthesize_bpf_events: failed to synthesize bpf images: No such file or directory
Couldn't synthesize bpf events.
[ perf record: Woken up 1 times to write data ]
[ perf record: Captured and wrote 0.003 MB /root/0460882-Project-HwiSwiCoDesign/results/raytrace/optimized/2026-09-17-14-18/.perf-probe.R8kyai/record.data (8 samples) ]

=== stat: branch-instructions ===
# started on Thu Sep 17 14:18:06 2026


 Performance counter stats for 'sleep 0.05':

            113427      branch-instructions                                         

       0.051103379 seconds time elapsed

       0.001047000 seconds user
       0.000000000 seconds sys



=== record: branch-instructions ===
Couldn't record kernel reference relocation symbol
Symbol resolution may be skewed if relocation was used (e.g. kexec).
Check /proc/kallsyms permission or run as root.
perf_event__synthesize_bpf_events: failed to synthesize bpf images: No such file or directory
Couldn't synthesize bpf events.
[ perf record: Woken up 1 times to write data ]
[ perf record: Captured and wrote 0.002 MB /root/0460882-Project-HwiSwiCoDesign/results/raytrace/optimized/2026-09-17-14-18/.perf-probe.R8kyai/record.data ]

=== stat: branch-misses ===
# started on Thu Sep 17 14:18:06 2026


 Performance counter stats for 'sleep 0.05':

              5021      branch-misses                                               

       0.051129985 seconds time elapsed

       0.000000000 seconds user
       0.001092000 seconds sys



=== record: branch-misses ===
Couldn't record kernel reference relocation symbol
Symbol resolution may be skewed if relocation was used (e.g. kexec).
Check /proc/kallsyms permission or run as root.
perf_event__synthesize_bpf_events: failed to synthesize bpf images: No such file or directory
Couldn't synthesize bpf events.
[ perf record: Woken up 1 times to write data ]
[ perf record: Captured and wrote 0.002 MB /root/0460882-Project-HwiSwiCoDesign/results/raytrace/optimized/2026-09-17-14-18/.perf-probe.R8kyai/record.data ]

=== stat: bus-cycles ===
# started on Thu Sep 17 14:18:06 2026


 Performance counter stats for 'sleep 0.05':

             40871      bus-cycles                                                  

       0.051038597 seconds time elapsed

       0.000999000 seconds user
       0.000000000 seconds sys



=== record: bus-cycles ===
Couldn't record kernel reference relocation symbol
Symbol resolution may be skewed if relocation was used (e.g. kexec).
Check /proc/kallsyms permission or run as root.
perf_event__synthesize_bpf_events: failed to synthesize bpf images: No such file or directory
Couldn't synthesize bpf events.
[ perf record: Woken up 1 times to write data ]
[ perf record: Captured and wrote 0.002 MB /root/0460882-Project-HwiSwiCoDesign/results/raytrace/optimized/2026-09-17-14-18/.perf-probe.R8kyai/record.data ]

=== stat: cache-references ===
# started on Thu Sep 17 14:18:06 2026


 Performance counter stats for 'sleep 0.05':

             20413      cache-references                                            

       0.060546298 seconds time elapsed

       0.000000000 seconds user
       0.010343000 seconds sys



=== record: cache-references ===
Couldn't record kernel reference relocation symbol
Symbol resolution may be skewed if relocation was used (e.g. kexec).
Check /proc/kallsyms permission or run as root.
perf_event__synthesize_bpf_events: failed to synthesize bpf images: No such file or directory
Couldn't synthesize bpf events.
[ perf record: Woken up 1 times to write data ]
[ perf record: Captured and wrote 0.002 MB /root/0460882-Project-HwiSwiCoDesign/results/raytrace/optimized/2026-09-17-14-18/.perf-probe.R8kyai/record.data ]

=== stat: cache-misses ===
# started on Thu Sep 17 14:18:06 2026


 Performance counter stats for 'sleep 0.05':

               113      cache-misses                                                

       0.051132134 seconds time elapsed

       0.001082000 seconds user
       0.000000000 seconds sys



=== record: cache-misses ===
Couldn't record kernel reference relocation symbol
Symbol resolution may be skewed if relocation was used (e.g. kexec).
Check /proc/kallsyms permission or run as root.
perf_event__synthesize_bpf_events: failed to synthesize bpf images: No such file or directory
Couldn't synthesize bpf events.
[ perf record: Woken up 1 times to write data ]
[ perf record: Captured and wrote 0.002 MB /root/0460882-Project-HwiSwiCoDesign/results/raytrace/optimized/2026-09-17-14-18/.perf-probe.R8kyai/record.data ]

=== stat: ref-cycles ===
# started on Thu Sep 17 14:18:06 2026


 Performance counter stats for 'sleep 0.05':

           1019928      ref-cycles                                                  

       0.051118795 seconds time elapsed

       0.001068000 seconds user
       0.000000000 seconds sys



=== record: ref-cycles ===
Couldn't record kernel reference relocation symbol
Symbol resolution may be skewed if relocation was used (e.g. kexec).
Check /proc/kallsyms permission or run as root.
perf_event__synthesize_bpf_events: failed to synthesize bpf images: No such file or directory
Couldn't synthesize bpf events.
[ perf record: Woken up 1 times to write data ]
[ perf record: Captured and wrote 0.002 MB /root/0460882-Project-HwiSwiCoDesign/results/raytrace/optimized/2026-09-17-14-18/.perf-probe.R8kyai/record.data ]

=== stat: stalled-cycles-frontend ===
# started on Thu Sep 17 14:18:07 2026


 Performance counter stats for 'sleep 0.05':

   <not supported>      stalled-cycles-frontend                                     

       0.050962880 seconds time elapsed

       0.000000000 seconds user
       0.000955000 seconds sys



=== record: stalled-cycles-frontend ===
Error:
The stalled-cycles-frontend event is not supported.

=== stat: stalled-cycles-backend ===
# started on Thu Sep 17 14:18:07 2026


 Performance counter stats for 'sleep 0.05':

   <not supported>      stalled-cycles-backend                                      

       0.050853303 seconds time elapsed

       0.000818000 seconds user
       0.000000000 seconds sys



=== record: stalled-cycles-backend ===
Error:
The stalled-cycles-backend event is not supported.

=== stat: page-faults ===
# started on Thu Sep 17 14:18:07 2026


 Performance counter stats for 'sleep 0.05':

                60      page-faults                                                 

       0.050871834 seconds time elapsed

       0.000836000 seconds user
       0.000000000 seconds sys



=== record: page-faults ===
Couldn't record kernel reference relocation symbol
Symbol resolution may be skewed if relocation was used (e.g. kexec).
Check /proc/kallsyms permission or run as root.
perf_event__synthesize_bpf_events: failed to synthesize bpf images: No such file or directory
Couldn't synthesize bpf events.
[ perf record: Woken up 1 times to write data ]
[ perf record: Captured and wrote 0.003 MB /root/0460882-Project-HwiSwiCoDesign/results/raytrace/optimized/2026-09-17-14-18/.perf-probe.R8kyai/record.data (5 samples) ]

=== stat: minor-faults ===
# started on Thu Sep 17 14:18:07 2026


 Performance counter stats for 'sleep 0.05':

                60      minor-faults                                                

       0.050934107 seconds time elapsed

       0.000899000 seconds user
       0.000000000 seconds sys



=== record: minor-faults ===
Couldn't record kernel reference relocation symbol
Symbol resolution may be skewed if relocation was used (e.g. kexec).
Check /proc/kallsyms permission or run as root.
perf_event__synthesize_bpf_events: failed to synthesize bpf images: No such file or directory
Couldn't synthesize bpf events.
[ perf record: Woken up 1 times to write data ]
[ perf record: Captured and wrote 0.003 MB /root/0460882-Project-HwiSwiCoDesign/results/raytrace/optimized/2026-09-17-14-18/.perf-probe.R8kyai/record.data (5 samples) ]

=== stat: major-faults ===
# started on Thu Sep 17 14:18:07 2026


 Performance counter stats for 'sleep 0.05':

                 0      major-faults                                                

       0.050903513 seconds time elapsed

       0.000882000 seconds user
       0.000000000 seconds sys



=== record: major-faults ===
Couldn't record kernel reference relocation symbol
Symbol resolution may be skewed if relocation was used (e.g. kexec).
Check /proc/kallsyms permission or run as root.
perf_event__synthesize_bpf_events: failed to synthesize bpf images: No such file or directory
Couldn't synthesize bpf events.
[ perf record: Woken up 1 times to write data ]
[ perf record: Captured and wrote 0.002 MB /root/0460882-Project-HwiSwiCoDesign/results/raytrace/optimized/2026-09-17-14-18/.perf-probe.R8kyai/record.data ]

=== stat: context-switches ===
# started on Thu Sep 17 14:18:07 2026


 Performance counter stats for 'sleep 0.05':

                 1      context-switches                                            

       0.050937176 seconds time elapsed

       0.000904000 seconds user
       0.000000000 seconds sys



=== record: context-switches ===
Couldn't record kernel reference relocation symbol
Symbol resolution may be skewed if relocation was used (e.g. kexec).
Check /proc/kallsyms permission or run as root.
perf_event__synthesize_bpf_events: failed to synthesize bpf images: No such file or directory
Couldn't synthesize bpf events.
[ perf record: Woken up 1 times to write data ]
[ perf record: Captured and wrote 0.002 MB /root/0460882-Project-HwiSwiCoDesign/results/raytrace/optimized/2026-09-17-14-18/.perf-probe.R8kyai/record.data (1 samples) ]

=== stat: cpu-migrations ===
# started on Thu Sep 17 14:18:07 2026


 Performance counter stats for 'sleep 0.05':

                 0      cpu-migrations                                              

       0.050990213 seconds time elapsed

       0.000949000 seconds user
       0.000000000 seconds sys



=== record: cpu-migrations ===
Couldn't record kernel reference relocation symbol
Symbol resolution may be skewed if relocation was used (e.g. kexec).
Check /proc/kallsyms permission or run as root.
perf_event__synthesize_bpf_events: failed to synthesize bpf images: No such file or directory
Couldn't synthesize bpf events.
[ perf record: Woken up 1 times to write data ]
[ perf record: Captured and wrote 0.002 MB /root/0460882-Project-HwiSwiCoDesign/results/raytrace/optimized/2026-09-17-14-18/.perf-probe.R8kyai/record.data ]

=== stat: alignment-faults ===
# started on Thu Sep 17 14:18:08 2026


 Performance counter stats for 'sleep 0.05':

                 0      alignment-faults                                            

       0.050972916 seconds time elapsed

       0.000927000 seconds user
       0.000000000 seconds sys



=== record: alignment-faults ===
Couldn't record kernel reference relocation symbol
Symbol resolution may be skewed if relocation was used (e.g. kexec).
Check /proc/kallsyms permission or run as root.
perf_event__synthesize_bpf_events: failed to synthesize bpf images: No such file or directory
Couldn't synthesize bpf events.
[ perf record: Woken up 1 times to write data ]
[ perf record: Captured and wrote 0.002 MB /root/0460882-Project-HwiSwiCoDesign/results/raytrace/optimized/2026-09-17-14-18/.perf-probe.R8kyai/record.data ]

=== stat: emulation-faults ===
# started on Thu Sep 17 14:18:08 2026


 Performance counter stats for 'sleep 0.05':

                 0      emulation-faults                                            

       0.050982387 seconds time elapsed

       0.000914000 seconds user
       0.000000000 seconds sys



=== record: emulation-faults ===
Couldn't record kernel reference relocation symbol
Symbol resolution may be skewed if relocation was used (e.g. kexec).
Check /proc/kallsyms permission or run as root.
perf_event__synthesize_bpf_events: failed to synthesize bpf images: No such file or directory
Couldn't synthesize bpf events.
[ perf record: Woken up 1 times to write data ]
[ perf record: Captured and wrote 0.002 MB /root/0460882-Project-HwiSwiCoDesign/results/raytrace/optimized/2026-09-17-14-18/.perf-probe.R8kyai/record.data ]

=== stat: cgroup-switches ===
# started on Thu Sep 17 14:18:08 2026


 Performance counter stats for 'sleep 0.05':

                 1      cgroup-switches                                             

       0.050947241 seconds time elapsed

       0.000895000 seconds user
       0.000000000 seconds sys



=== record: cgroup-switches ===
Couldn't record kernel reference relocation symbol
Symbol resolution may be skewed if relocation was used (e.g. kexec).
Check /proc/kallsyms permission or run as root.
perf_event__synthesize_bpf_events: failed to synthesize bpf images: No such file or directory
Couldn't synthesize bpf events.
[ perf record: Woken up 1 times to write data ]
[ perf record: Captured and wrote 0.002 MB /root/0460882-Project-HwiSwiCoDesign/results/raytrace/optimized/2026-09-17-14-18/.perf-probe.R8kyai/record.data (1 samples) ]

=== stat: L1-dcache-loads ===
# started on Thu Sep 17 14:18:08 2026


 Performance counter stats for 'sleep 0.05':

            152837      L1-dcache-loads                                             

       0.051113543 seconds time elapsed

       0.001053000 seconds user
       0.000000000 seconds sys



=== record: L1-dcache-loads ===
Couldn't record kernel reference relocation symbol
Symbol resolution may be skewed if relocation was used (e.g. kexec).
Check /proc/kallsyms permission or run as root.
perf_event__synthesize_bpf_events: failed to synthesize bpf images: No such file or directory
Couldn't synthesize bpf events.
[ perf record: Woken up 1 times to write data ]
[ perf record: Captured and wrote 0.002 MB /root/0460882-Project-HwiSwiCoDesign/results/raytrace/optimized/2026-09-17-14-18/.perf-probe.R8kyai/record.data ]

=== stat: L1-dcache-load-misses ===
# started on Thu Sep 17 14:18:08 2026


 Performance counter stats for 'sleep 0.05':

             16799      L1-dcache-load-misses                                       

       0.056801815 seconds time elapsed

       0.000000000 seconds user
       0.006691000 seconds sys



=== record: L1-dcache-load-misses ===
Couldn't record kernel reference relocation symbol
Symbol resolution may be skewed if relocation was used (e.g. kexec).
Check /proc/kallsyms permission or run as root.
perf_event__synthesize_bpf_events: failed to synthesize bpf images: No such file or directory
Couldn't synthesize bpf events.
[ perf record: Woken up 1 times to write data ]
[ perf record: Captured and wrote 0.002 MB /root/0460882-Project-HwiSwiCoDesign/results/raytrace/optimized/2026-09-17-14-18/.perf-probe.R8kyai/record.data ]

=== stat: L1-dcache-stores ===
# started on Thu Sep 17 14:18:08 2026


 Performance counter stats for 'sleep 0.05':

             93888      L1-dcache-stores                                            

       0.051236756 seconds time elapsed

       0.001144000 seconds user
       0.000000000 seconds sys



=== record: L1-dcache-stores ===
Couldn't record kernel reference relocation symbol
Symbol resolution may be skewed if relocation was used (e.g. kexec).
Check /proc/kallsyms permission or run as root.
perf_event__synthesize_bpf_events: failed to synthesize bpf images: No such file or directory
Couldn't synthesize bpf events.
[ perf record: Woken up 1 times to write data ]
[ perf record: Captured and wrote 0.002 MB /root/0460882-Project-HwiSwiCoDesign/results/raytrace/optimized/2026-09-17-14-18/.perf-probe.R8kyai/record.data ]

=== stat: L1-dcache-store-misses ===
# started on Thu Sep 17 14:18:09 2026


 Performance counter stats for 'sleep 0.05':

   <not supported>      L1-dcache-store-misses                                      

       0.050985738 seconds time elapsed

       0.000000000 seconds user
       0.000943000 seconds sys



=== record: L1-dcache-store-misses ===
Error:
The L1-dcache-store-misses event is not supported.

=== stat: L1-dcache-prefetches ===
# started on Thu Sep 17 14:18:09 2026


 Performance counter stats for 'sleep 0.05':

   <not supported>      L1-dcache-prefetches                                        

       0.050910910 seconds time elapsed

       0.000868000 seconds user
       0.000000000 seconds sys



=== record: L1-dcache-prefetches ===
Error:
The L1-dcache-prefetches event is not supported.

=== stat: L1-dcache-prefetch-misses ===
# started on Thu Sep 17 14:18:09 2026


 Performance counter stats for 'sleep 0.05':

   <not supported>      L1-dcache-prefetch-misses                                   

       0.050881960 seconds time elapsed

       0.000849000 seconds user
       0.000000000 seconds sys



=== record: L1-dcache-prefetch-misses ===
Error:
The L1-dcache-prefetch-misses event is not supported.

=== stat: L1-icache-loads ===
# started on Thu Sep 17 14:18:09 2026


 Performance counter stats for 'sleep 0.05':

   <not supported>      L1-icache-loads                                             

       0.050934592 seconds time elapsed

       0.000885000 seconds user
       0.000000000 seconds sys



=== record: L1-icache-loads ===
Error:
The L1-icache-loads event is not supported.

=== stat: L1-icache-load-misses ===
# started on Thu Sep 17 14:18:09 2026


 Performance counter stats for 'sleep 0.05':

              8347      L1-icache-load-misses                                       

       0.051046158 seconds time elapsed

       0.000987000 seconds user
       0.000000000 seconds sys



=== record: L1-icache-load-misses ===
Couldn't record kernel reference relocation symbol
Symbol resolution may be skewed if relocation was used (e.g. kexec).
Check /proc/kallsyms permission or run as root.
perf_event__synthesize_bpf_events: failed to synthesize bpf images: No such file or directory
Couldn't synthesize bpf events.
[ perf record: Woken up 1 times to write data ]
[ perf record: Captured and wrote 0.002 MB /root/0460882-Project-HwiSwiCoDesign/results/raytrace/optimized/2026-09-17-14-18/.perf-probe.R8kyai/record.data ]

=== stat: LLC-loads ===
# started on Thu Sep 17 14:18:09 2026


 Performance counter stats for 'sleep 0.05':

   <not supported>      LLC-loads                                                   

       0.050930764 seconds time elapsed

       0.000878000 seconds user
       0.000000000 seconds sys



=== record: LLC-loads ===
Error:
The sys_perf_event_open() syscall returned with 6 (No such device or address) for event (LLC-loads).
/bin/dmesg | grep -i perf may provide additional information.


=== stat: LLC-load-misses ===
# started on Thu Sep 17 14:18:09 2026


 Performance counter stats for 'sleep 0.05':

   <not supported>      LLC-load-misses                                             

       0.050956603 seconds time elapsed

       0.000879000 seconds user
       0.000000000 seconds sys



=== record: LLC-load-misses ===
Error:
The sys_perf_event_open() syscall returned with 6 (No such device or address) for event (LLC-load-misses).
/bin/dmesg | grep -i perf may provide additional information.


=== stat: LLC-stores ===
# started on Thu Sep 17 14:18:09 2026


 Performance counter stats for 'sleep 0.05':

   <not supported>      LLC-stores                                                  

       0.050877787 seconds time elapsed

       0.000839000 seconds user
       0.000000000 seconds sys



=== record: LLC-stores ===
Error:
The sys_perf_event_open() syscall returned with 6 (No such device or address) for event (LLC-stores).
/bin/dmesg | grep -i perf may provide additional information.


=== stat: LLC-store-misses ===
# started on Thu Sep 17 14:18:10 2026


 Performance counter stats for 'sleep 0.05':

   <not supported>      LLC-store-misses                                            

       0.050923862 seconds time elapsed

       0.000874000 seconds user
       0.000000000 seconds sys



=== record: LLC-store-misses ===
Error:
The sys_perf_event_open() syscall returned with 6 (No such device or address) for event (LLC-store-misses).
/bin/dmesg | grep -i perf may provide additional information.


=== stat: LLC-prefetches ===
# started on Thu Sep 17 14:18:10 2026


 Performance counter stats for 'sleep 0.05':

   <not supported>      LLC-prefetches                                              

       0.050877279 seconds time elapsed

       0.000849000 seconds user
       0.000000000 seconds sys



=== record: LLC-prefetches ===
Error:
The LLC-prefetches event is not supported.

=== stat: LLC-prefetch-misses ===
# started on Thu Sep 17 14:18:10 2026


 Performance counter stats for 'sleep 0.05':

   <not supported>      LLC-prefetch-misses                                         

       0.050905206 seconds time elapsed

       0.000000000 seconds user
       0.000868000 seconds sys



=== record: LLC-prefetch-misses ===
Error:
The LLC-prefetch-misses event is not supported.

=== stat: dTLB-loads ===
# started on Thu Sep 17 14:18:10 2026


 Performance counter stats for 'sleep 0.05':

            157436      dTLB-loads                                                  

       0.050955733 seconds time elapsed

       0.000925000 seconds user
       0.000000000 seconds sys



=== record: dTLB-loads ===
Couldn't record kernel reference relocation symbol
Symbol resolution may be skewed if relocation was used (e.g. kexec).
Check /proc/kallsyms permission or run as root.
perf_event__synthesize_bpf_events: failed to synthesize bpf images: No such file or directory
Couldn't synthesize bpf events.
[ perf record: Woken up 1 times to write data ]
[ perf record: Captured and wrote 0.002 MB /root/0460882-Project-HwiSwiCoDesign/results/raytrace/optimized/2026-09-17-14-18/.perf-probe.R8kyai/record.data ]

=== stat: dTLB-load-misses ===
# started on Thu Sep 17 14:18:10 2026


 Performance counter stats for 'sleep 0.05':

              3676      dTLB-load-misses                                            

       0.051049725 seconds time elapsed

       0.000996000 seconds user
       0.000000000 seconds sys



=== record: dTLB-load-misses ===
Couldn't record kernel reference relocation symbol
Symbol resolution may be skewed if relocation was used (e.g. kexec).
Check /proc/kallsyms permission or run as root.
perf_event__synthesize_bpf_events: failed to synthesize bpf images: No such file or directory
Couldn't synthesize bpf events.
[ perf record: Woken up 1 times to write data ]
[ perf record: Captured and wrote 0.002 MB /root/0460882-Project-HwiSwiCoDesign/results/raytrace/optimized/2026-09-17-14-18/.perf-probe.R8kyai/record.data ]

=== stat: dTLB-stores ===
# started on Thu Sep 17 14:18:10 2026


 Performance counter stats for 'sleep 0.05':

             93141      dTLB-stores                                                 

       0.050954375 seconds time elapsed

       0.000902000 seconds user
       0.000000000 seconds sys



=== record: dTLB-stores ===
Couldn't record kernel reference relocation symbol
Symbol resolution may be skewed if relocation was used (e.g. kexec).
Check /proc/kallsyms permission or run as root.
perf_event__synthesize_bpf_events: failed to synthesize bpf images: No such file or directory
Couldn't synthesize bpf events.
[ perf record: Woken up 1 times to write data ]
[ perf record: Captured and wrote 0.002 MB /root/0460882-Project-HwiSwiCoDesign/results/raytrace/optimized/2026-09-17-14-18/.perf-probe.R8kyai/record.data ]

=== stat: dTLB-store-misses ===
# started on Thu Sep 17 14:18:10 2026


 Performance counter stats for 'sleep 0.05':

               565      dTLB-store-misses                                           

       0.051032221 seconds time elapsed

       0.000983000 seconds user
       0.000000000 seconds sys



=== record: dTLB-store-misses ===
Couldn't record kernel reference relocation symbol
Symbol resolution may be skewed if relocation was used (e.g. kexec).
Check /proc/kallsyms permission or run as root.
perf_event__synthesize_bpf_events: failed to synthesize bpf images: No such file or directory
Couldn't synthesize bpf events.
[ perf record: Woken up 1 times to write data ]
[ perf record: Captured and wrote 0.002 MB /root/0460882-Project-HwiSwiCoDesign/results/raytrace/optimized/2026-09-17-14-18/.perf-probe.R8kyai/record.data ]

=== stat: iTLB-loads ===
# started on Thu Sep 17 14:18:10 2026


 Performance counter stats for 'sleep 0.05':

               657      iTLB-loads                                                  

       0.051139508 seconds time elapsed

       0.001067000 seconds user
       0.000000000 seconds sys



=== record: iTLB-loads ===
Couldn't record kernel reference relocation symbol
Symbol resolution may be skewed if relocation was used (e.g. kexec).
Check /proc/kallsyms permission or run as root.
perf_event__synthesize_bpf_events: failed to synthesize bpf images: No such file or directory
Couldn't synthesize bpf events.
[ perf record: Woken up 1 times to write data ]
[ perf record: Captured and wrote 0.002 MB /root/0460882-Project-HwiSwiCoDesign/results/raytrace/optimized/2026-09-17-14-18/.perf-probe.R8kyai/record.data ]

=== stat: iTLB-load-misses ===
# started on Thu Sep 17 14:18:11 2026


 Performance counter stats for 'sleep 0.05':

              3987      iTLB-load-misses                                            

       0.051111455 seconds time elapsed

       0.001078000 seconds user
       0.000000000 seconds sys



=== record: iTLB-load-misses ===
Couldn't record kernel reference relocation symbol
Symbol resolution may be skewed if relocation was used (e.g. kexec).
Check /proc/kallsyms permission or run as root.
perf_event__synthesize_bpf_events: failed to synthesize bpf images: No such file or directory
Couldn't synthesize bpf events.
[ perf record: Woken up 1 times to write data ]
[ perf record: Captured and wrote 0.002 MB /root/0460882-Project-HwiSwiCoDesign/results/raytrace/optimized/2026-09-17-14-18/.perf-probe.R8kyai/record.data ]

=== stat: branch-loads ===
# started on Thu Sep 17 14:18:11 2026


 Performance counter stats for 'sleep 0.05':

            114765      branch-loads                                                

       0.051073257 seconds time elapsed

       0.001044000 seconds user
       0.000000000 seconds sys



=== record: branch-loads ===
Couldn't record kernel reference relocation symbol
Symbol resolution may be skewed if relocation was used (e.g. kexec).
Check /proc/kallsyms permission or run as root.
perf_event__synthesize_bpf_events: failed to synthesize bpf images: No such file or directory
Couldn't synthesize bpf events.
[ perf record: Woken up 1 times to write data ]
[ perf record: Captured and wrote 0.002 MB /root/0460882-Project-HwiSwiCoDesign/results/raytrace/optimized/2026-09-17-14-18/.perf-probe.R8kyai/record.data ]

=== stat: branch-load-misses ===
# started on Thu Sep 17 14:18:11 2026


 Performance counter stats for 'sleep 0.05':

              5119      branch-load-misses                                          

       0.051114712 seconds time elapsed

       0.001081000 seconds user
       0.000000000 seconds sys



=== record: branch-load-misses ===
Couldn't record kernel reference relocation symbol
Symbol resolution may be skewed if relocation was used (e.g. kexec).
Check /proc/kallsyms permission or run as root.
perf_event__synthesize_bpf_events: failed to synthesize bpf images: No such file or directory
Couldn't synthesize bpf events.
[ perf record: Woken up 1 times to write data ]
[ perf record: Captured and wrote 0.002 MB /root/0460882-Project-HwiSwiCoDesign/results/raytrace/optimized/2026-09-17-14-18/.perf-probe.R8kyai/record.data ]

=== stat: node-loads ===
# started on Thu Sep 17 14:18:11 2026


 Performance counter stats for 'sleep 0.05':

   <not supported>      node-loads                                                  

       0.050979046 seconds time elapsed

       0.000926000 seconds user
       0.000000000 seconds sys



=== record: node-loads ===
Error:
The sys_perf_event_open() syscall returned with 6 (No such device or address) for event (node-loads).
/bin/dmesg | grep -i perf may provide additional information.


=== stat: node-load-misses ===
# started on Thu Sep 17 14:18:11 2026


 Performance counter stats for 'sleep 0.05':

   <not supported>      node-load-misses                                            

       0.050909424 seconds time elapsed

       0.000876000 seconds user
       0.000000000 seconds sys



=== record: node-load-misses ===
Error:
The sys_perf_event_open() syscall returned with 6 (No such device or address) for event (node-load-misses).
/bin/dmesg | grep -i perf may provide additional information.


=== stat: node-stores ===
# started on Thu Sep 17 14:18:11 2026


 Performance counter stats for 'sleep 0.05':

   <not supported>      node-stores                                                 

       0.050939599 seconds time elapsed

       0.000891000 seconds user
       0.000000000 seconds sys



=== record: node-stores ===
Error:
The sys_perf_event_open() syscall returned with 6 (No such device or address) for event (node-stores).
/bin/dmesg | grep -i perf may provide additional information.


=== stat: node-store-misses ===
# started on Thu Sep 17 14:18:11 2026


 Performance counter stats for 'sleep 0.05':

   <not supported>      node-store-misses                                           

       0.050947716 seconds time elapsed

       0.000875000 seconds user
       0.000000000 seconds sys



=== record: node-store-misses ===
Error:
The sys_perf_event_open() syscall returned with 6 (No such device or address) for event (node-store-misses).
/bin/dmesg | grep -i perf may provide additional information.


=== stat: duration_time ===
# started on Thu Sep 17 14:18:12 2026


 Performance counter stats for 'system wide':

          50973816 ns   duration_time                                               

       0.050973816 seconds time elapsed


=== stat: user_time ===
event syntax error: 'user_time'
                     \___ parser error
Run 'perf list' for a list of valid events

 Usage: perf stat [<options>] [<command>]

    -e, --event <event>   event selector. use 'perf list' to list available events

=== stat: system_time ===
event syntax error: 'system_time'
                     \___ parser error
Run 'perf list' for a list of valid events

 Usage: perf stat [<options>] [<command>]

    -e, --event <event>   event selector. use 'perf list' to list available events

=== stat: dummy ===
# started on Thu Sep 17 14:18:12 2026


 Performance counter stats for 'sleep 0.05':

                 0      dummy                                                       

       0.050832302 seconds time elapsed

       0.000792000 seconds user
       0.000000000 seconds sys



=== stat: bpf-output ===
# started on Thu Sep 17 14:18:12 2026


 Performance counter stats for 'sleep 0.05':

                 0      bpf-output                                                  

       0.050953694 seconds time elapsed

       0.000892000 seconds user
       0.000000000 seconds sys


