
=== stat: cpu-clock ===
# started on Sat Sep 12 13:09:05 2026


 Performance counter stats for 'sleep 0.05':

              0.74 msec cpu-clock                 #    0.014 CPUs utilized          

       0.051360767 seconds time elapsed

       0.000000000 seconds user
       0.001199000 seconds sys



=== record: cpu-clock ===
Couldn't record kernel reference relocation symbol
Symbol resolution may be skewed if relocation was used (e.g. kexec).
Check /proc/kallsyms permission or run as root.
perf_event__synthesize_bpf_events: failed to synthesize bpf images: No such file or directory
Couldn't synthesize bpf events.
[ perf record: Woken up 1 times to write data ]
[ perf record: Captured and wrote 0.002 MB /root/0460882-Project-HwiSwiCoDesign/results/pyflate/optimized/2026-09-12-13-09/.perf-probe.SEL43l/record.data ]

=== stat: task-clock ===
# started on Sat Sep 12 13:09:05 2026


 Performance counter stats for 'sleep 0.05':

              0.42 msec task-clock                #    0.008 CPUs utilized          

       0.050906169 seconds time elapsed

       0.000867000 seconds user
       0.000000000 seconds sys



=== record: task-clock ===
Couldn't record kernel reference relocation symbol
Symbol resolution may be skewed if relocation was used (e.g. kexec).
Check /proc/kallsyms permission or run as root.
perf_event__synthesize_bpf_events: failed to synthesize bpf images: No such file or directory
Couldn't synthesize bpf events.
[ perf record: Woken up 1 times to write data ]
[ perf record: Captured and wrote 0.002 MB /root/0460882-Project-HwiSwiCoDesign/results/pyflate/optimized/2026-09-12-13-09/.perf-probe.SEL43l/record.data ]

=== stat: cycles ===
# started on Sat Sep 12 13:09:06 2026


 Performance counter stats for 'sleep 0.05':

            889296      cycles                                                      

       0.050960183 seconds time elapsed

       0.000944000 seconds user
       0.000000000 seconds sys



=== record: cycles ===
Couldn't record kernel reference relocation symbol
Symbol resolution may be skewed if relocation was used (e.g. kexec).
Check /proc/kallsyms permission or run as root.
perf_event__synthesize_bpf_events: failed to synthesize bpf images: No such file or directory
Couldn't synthesize bpf events.
[ perf record: Woken up 1 times to write data ]
[ perf record: Captured and wrote 0.002 MB /root/0460882-Project-HwiSwiCoDesign/results/pyflate/optimized/2026-09-12-13-09/.perf-probe.SEL43l/record.data ]

=== stat: instructions ===
# started on Sat Sep 12 13:09:06 2026


 Performance counter stats for 'sleep 0.05':

            555128      instructions                                                

       0.051083187 seconds time elapsed

       0.001051000 seconds user
       0.000000000 seconds sys



=== record: instructions ===
Couldn't record kernel reference relocation symbol
Symbol resolution may be skewed if relocation was used (e.g. kexec).
Check /proc/kallsyms permission or run as root.
perf_event__synthesize_bpf_events: failed to synthesize bpf images: No such file or directory
Couldn't synthesize bpf events.
[ perf record: Woken up 1 times to write data ]
[ perf record: Captured and wrote 0.003 MB /root/0460882-Project-HwiSwiCoDesign/results/pyflate/optimized/2026-09-12-13-09/.perf-probe.SEL43l/record.data (7 samples) ]

=== stat: branch-instructions ===
# started on Sat Sep 12 13:09:06 2026


 Performance counter stats for 'sleep 0.05':

            113208      branch-instructions                                         

       0.051015835 seconds time elapsed

       0.000979000 seconds user
       0.000000000 seconds sys



=== record: branch-instructions ===
Couldn't record kernel reference relocation symbol
Symbol resolution may be skewed if relocation was used (e.g. kexec).
Check /proc/kallsyms permission or run as root.
perf_event__synthesize_bpf_events: failed to synthesize bpf images: No such file or directory
Couldn't synthesize bpf events.
[ perf record: Woken up 1 times to write data ]
[ perf record: Captured and wrote 0.002 MB /root/0460882-Project-HwiSwiCoDesign/results/pyflate/optimized/2026-09-12-13-09/.perf-probe.SEL43l/record.data ]

=== stat: branch-misses ===
# started on Sat Sep 12 13:09:06 2026


 Performance counter stats for 'sleep 0.05':

              5062      branch-misses                                               

       0.051087563 seconds time elapsed

       0.001054000 seconds user
       0.000000000 seconds sys



=== record: branch-misses ===
Couldn't record kernel reference relocation symbol
Symbol resolution may be skewed if relocation was used (e.g. kexec).
Check /proc/kallsyms permission or run as root.
perf_event__synthesize_bpf_events: failed to synthesize bpf images: No such file or directory
Couldn't synthesize bpf events.
[ perf record: Woken up 1 times to write data ]
[ perf record: Captured and wrote 0.002 MB /root/0460882-Project-HwiSwiCoDesign/results/pyflate/optimized/2026-09-12-13-09/.perf-probe.SEL43l/record.data ]

=== stat: bus-cycles ===
# started on Sat Sep 12 13:09:06 2026


 Performance counter stats for 'sleep 0.05':

             42853      bus-cycles                                                  

       0.051119280 seconds time elapsed

       0.001085000 seconds user
       0.000000000 seconds sys



=== record: bus-cycles ===
Couldn't record kernel reference relocation symbol
Symbol resolution may be skewed if relocation was used (e.g. kexec).
Check /proc/kallsyms permission or run as root.
perf_event__synthesize_bpf_events: failed to synthesize bpf images: No such file or directory
Couldn't synthesize bpf events.
[ perf record: Woken up 1 times to write data ]
[ perf record: Captured and wrote 0.002 MB /root/0460882-Project-HwiSwiCoDesign/results/pyflate/optimized/2026-09-12-13-09/.perf-probe.SEL43l/record.data ]

=== stat: cache-references ===
# started on Sat Sep 12 13:09:06 2026


 Performance counter stats for 'sleep 0.05':

             18948      cache-references                                            

       0.056453397 seconds time elapsed

       0.000000000 seconds user
       0.006413000 seconds sys



=== record: cache-references ===
Couldn't record kernel reference relocation symbol
Symbol resolution may be skewed if relocation was used (e.g. kexec).
Check /proc/kallsyms permission or run as root.
perf_event__synthesize_bpf_events: failed to synthesize bpf images: No such file or directory
Couldn't synthesize bpf events.
[ perf record: Woken up 1 times to write data ]
[ perf record: Captured and wrote 0.002 MB /root/0460882-Project-HwiSwiCoDesign/results/pyflate/optimized/2026-09-12-13-09/.perf-probe.SEL43l/record.data ]

=== stat: cache-misses ===
# started on Sat Sep 12 13:09:07 2026


 Performance counter stats for 'sleep 0.05':

               125      cache-misses                                                

       0.051151409 seconds time elapsed

       0.001106000 seconds user
       0.000000000 seconds sys



=== record: cache-misses ===
Couldn't record kernel reference relocation symbol
Symbol resolution may be skewed if relocation was used (e.g. kexec).
Check /proc/kallsyms permission or run as root.
perf_event__synthesize_bpf_events: failed to synthesize bpf images: No such file or directory
Couldn't synthesize bpf events.
[ perf record: Woken up 1 times to write data ]
[ perf record: Captured and wrote 0.002 MB /root/0460882-Project-HwiSwiCoDesign/results/pyflate/optimized/2026-09-12-13-09/.perf-probe.SEL43l/record.data ]

=== stat: ref-cycles ===
# started on Sat Sep 12 13:09:07 2026


 Performance counter stats for 'sleep 0.05':

           1027224      ref-cycles                                                  

       0.051117967 seconds time elapsed

       0.001067000 seconds user
       0.000000000 seconds sys



=== record: ref-cycles ===
Couldn't record kernel reference relocation symbol
Symbol resolution may be skewed if relocation was used (e.g. kexec).
Check /proc/kallsyms permission or run as root.
perf_event__synthesize_bpf_events: failed to synthesize bpf images: No such file or directory
Couldn't synthesize bpf events.
[ perf record: Woken up 1 times to write data ]
[ perf record: Captured and wrote 0.002 MB /root/0460882-Project-HwiSwiCoDesign/results/pyflate/optimized/2026-09-12-13-09/.perf-probe.SEL43l/record.data ]

=== stat: stalled-cycles-frontend ===
# started on Sat Sep 12 13:09:07 2026


 Performance counter stats for 'sleep 0.05':

   <not supported>      stalled-cycles-frontend                                     

       0.050967007 seconds time elapsed

       0.000927000 seconds user
       0.000000000 seconds sys



=== record: stalled-cycles-frontend ===
Error:
The stalled-cycles-frontend event is not supported.

=== stat: stalled-cycles-backend ===
# started on Sat Sep 12 13:09:07 2026


 Performance counter stats for 'sleep 0.05':

   <not supported>      stalled-cycles-backend                                      

       0.051007205 seconds time elapsed

       0.000000000 seconds user
       0.000969000 seconds sys



=== record: stalled-cycles-backend ===
Error:
The stalled-cycles-backend event is not supported.

=== stat: page-faults ===
# started on Sat Sep 12 13:09:07 2026


 Performance counter stats for 'sleep 0.05':

                59      page-faults                                                 

       0.050960504 seconds time elapsed

       0.000913000 seconds user
       0.000000000 seconds sys



=== record: page-faults ===
Couldn't record kernel reference relocation symbol
Symbol resolution may be skewed if relocation was used (e.g. kexec).
Check /proc/kallsyms permission or run as root.
perf_event__synthesize_bpf_events: failed to synthesize bpf images: No such file or directory
Couldn't synthesize bpf events.
[ perf record: Woken up 1 times to write data ]
[ perf record: Captured and wrote 0.003 MB /root/0460882-Project-HwiSwiCoDesign/results/pyflate/optimized/2026-09-12-13-09/.perf-probe.SEL43l/record.data (5 samples) ]

=== stat: minor-faults ===
# started on Sat Sep 12 13:09:07 2026


 Performance counter stats for 'sleep 0.05':

                60      minor-faults                                                

       0.050997798 seconds time elapsed

       0.000946000 seconds user
       0.000000000 seconds sys



=== record: minor-faults ===
Couldn't record kernel reference relocation symbol
Symbol resolution may be skewed if relocation was used (e.g. kexec).
Check /proc/kallsyms permission or run as root.
perf_event__synthesize_bpf_events: failed to synthesize bpf images: No such file or directory
Couldn't synthesize bpf events.
[ perf record: Woken up 1 times to write data ]
[ perf record: Captured and wrote 0.003 MB /root/0460882-Project-HwiSwiCoDesign/results/pyflate/optimized/2026-09-12-13-09/.perf-probe.SEL43l/record.data (5 samples) ]

=== stat: major-faults ===
# started on Sat Sep 12 13:09:07 2026


 Performance counter stats for 'sleep 0.05':

                 0      major-faults                                                

       0.051010098 seconds time elapsed

       0.000958000 seconds user
       0.000000000 seconds sys



=== record: major-faults ===
Couldn't record kernel reference relocation symbol
Symbol resolution may be skewed if relocation was used (e.g. kexec).
Check /proc/kallsyms permission or run as root.
perf_event__synthesize_bpf_events: failed to synthesize bpf images: No such file or directory
Couldn't synthesize bpf events.
[ perf record: Woken up 1 times to write data ]
[ perf record: Captured and wrote 0.002 MB /root/0460882-Project-HwiSwiCoDesign/results/pyflate/optimized/2026-09-12-13-09/.perf-probe.SEL43l/record.data ]

=== stat: context-switches ===
# started on Sat Sep 12 13:09:08 2026


 Performance counter stats for 'sleep 0.05':

                 1      context-switches                                            

       0.050936511 seconds time elapsed

       0.000898000 seconds user
       0.000000000 seconds sys



=== record: context-switches ===
Couldn't record kernel reference relocation symbol
Symbol resolution may be skewed if relocation was used (e.g. kexec).
Check /proc/kallsyms permission or run as root.
perf_event__synthesize_bpf_events: failed to synthesize bpf images: No such file or directory
Couldn't synthesize bpf events.
[ perf record: Woken up 1 times to write data ]
[ perf record: Captured and wrote 0.002 MB /root/0460882-Project-HwiSwiCoDesign/results/pyflate/optimized/2026-09-12-13-09/.perf-probe.SEL43l/record.data (1 samples) ]

=== stat: cpu-migrations ===
# started on Sat Sep 12 13:09:08 2026


 Performance counter stats for 'sleep 0.05':

                 0      cpu-migrations                                              

       0.050969851 seconds time elapsed

       0.000922000 seconds user
       0.000000000 seconds sys



=== record: cpu-migrations ===
Couldn't record kernel reference relocation symbol
Symbol resolution may be skewed if relocation was used (e.g. kexec).
Check /proc/kallsyms permission or run as root.
perf_event__synthesize_bpf_events: failed to synthesize bpf images: No such file or directory
Couldn't synthesize bpf events.
[ perf record: Woken up 1 times to write data ]
[ perf record: Captured and wrote 0.002 MB /root/0460882-Project-HwiSwiCoDesign/results/pyflate/optimized/2026-09-12-13-09/.perf-probe.SEL43l/record.data ]

=== stat: alignment-faults ===
# started on Sat Sep 12 13:09:08 2026


 Performance counter stats for 'sleep 0.05':

                 0      alignment-faults                                            

       0.051041128 seconds time elapsed

       0.000000000 seconds user
       0.000980000 seconds sys



=== record: alignment-faults ===
Couldn't record kernel reference relocation symbol
Symbol resolution may be skewed if relocation was used (e.g. kexec).
Check /proc/kallsyms permission or run as root.
perf_event__synthesize_bpf_events: failed to synthesize bpf images: No such file or directory
Couldn't synthesize bpf events.
[ perf record: Woken up 1 times to write data ]
[ perf record: Captured and wrote 0.002 MB /root/0460882-Project-HwiSwiCoDesign/results/pyflate/optimized/2026-09-12-13-09/.perf-probe.SEL43l/record.data ]

=== stat: emulation-faults ===
# started on Sat Sep 12 13:09:08 2026


 Performance counter stats for 'sleep 0.05':

                 0      emulation-faults                                            

       0.050979668 seconds time elapsed

       0.000944000 seconds user
       0.000000000 seconds sys



=== record: emulation-faults ===
Couldn't record kernel reference relocation symbol
Symbol resolution may be skewed if relocation was used (e.g. kexec).
Check /proc/kallsyms permission or run as root.
perf_event__synthesize_bpf_events: failed to synthesize bpf images: No such file or directory
Couldn't synthesize bpf events.
[ perf record: Woken up 1 times to write data ]
[ perf record: Captured and wrote 0.002 MB /root/0460882-Project-HwiSwiCoDesign/results/pyflate/optimized/2026-09-12-13-09/.perf-probe.SEL43l/record.data ]

=== stat: cgroup-switches ===
# started on Sat Sep 12 13:09:08 2026


 Performance counter stats for 'sleep 0.05':

                 1      cgroup-switches                                             

       0.051009736 seconds time elapsed

       0.000962000 seconds user
       0.000000000 seconds sys



=== record: cgroup-switches ===
Couldn't record kernel reference relocation symbol
Symbol resolution may be skewed if relocation was used (e.g. kexec).
Check /proc/kallsyms permission or run as root.
perf_event__synthesize_bpf_events: failed to synthesize bpf images: No such file or directory
Couldn't synthesize bpf events.
[ perf record: Woken up 1 times to write data ]
[ perf record: Captured and wrote 0.002 MB /root/0460882-Project-HwiSwiCoDesign/results/pyflate/optimized/2026-09-12-13-09/.perf-probe.SEL43l/record.data (1 samples) ]

=== stat: L1-dcache-loads ===
# started on Sat Sep 12 13:09:08 2026


 Performance counter stats for 'sleep 0.05':

            154896      L1-dcache-loads                                             

       0.051115530 seconds time elapsed

       0.000000000 seconds user
       0.001087000 seconds sys



=== record: L1-dcache-loads ===
Couldn't record kernel reference relocation symbol
Symbol resolution may be skewed if relocation was used (e.g. kexec).
Check /proc/kallsyms permission or run as root.
perf_event__synthesize_bpf_events: failed to synthesize bpf images: No such file or directory
Couldn't synthesize bpf events.
[ perf record: Woken up 1 times to write data ]
[ perf record: Captured and wrote 0.002 MB /root/0460882-Project-HwiSwiCoDesign/results/pyflate/optimized/2026-09-12-13-09/.perf-probe.SEL43l/record.data ]

=== stat: L1-dcache-load-misses ===
# started on Sat Sep 12 13:09:09 2026


 Performance counter stats for 'sleep 0.05':

             16887      L1-dcache-load-misses                                       

       0.057063216 seconds time elapsed

       0.000000000 seconds user
       0.006955000 seconds sys



=== record: L1-dcache-load-misses ===
Couldn't record kernel reference relocation symbol
Symbol resolution may be skewed if relocation was used (e.g. kexec).
Check /proc/kallsyms permission or run as root.
perf_event__synthesize_bpf_events: failed to synthesize bpf images: No such file or directory
Couldn't synthesize bpf events.
[ perf record: Woken up 1 times to write data ]
[ perf record: Captured and wrote 0.002 MB /root/0460882-Project-HwiSwiCoDesign/results/pyflate/optimized/2026-09-12-13-09/.perf-probe.SEL43l/record.data ]

=== stat: L1-dcache-stores ===
# started on Sat Sep 12 13:09:09 2026


 Performance counter stats for 'sleep 0.05':

             90980      L1-dcache-stores                                            

       0.051104664 seconds time elapsed

       0.001059000 seconds user
       0.000000000 seconds sys



=== record: L1-dcache-stores ===
Couldn't record kernel reference relocation symbol
Symbol resolution may be skewed if relocation was used (e.g. kexec).
Check /proc/kallsyms permission or run as root.
perf_event__synthesize_bpf_events: failed to synthesize bpf images: No such file or directory
Couldn't synthesize bpf events.
[ perf record: Woken up 1 times to write data ]
[ perf record: Captured and wrote 0.002 MB /root/0460882-Project-HwiSwiCoDesign/results/pyflate/optimized/2026-09-12-13-09/.perf-probe.SEL43l/record.data ]

=== stat: L1-dcache-store-misses ===
# started on Sat Sep 12 13:09:09 2026


 Performance counter stats for 'sleep 0.05':

   <not supported>      L1-dcache-store-misses                                      

       0.050930429 seconds time elapsed

       0.000883000 seconds user
       0.000000000 seconds sys



=== record: L1-dcache-store-misses ===
Error:
The L1-dcache-store-misses event is not supported.

=== stat: L1-dcache-prefetches ===
# started on Sat Sep 12 13:09:09 2026


 Performance counter stats for 'sleep 0.05':

   <not supported>      L1-dcache-prefetches                                        

       0.050924539 seconds time elapsed

       0.000883000 seconds user
       0.000000000 seconds sys



=== record: L1-dcache-prefetches ===
Error:
The L1-dcache-prefetches event is not supported.

=== stat: L1-dcache-prefetch-misses ===
# started on Sat Sep 12 13:09:09 2026


 Performance counter stats for 'sleep 0.05':

   <not supported>      L1-dcache-prefetch-misses                                   

       0.052159607 seconds time elapsed

       0.001078000 seconds user
       0.000000000 seconds sys



=== record: L1-dcache-prefetch-misses ===
Error:
The L1-dcache-prefetch-misses event is not supported.

=== stat: L1-icache-loads ===
# started on Sat Sep 12 13:09:09 2026


 Performance counter stats for 'sleep 0.05':

   <not supported>      L1-icache-loads                                             

       0.050896404 seconds time elapsed

       0.000867000 seconds user
       0.000000000 seconds sys



=== record: L1-icache-loads ===
Error:
The L1-icache-loads event is not supported.

=== stat: L1-icache-load-misses ===
# started on Sat Sep 12 13:09:10 2026


 Performance counter stats for 'sleep 0.05':

              7654      L1-icache-load-misses                                       

       0.051016302 seconds time elapsed

       0.000959000 seconds user
       0.000000000 seconds sys



=== record: L1-icache-load-misses ===
Couldn't record kernel reference relocation symbol
Symbol resolution may be skewed if relocation was used (e.g. kexec).
Check /proc/kallsyms permission or run as root.
perf_event__synthesize_bpf_events: failed to synthesize bpf images: No such file or directory
Couldn't synthesize bpf events.
[ perf record: Woken up 1 times to write data ]
[ perf record: Captured and wrote 0.002 MB /root/0460882-Project-HwiSwiCoDesign/results/pyflate/optimized/2026-09-12-13-09/.perf-probe.SEL43l/record.data ]

=== stat: LLC-loads ===
# started on Sat Sep 12 13:09:10 2026


 Performance counter stats for 'sleep 0.05':

   <not supported>      LLC-loads                                                   

       0.050919127 seconds time elapsed

       0.000860000 seconds user
       0.000000000 seconds sys



=== record: LLC-loads ===
Error:
The sys_perf_event_open() syscall returned with 6 (No such device or address) for event (LLC-loads).
/bin/dmesg | grep -i perf may provide additional information.


=== stat: LLC-load-misses ===
# started on Sat Sep 12 13:09:10 2026


 Performance counter stats for 'sleep 0.05':

   <not supported>      LLC-load-misses                                             

       0.050898181 seconds time elapsed

       0.000000000 seconds user
       0.000868000 seconds sys



=== record: LLC-load-misses ===
Error:
The sys_perf_event_open() syscall returned with 6 (No such device or address) for event (LLC-load-misses).
/bin/dmesg | grep -i perf may provide additional information.


=== stat: LLC-stores ===
# started on Sat Sep 12 13:09:10 2026


 Performance counter stats for 'sleep 0.05':

   <not supported>      LLC-stores                                                  

       0.050905952 seconds time elapsed

       0.000853000 seconds user
       0.000000000 seconds sys



=== record: LLC-stores ===
Error:
The sys_perf_event_open() syscall returned with 6 (No such device or address) for event (LLC-stores).
/bin/dmesg | grep -i perf may provide additional information.


=== stat: LLC-store-misses ===
# started on Sat Sep 12 13:09:10 2026


 Performance counter stats for 'sleep 0.05':

   <not supported>      LLC-store-misses                                            

       0.050844870 seconds time elapsed

       0.000815000 seconds user
       0.000000000 seconds sys



=== record: LLC-store-misses ===
Error:
The sys_perf_event_open() syscall returned with 6 (No such device or address) for event (LLC-store-misses).
/bin/dmesg | grep -i perf may provide additional information.


=== stat: LLC-prefetches ===
# started on Sat Sep 12 13:09:10 2026


 Performance counter stats for 'sleep 0.05':

   <not supported>      LLC-prefetches                                              

       0.050905392 seconds time elapsed

       0.000864000 seconds user
       0.000000000 seconds sys



=== record: LLC-prefetches ===
Error:
The LLC-prefetches event is not supported.

=== stat: LLC-prefetch-misses ===
# started on Sat Sep 12 13:09:10 2026


 Performance counter stats for 'sleep 0.05':

   <not supported>      LLC-prefetch-misses                                         

       0.050902787 seconds time elapsed

       0.000855000 seconds user
       0.000000000 seconds sys



=== record: LLC-prefetch-misses ===
Error:
The LLC-prefetch-misses event is not supported.

=== stat: dTLB-loads ===
# started on Sat Sep 12 13:09:10 2026


 Performance counter stats for 'sleep 0.05':

            159477      dTLB-loads                                                  

       0.050957467 seconds time elapsed

       0.000928000 seconds user
       0.000000000 seconds sys



=== record: dTLB-loads ===
Couldn't record kernel reference relocation symbol
Symbol resolution may be skewed if relocation was used (e.g. kexec).
Check /proc/kallsyms permission or run as root.
perf_event__synthesize_bpf_events: failed to synthesize bpf images: No such file or directory
Couldn't synthesize bpf events.
[ perf record: Woken up 1 times to write data ]
[ perf record: Captured and wrote 0.002 MB /root/0460882-Project-HwiSwiCoDesign/results/pyflate/optimized/2026-09-12-13-09/.perf-probe.SEL43l/record.data ]

=== stat: dTLB-load-misses ===
# started on Sat Sep 12 13:09:10 2026


 Performance counter stats for 'sleep 0.05':

              4157      dTLB-load-misses                                            

       0.050969336 seconds time elapsed

       0.000941000 seconds user
       0.000000000 seconds sys



=== record: dTLB-load-misses ===
Couldn't record kernel reference relocation symbol
Symbol resolution may be skewed if relocation was used (e.g. kexec).
Check /proc/kallsyms permission or run as root.
perf_event__synthesize_bpf_events: failed to synthesize bpf images: No such file or directory
Couldn't synthesize bpf events.
[ perf record: Woken up 1 times to write data ]
[ perf record: Captured and wrote 0.002 MB /root/0460882-Project-HwiSwiCoDesign/results/pyflate/optimized/2026-09-12-13-09/.perf-probe.SEL43l/record.data ]

=== stat: dTLB-stores ===
# started on Sat Sep 12 13:09:11 2026


 Performance counter stats for 'sleep 0.05':

             93648      dTLB-stores                                                 

       0.051035755 seconds time elapsed

       0.000996000 seconds user
       0.000000000 seconds sys



=== record: dTLB-stores ===
Couldn't record kernel reference relocation symbol
Symbol resolution may be skewed if relocation was used (e.g. kexec).
Check /proc/kallsyms permission or run as root.
perf_event__synthesize_bpf_events: failed to synthesize bpf images: No such file or directory
Couldn't synthesize bpf events.
[ perf record: Woken up 1 times to write data ]
[ perf record: Captured and wrote 0.002 MB /root/0460882-Project-HwiSwiCoDesign/results/pyflate/optimized/2026-09-12-13-09/.perf-probe.SEL43l/record.data ]

=== stat: dTLB-store-misses ===
# started on Sat Sep 12 13:09:11 2026


 Performance counter stats for 'sleep 0.05':

               572      dTLB-store-misses                                           

       0.050962356 seconds time elapsed

       0.000945000 seconds user
       0.000000000 seconds sys



=== record: dTLB-store-misses ===
Couldn't record kernel reference relocation symbol
Symbol resolution may be skewed if relocation was used (e.g. kexec).
Check /proc/kallsyms permission or run as root.
perf_event__synthesize_bpf_events: failed to synthesize bpf images: No such file or directory
Couldn't synthesize bpf events.
[ perf record: Woken up 1 times to write data ]
[ perf record: Captured and wrote 0.002 MB /root/0460882-Project-HwiSwiCoDesign/results/pyflate/optimized/2026-09-12-13-09/.perf-probe.SEL43l/record.data ]

=== stat: iTLB-loads ===
# started on Sat Sep 12 13:09:11 2026


 Performance counter stats for 'sleep 0.05':

               690      iTLB-loads                                                  

       0.051126654 seconds time elapsed

       0.000000000 seconds user
       0.001042000 seconds sys



=== record: iTLB-loads ===
Couldn't record kernel reference relocation symbol
Symbol resolution may be skewed if relocation was used (e.g. kexec).
Check /proc/kallsyms permission or run as root.
perf_event__synthesize_bpf_events: failed to synthesize bpf images: No such file or directory
Couldn't synthesize bpf events.
[ perf record: Woken up 1 times to write data ]
[ perf record: Captured and wrote 0.002 MB /root/0460882-Project-HwiSwiCoDesign/results/pyflate/optimized/2026-09-12-13-09/.perf-probe.SEL43l/record.data ]

=== stat: iTLB-load-misses ===
# started on Sat Sep 12 13:09:11 2026


 Performance counter stats for 'sleep 0.05':

              3876      iTLB-load-misses                                            

       0.050986764 seconds time elapsed

       0.000952000 seconds user
       0.000000000 seconds sys



=== record: iTLB-load-misses ===
Couldn't record kernel reference relocation symbol
Symbol resolution may be skewed if relocation was used (e.g. kexec).
Check /proc/kallsyms permission or run as root.
perf_event__synthesize_bpf_events: failed to synthesize bpf images: No such file or directory
Couldn't synthesize bpf events.
[ perf record: Woken up 1 times to write data ]
[ perf record: Captured and wrote 0.002 MB /root/0460882-Project-HwiSwiCoDesign/results/pyflate/optimized/2026-09-12-13-09/.perf-probe.SEL43l/record.data ]

=== stat: branch-loads ===
# started on Sat Sep 12 13:09:11 2026


 Performance counter stats for 'sleep 0.05':

            117342      branch-loads                                                

       0.051106382 seconds time elapsed

       0.000000000 seconds user
       0.001055000 seconds sys



=== record: branch-loads ===
Couldn't record kernel reference relocation symbol
Symbol resolution may be skewed if relocation was used (e.g. kexec).
Check /proc/kallsyms permission or run as root.
perf_event__synthesize_bpf_events: failed to synthesize bpf images: No such file or directory
Couldn't synthesize bpf events.
[ perf record: Woken up 1 times to write data ]
[ perf record: Captured and wrote 0.002 MB /root/0460882-Project-HwiSwiCoDesign/results/pyflate/optimized/2026-09-12-13-09/.perf-probe.SEL43l/record.data ]

=== stat: branch-load-misses ===
# started on Sat Sep 12 13:09:11 2026


 Performance counter stats for 'sleep 0.05':

              4964      branch-load-misses                                          

       0.051099552 seconds time elapsed

       0.001057000 seconds user
       0.000000000 seconds sys



=== record: branch-load-misses ===
Couldn't record kernel reference relocation symbol
Symbol resolution may be skewed if relocation was used (e.g. kexec).
Check /proc/kallsyms permission or run as root.
perf_event__synthesize_bpf_events: failed to synthesize bpf images: No such file or directory
Couldn't synthesize bpf events.
[ perf record: Woken up 1 times to write data ]
[ perf record: Captured and wrote 0.002 MB /root/0460882-Project-HwiSwiCoDesign/results/pyflate/optimized/2026-09-12-13-09/.perf-probe.SEL43l/record.data ]

=== stat: node-loads ===
# started on Sat Sep 12 13:09:12 2026


 Performance counter stats for 'sleep 0.05':

   <not supported>      node-loads                                                  

       0.050979166 seconds time elapsed

       0.000936000 seconds user
       0.000000000 seconds sys



=== record: node-loads ===
Error:
The sys_perf_event_open() syscall returned with 6 (No such device or address) for event (node-loads).
/bin/dmesg | grep -i perf may provide additional information.


=== stat: node-load-misses ===
# started on Sat Sep 12 13:09:12 2026


 Performance counter stats for 'sleep 0.05':

   <not supported>      node-load-misses                                            

       0.050936281 seconds time elapsed

       0.000917000 seconds user
       0.000000000 seconds sys



=== record: node-load-misses ===
Error:
The sys_perf_event_open() syscall returned with 6 (No such device or address) for event (node-load-misses).
/bin/dmesg | grep -i perf may provide additional information.


=== stat: node-stores ===
# started on Sat Sep 12 13:09:12 2026


 Performance counter stats for 'sleep 0.05':

   <not supported>      node-stores                                                 

       0.050958220 seconds time elapsed

       0.000907000 seconds user
       0.000000000 seconds sys



=== record: node-stores ===
Error:
The sys_perf_event_open() syscall returned with 6 (No such device or address) for event (node-stores).
/bin/dmesg | grep -i perf may provide additional information.


=== stat: node-store-misses ===
# started on Sat Sep 12 13:09:12 2026


 Performance counter stats for 'sleep 0.05':

   <not supported>      node-store-misses                                           

       0.050951289 seconds time elapsed

       0.000905000 seconds user
       0.000000000 seconds sys



=== record: node-store-misses ===
Error:
The sys_perf_event_open() syscall returned with 6 (No such device or address) for event (node-store-misses).
/bin/dmesg | grep -i perf may provide additional information.


=== stat: duration_time ===
# started on Sat Sep 12 13:09:12 2026


 Performance counter stats for 'system wide':

          50971848 ns   duration_time                                               

       0.050971848 seconds time elapsed


=== stat: user_time ===
event syntax error: 'user_time'
                     \___ parser error
Run 'perf list' for a list of valid events

 Usage: perf stat [<options>] [<command>]

    -e, --event <event>   event selector. use 'perf list' to list available events

=== stat: system_time ===
event syntax error: 'system_time'
                     \___ parser error
Run 'perf list' for a list of valid events

 Usage: perf stat [<options>] [<command>]

    -e, --event <event>   event selector. use 'perf list' to list available events

=== stat: dummy ===
# started on Sat Sep 12 13:09:12 2026


 Performance counter stats for 'sleep 0.05':

                 0      dummy                                                       

       0.050872168 seconds time elapsed

       0.000840000 seconds user
       0.000000000 seconds sys



=== stat: bpf-output ===
# started on Sat Sep 12 13:09:12 2026


 Performance counter stats for 'sleep 0.05':

                 0      bpf-output                                                  

       0.050933250 seconds time elapsed

       0.000896000 seconds user
       0.000000000 seconds sys


