
=== stat: cpu-clock ===
# started on Wed Sep  9 08:56:43 2026


 Performance counter stats for 'sleep 0.05':

              0.46 msec cpu-clock                 #    0.009 CPUs utilized          

       0.051028571 seconds time elapsed

       0.000982000 seconds user
       0.000000000 seconds sys



=== record: cpu-clock ===
Couldn't record kernel reference relocation symbol
Symbol resolution may be skewed if relocation was used (e.g. kexec).
Check /proc/kallsyms permission or run as root.
perf_event__synthesize_bpf_events: failed to synthesize bpf images: No such file or directory
Couldn't synthesize bpf events.
[ perf record: Woken up 1 times to write data ]
[ perf record: Captured and wrote 0.002 MB /root/0460882-Project-HwiSwiCoDesign/results/raytrace/optimized/2026-09-09-08-56/.perf-probe.OBnhwA/record.data ]

=== stat: task-clock ===
# started on Wed Sep  9 08:56:44 2026


 Performance counter stats for 'sleep 0.05':

              0.45 msec task-clock                #    0.009 CPUs utilized          

       0.051008418 seconds time elapsed

       0.000972000 seconds user
       0.000000000 seconds sys



=== record: task-clock ===
Couldn't record kernel reference relocation symbol
Symbol resolution may be skewed if relocation was used (e.g. kexec).
Check /proc/kallsyms permission or run as root.
perf_event__synthesize_bpf_events: failed to synthesize bpf images: No such file or directory
Couldn't synthesize bpf events.
[ perf record: Woken up 1 times to write data ]
[ perf record: Captured and wrote 0.002 MB /root/0460882-Project-HwiSwiCoDesign/results/raytrace/optimized/2026-09-09-08-56/.perf-probe.OBnhwA/record.data ]

=== stat: cycles ===
# started on Wed Sep  9 08:56:45 2026


 Performance counter stats for 'sleep 0.05':

            978679      cycles                                                      

       0.056851526 seconds time elapsed

       0.000000000 seconds user
       0.006830000 seconds sys



=== record: cycles ===
Couldn't record kernel reference relocation symbol
Symbol resolution may be skewed if relocation was used (e.g. kexec).
Check /proc/kallsyms permission or run as root.
perf_event__synthesize_bpf_events: failed to synthesize bpf images: No such file or directory
Couldn't synthesize bpf events.
[ perf record: Woken up 1 times to write data ]
[ perf record: Captured and wrote 0.002 MB /root/0460882-Project-HwiSwiCoDesign/results/raytrace/optimized/2026-09-09-08-56/.perf-probe.OBnhwA/record.data ]

=== stat: instructions ===
# started on Wed Sep  9 08:56:46 2026


 Performance counter stats for 'sleep 0.05':

            546389      instructions                                                

       0.056553363 seconds time elapsed

       0.000000000 seconds user
       0.006512000 seconds sys



=== record: instructions ===
Couldn't record kernel reference relocation symbol
Symbol resolution may be skewed if relocation was used (e.g. kexec).
Check /proc/kallsyms permission or run as root.
perf_event__synthesize_bpf_events: failed to synthesize bpf images: No such file or directory
Couldn't synthesize bpf events.
[ perf record: Woken up 1 times to write data ]
[ perf record: Captured and wrote 0.003 MB /root/0460882-Project-HwiSwiCoDesign/results/raytrace/optimized/2026-09-09-08-56/.perf-probe.OBnhwA/record.data (4 samples) ]

=== stat: branch-instructions ===
# started on Wed Sep  9 08:56:48 2026


 Performance counter stats for 'sleep 0.05':

            116519      branch-instructions                                         

       0.057009334 seconds time elapsed

       0.000000000 seconds user
       0.006917000 seconds sys



=== record: branch-instructions ===
Couldn't record kernel reference relocation symbol
Symbol resolution may be skewed if relocation was used (e.g. kexec).
Check /proc/kallsyms permission or run as root.
perf_event__synthesize_bpf_events: failed to synthesize bpf images: No such file or directory
Couldn't synthesize bpf events.
[ perf record: Woken up 1 times to write data ]
[ perf record: Captured and wrote 0.002 MB /root/0460882-Project-HwiSwiCoDesign/results/raytrace/optimized/2026-09-09-08-56/.perf-probe.OBnhwA/record.data ]

=== stat: branch-misses ===
# started on Wed Sep  9 08:56:49 2026


 Performance counter stats for 'sleep 0.05':

              5601      branch-misses                                               

       0.062018783 seconds time elapsed

       0.000000000 seconds user
       0.011946000 seconds sys



=== record: branch-misses ===
Couldn't record kernel reference relocation symbol
Symbol resolution may be skewed if relocation was used (e.g. kexec).
Check /proc/kallsyms permission or run as root.
perf_event__synthesize_bpf_events: failed to synthesize bpf images: No such file or directory
Couldn't synthesize bpf events.
[ perf record: Woken up 1 times to write data ]
[ perf record: Captured and wrote 0.002 MB /root/0460882-Project-HwiSwiCoDesign/results/raytrace/optimized/2026-09-09-08-56/.perf-probe.OBnhwA/record.data ]

=== stat: bus-cycles ===
# started on Wed Sep  9 08:56:50 2026


 Performance counter stats for 'sleep 0.05':

             55675      bus-cycles                                                  

       0.056551088 seconds time elapsed

       0.000000000 seconds user
       0.006451000 seconds sys



=== record: bus-cycles ===
Couldn't record kernel reference relocation symbol
Symbol resolution may be skewed if relocation was used (e.g. kexec).
Check /proc/kallsyms permission or run as root.
perf_event__synthesize_bpf_events: failed to synthesize bpf images: No such file or directory
Couldn't synthesize bpf events.
[ perf record: Woken up 1 times to write data ]
[ perf record: Captured and wrote 0.002 MB /root/0460882-Project-HwiSwiCoDesign/results/raytrace/optimized/2026-09-09-08-56/.perf-probe.OBnhwA/record.data ]

=== stat: cache-references ===
# started on Wed Sep  9 08:56:51 2026


 Performance counter stats for 'sleep 0.05':

             19450      cache-references                                            

       0.057126747 seconds time elapsed

       0.000000000 seconds user
       0.006974000 seconds sys



=== record: cache-references ===
Couldn't record kernel reference relocation symbol
Symbol resolution may be skewed if relocation was used (e.g. kexec).
Check /proc/kallsyms permission or run as root.
perf_event__synthesize_bpf_events: failed to synthesize bpf images: No such file or directory
Couldn't synthesize bpf events.
[ perf record: Woken up 1 times to write data ]
[ perf record: Captured and wrote 0.002 MB /root/0460882-Project-HwiSwiCoDesign/results/raytrace/optimized/2026-09-09-08-56/.perf-probe.OBnhwA/record.data ]

=== stat: cache-misses ===
# started on Wed Sep  9 08:56:52 2026


 Performance counter stats for 'sleep 0.05':

               423      cache-misses                                                

       0.056461618 seconds time elapsed

       0.000000000 seconds user
       0.006393000 seconds sys



=== record: cache-misses ===
Couldn't record kernel reference relocation symbol
Symbol resolution may be skewed if relocation was used (e.g. kexec).
Check /proc/kallsyms permission or run as root.
perf_event__synthesize_bpf_events: failed to synthesize bpf images: No such file or directory
Couldn't synthesize bpf events.
[ perf record: Woken up 1 times to write data ]
[ perf record: Captured and wrote 0.002 MB /root/0460882-Project-HwiSwiCoDesign/results/raytrace/optimized/2026-09-09-08-56/.perf-probe.OBnhwA/record.data ]

=== stat: ref-cycles ===
# started on Wed Sep  9 08:56:53 2026


 Performance counter stats for 'sleep 0.05':

           1280568      ref-cycles                                                  

       0.056512510 seconds time elapsed

       0.000000000 seconds user
       0.006393000 seconds sys



=== record: ref-cycles ===
Couldn't record kernel reference relocation symbol
Symbol resolution may be skewed if relocation was used (e.g. kexec).
Check /proc/kallsyms permission or run as root.
perf_event__synthesize_bpf_events: failed to synthesize bpf images: No such file or directory
Couldn't synthesize bpf events.
[ perf record: Woken up 1 times to write data ]
[ perf record: Captured and wrote 0.002 MB /root/0460882-Project-HwiSwiCoDesign/results/raytrace/optimized/2026-09-09-08-56/.perf-probe.OBnhwA/record.data ]

=== stat: stalled-cycles-frontend ===
# started on Wed Sep  9 08:56:54 2026


 Performance counter stats for 'sleep 0.05':

   <not supported>      stalled-cycles-frontend                                     

       0.051048624 seconds time elapsed

       0.000000000 seconds user
       0.001001000 seconds sys



=== record: stalled-cycles-frontend ===
Error:
The stalled-cycles-frontend event is not supported.

=== stat: stalled-cycles-backend ===
# started on Wed Sep  9 08:56:54 2026


 Performance counter stats for 'sleep 0.05':

   <not supported>      stalled-cycles-backend                                      

       0.050974886 seconds time elapsed

       0.000931000 seconds user
       0.000000000 seconds sys



=== record: stalled-cycles-backend ===
Error:
The stalled-cycles-backend event is not supported.

=== stat: page-faults ===
# started on Wed Sep  9 08:56:54 2026


 Performance counter stats for 'sleep 0.05':

                60      page-faults                                                 

       0.050942348 seconds time elapsed

       0.000903000 seconds user
       0.000000000 seconds sys



=== record: page-faults ===
Couldn't record kernel reference relocation symbol
Symbol resolution may be skewed if relocation was used (e.g. kexec).
Check /proc/kallsyms permission or run as root.
perf_event__synthesize_bpf_events: failed to synthesize bpf images: No such file or directory
Couldn't synthesize bpf events.
[ perf record: Woken up 1 times to write data ]
[ perf record: Captured and wrote 0.003 MB /root/0460882-Project-HwiSwiCoDesign/results/raytrace/optimized/2026-09-09-08-56/.perf-probe.OBnhwA/record.data (5 samples) ]

=== stat: minor-faults ===
# started on Wed Sep  9 08:56:56 2026


 Performance counter stats for 'sleep 0.05':

                60      minor-faults                                                

       0.051001126 seconds time elapsed

       0.000962000 seconds user
       0.000000000 seconds sys



=== record: minor-faults ===
Couldn't record kernel reference relocation symbol
Symbol resolution may be skewed if relocation was used (e.g. kexec).
Check /proc/kallsyms permission or run as root.
perf_event__synthesize_bpf_events: failed to synthesize bpf images: No such file or directory
Couldn't synthesize bpf events.
[ perf record: Woken up 1 times to write data ]
[ perf record: Captured and wrote 0.003 MB /root/0460882-Project-HwiSwiCoDesign/results/raytrace/optimized/2026-09-09-08-56/.perf-probe.OBnhwA/record.data (5 samples) ]

=== stat: major-faults ===
# started on Wed Sep  9 08:56:57 2026


 Performance counter stats for 'sleep 0.05':

                 0      major-faults                                                

       0.050961750 seconds time elapsed

       0.000936000 seconds user
       0.000000000 seconds sys



=== record: major-faults ===
Couldn't record kernel reference relocation symbol
Symbol resolution may be skewed if relocation was used (e.g. kexec).
Check /proc/kallsyms permission or run as root.
perf_event__synthesize_bpf_events: failed to synthesize bpf images: No such file or directory
Couldn't synthesize bpf events.
[ perf record: Woken up 1 times to write data ]
[ perf record: Captured and wrote 0.002 MB /root/0460882-Project-HwiSwiCoDesign/results/raytrace/optimized/2026-09-09-08-56/.perf-probe.OBnhwA/record.data ]

=== stat: context-switches ===
# started on Wed Sep  9 08:56:58 2026


 Performance counter stats for 'sleep 0.05':

                 1      context-switches                                            

       0.051050512 seconds time elapsed

       0.000998000 seconds user
       0.000000000 seconds sys



=== record: context-switches ===
Couldn't record kernel reference relocation symbol
Symbol resolution may be skewed if relocation was used (e.g. kexec).
Check /proc/kallsyms permission or run as root.
perf_event__synthesize_bpf_events: failed to synthesize bpf images: No such file or directory
Couldn't synthesize bpf events.
[ perf record: Woken up 1 times to write data ]
[ perf record: Captured and wrote 0.002 MB /root/0460882-Project-HwiSwiCoDesign/results/raytrace/optimized/2026-09-09-08-56/.perf-probe.OBnhwA/record.data (1 samples) ]

=== stat: cpu-migrations ===
# started on Wed Sep  9 08:56:59 2026


 Performance counter stats for 'sleep 0.05':

                 0      cpu-migrations                                              

       0.051039273 seconds time elapsed

       0.000991000 seconds user
       0.000000000 seconds sys



=== record: cpu-migrations ===
Couldn't record kernel reference relocation symbol
Symbol resolution may be skewed if relocation was used (e.g. kexec).
Check /proc/kallsyms permission or run as root.
perf_event__synthesize_bpf_events: failed to synthesize bpf images: No such file or directory
Couldn't synthesize bpf events.
[ perf record: Woken up 1 times to write data ]
[ perf record: Captured and wrote 0.002 MB /root/0460882-Project-HwiSwiCoDesign/results/raytrace/optimized/2026-09-09-08-56/.perf-probe.OBnhwA/record.data ]

=== stat: alignment-faults ===
# started on Wed Sep  9 08:57:00 2026


 Performance counter stats for 'sleep 0.05':

                 0      alignment-faults                                            

       0.051040131 seconds time elapsed

       0.000990000 seconds user
       0.000000000 seconds sys



=== record: alignment-faults ===
Couldn't record kernel reference relocation symbol
Symbol resolution may be skewed if relocation was used (e.g. kexec).
Check /proc/kallsyms permission or run as root.
perf_event__synthesize_bpf_events: failed to synthesize bpf images: No such file or directory
Couldn't synthesize bpf events.
[ perf record: Woken up 1 times to write data ]
[ perf record: Captured and wrote 0.002 MB /root/0460882-Project-HwiSwiCoDesign/results/raytrace/optimized/2026-09-09-08-56/.perf-probe.OBnhwA/record.data ]

=== stat: emulation-faults ===
# started on Wed Sep  9 08:57:01 2026


 Performance counter stats for 'sleep 0.05':

                 0      emulation-faults                                            

       0.051071793 seconds time elapsed

       0.001016000 seconds user
       0.000000000 seconds sys



=== record: emulation-faults ===
Couldn't record kernel reference relocation symbol
Symbol resolution may be skewed if relocation was used (e.g. kexec).
Check /proc/kallsyms permission or run as root.
perf_event__synthesize_bpf_events: failed to synthesize bpf images: No such file or directory
Couldn't synthesize bpf events.
[ perf record: Woken up 1 times to write data ]
[ perf record: Captured and wrote 0.002 MB /root/0460882-Project-HwiSwiCoDesign/results/raytrace/optimized/2026-09-09-08-56/.perf-probe.OBnhwA/record.data ]

=== stat: cgroup-switches ===
# started on Wed Sep  9 08:57:02 2026


 Performance counter stats for 'sleep 0.05':

                 1      cgroup-switches                                             

       0.050944342 seconds time elapsed

       0.000918000 seconds user
       0.000000000 seconds sys



=== record: cgroup-switches ===
Couldn't record kernel reference relocation symbol
Symbol resolution may be skewed if relocation was used (e.g. kexec).
Check /proc/kallsyms permission or run as root.
perf_event__synthesize_bpf_events: failed to synthesize bpf images: No such file or directory
Couldn't synthesize bpf events.
[ perf record: Woken up 1 times to write data ]
[ perf record: Captured and wrote 0.002 MB /root/0460882-Project-HwiSwiCoDesign/results/raytrace/optimized/2026-09-09-08-56/.perf-probe.OBnhwA/record.data ]

=== stat: L1-dcache-loads ===
# started on Wed Sep  9 08:57:03 2026


 Performance counter stats for 'sleep 0.05':

            157931      L1-dcache-loads                                             

       0.056447504 seconds time elapsed

       0.000000000 seconds user
       0.006415000 seconds sys



=== record: L1-dcache-loads ===
Couldn't record kernel reference relocation symbol
Symbol resolution may be skewed if relocation was used (e.g. kexec).
Check /proc/kallsyms permission or run as root.
perf_event__synthesize_bpf_events: failed to synthesize bpf images: No such file or directory
Couldn't synthesize bpf events.
[ perf record: Woken up 1 times to write data ]
[ perf record: Captured and wrote 0.002 MB /root/0460882-Project-HwiSwiCoDesign/results/raytrace/optimized/2026-09-09-08-56/.perf-probe.OBnhwA/record.data ]

=== stat: L1-dcache-load-misses ===
# started on Wed Sep  9 08:57:04 2026


 Performance counter stats for 'sleep 0.05':

             15825      L1-dcache-load-misses                                       

       0.056554580 seconds time elapsed

       0.000000000 seconds user
       0.006524000 seconds sys



=== record: L1-dcache-load-misses ===
Couldn't record kernel reference relocation symbol
Symbol resolution may be skewed if relocation was used (e.g. kexec).
Check /proc/kallsyms permission or run as root.
perf_event__synthesize_bpf_events: failed to synthesize bpf images: No such file or directory
Couldn't synthesize bpf events.
[ perf record: Woken up 1 times to write data ]
[ perf record: Captured and wrote 0.002 MB /root/0460882-Project-HwiSwiCoDesign/results/raytrace/optimized/2026-09-09-08-56/.perf-probe.OBnhwA/record.data ]

=== stat: L1-dcache-stores ===
# started on Wed Sep  9 08:57:06 2026


 Performance counter stats for 'sleep 0.05':

             95787      L1-dcache-stores                                            

       0.057380773 seconds time elapsed

       0.000000000 seconds user
       0.007232000 seconds sys



=== record: L1-dcache-stores ===
Couldn't record kernel reference relocation symbol
Symbol resolution may be skewed if relocation was used (e.g. kexec).
Check /proc/kallsyms permission or run as root.
perf_event__synthesize_bpf_events: failed to synthesize bpf images: No such file or directory
Couldn't synthesize bpf events.
[ perf record: Woken up 1 times to write data ]
[ perf record: Captured and wrote 0.002 MB /root/0460882-Project-HwiSwiCoDesign/results/raytrace/optimized/2026-09-09-08-56/.perf-probe.OBnhwA/record.data ]

=== stat: L1-dcache-store-misses ===
# started on Wed Sep  9 08:57:07 2026


 Performance counter stats for 'sleep 0.05':

   <not supported>      L1-dcache-store-misses                                      

       0.051023611 seconds time elapsed

       0.000000000 seconds user
       0.000981000 seconds sys



=== record: L1-dcache-store-misses ===
Error:
The L1-dcache-store-misses event is not supported.

=== stat: L1-dcache-prefetches ===
# started on Wed Sep  9 08:57:07 2026


 Performance counter stats for 'sleep 0.05':

   <not supported>      L1-dcache-prefetches                                        

       0.050985100 seconds time elapsed

       0.000931000 seconds user
       0.000000000 seconds sys



=== record: L1-dcache-prefetches ===
Error:
The L1-dcache-prefetches event is not supported.

=== stat: L1-dcache-prefetch-misses ===
# started on Wed Sep  9 08:57:07 2026


 Performance counter stats for 'sleep 0.05':

   <not supported>      L1-dcache-prefetch-misses                                   

       0.050995505 seconds time elapsed

       0.000000000 seconds user
       0.000930000 seconds sys



=== record: L1-dcache-prefetch-misses ===
Error:
The L1-dcache-prefetch-misses event is not supported.

=== stat: L1-icache-loads ===
# started on Wed Sep  9 08:57:07 2026


 Performance counter stats for 'sleep 0.05':

   <not supported>      L1-icache-loads                                             

       0.051004448 seconds time elapsed

       0.000000000 seconds user
       0.000937000 seconds sys



=== record: L1-icache-loads ===
Error:
The L1-icache-loads event is not supported.

=== stat: L1-icache-load-misses ===
# started on Wed Sep  9 08:57:07 2026


 Performance counter stats for 'sleep 0.05':

              9403      L1-icache-load-misses                                       

       0.051093453 seconds time elapsed

       0.001041000 seconds user
       0.000000000 seconds sys



=== record: L1-icache-load-misses ===
Couldn't record kernel reference relocation symbol
Symbol resolution may be skewed if relocation was used (e.g. kexec).
Check /proc/kallsyms permission or run as root.
perf_event__synthesize_bpf_events: failed to synthesize bpf images: No such file or directory
Couldn't synthesize bpf events.
[ perf record: Woken up 1 times to write data ]
[ perf record: Captured and wrote 0.002 MB /root/0460882-Project-HwiSwiCoDesign/results/raytrace/optimized/2026-09-09-08-56/.perf-probe.OBnhwA/record.data ]

=== stat: LLC-loads ===
# started on Wed Sep  9 08:57:08 2026


 Performance counter stats for 'sleep 0.05':

   <not supported>      LLC-loads                                                   

       0.050924354 seconds time elapsed

       0.000913000 seconds user
       0.000000000 seconds sys



=== record: LLC-loads ===
Error:
The sys_perf_event_open() syscall returned with 6 (No such device or address) for event (LLC-loads).
/bin/dmesg | grep -i perf may provide additional information.


=== stat: LLC-load-misses ===
# started on Wed Sep  9 08:57:08 2026


 Performance counter stats for 'sleep 0.05':

   <not supported>      LLC-load-misses                                             

       0.050904036 seconds time elapsed

       0.000876000 seconds user
       0.000000000 seconds sys



=== record: LLC-load-misses ===
Error:
The sys_perf_event_open() syscall returned with 6 (No such device or address) for event (LLC-load-misses).
/bin/dmesg | grep -i perf may provide additional information.


=== stat: LLC-stores ===
# started on Wed Sep  9 08:57:08 2026


 Performance counter stats for 'sleep 0.05':

   <not supported>      LLC-stores                                                  

       0.050957634 seconds time elapsed

       0.000917000 seconds user
       0.000000000 seconds sys



=== record: LLC-stores ===
Error:
The sys_perf_event_open() syscall returned with 6 (No such device or address) for event (LLC-stores).
/bin/dmesg | grep -i perf may provide additional information.


=== stat: LLC-store-misses ===
# started on Wed Sep  9 08:57:08 2026


 Performance counter stats for 'sleep 0.05':

   <not supported>      LLC-store-misses                                            

       0.050912390 seconds time elapsed

       0.000887000 seconds user
       0.000000000 seconds sys



=== record: LLC-store-misses ===
Error:
The sys_perf_event_open() syscall returned with 6 (No such device or address) for event (LLC-store-misses).
/bin/dmesg | grep -i perf may provide additional information.


=== stat: LLC-prefetches ===
# started on Wed Sep  9 08:57:09 2026


 Performance counter stats for 'sleep 0.05':

   <not supported>      LLC-prefetches                                              

       0.050924951 seconds time elapsed

       0.000000000 seconds user
       0.000881000 seconds sys



=== record: LLC-prefetches ===
Error:
The LLC-prefetches event is not supported.

=== stat: LLC-prefetch-misses ===
# started on Wed Sep  9 08:57:09 2026


 Performance counter stats for 'sleep 0.05':

   <not supported>      LLC-prefetch-misses                                         

       0.050882579 seconds time elapsed

       0.000000000 seconds user
       0.000847000 seconds sys



=== record: LLC-prefetch-misses ===
Error:
The LLC-prefetch-misses event is not supported.

=== stat: dTLB-loads ===
# started on Wed Sep  9 08:57:09 2026


 Performance counter stats for 'sleep 0.05':

            156562      dTLB-loads                                                  

       0.051091430 seconds time elapsed

       0.001040000 seconds user
       0.000000000 seconds sys



=== record: dTLB-loads ===
Couldn't record kernel reference relocation symbol
Symbol resolution may be skewed if relocation was used (e.g. kexec).
Check /proc/kallsyms permission or run as root.
perf_event__synthesize_bpf_events: failed to synthesize bpf images: No such file or directory
Couldn't synthesize bpf events.
[ perf record: Woken up 1 times to write data ]
[ perf record: Captured and wrote 0.002 MB /root/0460882-Project-HwiSwiCoDesign/results/raytrace/optimized/2026-09-09-08-56/.perf-probe.OBnhwA/record.data ]

=== stat: dTLB-load-misses ===
# started on Wed Sep  9 08:57:10 2026


 Performance counter stats for 'sleep 0.05':

              3825      dTLB-load-misses                                            

       0.056526787 seconds time elapsed

       0.000000000 seconds user
       0.006422000 seconds sys



=== record: dTLB-load-misses ===
Couldn't record kernel reference relocation symbol
Symbol resolution may be skewed if relocation was used (e.g. kexec).
Check /proc/kallsyms permission or run as root.
perf_event__synthesize_bpf_events: failed to synthesize bpf images: No such file or directory
Couldn't synthesize bpf events.
[ perf record: Woken up 1 times to write data ]
[ perf record: Captured and wrote 0.002 MB /root/0460882-Project-HwiSwiCoDesign/results/raytrace/optimized/2026-09-09-08-56/.perf-probe.OBnhwA/record.data ]

=== stat: dTLB-stores ===
# started on Wed Sep  9 08:57:11 2026


 Performance counter stats for 'sleep 0.05':

             94905      dTLB-stores                                                 

       0.056865045 seconds time elapsed

       0.000000000 seconds user
       0.006760000 seconds sys



=== record: dTLB-stores ===
Couldn't record kernel reference relocation symbol
Symbol resolution may be skewed if relocation was used (e.g. kexec).
Check /proc/kallsyms permission or run as root.
perf_event__synthesize_bpf_events: failed to synthesize bpf images: No such file or directory
Couldn't synthesize bpf events.
[ perf record: Woken up 1 times to write data ]
[ perf record: Captured and wrote 0.002 MB /root/0460882-Project-HwiSwiCoDesign/results/raytrace/optimized/2026-09-09-08-56/.perf-probe.OBnhwA/record.data ]

=== stat: dTLB-store-misses ===
# started on Wed Sep  9 08:57:12 2026


 Performance counter stats for 'sleep 0.05':

               554      dTLB-store-misses                                           

       0.056879200 seconds time elapsed

       0.000000000 seconds user
       0.006787000 seconds sys



=== record: dTLB-store-misses ===
Couldn't record kernel reference relocation symbol
Symbol resolution may be skewed if relocation was used (e.g. kexec).
Check /proc/kallsyms permission or run as root.
perf_event__synthesize_bpf_events: failed to synthesize bpf images: No such file or directory
Couldn't synthesize bpf events.
[ perf record: Woken up 1 times to write data ]
[ perf record: Captured and wrote 0.002 MB /root/0460882-Project-HwiSwiCoDesign/results/raytrace/optimized/2026-09-09-08-56/.perf-probe.OBnhwA/record.data ]

=== stat: iTLB-loads ===
# started on Wed Sep  9 08:57:13 2026


 Performance counter stats for 'sleep 0.05':

               800      iTLB-loads                                                  

       0.060874165 seconds time elapsed

       0.000000000 seconds user
       0.010750000 seconds sys



=== record: iTLB-loads ===
Couldn't record kernel reference relocation symbol
Symbol resolution may be skewed if relocation was used (e.g. kexec).
Check /proc/kallsyms permission or run as root.
perf_event__synthesize_bpf_events: failed to synthesize bpf images: No such file or directory
Couldn't synthesize bpf events.
[ perf record: Woken up 1 times to write data ]
[ perf record: Captured and wrote 0.002 MB /root/0460882-Project-HwiSwiCoDesign/results/raytrace/optimized/2026-09-09-08-56/.perf-probe.OBnhwA/record.data ]

=== stat: iTLB-load-misses ===
# started on Wed Sep  9 08:57:14 2026


 Performance counter stats for 'sleep 0.05':

              4039      iTLB-load-misses                                            

       0.060612567 seconds time elapsed

       0.000000000 seconds user
       0.010501000 seconds sys



=== record: iTLB-load-misses ===
Couldn't record kernel reference relocation symbol
Symbol resolution may be skewed if relocation was used (e.g. kexec).
Check /proc/kallsyms permission or run as root.
perf_event__synthesize_bpf_events: failed to synthesize bpf images: No such file or directory
Couldn't synthesize bpf events.
[ perf record: Woken up 1 times to write data ]
[ perf record: Captured and wrote 0.002 MB /root/0460882-Project-HwiSwiCoDesign/results/raytrace/optimized/2026-09-09-08-56/.perf-probe.OBnhwA/record.data ]

=== stat: branch-loads ===
# started on Wed Sep  9 08:57:15 2026


 Performance counter stats for 'sleep 0.05':

            118169      branch-loads                                                

       0.056524455 seconds time elapsed

       0.000000000 seconds user
       0.006434000 seconds sys



=== record: branch-loads ===
Couldn't record kernel reference relocation symbol
Symbol resolution may be skewed if relocation was used (e.g. kexec).
Check /proc/kallsyms permission or run as root.
perf_event__synthesize_bpf_events: failed to synthesize bpf images: No such file or directory
Couldn't synthesize bpf events.
[ perf record: Woken up 1 times to write data ]
[ perf record: Captured and wrote 0.002 MB /root/0460882-Project-HwiSwiCoDesign/results/raytrace/optimized/2026-09-09-08-56/.perf-probe.OBnhwA/record.data ]

=== stat: branch-load-misses ===
# started on Wed Sep  9 08:57:16 2026


 Performance counter stats for 'sleep 0.05':

              5442      branch-load-misses                                          

       0.056851615 seconds time elapsed

       0.000000000 seconds user
       0.006723000 seconds sys



=== record: branch-load-misses ===
Couldn't record kernel reference relocation symbol
Symbol resolution may be skewed if relocation was used (e.g. kexec).
Check /proc/kallsyms permission or run as root.
perf_event__synthesize_bpf_events: failed to synthesize bpf images: No such file or directory
Couldn't synthesize bpf events.
[ perf record: Woken up 1 times to write data ]
[ perf record: Captured and wrote 0.002 MB /root/0460882-Project-HwiSwiCoDesign/results/raytrace/optimized/2026-09-09-08-56/.perf-probe.OBnhwA/record.data ]

=== stat: node-loads ===
# started on Wed Sep  9 08:57:18 2026


 Performance counter stats for 'sleep 0.05':

   <not supported>      node-loads                                                  

       0.050958303 seconds time elapsed

       0.000915000 seconds user
       0.000000000 seconds sys



=== record: node-loads ===
Error:
The sys_perf_event_open() syscall returned with 6 (No such device or address) for event (node-loads).
/bin/dmesg | grep -i perf may provide additional information.


=== stat: node-load-misses ===
# started on Wed Sep  9 08:57:18 2026


 Performance counter stats for 'sleep 0.05':

   <not supported>      node-load-misses                                            

       0.050920221 seconds time elapsed

       0.000000000 seconds user
       0.000896000 seconds sys



=== record: node-load-misses ===
Error:
The sys_perf_event_open() syscall returned with 6 (No such device or address) for event (node-load-misses).
/bin/dmesg | grep -i perf may provide additional information.


=== stat: node-stores ===
# started on Wed Sep  9 08:57:18 2026


 Performance counter stats for 'sleep 0.05':

   <not supported>      node-stores                                                 

       0.050960158 seconds time elapsed

       0.000913000 seconds user
       0.000000000 seconds sys



=== record: node-stores ===
Error:
The sys_perf_event_open() syscall returned with 6 (No such device or address) for event (node-stores).
/bin/dmesg | grep -i perf may provide additional information.


=== stat: node-store-misses ===
# started on Wed Sep  9 08:57:18 2026


 Performance counter stats for 'sleep 0.05':

   <not supported>      node-store-misses                                           

       0.050855985 seconds time elapsed

       0.000835000 seconds user
       0.000000000 seconds sys



=== record: node-store-misses ===
Error:
The sys_perf_event_open() syscall returned with 6 (No such device or address) for event (node-store-misses).
/bin/dmesg | grep -i perf may provide additional information.


=== stat: duration_time ===
# started on Wed Sep  9 08:57:18 2026


 Performance counter stats for 'system wide':

          50873537 ns   duration_time                                               

       0.050873537 seconds time elapsed


=== stat: user_time ===
event syntax error: 'user_time'
                     \___ parser error
Run 'perf list' for a list of valid events

 Usage: perf stat [<options>] [<command>]

    -e, --event <event>   event selector. use 'perf list' to list available events

=== stat: system_time ===
event syntax error: 'system_time'
                     \___ parser error
Run 'perf list' for a list of valid events

 Usage: perf stat [<options>] [<command>]

    -e, --event <event>   event selector. use 'perf list' to list available events

=== stat: dummy ===
# started on Wed Sep  9 08:57:18 2026


 Performance counter stats for 'sleep 0.05':

                 0      dummy                                                       

       0.051001612 seconds time elapsed

       0.000959000 seconds user
       0.000000000 seconds sys



=== stat: bpf-output ===
# started on Wed Sep  9 08:57:18 2026


 Performance counter stats for 'sleep 0.05':

                 0      bpf-output                                                  

       0.051011352 seconds time elapsed

       0.000962000 seconds user
       0.000000000 seconds sys


