
=== stat: cpu-clock ===
# started on Sat Sep 12 14:09:13 2026


 Performance counter stats for 'sleep 0.05':

              0.89 msec cpu-clock                 #    0.016 CPUs utilized          

       0.054347866 seconds time elapsed

       0.001597000 seconds user
       0.000000000 seconds sys



=== record: cpu-clock ===
Couldn't record kernel reference relocation symbol
Symbol resolution may be skewed if relocation was used (e.g. kexec).
Check /proc/kallsyms permission or run as root.
perf_event__synthesize_bpf_events: failed to synthesize bpf images: No such file or directory
Couldn't synthesize bpf events.
[ perf record: Woken up 1 times to write data ]
[ perf record: Captured and wrote 0.002 MB /root/0460882-Project-HwiSwiCoDesign/results/pyflate/optimized/2026-09-12-14-09/.perf-probe.O3Iw9v/record.data ]

=== stat: task-clock ===
# started on Sat Sep 12 14:09:14 2026


 Performance counter stats for 'sleep 0.05':

              0.45 msec task-clock                #    0.009 CPUs utilized          

       0.050995167 seconds time elapsed

       0.000000000 seconds user
       0.000940000 seconds sys



=== record: task-clock ===
Couldn't record kernel reference relocation symbol
Symbol resolution may be skewed if relocation was used (e.g. kexec).
Check /proc/kallsyms permission or run as root.
perf_event__synthesize_bpf_events: failed to synthesize bpf images: No such file or directory
Couldn't synthesize bpf events.
[ perf record: Woken up 1 times to write data ]
[ perf record: Captured and wrote 0.002 MB /root/0460882-Project-HwiSwiCoDesign/results/pyflate/optimized/2026-09-12-14-09/.perf-probe.O3Iw9v/record.data ]

=== stat: cycles ===
# started on Sat Sep 12 14:09:14 2026


 Performance counter stats for 'sleep 0.05':

           1002748      cycles                                                      

       0.051060190 seconds time elapsed

       0.000000000 seconds user
       0.000988000 seconds sys



=== record: cycles ===
Couldn't record kernel reference relocation symbol
Symbol resolution may be skewed if relocation was used (e.g. kexec).
Check /proc/kallsyms permission or run as root.
perf_event__synthesize_bpf_events: failed to synthesize bpf images: No such file or directory
Couldn't synthesize bpf events.
[ perf record: Woken up 1 times to write data ]
[ perf record: Captured and wrote 0.002 MB /root/0460882-Project-HwiSwiCoDesign/results/pyflate/optimized/2026-09-12-14-09/.perf-probe.O3Iw9v/record.data ]

=== stat: instructions ===
# started on Sat Sep 12 14:09:14 2026


 Performance counter stats for 'sleep 0.05':

            541273      instructions                                                

       0.051151667 seconds time elapsed

       0.001099000 seconds user
       0.000000000 seconds sys



=== record: instructions ===
Couldn't record kernel reference relocation symbol
Symbol resolution may be skewed if relocation was used (e.g. kexec).
Check /proc/kallsyms permission or run as root.
perf_event__synthesize_bpf_events: failed to synthesize bpf images: No such file or directory
Couldn't synthesize bpf events.
[ perf record: Woken up 1 times to write data ]
[ perf record: Captured and wrote 0.003 MB /root/0460882-Project-HwiSwiCoDesign/results/pyflate/optimized/2026-09-12-14-09/.perf-probe.O3Iw9v/record.data (7 samples) ]

=== stat: branch-instructions ===
# started on Sat Sep 12 14:09:14 2026


 Performance counter stats for 'sleep 0.05':

            114668      branch-instructions                                         

       0.051058249 seconds time elapsed

       0.001032000 seconds user
       0.000000000 seconds sys



=== record: branch-instructions ===
Couldn't record kernel reference relocation symbol
Symbol resolution may be skewed if relocation was used (e.g. kexec).
Check /proc/kallsyms permission or run as root.
perf_event__synthesize_bpf_events: failed to synthesize bpf images: No such file or directory
Couldn't synthesize bpf events.
[ perf record: Woken up 1 times to write data ]
[ perf record: Captured and wrote 0.002 MB /root/0460882-Project-HwiSwiCoDesign/results/pyflate/optimized/2026-09-12-14-09/.perf-probe.O3Iw9v/record.data ]

=== stat: branch-misses ===
# started on Sat Sep 12 14:09:15 2026


 Performance counter stats for 'sleep 0.05':

              5248      branch-misses                                               

       0.051094515 seconds time elapsed

       0.001035000 seconds user
       0.000000000 seconds sys



=== record: branch-misses ===
Couldn't record kernel reference relocation symbol
Symbol resolution may be skewed if relocation was used (e.g. kexec).
Check /proc/kallsyms permission or run as root.
perf_event__synthesize_bpf_events: failed to synthesize bpf images: No such file or directory
Couldn't synthesize bpf events.
[ perf record: Woken up 1 times to write data ]
[ perf record: Captured and wrote 0.002 MB /root/0460882-Project-HwiSwiCoDesign/results/pyflate/optimized/2026-09-12-14-09/.perf-probe.O3Iw9v/record.data ]

=== stat: bus-cycles ===
# started on Sat Sep 12 14:09:15 2026


 Performance counter stats for 'sleep 0.05':

             46857      bus-cycles                                                  

       0.056880252 seconds time elapsed

       0.000000000 seconds user
       0.006830000 seconds sys



=== record: bus-cycles ===
Couldn't record kernel reference relocation symbol
Symbol resolution may be skewed if relocation was used (e.g. kexec).
Check /proc/kallsyms permission or run as root.
perf_event__synthesize_bpf_events: failed to synthesize bpf images: No such file or directory
Couldn't synthesize bpf events.
[ perf record: Woken up 1 times to write data ]
[ perf record: Captured and wrote 0.002 MB /root/0460882-Project-HwiSwiCoDesign/results/pyflate/optimized/2026-09-12-14-09/.perf-probe.O3Iw9v/record.data ]

=== stat: cache-references ===
# started on Sat Sep 12 14:09:15 2026


 Performance counter stats for 'sleep 0.05':

             17828      cache-references                                            

       0.051188282 seconds time elapsed

       0.000000000 seconds user
       0.001120000 seconds sys



=== record: cache-references ===
Couldn't record kernel reference relocation symbol
Symbol resolution may be skewed if relocation was used (e.g. kexec).
Check /proc/kallsyms permission or run as root.
perf_event__synthesize_bpf_events: failed to synthesize bpf images: No such file or directory
Couldn't synthesize bpf events.
[ perf record: Woken up 1 times to write data ]
[ perf record: Captured and wrote 0.002 MB /root/0460882-Project-HwiSwiCoDesign/results/pyflate/optimized/2026-09-12-14-09/.perf-probe.O3Iw9v/record.data ]

=== stat: cache-misses ===
# started on Sat Sep 12 14:09:15 2026


 Performance counter stats for 'sleep 0.05':

               132      cache-misses                                                

       0.051119930 seconds time elapsed

       0.001090000 seconds user
       0.000000000 seconds sys



=== record: cache-misses ===
Couldn't record kernel reference relocation symbol
Symbol resolution may be skewed if relocation was used (e.g. kexec).
Check /proc/kallsyms permission or run as root.
perf_event__synthesize_bpf_events: failed to synthesize bpf images: No such file or directory
Couldn't synthesize bpf events.
[ perf record: Woken up 1 times to write data ]
[ perf record: Captured and wrote 0.002 MB /root/0460882-Project-HwiSwiCoDesign/results/pyflate/optimized/2026-09-12-14-09/.perf-probe.O3Iw9v/record.data ]

=== stat: ref-cycles ===
# started on Sat Sep 12 14:09:15 2026


 Performance counter stats for 'sleep 0.05':

           1057464      ref-cycles                                                  

       0.051166439 seconds time elapsed

       0.001134000 seconds user
       0.000000000 seconds sys



=== record: ref-cycles ===
Couldn't record kernel reference relocation symbol
Symbol resolution may be skewed if relocation was used (e.g. kexec).
Check /proc/kallsyms permission or run as root.
perf_event__synthesize_bpf_events: failed to synthesize bpf images: No such file or directory
Couldn't synthesize bpf events.
[ perf record: Woken up 1 times to write data ]
[ perf record: Captured and wrote 0.002 MB /root/0460882-Project-HwiSwiCoDesign/results/pyflate/optimized/2026-09-12-14-09/.perf-probe.O3Iw9v/record.data ]

=== stat: stalled-cycles-frontend ===
# started on Sat Sep 12 14:09:15 2026


 Performance counter stats for 'sleep 0.05':

   <not supported>      stalled-cycles-frontend                                     

       0.051039232 seconds time elapsed

       0.000000000 seconds user
       0.000989000 seconds sys



=== record: stalled-cycles-frontend ===
Error:
The stalled-cycles-frontend event is not supported.

=== stat: stalled-cycles-backend ===
# started on Sat Sep 12 14:09:15 2026


 Performance counter stats for 'sleep 0.05':

   <not supported>      stalled-cycles-backend                                      

       0.051029987 seconds time elapsed

       0.000941000 seconds user
       0.000000000 seconds sys



=== record: stalled-cycles-backend ===
Error:
The stalled-cycles-backend event is not supported.

=== stat: page-faults ===
# started on Sat Sep 12 14:09:16 2026


 Performance counter stats for 'sleep 0.05':

                61      page-faults                                                 

       0.050995502 seconds time elapsed

       0.000940000 seconds user
       0.000000000 seconds sys



=== record: page-faults ===
Couldn't record kernel reference relocation symbol
Symbol resolution may be skewed if relocation was used (e.g. kexec).
Check /proc/kallsyms permission or run as root.
perf_event__synthesize_bpf_events: failed to synthesize bpf images: No such file or directory
Couldn't synthesize bpf events.
[ perf record: Woken up 1 times to write data ]
[ perf record: Captured and wrote 0.003 MB /root/0460882-Project-HwiSwiCoDesign/results/pyflate/optimized/2026-09-12-14-09/.perf-probe.O3Iw9v/record.data (5 samples) ]

=== stat: minor-faults ===
# started on Sat Sep 12 14:09:16 2026


 Performance counter stats for 'sleep 0.05':

                59      minor-faults                                                

       0.051000961 seconds time elapsed

       0.000969000 seconds user
       0.000000000 seconds sys



=== record: minor-faults ===
Couldn't record kernel reference relocation symbol
Symbol resolution may be skewed if relocation was used (e.g. kexec).
Check /proc/kallsyms permission or run as root.
perf_event__synthesize_bpf_events: failed to synthesize bpf images: No such file or directory
Couldn't synthesize bpf events.
[ perf record: Woken up 1 times to write data ]
[ perf record: Captured and wrote 0.003 MB /root/0460882-Project-HwiSwiCoDesign/results/pyflate/optimized/2026-09-12-14-09/.perf-probe.O3Iw9v/record.data (5 samples) ]

=== stat: major-faults ===
# started on Sat Sep 12 14:09:16 2026


 Performance counter stats for 'sleep 0.05':

                 0      major-faults                                                

       0.051048096 seconds time elapsed

       0.000000000 seconds user
       0.000984000 seconds sys



=== record: major-faults ===
Couldn't record kernel reference relocation symbol
Symbol resolution may be skewed if relocation was used (e.g. kexec).
Check /proc/kallsyms permission or run as root.
perf_event__synthesize_bpf_events: failed to synthesize bpf images: No such file or directory
Couldn't synthesize bpf events.
[ perf record: Woken up 1 times to write data ]
[ perf record: Captured and wrote 0.002 MB /root/0460882-Project-HwiSwiCoDesign/results/pyflate/optimized/2026-09-12-14-09/.perf-probe.O3Iw9v/record.data ]

=== stat: context-switches ===
# started on Sat Sep 12 14:09:16 2026


 Performance counter stats for 'sleep 0.05':

                 1      context-switches                                            

       0.050957093 seconds time elapsed

       0.000000000 seconds user
       0.000915000 seconds sys



=== record: context-switches ===
Couldn't record kernel reference relocation symbol
Symbol resolution may be skewed if relocation was used (e.g. kexec).
Check /proc/kallsyms permission or run as root.
perf_event__synthesize_bpf_events: failed to synthesize bpf images: No such file or directory
Couldn't synthesize bpf events.
[ perf record: Woken up 1 times to write data ]
[ perf record: Captured and wrote 0.002 MB /root/0460882-Project-HwiSwiCoDesign/results/pyflate/optimized/2026-09-12-14-09/.perf-probe.O3Iw9v/record.data (1 samples) ]

=== stat: cpu-migrations ===
# started on Sat Sep 12 14:09:16 2026


 Performance counter stats for 'sleep 0.05':

                 0      cpu-migrations                                              

       0.051020705 seconds time elapsed

       0.000971000 seconds user
       0.000000000 seconds sys



=== record: cpu-migrations ===
Couldn't record kernel reference relocation symbol
Symbol resolution may be skewed if relocation was used (e.g. kexec).
Check /proc/kallsyms permission or run as root.
perf_event__synthesize_bpf_events: failed to synthesize bpf images: No such file or directory
Couldn't synthesize bpf events.
[ perf record: Woken up 1 times to write data ]
[ perf record: Captured and wrote 0.002 MB /root/0460882-Project-HwiSwiCoDesign/results/pyflate/optimized/2026-09-12-14-09/.perf-probe.O3Iw9v/record.data ]

=== stat: alignment-faults ===
# started on Sat Sep 12 14:09:16 2026


 Performance counter stats for 'sleep 0.05':

                 0      alignment-faults                                            

       0.051052040 seconds time elapsed

       0.000000000 seconds user
       0.000992000 seconds sys



=== record: alignment-faults ===
Couldn't record kernel reference relocation symbol
Symbol resolution may be skewed if relocation was used (e.g. kexec).
Check /proc/kallsyms permission or run as root.
perf_event__synthesize_bpf_events: failed to synthesize bpf images: No such file or directory
Couldn't synthesize bpf events.
[ perf record: Woken up 1 times to write data ]
[ perf record: Captured and wrote 0.002 MB /root/0460882-Project-HwiSwiCoDesign/results/pyflate/optimized/2026-09-12-14-09/.perf-probe.O3Iw9v/record.data ]

=== stat: emulation-faults ===
# started on Sat Sep 12 14:09:17 2026


 Performance counter stats for 'sleep 0.05':

                 0      emulation-faults                                            

       0.051000470 seconds time elapsed

       0.000973000 seconds user
       0.000000000 seconds sys



=== record: emulation-faults ===
Couldn't record kernel reference relocation symbol
Symbol resolution may be skewed if relocation was used (e.g. kexec).
Check /proc/kallsyms permission or run as root.
perf_event__synthesize_bpf_events: failed to synthesize bpf images: No such file or directory
Couldn't synthesize bpf events.
[ perf record: Woken up 1 times to write data ]
[ perf record: Captured and wrote 0.002 MB /root/0460882-Project-HwiSwiCoDesign/results/pyflate/optimized/2026-09-12-14-09/.perf-probe.O3Iw9v/record.data ]

=== stat: cgroup-switches ===
# started on Sat Sep 12 14:09:17 2026


 Performance counter stats for 'sleep 0.05':

                 1      cgroup-switches                                             

       0.051023386 seconds time elapsed

       0.000968000 seconds user
       0.000000000 seconds sys



=== record: cgroup-switches ===
Couldn't record kernel reference relocation symbol
Symbol resolution may be skewed if relocation was used (e.g. kexec).
Check /proc/kallsyms permission or run as root.
perf_event__synthesize_bpf_events: failed to synthesize bpf images: No such file or directory
Couldn't synthesize bpf events.
[ perf record: Woken up 1 times to write data ]
[ perf record: Captured and wrote 0.002 MB /root/0460882-Project-HwiSwiCoDesign/results/pyflate/optimized/2026-09-12-14-09/.perf-probe.O3Iw9v/record.data (1 samples) ]

=== stat: L1-dcache-loads ===
# started on Sat Sep 12 14:09:17 2026


 Performance counter stats for 'sleep 0.05':

            162644      L1-dcache-loads                                             

       0.057178196 seconds time elapsed

       0.000000000 seconds user
       0.007005000 seconds sys



=== record: L1-dcache-loads ===
Couldn't record kernel reference relocation symbol
Symbol resolution may be skewed if relocation was used (e.g. kexec).
Check /proc/kallsyms permission or run as root.
perf_event__synthesize_bpf_events: failed to synthesize bpf images: No such file or directory
Couldn't synthesize bpf events.
[ perf record: Woken up 1 times to write data ]
[ perf record: Captured and wrote 0.002 MB /root/0460882-Project-HwiSwiCoDesign/results/pyflate/optimized/2026-09-12-14-09/.perf-probe.O3Iw9v/record.data ]

=== stat: L1-dcache-load-misses ===
# started on Sat Sep 12 14:09:17 2026


 Performance counter stats for 'sleep 0.05':

             14424      L1-dcache-load-misses                                       

       0.051043843 seconds time elapsed

       0.000996000 seconds user
       0.000000000 seconds sys



=== record: L1-dcache-load-misses ===
Couldn't record kernel reference relocation symbol
Symbol resolution may be skewed if relocation was used (e.g. kexec).
Check /proc/kallsyms permission or run as root.
perf_event__synthesize_bpf_events: failed to synthesize bpf images: No such file or directory
Couldn't synthesize bpf events.
[ perf record: Woken up 1 times to write data ]
[ perf record: Captured and wrote 0.002 MB /root/0460882-Project-HwiSwiCoDesign/results/pyflate/optimized/2026-09-12-14-09/.perf-probe.O3Iw9v/record.data ]

=== stat: L1-dcache-stores ===
# started on Sat Sep 12 14:09:17 2026


 Performance counter stats for 'sleep 0.05':

             92080      L1-dcache-stores                                            

       0.051048206 seconds time elapsed

       0.001000000 seconds user
       0.000000000 seconds sys



=== record: L1-dcache-stores ===
Couldn't record kernel reference relocation symbol
Symbol resolution may be skewed if relocation was used (e.g. kexec).
Check /proc/kallsyms permission or run as root.
perf_event__synthesize_bpf_events: failed to synthesize bpf images: No such file or directory
Couldn't synthesize bpf events.
[ perf record: Woken up 1 times to write data ]
[ perf record: Captured and wrote 0.002 MB /root/0460882-Project-HwiSwiCoDesign/results/pyflate/optimized/2026-09-12-14-09/.perf-probe.O3Iw9v/record.data ]

=== stat: L1-dcache-store-misses ===
# started on Sat Sep 12 14:09:17 2026


 Performance counter stats for 'sleep 0.05':

   <not supported>      L1-dcache-store-misses                                      

       0.051032243 seconds time elapsed

       0.000000000 seconds user
       0.000993000 seconds sys



=== record: L1-dcache-store-misses ===
Error:
The L1-dcache-store-misses event is not supported.

=== stat: L1-dcache-prefetches ===
# started on Sat Sep 12 14:09:18 2026


 Performance counter stats for 'sleep 0.05':

   <not supported>      L1-dcache-prefetches                                        

       0.050974804 seconds time elapsed

       0.000922000 seconds user
       0.000000000 seconds sys



=== record: L1-dcache-prefetches ===
Error:
The L1-dcache-prefetches event is not supported.

=== stat: L1-dcache-prefetch-misses ===
# started on Sat Sep 12 14:09:18 2026


 Performance counter stats for 'sleep 0.05':

   <not supported>      L1-dcache-prefetch-misses                                   

       0.050907270 seconds time elapsed

       0.000000000 seconds user
       0.000854000 seconds sys



=== record: L1-dcache-prefetch-misses ===
Error:
The L1-dcache-prefetch-misses event is not supported.

=== stat: L1-icache-loads ===
# started on Sat Sep 12 14:09:18 2026


 Performance counter stats for 'sleep 0.05':

   <not supported>      L1-icache-loads                                             

       0.050876980 seconds time elapsed

       0.000000000 seconds user
       0.000858000 seconds sys



=== record: L1-icache-loads ===
Error:
The L1-icache-loads event is not supported.

=== stat: L1-icache-load-misses ===
# started on Sat Sep 12 14:09:18 2026


 Performance counter stats for 'sleep 0.05':

              8281      L1-icache-load-misses                                       

       0.051001094 seconds time elapsed

       0.000969000 seconds user
       0.000000000 seconds sys



=== record: L1-icache-load-misses ===
Couldn't record kernel reference relocation symbol
Symbol resolution may be skewed if relocation was used (e.g. kexec).
Check /proc/kallsyms permission or run as root.
perf_event__synthesize_bpf_events: failed to synthesize bpf images: No such file or directory
Couldn't synthesize bpf events.
[ perf record: Woken up 1 times to write data ]
[ perf record: Captured and wrote 0.002 MB /root/0460882-Project-HwiSwiCoDesign/results/pyflate/optimized/2026-09-12-14-09/.perf-probe.O3Iw9v/record.data ]

=== stat: LLC-loads ===
# started on Sat Sep 12 14:09:18 2026


 Performance counter stats for 'sleep 0.05':

   <not supported>      LLC-loads                                                   

       0.050907336 seconds time elapsed

       0.000863000 seconds user
       0.000000000 seconds sys



=== record: LLC-loads ===
Error:
The sys_perf_event_open() syscall returned with 6 (No such device or address) for event (LLC-loads).
/bin/dmesg | grep -i perf may provide additional information.


=== stat: LLC-load-misses ===
# started on Sat Sep 12 14:09:18 2026


 Performance counter stats for 'sleep 0.05':

   <not supported>      LLC-load-misses                                             

       0.050981107 seconds time elapsed

       0.000000000 seconds user
       0.000920000 seconds sys



=== record: LLC-load-misses ===
Error:
The sys_perf_event_open() syscall returned with 6 (No such device or address) for event (LLC-load-misses).
/bin/dmesg | grep -i perf may provide additional information.


=== stat: LLC-stores ===
# started on Sat Sep 12 14:09:18 2026


 Performance counter stats for 'sleep 0.05':

   <not supported>      LLC-stores                                                  

       0.050886102 seconds time elapsed

       0.000847000 seconds user
       0.000000000 seconds sys



=== record: LLC-stores ===
Error:
The sys_perf_event_open() syscall returned with 6 (No such device or address) for event (LLC-stores).
/bin/dmesg | grep -i perf may provide additional information.


=== stat: LLC-store-misses ===
# started on Sat Sep 12 14:09:18 2026


 Performance counter stats for 'sleep 0.05':

   <not supported>      LLC-store-misses                                            

       0.050917593 seconds time elapsed

       0.000880000 seconds user
       0.000000000 seconds sys



=== record: LLC-store-misses ===
Error:
The sys_perf_event_open() syscall returned with 6 (No such device or address) for event (LLC-store-misses).
/bin/dmesg | grep -i perf may provide additional information.


=== stat: LLC-prefetches ===
# started on Sat Sep 12 14:09:18 2026


 Performance counter stats for 'sleep 0.05':

   <not supported>      LLC-prefetches                                              

       0.050947193 seconds time elapsed

       0.000899000 seconds user
       0.000000000 seconds sys



=== record: LLC-prefetches ===
Error:
The LLC-prefetches event is not supported.

=== stat: LLC-prefetch-misses ===
# started on Sat Sep 12 14:09:19 2026


 Performance counter stats for 'sleep 0.05':

   <not supported>      LLC-prefetch-misses                                         

       0.050878907 seconds time elapsed

       0.000000000 seconds user
       0.000830000 seconds sys



=== record: LLC-prefetch-misses ===
Error:
The LLC-prefetch-misses event is not supported.

=== stat: dTLB-loads ===
# started on Sat Sep 12 14:09:19 2026


 Performance counter stats for 'sleep 0.05':

            153173      dTLB-loads                                                  

       0.051044832 seconds time elapsed

       0.000992000 seconds user
       0.000000000 seconds sys



=== record: dTLB-loads ===
Couldn't record kernel reference relocation symbol
Symbol resolution may be skewed if relocation was used (e.g. kexec).
Check /proc/kallsyms permission or run as root.
perf_event__synthesize_bpf_events: failed to synthesize bpf images: No such file or directory
Couldn't synthesize bpf events.
[ perf record: Woken up 1 times to write data ]
[ perf record: Captured and wrote 0.002 MB /root/0460882-Project-HwiSwiCoDesign/results/pyflate/optimized/2026-09-12-14-09/.perf-probe.O3Iw9v/record.data ]

=== stat: dTLB-load-misses ===
# started on Sat Sep 12 14:09:19 2026


 Performance counter stats for 'sleep 0.05':

              3174      dTLB-load-misses                                            

       0.051084117 seconds time elapsed

       0.000000000 seconds user
       0.001048000 seconds sys



=== record: dTLB-load-misses ===
Couldn't record kernel reference relocation symbol
Symbol resolution may be skewed if relocation was used (e.g. kexec).
Check /proc/kallsyms permission or run as root.
perf_event__synthesize_bpf_events: failed to synthesize bpf images: No such file or directory
Couldn't synthesize bpf events.
[ perf record: Woken up 1 times to write data ]
[ perf record: Captured and wrote 0.002 MB /root/0460882-Project-HwiSwiCoDesign/results/pyflate/optimized/2026-09-12-14-09/.perf-probe.O3Iw9v/record.data ]

=== stat: dTLB-stores ===
# started on Sat Sep 12 14:09:19 2026


 Performance counter stats for 'sleep 0.05':

             94083      dTLB-stores                                                 

       0.056566970 seconds time elapsed

       0.000000000 seconds user
       0.006492000 seconds sys



=== record: dTLB-stores ===
Couldn't record kernel reference relocation symbol
Symbol resolution may be skewed if relocation was used (e.g. kexec).
Check /proc/kallsyms permission or run as root.
perf_event__synthesize_bpf_events: failed to synthesize bpf images: No such file or directory
Couldn't synthesize bpf events.
[ perf record: Woken up 1 times to write data ]
[ perf record: Captured and wrote 0.002 MB /root/0460882-Project-HwiSwiCoDesign/results/pyflate/optimized/2026-09-12-14-09/.perf-probe.O3Iw9v/record.data ]

=== stat: dTLB-store-misses ===
# started on Sat Sep 12 14:09:19 2026


 Performance counter stats for 'sleep 0.05':

               478      dTLB-store-misses                                           

       0.051120830 seconds time elapsed

       0.001069000 seconds user
       0.000000000 seconds sys



=== record: dTLB-store-misses ===
Couldn't record kernel reference relocation symbol
Symbol resolution may be skewed if relocation was used (e.g. kexec).
Check /proc/kallsyms permission or run as root.
perf_event__synthesize_bpf_events: failed to synthesize bpf images: No such file or directory
Couldn't synthesize bpf events.
[ perf record: Woken up 1 times to write data ]
[ perf record: Captured and wrote 0.002 MB /root/0460882-Project-HwiSwiCoDesign/results/pyflate/optimized/2026-09-12-14-09/.perf-probe.O3Iw9v/record.data ]

=== stat: iTLB-loads ===
# started on Sat Sep 12 14:09:19 2026


 Performance counter stats for 'sleep 0.05':

              1167      iTLB-loads                                                  

       0.051207864 seconds time elapsed

       0.000000000 seconds user
       0.001145000 seconds sys



=== record: iTLB-loads ===
Couldn't record kernel reference relocation symbol
Symbol resolution may be skewed if relocation was used (e.g. kexec).
Check /proc/kallsyms permission or run as root.
perf_event__synthesize_bpf_events: failed to synthesize bpf images: No such file or directory
Couldn't synthesize bpf events.
[ perf record: Woken up 1 times to write data ]
[ perf record: Captured and wrote 0.002 MB /root/0460882-Project-HwiSwiCoDesign/results/pyflate/optimized/2026-09-12-14-09/.perf-probe.O3Iw9v/record.data ]

=== stat: iTLB-load-misses ===
# started on Sat Sep 12 14:09:19 2026


 Performance counter stats for 'sleep 0.05':

              3981      iTLB-load-misses                                            

       0.051052055 seconds time elapsed

       0.001008000 seconds user
       0.000000000 seconds sys



=== record: iTLB-load-misses ===
Couldn't record kernel reference relocation symbol
Symbol resolution may be skewed if relocation was used (e.g. kexec).
Check /proc/kallsyms permission or run as root.
perf_event__synthesize_bpf_events: failed to synthesize bpf images: No such file or directory
Couldn't synthesize bpf events.
[ perf record: Woken up 1 times to write data ]
[ perf record: Captured and wrote 0.002 MB /root/0460882-Project-HwiSwiCoDesign/results/pyflate/optimized/2026-09-12-14-09/.perf-probe.O3Iw9v/record.data ]

=== stat: branch-loads ===
# started on Sat Sep 12 14:09:20 2026


 Performance counter stats for 'sleep 0.05':

            116347      branch-loads                                                

       0.051142882 seconds time elapsed

       0.001095000 seconds user
       0.000000000 seconds sys



=== record: branch-loads ===
Couldn't record kernel reference relocation symbol
Symbol resolution may be skewed if relocation was used (e.g. kexec).
Check /proc/kallsyms permission or run as root.
perf_event__synthesize_bpf_events: failed to synthesize bpf images: No such file or directory
Couldn't synthesize bpf events.
[ perf record: Woken up 1 times to write data ]
[ perf record: Captured and wrote 0.002 MB /root/0460882-Project-HwiSwiCoDesign/results/pyflate/optimized/2026-09-12-14-09/.perf-probe.O3Iw9v/record.data ]

=== stat: branch-load-misses ===
# started on Sat Sep 12 14:09:20 2026


 Performance counter stats for 'sleep 0.05':

              4968      branch-load-misses                                          

       0.051133025 seconds time elapsed

       0.000000000 seconds user
       0.001086000 seconds sys



=== record: branch-load-misses ===
Couldn't record kernel reference relocation symbol
Symbol resolution may be skewed if relocation was used (e.g. kexec).
Check /proc/kallsyms permission or run as root.
perf_event__synthesize_bpf_events: failed to synthesize bpf images: No such file or directory
Couldn't synthesize bpf events.
[ perf record: Woken up 1 times to write data ]
[ perf record: Captured and wrote 0.002 MB /root/0460882-Project-HwiSwiCoDesign/results/pyflate/optimized/2026-09-12-14-09/.perf-probe.O3Iw9v/record.data ]

=== stat: node-loads ===
# started on Sat Sep 12 14:09:20 2026


 Performance counter stats for 'sleep 0.05':

   <not supported>      node-loads                                                  

       0.051002857 seconds time elapsed

       0.000000000 seconds user
       0.000967000 seconds sys



=== record: node-loads ===
Error:
The sys_perf_event_open() syscall returned with 6 (No such device or address) for event (node-loads).
/bin/dmesg | grep -i perf may provide additional information.


=== stat: node-load-misses ===
# started on Sat Sep 12 14:09:20 2026


 Performance counter stats for 'sleep 0.05':

   <not supported>      node-load-misses                                            

       0.050944717 seconds time elapsed

       0.000906000 seconds user
       0.000000000 seconds sys



=== record: node-load-misses ===
Error:
The sys_perf_event_open() syscall returned with 6 (No such device or address) for event (node-load-misses).
/bin/dmesg | grep -i perf may provide additional information.


=== stat: node-stores ===
# started on Sat Sep 12 14:09:20 2026


 Performance counter stats for 'sleep 0.05':

   <not supported>      node-stores                                                 

       0.051036610 seconds time elapsed

       0.000000000 seconds user
       0.000971000 seconds sys



=== record: node-stores ===
Error:
The sys_perf_event_open() syscall returned with 6 (No such device or address) for event (node-stores).
/bin/dmesg | grep -i perf may provide additional information.


=== stat: node-store-misses ===
# started on Sat Sep 12 14:09:20 2026


 Performance counter stats for 'sleep 0.05':

   <not supported>      node-store-misses                                           

       0.050972683 seconds time elapsed

       0.000000000 seconds user
       0.000932000 seconds sys



=== record: node-store-misses ===
Error:
The sys_perf_event_open() syscall returned with 6 (No such device or address) for event (node-store-misses).
/bin/dmesg | grep -i perf may provide additional information.


=== stat: duration_time ===
# started on Sat Sep 12 14:09:20 2026


 Performance counter stats for 'system wide':

          50980281 ns   duration_time                                               

       0.050980281 seconds time elapsed


=== stat: user_time ===
event syntax error: 'user_time'
                     \___ parser error
Run 'perf list' for a list of valid events

 Usage: perf stat [<options>] [<command>]

    -e, --event <event>   event selector. use 'perf list' to list available events

=== stat: system_time ===
event syntax error: 'system_time'
                     \___ parser error
Run 'perf list' for a list of valid events

 Usage: perf stat [<options>] [<command>]

    -e, --event <event>   event selector. use 'perf list' to list available events

=== stat: dummy ===
# started on Sat Sep 12 14:09:21 2026


 Performance counter stats for 'sleep 0.05':

                 0      dummy                                                       

       0.050879104 seconds time elapsed

       0.000847000 seconds user
       0.000000000 seconds sys



=== stat: bpf-output ===
# started on Sat Sep 12 14:09:21 2026


 Performance counter stats for 'sleep 0.05':

                 0      bpf-output                                                  

       0.050950380 seconds time elapsed

       0.000930000 seconds user
       0.000000000 seconds sys


