
=== stat: cpu-clock ===
# started on Sat Sep 12 13:04:51 2026


 Performance counter stats for 'sleep 0.05':

              0.45 msec cpu-clock                 #    0.009 CPUs utilized          

       0.050982629 seconds time elapsed

       0.000948000 seconds user
       0.000000000 seconds sys



=== record: cpu-clock ===
Couldn't record kernel reference relocation symbol
Symbol resolution may be skewed if relocation was used (e.g. kexec).
Check /proc/kallsyms permission or run as root.
perf_event__synthesize_bpf_events: failed to synthesize bpf images: No such file or directory
Couldn't synthesize bpf events.
[ perf record: Woken up 1 times to write data ]
[ perf record: Captured and wrote 0.002 MB /root/0460882-Project-HwiSwiCoDesign/results/raytrace/optimized/2026-09-12-13-04/.perf-probe.f4p8uK/record.data ]

=== stat: task-clock ===
# started on Sat Sep 12 13:04:51 2026


 Performance counter stats for 'sleep 0.05':

              0.45 msec task-clock                #    0.009 CPUs utilized          

       0.050884448 seconds time elapsed

       0.000852000 seconds user
       0.000000000 seconds sys



=== record: task-clock ===
Couldn't record kernel reference relocation symbol
Symbol resolution may be skewed if relocation was used (e.g. kexec).
Check /proc/kallsyms permission or run as root.
perf_event__synthesize_bpf_events: failed to synthesize bpf images: No such file or directory
Couldn't synthesize bpf events.
[ perf record: Woken up 1 times to write data ]
[ perf record: Captured and wrote 0.002 MB /root/0460882-Project-HwiSwiCoDesign/results/raytrace/optimized/2026-09-12-13-04/.perf-probe.f4p8uK/record.data ]

=== stat: cycles ===
# started on Sat Sep 12 13:04:52 2026


 Performance counter stats for 'sleep 0.05':

            873984      cycles                                                      

       0.050931811 seconds time elapsed

       0.000900000 seconds user
       0.000000000 seconds sys



=== record: cycles ===
Couldn't record kernel reference relocation symbol
Symbol resolution may be skewed if relocation was used (e.g. kexec).
Check /proc/kallsyms permission or run as root.
perf_event__synthesize_bpf_events: failed to synthesize bpf images: No such file or directory
Couldn't synthesize bpf events.
[ perf record: Woken up 1 times to write data ]
[ perf record: Captured and wrote 0.002 MB /root/0460882-Project-HwiSwiCoDesign/results/raytrace/optimized/2026-09-12-13-04/.perf-probe.f4p8uK/record.data ]

=== stat: instructions ===
# started on Sat Sep 12 13:04:52 2026


 Performance counter stats for 'sleep 0.05':

            549758      instructions                                                

       0.051148715 seconds time elapsed

       0.001106000 seconds user
       0.000000000 seconds sys



=== record: instructions ===
Couldn't record kernel reference relocation symbol
Symbol resolution may be skewed if relocation was used (e.g. kexec).
Check /proc/kallsyms permission or run as root.
perf_event__synthesize_bpf_events: failed to synthesize bpf images: No such file or directory
Couldn't synthesize bpf events.
[ perf record: Woken up 1 times to write data ]
[ perf record: Captured and wrote 0.003 MB /root/0460882-Project-HwiSwiCoDesign/results/raytrace/optimized/2026-09-12-13-04/.perf-probe.f4p8uK/record.data (8 samples) ]

=== stat: branch-instructions ===
# started on Sat Sep 12 13:04:52 2026


 Performance counter stats for 'sleep 0.05':

            117259      branch-instructions                                         

       0.051079670 seconds time elapsed

       0.001048000 seconds user
       0.000000000 seconds sys



=== record: branch-instructions ===
Couldn't record kernel reference relocation symbol
Symbol resolution may be skewed if relocation was used (e.g. kexec).
Check /proc/kallsyms permission or run as root.
perf_event__synthesize_bpf_events: failed to synthesize bpf images: No such file or directory
Couldn't synthesize bpf events.
[ perf record: Woken up 1 times to write data ]
[ perf record: Captured and wrote 0.002 MB /root/0460882-Project-HwiSwiCoDesign/results/raytrace/optimized/2026-09-12-13-04/.perf-probe.f4p8uK/record.data ]

=== stat: branch-misses ===
# started on Sat Sep 12 13:04:52 2026


 Performance counter stats for 'sleep 0.05':

              4973      branch-misses                                               

       0.051068728 seconds time elapsed

       0.001041000 seconds user
       0.000000000 seconds sys



=== record: branch-misses ===
Couldn't record kernel reference relocation symbol
Symbol resolution may be skewed if relocation was used (e.g. kexec).
Check /proc/kallsyms permission or run as root.
perf_event__synthesize_bpf_events: failed to synthesize bpf images: No such file or directory
Couldn't synthesize bpf events.
[ perf record: Woken up 1 times to write data ]
[ perf record: Captured and wrote 0.002 MB /root/0460882-Project-HwiSwiCoDesign/results/raytrace/optimized/2026-09-12-13-04/.perf-probe.f4p8uK/record.data ]

=== stat: bus-cycles ===
# started on Sat Sep 12 13:04:52 2026


 Performance counter stats for 'sleep 0.05':

             41486      bus-cycles                                                  

       0.051087870 seconds time elapsed

       0.000000000 seconds user
       0.001038000 seconds sys



=== record: bus-cycles ===
Couldn't record kernel reference relocation symbol
Symbol resolution may be skewed if relocation was used (e.g. kexec).
Check /proc/kallsyms permission or run as root.
perf_event__synthesize_bpf_events: failed to synthesize bpf images: No such file or directory
Couldn't synthesize bpf events.
[ perf record: Woken up 1 times to write data ]
[ perf record: Captured and wrote 0.002 MB /root/0460882-Project-HwiSwiCoDesign/results/raytrace/optimized/2026-09-12-13-04/.perf-probe.f4p8uK/record.data ]

=== stat: cache-references ===
# started on Sat Sep 12 13:04:52 2026


 Performance counter stats for 'sleep 0.05':

             19860      cache-references                                            

       0.057168057 seconds time elapsed

       0.000000000 seconds user
       0.007033000 seconds sys



=== record: cache-references ===
Couldn't record kernel reference relocation symbol
Symbol resolution may be skewed if relocation was used (e.g. kexec).
Check /proc/kallsyms permission or run as root.
perf_event__synthesize_bpf_events: failed to synthesize bpf images: No such file or directory
Couldn't synthesize bpf events.
[ perf record: Woken up 1 times to write data ]
[ perf record: Captured and wrote 0.002 MB /root/0460882-Project-HwiSwiCoDesign/results/raytrace/optimized/2026-09-12-13-04/.perf-probe.f4p8uK/record.data ]

=== stat: cache-misses ===
# started on Sat Sep 12 13:04:52 2026


 Performance counter stats for 'sleep 0.05':

               127      cache-misses                                                

       0.051133992 seconds time elapsed

       0.000000000 seconds user
       0.001078000 seconds sys



=== record: cache-misses ===
Couldn't record kernel reference relocation symbol
Symbol resolution may be skewed if relocation was used (e.g. kexec).
Check /proc/kallsyms permission or run as root.
perf_event__synthesize_bpf_events: failed to synthesize bpf images: No such file or directory
Couldn't synthesize bpf events.
[ perf record: Woken up 1 times to write data ]
[ perf record: Captured and wrote 0.002 MB /root/0460882-Project-HwiSwiCoDesign/results/raytrace/optimized/2026-09-12-13-04/.perf-probe.f4p8uK/record.data ]

=== stat: ref-cycles ===
# started on Sat Sep 12 13:04:53 2026


 Performance counter stats for 'sleep 0.05':

           1051080      ref-cycles                                                  

       0.051147832 seconds time elapsed

       0.001095000 seconds user
       0.000000000 seconds sys



=== record: ref-cycles ===
Couldn't record kernel reference relocation symbol
Symbol resolution may be skewed if relocation was used (e.g. kexec).
Check /proc/kallsyms permission or run as root.
perf_event__synthesize_bpf_events: failed to synthesize bpf images: No such file or directory
Couldn't synthesize bpf events.
[ perf record: Woken up 1 times to write data ]
[ perf record: Captured and wrote 0.002 MB /root/0460882-Project-HwiSwiCoDesign/results/raytrace/optimized/2026-09-12-13-04/.perf-probe.f4p8uK/record.data ]

=== stat: stalled-cycles-frontend ===
# started on Sat Sep 12 13:04:53 2026


 Performance counter stats for 'sleep 0.05':

   <not supported>      stalled-cycles-frontend                                     

       0.050997014 seconds time elapsed

       0.000951000 seconds user
       0.000000000 seconds sys



=== record: stalled-cycles-frontend ===
Error:
The stalled-cycles-frontend event is not supported.

=== stat: stalled-cycles-backend ===
# started on Sat Sep 12 13:04:53 2026


 Performance counter stats for 'sleep 0.05':

   <not supported>      stalled-cycles-backend                                      

       0.050961828 seconds time elapsed

       0.000912000 seconds user
       0.000000000 seconds sys



=== record: stalled-cycles-backend ===
Error:
The stalled-cycles-backend event is not supported.

=== stat: page-faults ===
# started on Sat Sep 12 13:04:53 2026


 Performance counter stats for 'sleep 0.05':

                60      page-faults                                                 

       0.050884926 seconds time elapsed

       0.000841000 seconds user
       0.000000000 seconds sys



=== record: page-faults ===
Couldn't record kernel reference relocation symbol
Symbol resolution may be skewed if relocation was used (e.g. kexec).
Check /proc/kallsyms permission or run as root.
perf_event__synthesize_bpf_events: failed to synthesize bpf images: No such file or directory
Couldn't synthesize bpf events.
[ perf record: Woken up 1 times to write data ]
[ perf record: Captured and wrote 0.003 MB /root/0460882-Project-HwiSwiCoDesign/results/raytrace/optimized/2026-09-12-13-04/.perf-probe.f4p8uK/record.data (5 samples) ]

=== stat: minor-faults ===
# started on Sat Sep 12 13:04:53 2026


 Performance counter stats for 'sleep 0.05':

                60      minor-faults                                                

       0.050933282 seconds time elapsed

       0.000916000 seconds user
       0.000000000 seconds sys



=== record: minor-faults ===
Couldn't record kernel reference relocation symbol
Symbol resolution may be skewed if relocation was used (e.g. kexec).
Check /proc/kallsyms permission or run as root.
perf_event__synthesize_bpf_events: failed to synthesize bpf images: No such file or directory
Couldn't synthesize bpf events.
[ perf record: Woken up 1 times to write data ]
[ perf record: Captured and wrote 0.003 MB /root/0460882-Project-HwiSwiCoDesign/results/raytrace/optimized/2026-09-12-13-04/.perf-probe.f4p8uK/record.data (5 samples) ]

=== stat: major-faults ===
# started on Sat Sep 12 13:04:53 2026


 Performance counter stats for 'sleep 0.05':

                 0      major-faults                                                

       0.050930766 seconds time elapsed

       0.000885000 seconds user
       0.000000000 seconds sys



=== record: major-faults ===
Couldn't record kernel reference relocation symbol
Symbol resolution may be skewed if relocation was used (e.g. kexec).
Check /proc/kallsyms permission or run as root.
perf_event__synthesize_bpf_events: failed to synthesize bpf images: No such file or directory
Couldn't synthesize bpf events.
[ perf record: Woken up 1 times to write data ]
[ perf record: Captured and wrote 0.002 MB /root/0460882-Project-HwiSwiCoDesign/results/raytrace/optimized/2026-09-12-13-04/.perf-probe.f4p8uK/record.data ]

=== stat: context-switches ===
# started on Sat Sep 12 13:04:54 2026


 Performance counter stats for 'sleep 0.05':

                 1      context-switches                                            

       0.050960034 seconds time elapsed

       0.000929000 seconds user
       0.000000000 seconds sys



=== record: context-switches ===
Couldn't record kernel reference relocation symbol
Symbol resolution may be skewed if relocation was used (e.g. kexec).
Check /proc/kallsyms permission or run as root.
perf_event__synthesize_bpf_events: failed to synthesize bpf images: No such file or directory
Couldn't synthesize bpf events.
[ perf record: Woken up 1 times to write data ]
[ perf record: Captured and wrote 0.002 MB /root/0460882-Project-HwiSwiCoDesign/results/raytrace/optimized/2026-09-12-13-04/.perf-probe.f4p8uK/record.data (1 samples) ]

=== stat: cpu-migrations ===
# started on Sat Sep 12 13:04:54 2026


 Performance counter stats for 'sleep 0.05':

                 0      cpu-migrations                                              

       0.050999125 seconds time elapsed

       0.000952000 seconds user
       0.000000000 seconds sys



=== record: cpu-migrations ===
Couldn't record kernel reference relocation symbol
Symbol resolution may be skewed if relocation was used (e.g. kexec).
Check /proc/kallsyms permission or run as root.
perf_event__synthesize_bpf_events: failed to synthesize bpf images: No such file or directory
Couldn't synthesize bpf events.
[ perf record: Woken up 1 times to write data ]
[ perf record: Captured and wrote 0.002 MB /root/0460882-Project-HwiSwiCoDesign/results/raytrace/optimized/2026-09-12-13-04/.perf-probe.f4p8uK/record.data ]

=== stat: alignment-faults ===
# started on Sat Sep 12 13:04:54 2026


 Performance counter stats for 'sleep 0.05':

                 0      alignment-faults                                            

       0.050966813 seconds time elapsed

       0.000921000 seconds user
       0.000000000 seconds sys



=== record: alignment-faults ===
Couldn't record kernel reference relocation symbol
Symbol resolution may be skewed if relocation was used (e.g. kexec).
Check /proc/kallsyms permission or run as root.
perf_event__synthesize_bpf_events: failed to synthesize bpf images: No such file or directory
Couldn't synthesize bpf events.
[ perf record: Woken up 1 times to write data ]
[ perf record: Captured and wrote 0.002 MB /root/0460882-Project-HwiSwiCoDesign/results/raytrace/optimized/2026-09-12-13-04/.perf-probe.f4p8uK/record.data ]

=== stat: emulation-faults ===
# started on Sat Sep 12 13:04:54 2026


 Performance counter stats for 'sleep 0.05':

                 0      emulation-faults                                            

       0.050999937 seconds time elapsed

       0.000947000 seconds user
       0.000000000 seconds sys



=== record: emulation-faults ===
Couldn't record kernel reference relocation symbol
Symbol resolution may be skewed if relocation was used (e.g. kexec).
Check /proc/kallsyms permission or run as root.
perf_event__synthesize_bpf_events: failed to synthesize bpf images: No such file or directory
Couldn't synthesize bpf events.
[ perf record: Woken up 1 times to write data ]
[ perf record: Captured and wrote 0.002 MB /root/0460882-Project-HwiSwiCoDesign/results/raytrace/optimized/2026-09-12-13-04/.perf-probe.f4p8uK/record.data ]

=== stat: cgroup-switches ===
# started on Sat Sep 12 13:04:54 2026


 Performance counter stats for 'sleep 0.05':

                 1      cgroup-switches                                             

       0.051024170 seconds time elapsed

       0.000000000 seconds user
       0.000979000 seconds sys



=== record: cgroup-switches ===
Couldn't record kernel reference relocation symbol
Symbol resolution may be skewed if relocation was used (e.g. kexec).
Check /proc/kallsyms permission or run as root.
perf_event__synthesize_bpf_events: failed to synthesize bpf images: No such file or directory
Couldn't synthesize bpf events.
[ perf record: Woken up 1 times to write data ]
[ perf record: Captured and wrote 0.002 MB /root/0460882-Project-HwiSwiCoDesign/results/raytrace/optimized/2026-09-12-13-04/.perf-probe.f4p8uK/record.data (1 samples) ]

=== stat: L1-dcache-loads ===
# started on Sat Sep 12 13:04:54 2026


 Performance counter stats for 'sleep 0.05':

            154926      L1-dcache-loads                                             

       0.051044982 seconds time elapsed

       0.001007000 seconds user
       0.000000000 seconds sys



=== record: L1-dcache-loads ===
Couldn't record kernel reference relocation symbol
Symbol resolution may be skewed if relocation was used (e.g. kexec).
Check /proc/kallsyms permission or run as root.
perf_event__synthesize_bpf_events: failed to synthesize bpf images: No such file or directory
Couldn't synthesize bpf events.
[ perf record: Woken up 1 times to write data ]
[ perf record: Captured and wrote 0.002 MB /root/0460882-Project-HwiSwiCoDesign/results/raytrace/optimized/2026-09-12-13-04/.perf-probe.f4p8uK/record.data ]

=== stat: L1-dcache-load-misses ===
# started on Sat Sep 12 13:04:55 2026


 Performance counter stats for 'sleep 0.05':

             15939      L1-dcache-load-misses                                       

       0.051111140 seconds time elapsed

       0.001066000 seconds user
       0.000000000 seconds sys



=== record: L1-dcache-load-misses ===
Couldn't record kernel reference relocation symbol
Symbol resolution may be skewed if relocation was used (e.g. kexec).
Check /proc/kallsyms permission or run as root.
perf_event__synthesize_bpf_events: failed to synthesize bpf images: No such file or directory
Couldn't synthesize bpf events.
[ perf record: Woken up 1 times to write data ]
[ perf record: Captured and wrote 0.002 MB /root/0460882-Project-HwiSwiCoDesign/results/raytrace/optimized/2026-09-12-13-04/.perf-probe.f4p8uK/record.data ]

=== stat: L1-dcache-stores ===
# started on Sat Sep 12 13:04:55 2026


 Performance counter stats for 'sleep 0.05':

             92120      L1-dcache-stores                                            

       0.051125382 seconds time elapsed

       0.001082000 seconds user
       0.000000000 seconds sys



=== record: L1-dcache-stores ===
Couldn't record kernel reference relocation symbol
Symbol resolution may be skewed if relocation was used (e.g. kexec).
Check /proc/kallsyms permission or run as root.
perf_event__synthesize_bpf_events: failed to synthesize bpf images: No such file or directory
Couldn't synthesize bpf events.
[ perf record: Woken up 1 times to write data ]
[ perf record: Captured and wrote 0.002 MB /root/0460882-Project-HwiSwiCoDesign/results/raytrace/optimized/2026-09-12-13-04/.perf-probe.f4p8uK/record.data ]

=== stat: L1-dcache-store-misses ===
# started on Sat Sep 12 13:04:55 2026


 Performance counter stats for 'sleep 0.05':

   <not supported>      L1-dcache-store-misses                                      

       0.051028810 seconds time elapsed

       0.000971000 seconds user
       0.000000000 seconds sys



=== record: L1-dcache-store-misses ===
Error:
The L1-dcache-store-misses event is not supported.

=== stat: L1-dcache-prefetches ===
# started on Sat Sep 12 13:04:55 2026


 Performance counter stats for 'sleep 0.05':

   <not supported>      L1-dcache-prefetches                                        

       0.050982296 seconds time elapsed

       0.000950000 seconds user
       0.000000000 seconds sys



=== record: L1-dcache-prefetches ===
Error:
The L1-dcache-prefetches event is not supported.

=== stat: L1-dcache-prefetch-misses ===
# started on Sat Sep 12 13:04:55 2026


 Performance counter stats for 'sleep 0.05':

   <not supported>      L1-dcache-prefetch-misses                                   

       0.050968794 seconds time elapsed

       0.000915000 seconds user
       0.000000000 seconds sys



=== record: L1-dcache-prefetch-misses ===
Error:
The L1-dcache-prefetch-misses event is not supported.

=== stat: L1-icache-loads ===
# started on Sat Sep 12 13:04:55 2026


 Performance counter stats for 'sleep 0.05':

   <not supported>      L1-icache-loads                                             

       0.050920021 seconds time elapsed

       0.000000000 seconds user
       0.000887000 seconds sys



=== record: L1-icache-loads ===
Error:
The L1-icache-loads event is not supported.

=== stat: L1-icache-load-misses ===
# started on Sat Sep 12 13:04:55 2026


 Performance counter stats for 'sleep 0.05':

              9408      L1-icache-load-misses                                       

       0.051017495 seconds time elapsed

       0.000000000 seconds user
       0.000958000 seconds sys



=== record: L1-icache-load-misses ===
Couldn't record kernel reference relocation symbol
Symbol resolution may be skewed if relocation was used (e.g. kexec).
Check /proc/kallsyms permission or run as root.
perf_event__synthesize_bpf_events: failed to synthesize bpf images: No such file or directory
Couldn't synthesize bpf events.
[ perf record: Woken up 1 times to write data ]
[ perf record: Captured and wrote 0.002 MB /root/0460882-Project-HwiSwiCoDesign/results/raytrace/optimized/2026-09-12-13-04/.perf-probe.f4p8uK/record.data ]

=== stat: LLC-loads ===
# started on Sat Sep 12 13:04:55 2026


 Performance counter stats for 'sleep 0.05':

   <not supported>      LLC-loads                                                   

       0.050889875 seconds time elapsed

       0.000000000 seconds user
       0.000851000 seconds sys



=== record: LLC-loads ===
Error:
The sys_perf_event_open() syscall returned with 6 (No such device or address) for event (LLC-loads).
/bin/dmesg | grep -i perf may provide additional information.


=== stat: LLC-load-misses ===
# started on Sat Sep 12 13:04:56 2026


 Performance counter stats for 'sleep 0.05':

   <not supported>      LLC-load-misses                                             

       0.050957228 seconds time elapsed

       0.000897000 seconds user
       0.000000000 seconds sys



=== record: LLC-load-misses ===
Error:
The sys_perf_event_open() syscall returned with 6 (No such device or address) for event (LLC-load-misses).
/bin/dmesg | grep -i perf may provide additional information.


=== stat: LLC-stores ===
# started on Sat Sep 12 13:04:56 2026


 Performance counter stats for 'sleep 0.05':

   <not supported>      LLC-stores                                                  

       0.050861547 seconds time elapsed

       0.000829000 seconds user
       0.000000000 seconds sys



=== record: LLC-stores ===
Error:
The sys_perf_event_open() syscall returned with 6 (No such device or address) for event (LLC-stores).
/bin/dmesg | grep -i perf may provide additional information.


=== stat: LLC-store-misses ===
# started on Sat Sep 12 13:04:56 2026


 Performance counter stats for 'sleep 0.05':

   <not supported>      LLC-store-misses                                            

       0.050951174 seconds time elapsed

       0.000879000 seconds user
       0.000000000 seconds sys



=== record: LLC-store-misses ===
Error:
The sys_perf_event_open() syscall returned with 6 (No such device or address) for event (LLC-store-misses).
/bin/dmesg | grep -i perf may provide additional information.


=== stat: LLC-prefetches ===
# started on Sat Sep 12 13:04:56 2026


 Performance counter stats for 'sleep 0.05':

   <not supported>      LLC-prefetches                                              

       0.050853774 seconds time elapsed

       0.000821000 seconds user
       0.000000000 seconds sys



=== record: LLC-prefetches ===
Error:
The LLC-prefetches event is not supported.

=== stat: LLC-prefetch-misses ===
# started on Sat Sep 12 13:04:56 2026


 Performance counter stats for 'sleep 0.05':

   <not supported>      LLC-prefetch-misses                                         

       0.050883174 seconds time elapsed

       0.000855000 seconds user
       0.000000000 seconds sys



=== record: LLC-prefetch-misses ===
Error:
The LLC-prefetch-misses event is not supported.

=== stat: dTLB-loads ===
# started on Sat Sep 12 13:04:56 2026


 Performance counter stats for 'sleep 0.05':

            157007      dTLB-loads                                                  

       0.050953136 seconds time elapsed

       0.000917000 seconds user
       0.000000000 seconds sys



=== record: dTLB-loads ===
Couldn't record kernel reference relocation symbol
Symbol resolution may be skewed if relocation was used (e.g. kexec).
Check /proc/kallsyms permission or run as root.
perf_event__synthesize_bpf_events: failed to synthesize bpf images: No such file or directory
Couldn't synthesize bpf events.
[ perf record: Woken up 1 times to write data ]
[ perf record: Captured and wrote 0.002 MB /root/0460882-Project-HwiSwiCoDesign/results/raytrace/optimized/2026-09-12-13-04/.perf-probe.f4p8uK/record.data ]

=== stat: dTLB-load-misses ===
# started on Sat Sep 12 13:04:56 2026


 Performance counter stats for 'sleep 0.05':

              4000      dTLB-load-misses                                            

       0.050988338 seconds time elapsed

       0.000956000 seconds user
       0.000000000 seconds sys



=== record: dTLB-load-misses ===
Couldn't record kernel reference relocation symbol
Symbol resolution may be skewed if relocation was used (e.g. kexec).
Check /proc/kallsyms permission or run as root.
perf_event__synthesize_bpf_events: failed to synthesize bpf images: No such file or directory
Couldn't synthesize bpf events.
[ perf record: Woken up 1 times to write data ]
[ perf record: Captured and wrote 0.002 MB /root/0460882-Project-HwiSwiCoDesign/results/raytrace/optimized/2026-09-12-13-04/.perf-probe.f4p8uK/record.data ]

=== stat: dTLB-stores ===
# started on Sat Sep 12 13:04:56 2026


 Performance counter stats for 'sleep 0.05':

             92555      dTLB-stores                                                 

       0.051007663 seconds time elapsed

       0.000957000 seconds user
       0.000000000 seconds sys



=== record: dTLB-stores ===
Couldn't record kernel reference relocation symbol
Symbol resolution may be skewed if relocation was used (e.g. kexec).
Check /proc/kallsyms permission or run as root.
perf_event__synthesize_bpf_events: failed to synthesize bpf images: No such file or directory
Couldn't synthesize bpf events.
[ perf record: Woken up 1 times to write data ]
[ perf record: Captured and wrote 0.002 MB /root/0460882-Project-HwiSwiCoDesign/results/raytrace/optimized/2026-09-12-13-04/.perf-probe.f4p8uK/record.data ]

=== stat: dTLB-store-misses ===
# started on Sat Sep 12 13:04:57 2026


 Performance counter stats for 'sleep 0.05':

               626      dTLB-store-misses                                           

       0.056810053 seconds time elapsed

       0.000000000 seconds user
       0.006693000 seconds sys



=== record: dTLB-store-misses ===
Couldn't record kernel reference relocation symbol
Symbol resolution may be skewed if relocation was used (e.g. kexec).
Check /proc/kallsyms permission or run as root.
perf_event__synthesize_bpf_events: failed to synthesize bpf images: No such file or directory
Couldn't synthesize bpf events.
[ perf record: Woken up 1 times to write data ]
[ perf record: Captured and wrote 0.002 MB /root/0460882-Project-HwiSwiCoDesign/results/raytrace/optimized/2026-09-12-13-04/.perf-probe.f4p8uK/record.data ]

=== stat: iTLB-loads ===
# started on Sat Sep 12 13:04:57 2026


 Performance counter stats for 'sleep 0.05':

               636      iTLB-loads                                                  

       0.050953199 seconds time elapsed

       0.000923000 seconds user
       0.000000000 seconds sys



=== record: iTLB-loads ===
Couldn't record kernel reference relocation symbol
Symbol resolution may be skewed if relocation was used (e.g. kexec).
Check /proc/kallsyms permission or run as root.
perf_event__synthesize_bpf_events: failed to synthesize bpf images: No such file or directory
Couldn't synthesize bpf events.
[ perf record: Woken up 1 times to write data ]
[ perf record: Captured and wrote 0.002 MB /root/0460882-Project-HwiSwiCoDesign/results/raytrace/optimized/2026-09-12-13-04/.perf-probe.f4p8uK/record.data ]

=== stat: iTLB-load-misses ===
# started on Sat Sep 12 13:04:57 2026


 Performance counter stats for 'sleep 0.05':

              3384      iTLB-load-misses                                            

       0.050961000 seconds time elapsed

       0.000917000 seconds user
       0.000000000 seconds sys



=== record: iTLB-load-misses ===
Couldn't record kernel reference relocation symbol
Symbol resolution may be skewed if relocation was used (e.g. kexec).
Check /proc/kallsyms permission or run as root.
perf_event__synthesize_bpf_events: failed to synthesize bpf images: No such file or directory
Couldn't synthesize bpf events.
[ perf record: Woken up 1 times to write data ]
[ perf record: Captured and wrote 0.002 MB /root/0460882-Project-HwiSwiCoDesign/results/raytrace/optimized/2026-09-12-13-04/.perf-probe.f4p8uK/record.data ]

=== stat: branch-loads ===
# started on Sat Sep 12 13:04:57 2026


 Performance counter stats for 'sleep 0.05':

            116209      branch-loads                                                

       0.051086389 seconds time elapsed

       0.001041000 seconds user
       0.000000000 seconds sys



=== record: branch-loads ===
Couldn't record kernel reference relocation symbol
Symbol resolution may be skewed if relocation was used (e.g. kexec).
Check /proc/kallsyms permission or run as root.
perf_event__synthesize_bpf_events: failed to synthesize bpf images: No such file or directory
Couldn't synthesize bpf events.
[ perf record: Woken up 1 times to write data ]
[ perf record: Captured and wrote 0.002 MB /root/0460882-Project-HwiSwiCoDesign/results/raytrace/optimized/2026-09-12-13-04/.perf-probe.f4p8uK/record.data ]

=== stat: branch-load-misses ===
# started on Sat Sep 12 13:04:57 2026


 Performance counter stats for 'sleep 0.05':

              4911      branch-load-misses                                          

       0.051097492 seconds time elapsed

       0.001048000 seconds user
       0.000000000 seconds sys



=== record: branch-load-misses ===
Couldn't record kernel reference relocation symbol
Symbol resolution may be skewed if relocation was used (e.g. kexec).
Check /proc/kallsyms permission or run as root.
perf_event__synthesize_bpf_events: failed to synthesize bpf images: No such file or directory
Couldn't synthesize bpf events.
[ perf record: Woken up 1 times to write data ]
[ perf record: Captured and wrote 0.002 MB /root/0460882-Project-HwiSwiCoDesign/results/raytrace/optimized/2026-09-12-13-04/.perf-probe.f4p8uK/record.data ]

=== stat: node-loads ===
# started on Sat Sep 12 13:04:57 2026


 Performance counter stats for 'sleep 0.05':

   <not supported>      node-loads                                                  

       0.050945124 seconds time elapsed

       0.000919000 seconds user
       0.000000000 seconds sys



=== record: node-loads ===
Error:
The sys_perf_event_open() syscall returned with 6 (No such device or address) for event (node-loads).
/bin/dmesg | grep -i perf may provide additional information.


=== stat: node-load-misses ===
# started on Sat Sep 12 13:04:58 2026


 Performance counter stats for 'sleep 0.05':

   <not supported>      node-load-misses                                            

       0.050945176 seconds time elapsed

       0.000000000 seconds user
       0.000918000 seconds sys



=== record: node-load-misses ===
Error:
The sys_perf_event_open() syscall returned with 6 (No such device or address) for event (node-load-misses).
/bin/dmesg | grep -i perf may provide additional information.


=== stat: node-stores ===
# started on Sat Sep 12 13:04:58 2026


 Performance counter stats for 'sleep 0.05':

   <not supported>      node-stores                                                 

       0.050899644 seconds time elapsed

       0.000868000 seconds user
       0.000000000 seconds sys



=== record: node-stores ===
Error:
The sys_perf_event_open() syscall returned with 6 (No such device or address) for event (node-stores).
/bin/dmesg | grep -i perf may provide additional information.


=== stat: node-store-misses ===
# started on Sat Sep 12 13:04:58 2026


 Performance counter stats for 'sleep 0.05':

   <not supported>      node-store-misses                                           

       0.050930218 seconds time elapsed

       0.000882000 seconds user
       0.000000000 seconds sys



=== record: node-store-misses ===
Error:
The sys_perf_event_open() syscall returned with 6 (No such device or address) for event (node-store-misses).
/bin/dmesg | grep -i perf may provide additional information.


=== stat: duration_time ===
# started on Sat Sep 12 13:04:58 2026


 Performance counter stats for 'system wide':

          50872127 ns   duration_time                                               

       0.050872127 seconds time elapsed


=== stat: user_time ===
event syntax error: 'user_time'
                     \___ parser error
Run 'perf list' for a list of valid events

 Usage: perf stat [<options>] [<command>]

    -e, --event <event>   event selector. use 'perf list' to list available events

=== stat: system_time ===
event syntax error: 'system_time'
                     \___ parser error
Run 'perf list' for a list of valid events

 Usage: perf stat [<options>] [<command>]

    -e, --event <event>   event selector. use 'perf list' to list available events

=== stat: dummy ===
# started on Sat Sep 12 13:04:58 2026


 Performance counter stats for 'sleep 0.05':

                 0      dummy                                                       

       0.050864359 seconds time elapsed

       0.000826000 seconds user
       0.000000000 seconds sys



=== stat: bpf-output ===
# started on Sat Sep 12 13:04:58 2026


 Performance counter stats for 'sleep 0.05':

                 0      bpf-output                                                  

       0.050943243 seconds time elapsed

       0.000898000 seconds user
       0.000000000 seconds sys


