
=== stat: cpu-clock ===
# started on Sat Sep 12 14:33:47 2026


 Performance counter stats for 'sleep 0.05':

              0.50 msec cpu-clock                 #    0.010 CPUs utilized          

       0.051024390 seconds time elapsed

       0.000985000 seconds user
       0.000000000 seconds sys



=== record: cpu-clock ===
Couldn't record kernel reference relocation symbol
Symbol resolution may be skewed if relocation was used (e.g. kexec).
Check /proc/kallsyms permission or run as root.
perf_event__synthesize_bpf_events: failed to synthesize bpf images: No such file or directory
Couldn't synthesize bpf events.
[ perf record: Woken up 1 times to write data ]
[ perf record: Captured and wrote 0.002 MB /root/0460882-Project-HwiSwiCoDesign/results/pyflate/original/.perf-probe.jRFCQf/record.data ]

=== stat: task-clock ===
# started on Sat Sep 12 14:33:47 2026


 Performance counter stats for 'sleep 0.05':

              0.44 msec task-clock                #    0.009 CPUs utilized          

       0.050986108 seconds time elapsed

       0.000000000 seconds user
       0.000950000 seconds sys



=== record: task-clock ===
Couldn't record kernel reference relocation symbol
Symbol resolution may be skewed if relocation was used (e.g. kexec).
Check /proc/kallsyms permission or run as root.
perf_event__synthesize_bpf_events: failed to synthesize bpf images: No such file or directory
Couldn't synthesize bpf events.
[ perf record: Woken up 1 times to write data ]
[ perf record: Captured and wrote 0.002 MB /root/0460882-Project-HwiSwiCoDesign/results/pyflate/original/.perf-probe.jRFCQf/record.data ]

=== stat: cycles ===
# started on Sat Sep 12 14:33:47 2026


 Performance counter stats for 'sleep 0.05':

            960200      cycles                                                      

       0.051122230 seconds time elapsed

       0.001054000 seconds user
       0.000000000 seconds sys



=== record: cycles ===
Couldn't record kernel reference relocation symbol
Symbol resolution may be skewed if relocation was used (e.g. kexec).
Check /proc/kallsyms permission or run as root.
perf_event__synthesize_bpf_events: failed to synthesize bpf images: No such file or directory
Couldn't synthesize bpf events.
[ perf record: Woken up 1 times to write data ]
[ perf record: Captured and wrote 0.002 MB /root/0460882-Project-HwiSwiCoDesign/results/pyflate/original/.perf-probe.jRFCQf/record.data ]

=== stat: instructions ===
# started on Sat Sep 12 14:33:47 2026


 Performance counter stats for 'sleep 0.05':

            548491      instructions                                                

       0.051163968 seconds time elapsed

       0.001133000 seconds user
       0.000000000 seconds sys



=== record: instructions ===
Couldn't record kernel reference relocation symbol
Symbol resolution may be skewed if relocation was used (e.g. kexec).
Check /proc/kallsyms permission or run as root.
perf_event__synthesize_bpf_events: failed to synthesize bpf images: No such file or directory
Couldn't synthesize bpf events.
[ perf record: Woken up 1 times to write data ]
[ perf record: Captured and wrote 0.003 MB /root/0460882-Project-HwiSwiCoDesign/results/pyflate/original/.perf-probe.jRFCQf/record.data (8 samples) ]

=== stat: branch-instructions ===
# started on Sat Sep 12 14:33:47 2026


 Performance counter stats for 'sleep 0.05':

            115060      branch-instructions                                         

       0.051150972 seconds time elapsed

       0.001101000 seconds user
       0.000000000 seconds sys



=== record: branch-instructions ===
Couldn't record kernel reference relocation symbol
Symbol resolution may be skewed if relocation was used (e.g. kexec).
Check /proc/kallsyms permission or run as root.
perf_event__synthesize_bpf_events: failed to synthesize bpf images: No such file or directory
Couldn't synthesize bpf events.
[ perf record: Woken up 1 times to write data ]
[ perf record: Captured and wrote 0.002 MB /root/0460882-Project-HwiSwiCoDesign/results/pyflate/original/.perf-probe.jRFCQf/record.data ]

=== stat: branch-misses ===
# started on Sat Sep 12 14:33:47 2026


 Performance counter stats for 'sleep 0.05':

              5000      branch-misses                                               

       0.051143320 seconds time elapsed

       0.001107000 seconds user
       0.000000000 seconds sys



=== record: branch-misses ===
Couldn't record kernel reference relocation symbol
Symbol resolution may be skewed if relocation was used (e.g. kexec).
Check /proc/kallsyms permission or run as root.
perf_event__synthesize_bpf_events: failed to synthesize bpf images: No such file or directory
Couldn't synthesize bpf events.
[ perf record: Woken up 1 times to write data ]
[ perf record: Captured and wrote 0.002 MB /root/0460882-Project-HwiSwiCoDesign/results/pyflate/original/.perf-probe.jRFCQf/record.data ]

=== stat: bus-cycles ===
# started on Sat Sep 12 14:33:48 2026


 Performance counter stats for 'sleep 0.05':

             45029      bus-cycles                                                  

       0.051115017 seconds time elapsed

       0.001081000 seconds user
       0.000000000 seconds sys



=== record: bus-cycles ===
Couldn't record kernel reference relocation symbol
Symbol resolution may be skewed if relocation was used (e.g. kexec).
Check /proc/kallsyms permission or run as root.
perf_event__synthesize_bpf_events: failed to synthesize bpf images: No such file or directory
Couldn't synthesize bpf events.
[ perf record: Woken up 1 times to write data ]
[ perf record: Captured and wrote 0.002 MB /root/0460882-Project-HwiSwiCoDesign/results/pyflate/original/.perf-probe.jRFCQf/record.data ]

=== stat: cache-references ===
# started on Sat Sep 12 14:33:48 2026


 Performance counter stats for 'sleep 0.05':

             19146      cache-references                                            

       0.057296364 seconds time elapsed

       0.000000000 seconds user
       0.007176000 seconds sys



=== record: cache-references ===
Couldn't record kernel reference relocation symbol
Symbol resolution may be skewed if relocation was used (e.g. kexec).
Check /proc/kallsyms permission or run as root.
perf_event__synthesize_bpf_events: failed to synthesize bpf images: No such file or directory
Couldn't synthesize bpf events.
[ perf record: Woken up 1 times to write data ]
[ perf record: Captured and wrote 0.002 MB /root/0460882-Project-HwiSwiCoDesign/results/pyflate/original/.perf-probe.jRFCQf/record.data ]

=== stat: cache-misses ===
# started on Sat Sep 12 14:33:48 2026


 Performance counter stats for 'sleep 0.05':

               168      cache-misses                                                

       0.051089005 seconds time elapsed

       0.001031000 seconds user
       0.000000000 seconds sys



=== record: cache-misses ===
Couldn't record kernel reference relocation symbol
Symbol resolution may be skewed if relocation was used (e.g. kexec).
Check /proc/kallsyms permission or run as root.
perf_event__synthesize_bpf_events: failed to synthesize bpf images: No such file or directory
Couldn't synthesize bpf events.
[ perf record: Woken up 1 times to write data ]
[ perf record: Captured and wrote 0.002 MB /root/0460882-Project-HwiSwiCoDesign/results/pyflate/original/.perf-probe.jRFCQf/record.data ]

=== stat: ref-cycles ===
# started on Sat Sep 12 14:33:48 2026


 Performance counter stats for 'sleep 0.05':

           1044936      ref-cycles                                                  

       0.051147575 seconds time elapsed

       0.001110000 seconds user
       0.000000000 seconds sys



=== record: ref-cycles ===
Couldn't record kernel reference relocation symbol
Symbol resolution may be skewed if relocation was used (e.g. kexec).
Check /proc/kallsyms permission or run as root.
perf_event__synthesize_bpf_events: failed to synthesize bpf images: No such file or directory
Couldn't synthesize bpf events.
[ perf record: Woken up 1 times to write data ]
[ perf record: Captured and wrote 0.002 MB /root/0460882-Project-HwiSwiCoDesign/results/pyflate/original/.perf-probe.jRFCQf/record.data ]

=== stat: stalled-cycles-frontend ===
# started on Sat Sep 12 14:33:48 2026


 Performance counter stats for 'sleep 0.05':

   <not supported>      stalled-cycles-frontend                                     

       0.050988729 seconds time elapsed

       0.000969000 seconds user
       0.000000000 seconds sys



=== record: stalled-cycles-frontend ===
Error:
The stalled-cycles-frontend event is not supported.

=== stat: stalled-cycles-backend ===
# started on Sat Sep 12 14:33:48 2026


 Performance counter stats for 'sleep 0.05':

   <not supported>      stalled-cycles-backend                                      

       0.051001168 seconds time elapsed

       0.000943000 seconds user
       0.000000000 seconds sys



=== record: stalled-cycles-backend ===
Error:
The stalled-cycles-backend event is not supported.

=== stat: page-faults ===
# started on Sat Sep 12 14:33:49 2026


 Performance counter stats for 'sleep 0.05':

                61      page-faults                                                 

       0.050980537 seconds time elapsed

       0.000929000 seconds user
       0.000000000 seconds sys



=== record: page-faults ===
Couldn't record kernel reference relocation symbol
Symbol resolution may be skewed if relocation was used (e.g. kexec).
Check /proc/kallsyms permission or run as root.
perf_event__synthesize_bpf_events: failed to synthesize bpf images: No such file or directory
Couldn't synthesize bpf events.
[ perf record: Woken up 1 times to write data ]
[ perf record: Captured and wrote 0.003 MB /root/0460882-Project-HwiSwiCoDesign/results/pyflate/original/.perf-probe.jRFCQf/record.data (5 samples) ]

=== stat: minor-faults ===
# started on Sat Sep 12 14:33:49 2026


 Performance counter stats for 'sleep 0.05':

                60      minor-faults                                                

       0.051020935 seconds time elapsed

       0.000969000 seconds user
       0.000000000 seconds sys



=== record: minor-faults ===
Couldn't record kernel reference relocation symbol
Symbol resolution may be skewed if relocation was used (e.g. kexec).
Check /proc/kallsyms permission or run as root.
perf_event__synthesize_bpf_events: failed to synthesize bpf images: No such file or directory
Couldn't synthesize bpf events.
[ perf record: Woken up 1 times to write data ]
[ perf record: Captured and wrote 0.003 MB /root/0460882-Project-HwiSwiCoDesign/results/pyflate/original/.perf-probe.jRFCQf/record.data (5 samples) ]

=== stat: major-faults ===
# started on Sat Sep 12 14:33:49 2026


 Performance counter stats for 'sleep 0.05':

                 0      major-faults                                                

       0.050981979 seconds time elapsed

       0.000000000 seconds user
       0.000989000 seconds sys



=== record: major-faults ===
Couldn't record kernel reference relocation symbol
Symbol resolution may be skewed if relocation was used (e.g. kexec).
Check /proc/kallsyms permission or run as root.
perf_event__synthesize_bpf_events: failed to synthesize bpf images: No such file or directory
Couldn't synthesize bpf events.
[ perf record: Woken up 1 times to write data ]
[ perf record: Captured and wrote 0.002 MB /root/0460882-Project-HwiSwiCoDesign/results/pyflate/original/.perf-probe.jRFCQf/record.data ]

=== stat: context-switches ===
# started on Sat Sep 12 14:33:49 2026


 Performance counter stats for 'sleep 0.05':

                 1      context-switches                                            

       0.050997058 seconds time elapsed

       0.000000000 seconds user
       0.001008000 seconds sys



=== record: context-switches ===
Couldn't record kernel reference relocation symbol
Symbol resolution may be skewed if relocation was used (e.g. kexec).
Check /proc/kallsyms permission or run as root.
perf_event__synthesize_bpf_events: failed to synthesize bpf images: No such file or directory
Couldn't synthesize bpf events.
[ perf record: Woken up 1 times to write data ]
[ perf record: Captured and wrote 0.002 MB /root/0460882-Project-HwiSwiCoDesign/results/pyflate/original/.perf-probe.jRFCQf/record.data (1 samples) ]

=== stat: cpu-migrations ===
# started on Sat Sep 12 14:33:49 2026


 Performance counter stats for 'sleep 0.05':

                 0      cpu-migrations                                              

       0.051009551 seconds time elapsed

       0.000971000 seconds user
       0.000000000 seconds sys



=== record: cpu-migrations ===
Couldn't record kernel reference relocation symbol
Symbol resolution may be skewed if relocation was used (e.g. kexec).
Check /proc/kallsyms permission or run as root.
perf_event__synthesize_bpf_events: failed to synthesize bpf images: No such file or directory
Couldn't synthesize bpf events.
[ perf record: Woken up 1 times to write data ]
[ perf record: Captured and wrote 0.002 MB /root/0460882-Project-HwiSwiCoDesign/results/pyflate/original/.perf-probe.jRFCQf/record.data ]

=== stat: alignment-faults ===
# started on Sat Sep 12 14:33:49 2026


 Performance counter stats for 'sleep 0.05':

                 0      alignment-faults                                            

       0.051003980 seconds time elapsed

       0.000000000 seconds user
       0.000957000 seconds sys



=== record: alignment-faults ===
Couldn't record kernel reference relocation symbol
Symbol resolution may be skewed if relocation was used (e.g. kexec).
Check /proc/kallsyms permission or run as root.
perf_event__synthesize_bpf_events: failed to synthesize bpf images: No such file or directory
Couldn't synthesize bpf events.
[ perf record: Woken up 1 times to write data ]
[ perf record: Captured and wrote 0.002 MB /root/0460882-Project-HwiSwiCoDesign/results/pyflate/original/.perf-probe.jRFCQf/record.data ]

=== stat: emulation-faults ===
# started on Sat Sep 12 14:33:50 2026


 Performance counter stats for 'sleep 0.05':

                 0      emulation-faults                                            

       0.050951833 seconds time elapsed

       0.000913000 seconds user
       0.000000000 seconds sys



=== record: emulation-faults ===
Couldn't record kernel reference relocation symbol
Symbol resolution may be skewed if relocation was used (e.g. kexec).
Check /proc/kallsyms permission or run as root.
perf_event__synthesize_bpf_events: failed to synthesize bpf images: No such file or directory
Couldn't synthesize bpf events.
[ perf record: Woken up 1 times to write data ]
[ perf record: Captured and wrote 0.002 MB /root/0460882-Project-HwiSwiCoDesign/results/pyflate/original/.perf-probe.jRFCQf/record.data ]

=== stat: cgroup-switches ===
# started on Sat Sep 12 14:33:50 2026


 Performance counter stats for 'sleep 0.05':

                 2      cgroup-switches                                             

       0.051014241 seconds time elapsed

       0.000000000 seconds user
       0.000968000 seconds sys



=== record: cgroup-switches ===
Couldn't record kernel reference relocation symbol
Symbol resolution may be skewed if relocation was used (e.g. kexec).
Check /proc/kallsyms permission or run as root.
perf_event__synthesize_bpf_events: failed to synthesize bpf images: No such file or directory
Couldn't synthesize bpf events.
[ perf record: Woken up 1 times to write data ]
[ perf record: Captured and wrote 0.002 MB /root/0460882-Project-HwiSwiCoDesign/results/pyflate/original/.perf-probe.jRFCQf/record.data (1 samples) ]

=== stat: L1-dcache-loads ===
# started on Sat Sep 12 14:33:50 2026


 Performance counter stats for 'sleep 0.05':

            157236      L1-dcache-loads                                             

       0.051094529 seconds time elapsed

       0.001058000 seconds user
       0.000000000 seconds sys



=== record: L1-dcache-loads ===
Couldn't record kernel reference relocation symbol
Symbol resolution may be skewed if relocation was used (e.g. kexec).
Check /proc/kallsyms permission or run as root.
perf_event__synthesize_bpf_events: failed to synthesize bpf images: No such file or directory
Couldn't synthesize bpf events.
[ perf record: Woken up 1 times to write data ]
[ perf record: Captured and wrote 0.002 MB /root/0460882-Project-HwiSwiCoDesign/results/pyflate/original/.perf-probe.jRFCQf/record.data ]

=== stat: L1-dcache-load-misses ===
# started on Sat Sep 12 14:33:50 2026


 Performance counter stats for 'sleep 0.05':

             15620      L1-dcache-load-misses                                       

       0.056902210 seconds time elapsed

       0.000000000 seconds user
       0.006800000 seconds sys



=== record: L1-dcache-load-misses ===
Couldn't record kernel reference relocation symbol
Symbol resolution may be skewed if relocation was used (e.g. kexec).
Check /proc/kallsyms permission or run as root.
perf_event__synthesize_bpf_events: failed to synthesize bpf images: No such file or directory
Couldn't synthesize bpf events.
[ perf record: Woken up 1 times to write data ]
[ perf record: Captured and wrote 0.002 MB /root/0460882-Project-HwiSwiCoDesign/results/pyflate/original/.perf-probe.jRFCQf/record.data ]

=== stat: L1-dcache-stores ===
# started on Sat Sep 12 14:33:50 2026


 Performance counter stats for 'sleep 0.05':

             94243      L1-dcache-stores                                            

       0.051218843 seconds time elapsed

       0.000000000 seconds user
       0.001135000 seconds sys



=== record: L1-dcache-stores ===
Couldn't record kernel reference relocation symbol
Symbol resolution may be skewed if relocation was used (e.g. kexec).
Check /proc/kallsyms permission or run as root.
perf_event__synthesize_bpf_events: failed to synthesize bpf images: No such file or directory
Couldn't synthesize bpf events.
[ perf record: Woken up 1 times to write data ]
[ perf record: Captured and wrote 0.002 MB /root/0460882-Project-HwiSwiCoDesign/results/pyflate/original/.perf-probe.jRFCQf/record.data ]

=== stat: L1-dcache-store-misses ===
# started on Sat Sep 12 14:33:50 2026


 Performance counter stats for 'sleep 0.05':

   <not supported>      L1-dcache-store-misses                                      

       0.050943710 seconds time elapsed

       0.000916000 seconds user
       0.000000000 seconds sys



=== record: L1-dcache-store-misses ===
Error:
The L1-dcache-store-misses event is not supported.

=== stat: L1-dcache-prefetches ===
# started on Sat Sep 12 14:33:50 2026


 Performance counter stats for 'sleep 0.05':

   <not supported>      L1-dcache-prefetches                                        

       0.050890463 seconds time elapsed

       0.000860000 seconds user
       0.000000000 seconds sys



=== record: L1-dcache-prefetches ===
Error:
The L1-dcache-prefetches event is not supported.

=== stat: L1-dcache-prefetch-misses ===
# started on Sat Sep 12 14:33:51 2026


 Performance counter stats for 'sleep 0.05':

   <not supported>      L1-dcache-prefetch-misses                                   

       0.050995592 seconds time elapsed

       0.000940000 seconds user
       0.000000000 seconds sys



=== record: L1-dcache-prefetch-misses ===
Error:
The L1-dcache-prefetch-misses event is not supported.

=== stat: L1-icache-loads ===
# started on Sat Sep 12 14:33:51 2026


 Performance counter stats for 'sleep 0.05':

   <not supported>      L1-icache-loads                                             

       0.050981623 seconds time elapsed

       0.000920000 seconds user
       0.000000000 seconds sys



=== record: L1-icache-loads ===
Error:
The L1-icache-loads event is not supported.

=== stat: L1-icache-load-misses ===
# started on Sat Sep 12 14:33:51 2026


 Performance counter stats for 'sleep 0.05':

              8171      L1-icache-load-misses                                       

       0.051080668 seconds time elapsed

       0.001037000 seconds user
       0.000000000 seconds sys



=== record: L1-icache-load-misses ===
Couldn't record kernel reference relocation symbol
Symbol resolution may be skewed if relocation was used (e.g. kexec).
Check /proc/kallsyms permission or run as root.
perf_event__synthesize_bpf_events: failed to synthesize bpf images: No such file or directory
Couldn't synthesize bpf events.
[ perf record: Woken up 1 times to write data ]
[ perf record: Captured and wrote 0.002 MB /root/0460882-Project-HwiSwiCoDesign/results/pyflate/original/.perf-probe.jRFCQf/record.data ]

=== stat: LLC-loads ===
# started on Sat Sep 12 14:33:51 2026


 Performance counter stats for 'sleep 0.05':

   <not supported>      LLC-loads                                                   

       0.050935372 seconds time elapsed

       0.000902000 seconds user
       0.000000000 seconds sys



=== record: LLC-loads ===
Error:
The sys_perf_event_open() syscall returned with 6 (No such device or address) for event (LLC-loads).
/bin/dmesg | grep -i perf may provide additional information.


=== stat: LLC-load-misses ===
# started on Sat Sep 12 14:33:51 2026


 Performance counter stats for 'sleep 0.05':

   <not supported>      LLC-load-misses                                             

       0.050987361 seconds time elapsed

       0.000934000 seconds user
       0.000000000 seconds sys



=== record: LLC-load-misses ===
Error:
The sys_perf_event_open() syscall returned with 6 (No such device or address) for event (LLC-load-misses).
/bin/dmesg | grep -i perf may provide additional information.


=== stat: LLC-stores ===
# started on Sat Sep 12 14:33:51 2026


 Performance counter stats for 'sleep 0.05':

   <not supported>      LLC-stores                                                  

       0.050980259 seconds time elapsed

       0.000943000 seconds user
       0.000000000 seconds sys



=== record: LLC-stores ===
Error:
The sys_perf_event_open() syscall returned with 6 (No such device or address) for event (LLC-stores).
/bin/dmesg | grep -i perf may provide additional information.


=== stat: LLC-store-misses ===
# started on Sat Sep 12 14:33:51 2026


 Performance counter stats for 'sleep 0.05':

   <not supported>      LLC-store-misses                                            

       0.050968590 seconds time elapsed

       0.000920000 seconds user
       0.000000000 seconds sys



=== record: LLC-store-misses ===
Error:
The sys_perf_event_open() syscall returned with 6 (No such device or address) for event (LLC-store-misses).
/bin/dmesg | grep -i perf may provide additional information.


=== stat: LLC-prefetches ===
# started on Sat Sep 12 14:33:51 2026


 Performance counter stats for 'sleep 0.05':

   <not supported>      LLC-prefetches                                              

       0.050903866 seconds time elapsed

       0.000872000 seconds user
       0.000000000 seconds sys



=== record: LLC-prefetches ===
Error:
The LLC-prefetches event is not supported.

=== stat: LLC-prefetch-misses ===
# started on Sat Sep 12 14:33:52 2026


 Performance counter stats for 'sleep 0.05':

   <not supported>      LLC-prefetch-misses                                         

       0.050882261 seconds time elapsed

       0.000832000 seconds user
       0.000000000 seconds sys



=== record: LLC-prefetch-misses ===
Error:
The LLC-prefetch-misses event is not supported.

=== stat: dTLB-loads ===
# started on Sat Sep 12 14:33:52 2026


 Performance counter stats for 'sleep 0.05':

            157307      dTLB-loads                                                  

       0.051004662 seconds time elapsed

       0.000970000 seconds user
       0.000000000 seconds sys



=== record: dTLB-loads ===
Couldn't record kernel reference relocation symbol
Symbol resolution may be skewed if relocation was used (e.g. kexec).
Check /proc/kallsyms permission or run as root.
perf_event__synthesize_bpf_events: failed to synthesize bpf images: No such file or directory
Couldn't synthesize bpf events.
[ perf record: Woken up 1 times to write data ]
[ perf record: Captured and wrote 0.002 MB /root/0460882-Project-HwiSwiCoDesign/results/pyflate/original/.perf-probe.jRFCQf/record.data ]

=== stat: dTLB-load-misses ===
# started on Sat Sep 12 14:33:52 2026


 Performance counter stats for 'sleep 0.05':

              3543      dTLB-load-misses                                            

       0.051092090 seconds time elapsed

       0.001064000 seconds user
       0.000000000 seconds sys



=== record: dTLB-load-misses ===
Couldn't record kernel reference relocation symbol
Symbol resolution may be skewed if relocation was used (e.g. kexec).
Check /proc/kallsyms permission or run as root.
perf_event__synthesize_bpf_events: failed to synthesize bpf images: No such file or directory
Couldn't synthesize bpf events.
[ perf record: Woken up 1 times to write data ]
[ perf record: Captured and wrote 0.002 MB /root/0460882-Project-HwiSwiCoDesign/results/pyflate/original/.perf-probe.jRFCQf/record.data ]

=== stat: dTLB-stores ===
# started on Sat Sep 12 14:33:52 2026


 Performance counter stats for 'sleep 0.05':

             92359      dTLB-stores                                                 

       0.051109320 seconds time elapsed

       0.001053000 seconds user
       0.000000000 seconds sys



=== record: dTLB-stores ===
Couldn't record kernel reference relocation symbol
Symbol resolution may be skewed if relocation was used (e.g. kexec).
Check /proc/kallsyms permission or run as root.
perf_event__synthesize_bpf_events: failed to synthesize bpf images: No such file or directory
Couldn't synthesize bpf events.
[ perf record: Woken up 1 times to write data ]
[ perf record: Captured and wrote 0.002 MB /root/0460882-Project-HwiSwiCoDesign/results/pyflate/original/.perf-probe.jRFCQf/record.data ]

=== stat: dTLB-store-misses ===
# started on Sat Sep 12 14:33:52 2026


 Performance counter stats for 'sleep 0.05':

               523      dTLB-store-misses                                           

       0.051123699 seconds time elapsed

       0.000000000 seconds user
       0.001100000 seconds sys



=== record: dTLB-store-misses ===
Couldn't record kernel reference relocation symbol
Symbol resolution may be skewed if relocation was used (e.g. kexec).
Check /proc/kallsyms permission or run as root.
perf_event__synthesize_bpf_events: failed to synthesize bpf images: No such file or directory
Couldn't synthesize bpf events.
[ perf record: Woken up 1 times to write data ]
[ perf record: Captured and wrote 0.002 MB /root/0460882-Project-HwiSwiCoDesign/results/pyflate/original/.perf-probe.jRFCQf/record.data ]

=== stat: iTLB-loads ===
# started on Sat Sep 12 14:33:52 2026


 Performance counter stats for 'sleep 0.05':

              1108      iTLB-loads                                                  

       0.056761841 seconds time elapsed

       0.000000000 seconds user
       0.006676000 seconds sys



=== record: iTLB-loads ===
Couldn't record kernel reference relocation symbol
Symbol resolution may be skewed if relocation was used (e.g. kexec).
Check /proc/kallsyms permission or run as root.
perf_event__synthesize_bpf_events: failed to synthesize bpf images: No such file or directory
Couldn't synthesize bpf events.
[ perf record: Woken up 1 times to write data ]
[ perf record: Captured and wrote 0.002 MB /root/0460882-Project-HwiSwiCoDesign/results/pyflate/original/.perf-probe.jRFCQf/record.data ]

=== stat: iTLB-load-misses ===
# started on Sat Sep 12 14:33:52 2026


 Performance counter stats for 'sleep 0.05':

              3722      iTLB-load-misses                                            

       0.051109779 seconds time elapsed

       0.001075000 seconds user
       0.000000000 seconds sys



=== record: iTLB-load-misses ===
Couldn't record kernel reference relocation symbol
Symbol resolution may be skewed if relocation was used (e.g. kexec).
Check /proc/kallsyms permission or run as root.
perf_event__synthesize_bpf_events: failed to synthesize bpf images: No such file or directory
Couldn't synthesize bpf events.
[ perf record: Woken up 1 times to write data ]
[ perf record: Captured and wrote 0.002 MB /root/0460882-Project-HwiSwiCoDesign/results/pyflate/original/.perf-probe.jRFCQf/record.data ]

=== stat: branch-loads ===
# started on Sat Sep 12 14:33:53 2026


 Performance counter stats for 'sleep 0.05':

            115702      branch-loads                                                

       0.051060760 seconds time elapsed

       0.001024000 seconds user
       0.000000000 seconds sys



=== record: branch-loads ===
Couldn't record kernel reference relocation symbol
Symbol resolution may be skewed if relocation was used (e.g. kexec).
Check /proc/kallsyms permission or run as root.
perf_event__synthesize_bpf_events: failed to synthesize bpf images: No such file or directory
Couldn't synthesize bpf events.
[ perf record: Woken up 1 times to write data ]
[ perf record: Captured and wrote 0.002 MB /root/0460882-Project-HwiSwiCoDesign/results/pyflate/original/.perf-probe.jRFCQf/record.data ]

=== stat: branch-load-misses ===
# started on Sat Sep 12 14:33:53 2026


 Performance counter stats for 'sleep 0.05':

              5071      branch-load-misses                                          

       0.051170794 seconds time elapsed

       0.001120000 seconds user
       0.000000000 seconds sys



=== record: branch-load-misses ===
Couldn't record kernel reference relocation symbol
Symbol resolution may be skewed if relocation was used (e.g. kexec).
Check /proc/kallsyms permission or run as root.
perf_event__synthesize_bpf_events: failed to synthesize bpf images: No such file or directory
Couldn't synthesize bpf events.
[ perf record: Woken up 1 times to write data ]
[ perf record: Captured and wrote 0.002 MB /root/0460882-Project-HwiSwiCoDesign/results/pyflate/original/.perf-probe.jRFCQf/record.data ]

=== stat: node-loads ===
# started on Sat Sep 12 14:33:53 2026


 Performance counter stats for 'sleep 0.05':

   <not supported>      node-loads                                                  

       0.050948160 seconds time elapsed

       0.000903000 seconds user
       0.000000000 seconds sys



=== record: node-loads ===
Error:
The sys_perf_event_open() syscall returned with 6 (No such device or address) for event (node-loads).
/bin/dmesg | grep -i perf may provide additional information.


=== stat: node-load-misses ===
# started on Sat Sep 12 14:33:53 2026


 Performance counter stats for 'sleep 0.05':

   <not supported>      node-load-misses                                            

       0.050979393 seconds time elapsed

       0.000000000 seconds user
       0.000941000 seconds sys



=== record: node-load-misses ===
Error:
The sys_perf_event_open() syscall returned with 6 (No such device or address) for event (node-load-misses).
/bin/dmesg | grep -i perf may provide additional information.


=== stat: node-stores ===
# started on Sat Sep 12 14:33:53 2026


 Performance counter stats for 'sleep 0.05':

   <not supported>      node-stores                                                 

       0.050965069 seconds time elapsed

       0.000933000 seconds user
       0.000000000 seconds sys



=== record: node-stores ===
Error:
The sys_perf_event_open() syscall returned with 6 (No such device or address) for event (node-stores).
/bin/dmesg | grep -i perf may provide additional information.


=== stat: node-store-misses ===
# started on Sat Sep 12 14:33:53 2026


 Performance counter stats for 'sleep 0.05':

   <not supported>      node-store-misses                                           

       0.051000684 seconds time elapsed

       0.000000000 seconds user
       0.000945000 seconds sys



=== record: node-store-misses ===
Error:
The sys_perf_event_open() syscall returned with 6 (No such device or address) for event (node-store-misses).
/bin/dmesg | grep -i perf may provide additional information.


=== stat: duration_time ===
# started on Sat Sep 12 14:33:53 2026


 Performance counter stats for 'system wide':

          50964484 ns   duration_time                                               

       0.050964484 seconds time elapsed


=== stat: user_time ===
event syntax error: 'user_time'
                     \___ parser error
Run 'perf list' for a list of valid events

 Usage: perf stat [<options>] [<command>]

    -e, --event <event>   event selector. use 'perf list' to list available events

=== stat: system_time ===
event syntax error: 'system_time'
                     \___ parser error
Run 'perf list' for a list of valid events

 Usage: perf stat [<options>] [<command>]

    -e, --event <event>   event selector. use 'perf list' to list available events

=== stat: dummy ===
# started on Sat Sep 12 14:33:53 2026


 Performance counter stats for 'sleep 0.05':

                 0      dummy                                                       

       0.050975503 seconds time elapsed

       0.000000000 seconds user
       0.000940000 seconds sys



=== stat: bpf-output ===
# started on Sat Sep 12 14:33:54 2026


 Performance counter stats for 'sleep 0.05':

                 0      bpf-output                                                  

       0.050963046 seconds time elapsed

       0.000913000 seconds user
       0.000000000 seconds sys


