
=== stat: cpu-clock ===
# started on Thu Sep 17 13:19:04 2026


 Performance counter stats for 'sleep 0.05':

              0.78 msec cpu-clock                 #    0.015 CPUs utilized          

       0.053474673 seconds time elapsed

       0.001678000 seconds user
       0.000000000 seconds sys



=== record: cpu-clock ===
Couldn't record kernel reference relocation symbol
Symbol resolution may be skewed if relocation was used (e.g. kexec).
Check /proc/kallsyms permission or run as root.
perf_event__synthesize_bpf_events: failed to synthesize bpf images: No such file or directory
Couldn't synthesize bpf events.
[ perf record: Woken up 1 times to write data ]
[ perf record: Captured and wrote 0.002 MB /root/0460882-Project-HwiSwiCoDesign/results/raytrace/optimized/2026-09-17-13-19/.perf-probe.6IsauC/record.data ]

=== stat: task-clock ===
# started on Thu Sep 17 13:19:04 2026


 Performance counter stats for 'sleep 0.05':

              0.40 msec task-clock                #    0.008 CPUs utilized          

       0.050883096 seconds time elapsed

       0.000839000 seconds user
       0.000000000 seconds sys



=== record: task-clock ===
Couldn't record kernel reference relocation symbol
Symbol resolution may be skewed if relocation was used (e.g. kexec).
Check /proc/kallsyms permission or run as root.
perf_event__synthesize_bpf_events: failed to synthesize bpf images: No such file or directory
Couldn't synthesize bpf events.
[ perf record: Woken up 1 times to write data ]
[ perf record: Captured and wrote 0.002 MB /root/0460882-Project-HwiSwiCoDesign/results/raytrace/optimized/2026-09-17-13-19/.perf-probe.6IsauC/record.data ]

=== stat: cycles ===
# started on Thu Sep 17 13:19:04 2026


 Performance counter stats for 'sleep 0.05':

            913128      cycles                                                      

       0.051006493 seconds time elapsed

       0.000000000 seconds user
       0.000954000 seconds sys



=== record: cycles ===
Couldn't record kernel reference relocation symbol
Symbol resolution may be skewed if relocation was used (e.g. kexec).
Check /proc/kallsyms permission or run as root.
perf_event__synthesize_bpf_events: failed to synthesize bpf images: No such file or directory
Couldn't synthesize bpf events.
[ perf record: Woken up 1 times to write data ]
[ perf record: Captured and wrote 0.002 MB /root/0460882-Project-HwiSwiCoDesign/results/raytrace/optimized/2026-09-17-13-19/.perf-probe.6IsauC/record.data ]

=== stat: instructions ===
# started on Thu Sep 17 13:19:05 2026


 Performance counter stats for 'sleep 0.05':

            551748      instructions                                                

       0.051140872 seconds time elapsed

       0.001105000 seconds user
       0.000000000 seconds sys



=== record: instructions ===
Couldn't record kernel reference relocation symbol
Symbol resolution may be skewed if relocation was used (e.g. kexec).
Check /proc/kallsyms permission or run as root.
perf_event__synthesize_bpf_events: failed to synthesize bpf images: No such file or directory
Couldn't synthesize bpf events.
[ perf record: Woken up 1 times to write data ]
[ perf record: Captured and wrote 0.003 MB /root/0460882-Project-HwiSwiCoDesign/results/raytrace/optimized/2026-09-17-13-19/.perf-probe.6IsauC/record.data (7 samples) ]

=== stat: branch-instructions ===
# started on Thu Sep 17 13:19:05 2026


 Performance counter stats for 'sleep 0.05':

            113852      branch-instructions                                         

       0.051046710 seconds time elapsed

       0.001020000 seconds user
       0.000000000 seconds sys



=== record: branch-instructions ===
Couldn't record kernel reference relocation symbol
Symbol resolution may be skewed if relocation was used (e.g. kexec).
Check /proc/kallsyms permission or run as root.
perf_event__synthesize_bpf_events: failed to synthesize bpf images: No such file or directory
Couldn't synthesize bpf events.
[ perf record: Woken up 1 times to write data ]
[ perf record: Captured and wrote 0.002 MB /root/0460882-Project-HwiSwiCoDesign/results/raytrace/optimized/2026-09-17-13-19/.perf-probe.6IsauC/record.data ]

=== stat: branch-misses ===
# started on Thu Sep 17 13:19:05 2026


 Performance counter stats for 'sleep 0.05':

              4810      branch-misses                                               

       0.050991296 seconds time elapsed

       0.000957000 seconds user
       0.000000000 seconds sys



=== record: branch-misses ===
Couldn't record kernel reference relocation symbol
Symbol resolution may be skewed if relocation was used (e.g. kexec).
Check /proc/kallsyms permission or run as root.
perf_event__synthesize_bpf_events: failed to synthesize bpf images: No such file or directory
Couldn't synthesize bpf events.
[ perf record: Woken up 1 times to write data ]
[ perf record: Captured and wrote 0.002 MB /root/0460882-Project-HwiSwiCoDesign/results/raytrace/optimized/2026-09-17-13-19/.perf-probe.6IsauC/record.data ]

=== stat: bus-cycles ===
# started on Thu Sep 17 13:19:05 2026


 Performance counter stats for 'sleep 0.05':

             40737      bus-cycles                                                  

       0.051037850 seconds time elapsed

       0.001000000 seconds user
       0.000000000 seconds sys



=== record: bus-cycles ===
Couldn't record kernel reference relocation symbol
Symbol resolution may be skewed if relocation was used (e.g. kexec).
Check /proc/kallsyms permission or run as root.
perf_event__synthesize_bpf_events: failed to synthesize bpf images: No such file or directory
Couldn't synthesize bpf events.
[ perf record: Woken up 1 times to write data ]
[ perf record: Captured and wrote 0.002 MB /root/0460882-Project-HwiSwiCoDesign/results/raytrace/optimized/2026-09-17-13-19/.perf-probe.6IsauC/record.data ]

=== stat: cache-references ===
# started on Thu Sep 17 13:19:05 2026


 Performance counter stats for 'sleep 0.05':

             19620      cache-references                                            

       0.057151733 seconds time elapsed

       0.000000000 seconds user
       0.007096000 seconds sys



=== record: cache-references ===
Couldn't record kernel reference relocation symbol
Symbol resolution may be skewed if relocation was used (e.g. kexec).
Check /proc/kallsyms permission or run as root.
perf_event__synthesize_bpf_events: failed to synthesize bpf images: No such file or directory
Couldn't synthesize bpf events.
[ perf record: Woken up 1 times to write data ]
[ perf record: Captured and wrote 0.002 MB /root/0460882-Project-HwiSwiCoDesign/results/raytrace/optimized/2026-09-17-13-19/.perf-probe.6IsauC/record.data ]

=== stat: cache-misses ===
# started on Thu Sep 17 13:19:05 2026


 Performance counter stats for 'sleep 0.05':

               159      cache-misses                                                

       0.051034283 seconds time elapsed

       0.001005000 seconds user
       0.000000000 seconds sys



=== record: cache-misses ===
Couldn't record kernel reference relocation symbol
Symbol resolution may be skewed if relocation was used (e.g. kexec).
Check /proc/kallsyms permission or run as root.
perf_event__synthesize_bpf_events: failed to synthesize bpf images: No such file or directory
Couldn't synthesize bpf events.
[ perf record: Woken up 1 times to write data ]
[ perf record: Captured and wrote 0.002 MB /root/0460882-Project-HwiSwiCoDesign/results/raytrace/optimized/2026-09-17-13-19/.perf-probe.6IsauC/record.data ]

=== stat: ref-cycles ===
# started on Thu Sep 17 13:19:06 2026


 Performance counter stats for 'sleep 0.05':

           1012584      ref-cycles                                                  

       0.051099080 seconds time elapsed

       0.001068000 seconds user
       0.000000000 seconds sys



=== record: ref-cycles ===
Couldn't record kernel reference relocation symbol
Symbol resolution may be skewed if relocation was used (e.g. kexec).
Check /proc/kallsyms permission or run as root.
perf_event__synthesize_bpf_events: failed to synthesize bpf images: No such file or directory
Couldn't synthesize bpf events.
[ perf record: Woken up 1 times to write data ]
[ perf record: Captured and wrote 0.002 MB /root/0460882-Project-HwiSwiCoDesign/results/raytrace/optimized/2026-09-17-13-19/.perf-probe.6IsauC/record.data ]

=== stat: stalled-cycles-frontend ===
# started on Thu Sep 17 13:19:06 2026


 Performance counter stats for 'sleep 0.05':

   <not supported>      stalled-cycles-frontend                                     

       0.051006853 seconds time elapsed

       0.000000000 seconds user
       0.000983000 seconds sys



=== record: stalled-cycles-frontend ===
Error:
The stalled-cycles-frontend event is not supported.

=== stat: stalled-cycles-backend ===
# started on Thu Sep 17 13:19:06 2026


 Performance counter stats for 'sleep 0.05':

   <not supported>      stalled-cycles-backend                                      

       0.050894756 seconds time elapsed

       0.000861000 seconds user
       0.000000000 seconds sys



=== record: stalled-cycles-backend ===
Error:
The stalled-cycles-backend event is not supported.

=== stat: page-faults ===
# started on Thu Sep 17 13:19:06 2026


 Performance counter stats for 'sleep 0.05':

                59      page-faults                                                 

       0.050992067 seconds time elapsed

       0.000000000 seconds user
       0.000929000 seconds sys



=== record: page-faults ===
Couldn't record kernel reference relocation symbol
Symbol resolution may be skewed if relocation was used (e.g. kexec).
Check /proc/kallsyms permission or run as root.
perf_event__synthesize_bpf_events: failed to synthesize bpf images: No such file or directory
Couldn't synthesize bpf events.
[ perf record: Woken up 1 times to write data ]
[ perf record: Captured and wrote 0.003 MB /root/0460882-Project-HwiSwiCoDesign/results/raytrace/optimized/2026-09-17-13-19/.perf-probe.6IsauC/record.data (5 samples) ]

=== stat: minor-faults ===
# started on Thu Sep 17 13:19:06 2026


 Performance counter stats for 'sleep 0.05':

                60      minor-faults                                                

       0.050981866 seconds time elapsed

       0.000937000 seconds user
       0.000000000 seconds sys



=== record: minor-faults ===
Couldn't record kernel reference relocation symbol
Symbol resolution may be skewed if relocation was used (e.g. kexec).
Check /proc/kallsyms permission or run as root.
perf_event__synthesize_bpf_events: failed to synthesize bpf images: No such file or directory
Couldn't synthesize bpf events.
[ perf record: Woken up 1 times to write data ]
[ perf record: Captured and wrote 0.003 MB /root/0460882-Project-HwiSwiCoDesign/results/raytrace/optimized/2026-09-17-13-19/.perf-probe.6IsauC/record.data (5 samples) ]

=== stat: major-faults ===
# started on Thu Sep 17 13:19:06 2026


 Performance counter stats for 'sleep 0.05':

                 0      major-faults                                                

       0.050948371 seconds time elapsed

       0.000000000 seconds user
       0.000907000 seconds sys



=== record: major-faults ===
Couldn't record kernel reference relocation symbol
Symbol resolution may be skewed if relocation was used (e.g. kexec).
Check /proc/kallsyms permission or run as root.
perf_event__synthesize_bpf_events: failed to synthesize bpf images: No such file or directory
Couldn't synthesize bpf events.
[ perf record: Woken up 1 times to write data ]
[ perf record: Captured and wrote 0.002 MB /root/0460882-Project-HwiSwiCoDesign/results/raytrace/optimized/2026-09-17-13-19/.perf-probe.6IsauC/record.data ]

=== stat: context-switches ===
# started on Thu Sep 17 13:19:06 2026


 Performance counter stats for 'sleep 0.05':

                 1      context-switches                                            

       0.050987503 seconds time elapsed

       0.000937000 seconds user
       0.000000000 seconds sys



=== record: context-switches ===
Couldn't record kernel reference relocation symbol
Symbol resolution may be skewed if relocation was used (e.g. kexec).
Check /proc/kallsyms permission or run as root.
perf_event__synthesize_bpf_events: failed to synthesize bpf images: No such file or directory
Couldn't synthesize bpf events.
[ perf record: Woken up 1 times to write data ]
[ perf record: Captured and wrote 0.002 MB /root/0460882-Project-HwiSwiCoDesign/results/raytrace/optimized/2026-09-17-13-19/.perf-probe.6IsauC/record.data (1 samples) ]

=== stat: cpu-migrations ===
# started on Thu Sep 17 13:19:07 2026


 Performance counter stats for 'sleep 0.05':

                 0      cpu-migrations                                              

       0.050993472 seconds time elapsed

       0.000945000 seconds user
       0.000000000 seconds sys



=== record: cpu-migrations ===
Couldn't record kernel reference relocation symbol
Symbol resolution may be skewed if relocation was used (e.g. kexec).
Check /proc/kallsyms permission or run as root.
perf_event__synthesize_bpf_events: failed to synthesize bpf images: No such file or directory
Couldn't synthesize bpf events.
[ perf record: Woken up 1 times to write data ]
[ perf record: Captured and wrote 0.002 MB /root/0460882-Project-HwiSwiCoDesign/results/raytrace/optimized/2026-09-17-13-19/.perf-probe.6IsauC/record.data ]

=== stat: alignment-faults ===
# started on Thu Sep 17 13:19:07 2026


 Performance counter stats for 'sleep 0.05':

                 0      alignment-faults                                            

       0.051021984 seconds time elapsed

       0.000000000 seconds user
       0.000961000 seconds sys



=== record: alignment-faults ===
Couldn't record kernel reference relocation symbol
Symbol resolution may be skewed if relocation was used (e.g. kexec).
Check /proc/kallsyms permission or run as root.
perf_event__synthesize_bpf_events: failed to synthesize bpf images: No such file or directory
Couldn't synthesize bpf events.
[ perf record: Woken up 1 times to write data ]
[ perf record: Captured and wrote 0.002 MB /root/0460882-Project-HwiSwiCoDesign/results/raytrace/optimized/2026-09-17-13-19/.perf-probe.6IsauC/record.data ]

=== stat: emulation-faults ===
# started on Thu Sep 17 13:19:07 2026


 Performance counter stats for 'sleep 0.05':

                 0      emulation-faults                                            

       0.051000212 seconds time elapsed

       0.000947000 seconds user
       0.000000000 seconds sys



=== record: emulation-faults ===
Couldn't record kernel reference relocation symbol
Symbol resolution may be skewed if relocation was used (e.g. kexec).
Check /proc/kallsyms permission or run as root.
perf_event__synthesize_bpf_events: failed to synthesize bpf images: No such file or directory
Couldn't synthesize bpf events.
[ perf record: Woken up 1 times to write data ]
[ perf record: Captured and wrote 0.002 MB /root/0460882-Project-HwiSwiCoDesign/results/raytrace/optimized/2026-09-17-13-19/.perf-probe.6IsauC/record.data ]

=== stat: cgroup-switches ===
# started on Thu Sep 17 13:19:07 2026


 Performance counter stats for 'sleep 0.05':

                 1      cgroup-switches                                             

       0.050995569 seconds time elapsed

       0.000925000 seconds user
       0.000000000 seconds sys



=== record: cgroup-switches ===
Couldn't record kernel reference relocation symbol
Symbol resolution may be skewed if relocation was used (e.g. kexec).
Check /proc/kallsyms permission or run as root.
perf_event__synthesize_bpf_events: failed to synthesize bpf images: No such file or directory
Couldn't synthesize bpf events.
[ perf record: Woken up 1 times to write data ]
[ perf record: Captured and wrote 0.002 MB /root/0460882-Project-HwiSwiCoDesign/results/raytrace/optimized/2026-09-17-13-19/.perf-probe.6IsauC/record.data (1 samples) ]

=== stat: L1-dcache-loads ===
# started on Thu Sep 17 13:19:07 2026


 Performance counter stats for 'sleep 0.05':

            151924      L1-dcache-loads                                             

       0.051028988 seconds time elapsed

       0.000993000 seconds user
       0.000000000 seconds sys



=== record: L1-dcache-loads ===
Couldn't record kernel reference relocation symbol
Symbol resolution may be skewed if relocation was used (e.g. kexec).
Check /proc/kallsyms permission or run as root.
perf_event__synthesize_bpf_events: failed to synthesize bpf images: No such file or directory
Couldn't synthesize bpf events.
[ perf record: Woken up 1 times to write data ]
[ perf record: Captured and wrote 0.002 MB /root/0460882-Project-HwiSwiCoDesign/results/raytrace/optimized/2026-09-17-13-19/.perf-probe.6IsauC/record.data ]

=== stat: L1-dcache-load-misses ===
# started on Thu Sep 17 13:19:07 2026


 Performance counter stats for 'sleep 0.05':

             16047      L1-dcache-load-misses                                       

       0.057168436 seconds time elapsed

       0.000000000 seconds user
       0.007059000 seconds sys



=== record: L1-dcache-load-misses ===
Couldn't record kernel reference relocation symbol
Symbol resolution may be skewed if relocation was used (e.g. kexec).
Check /proc/kallsyms permission or run as root.
perf_event__synthesize_bpf_events: failed to synthesize bpf images: No such file or directory
Couldn't synthesize bpf events.
[ perf record: Woken up 1 times to write data ]
[ perf record: Captured and wrote 0.002 MB /root/0460882-Project-HwiSwiCoDesign/results/raytrace/optimized/2026-09-17-13-19/.perf-probe.6IsauC/record.data ]

=== stat: L1-dcache-stores ===
# started on Thu Sep 17 13:19:08 2026


 Performance counter stats for 'sleep 0.05':

             90899      L1-dcache-stores                                            

       0.051106417 seconds time elapsed

       0.001060000 seconds user
       0.000000000 seconds sys



=== record: L1-dcache-stores ===
Couldn't record kernel reference relocation symbol
Symbol resolution may be skewed if relocation was used (e.g. kexec).
Check /proc/kallsyms permission or run as root.
perf_event__synthesize_bpf_events: failed to synthesize bpf images: No such file or directory
Couldn't synthesize bpf events.
[ perf record: Woken up 1 times to write data ]
[ perf record: Captured and wrote 0.002 MB /root/0460882-Project-HwiSwiCoDesign/results/raytrace/optimized/2026-09-17-13-19/.perf-probe.6IsauC/record.data ]

=== stat: L1-dcache-store-misses ===
# started on Thu Sep 17 13:19:08 2026


 Performance counter stats for 'sleep 0.05':

   <not supported>      L1-dcache-store-misses                                      

       0.050917043 seconds time elapsed

       0.000875000 seconds user
       0.000000000 seconds sys



=== record: L1-dcache-store-misses ===
Error:
The L1-dcache-store-misses event is not supported.

=== stat: L1-dcache-prefetches ===
# started on Thu Sep 17 13:19:08 2026


 Performance counter stats for 'sleep 0.05':

   <not supported>      L1-dcache-prefetches                                        

       0.050948648 seconds time elapsed

       0.000898000 seconds user
       0.000000000 seconds sys



=== record: L1-dcache-prefetches ===
Error:
The L1-dcache-prefetches event is not supported.

=== stat: L1-dcache-prefetch-misses ===
# started on Thu Sep 17 13:19:08 2026


 Performance counter stats for 'sleep 0.05':

   <not supported>      L1-dcache-prefetch-misses                                   

       0.050914559 seconds time elapsed

       0.000880000 seconds user
       0.000000000 seconds sys



=== record: L1-dcache-prefetch-misses ===
Error:
The L1-dcache-prefetch-misses event is not supported.

=== stat: L1-icache-loads ===
# started on Thu Sep 17 13:19:08 2026


 Performance counter stats for 'sleep 0.05':

   <not supported>      L1-icache-loads                                             

       0.050959732 seconds time elapsed

       0.000914000 seconds user
       0.000000000 seconds sys



=== record: L1-icache-loads ===
Error:
The L1-icache-loads event is not supported.

=== stat: L1-icache-load-misses ===
# started on Thu Sep 17 13:19:08 2026


 Performance counter stats for 'sleep 0.05':

              8631      L1-icache-load-misses                                       

       0.051030393 seconds time elapsed

       0.000998000 seconds user
       0.000000000 seconds sys



=== record: L1-icache-load-misses ===
Couldn't record kernel reference relocation symbol
Symbol resolution may be skewed if relocation was used (e.g. kexec).
Check /proc/kallsyms permission or run as root.
perf_event__synthesize_bpf_events: failed to synthesize bpf images: No such file or directory
Couldn't synthesize bpf events.
[ perf record: Woken up 1 times to write data ]
[ perf record: Captured and wrote 0.002 MB /root/0460882-Project-HwiSwiCoDesign/results/raytrace/optimized/2026-09-17-13-19/.perf-probe.6IsauC/record.data ]

=== stat: LLC-loads ===
# started on Thu Sep 17 13:19:08 2026


 Performance counter stats for 'sleep 0.05':

   <not supported>      LLC-loads                                                   

       0.050966114 seconds time elapsed

       0.000000000 seconds user
       0.000928000 seconds sys



=== record: LLC-loads ===
Error:
The sys_perf_event_open() syscall returned with 6 (No such device or address) for event (LLC-loads).
/bin/dmesg | grep -i perf may provide additional information.


=== stat: LLC-load-misses ===
# started on Thu Sep 17 13:19:09 2026


 Performance counter stats for 'sleep 0.05':

   <not supported>      LLC-load-misses                                             

       0.050953406 seconds time elapsed

       0.000926000 seconds user
       0.000000000 seconds sys



=== record: LLC-load-misses ===
Error:
The sys_perf_event_open() syscall returned with 6 (No such device or address) for event (LLC-load-misses).
/bin/dmesg | grep -i perf may provide additional information.


=== stat: LLC-stores ===
# started on Thu Sep 17 13:19:09 2026


 Performance counter stats for 'sleep 0.05':

   <not supported>      LLC-stores                                                  

       0.050986963 seconds time elapsed

       0.000000000 seconds user
       0.000938000 seconds sys



=== record: LLC-stores ===
Error:
The sys_perf_event_open() syscall returned with 6 (No such device or address) for event (LLC-stores).
/bin/dmesg | grep -i perf may provide additional information.


=== stat: LLC-store-misses ===
# started on Thu Sep 17 13:19:09 2026


 Performance counter stats for 'sleep 0.05':

   <not supported>      LLC-store-misses                                            

       0.050942138 seconds time elapsed

       0.000000000 seconds user
       0.000902000 seconds sys



=== record: LLC-store-misses ===
Error:
The sys_perf_event_open() syscall returned with 6 (No such device or address) for event (LLC-store-misses).
/bin/dmesg | grep -i perf may provide additional information.


=== stat: LLC-prefetches ===
# started on Thu Sep 17 13:19:09 2026


 Performance counter stats for 'sleep 0.05':

   <not supported>      LLC-prefetches                                              

       0.050887919 seconds time elapsed

       0.000867000 seconds user
       0.000000000 seconds sys



=== record: LLC-prefetches ===
Error:
The LLC-prefetches event is not supported.

=== stat: LLC-prefetch-misses ===
# started on Thu Sep 17 13:19:09 2026


 Performance counter stats for 'sleep 0.05':

   <not supported>      LLC-prefetch-misses                                         

       0.050940912 seconds time elapsed

       0.000000000 seconds user
       0.000915000 seconds sys



=== record: LLC-prefetch-misses ===
Error:
The LLC-prefetch-misses event is not supported.

=== stat: dTLB-loads ===
# started on Thu Sep 17 13:19:09 2026


 Performance counter stats for 'sleep 0.05':

            153459      dTLB-loads                                                  

       0.050997015 seconds time elapsed

       0.000971000 seconds user
       0.000000000 seconds sys



=== record: dTLB-loads ===
Couldn't record kernel reference relocation symbol
Symbol resolution may be skewed if relocation was used (e.g. kexec).
Check /proc/kallsyms permission or run as root.
perf_event__synthesize_bpf_events: failed to synthesize bpf images: No such file or directory
Couldn't synthesize bpf events.
[ perf record: Woken up 1 times to write data ]
[ perf record: Captured and wrote 0.002 MB /root/0460882-Project-HwiSwiCoDesign/results/raytrace/optimized/2026-09-17-13-19/.perf-probe.6IsauC/record.data ]

=== stat: dTLB-load-misses ===
# started on Thu Sep 17 13:19:09 2026


 Performance counter stats for 'sleep 0.05':

              4066      dTLB-load-misses                                            

       0.051053428 seconds time elapsed

       0.001003000 seconds user
       0.000000000 seconds sys



=== record: dTLB-load-misses ===
Couldn't record kernel reference relocation symbol
Symbol resolution may be skewed if relocation was used (e.g. kexec).
Check /proc/kallsyms permission or run as root.
perf_event__synthesize_bpf_events: failed to synthesize bpf images: No such file or directory
Couldn't synthesize bpf events.
[ perf record: Woken up 1 times to write data ]
[ perf record: Captured and wrote 0.002 MB /root/0460882-Project-HwiSwiCoDesign/results/raytrace/optimized/2026-09-17-13-19/.perf-probe.6IsauC/record.data ]

=== stat: dTLB-stores ===
# started on Thu Sep 17 13:19:09 2026


 Performance counter stats for 'sleep 0.05':

             93654      dTLB-stores                                                 

       0.051082016 seconds time elapsed

       0.001030000 seconds user
       0.000000000 seconds sys



=== record: dTLB-stores ===
Couldn't record kernel reference relocation symbol
Symbol resolution may be skewed if relocation was used (e.g. kexec).
Check /proc/kallsyms permission or run as root.
perf_event__synthesize_bpf_events: failed to synthesize bpf images: No such file or directory
Couldn't synthesize bpf events.
[ perf record: Woken up 1 times to write data ]
[ perf record: Captured and wrote 0.002 MB /root/0460882-Project-HwiSwiCoDesign/results/raytrace/optimized/2026-09-17-13-19/.perf-probe.6IsauC/record.data ]

=== stat: dTLB-store-misses ===
# started on Thu Sep 17 13:19:10 2026


 Performance counter stats for 'sleep 0.05':

               586      dTLB-store-misses                                           

       0.056359920 seconds time elapsed

       0.000000000 seconds user
       0.006318000 seconds sys



=== record: dTLB-store-misses ===
Couldn't record kernel reference relocation symbol
Symbol resolution may be skewed if relocation was used (e.g. kexec).
Check /proc/kallsyms permission or run as root.
perf_event__synthesize_bpf_events: failed to synthesize bpf images: No such file or directory
Couldn't synthesize bpf events.
[ perf record: Woken up 1 times to write data ]
[ perf record: Captured and wrote 0.002 MB /root/0460882-Project-HwiSwiCoDesign/results/raytrace/optimized/2026-09-17-13-19/.perf-probe.6IsauC/record.data ]

=== stat: iTLB-loads ===
# started on Thu Sep 17 13:19:10 2026


 Performance counter stats for 'sleep 0.05':

               668      iTLB-loads                                                  

       0.050998675 seconds time elapsed

       0.000960000 seconds user
       0.000000000 seconds sys



=== record: iTLB-loads ===
Couldn't record kernel reference relocation symbol
Symbol resolution may be skewed if relocation was used (e.g. kexec).
Check /proc/kallsyms permission or run as root.
perf_event__synthesize_bpf_events: failed to synthesize bpf images: No such file or directory
Couldn't synthesize bpf events.
[ perf record: Woken up 1 times to write data ]
[ perf record: Captured and wrote 0.002 MB /root/0460882-Project-HwiSwiCoDesign/results/raytrace/optimized/2026-09-17-13-19/.perf-probe.6IsauC/record.data ]

=== stat: iTLB-load-misses ===
# started on Thu Sep 17 13:19:10 2026


 Performance counter stats for 'sleep 0.05':

              3939      iTLB-load-misses                                            

       0.051104993 seconds time elapsed

       0.001079000 seconds user
       0.000000000 seconds sys



=== record: iTLB-load-misses ===
Couldn't record kernel reference relocation symbol
Symbol resolution may be skewed if relocation was used (e.g. kexec).
Check /proc/kallsyms permission or run as root.
perf_event__synthesize_bpf_events: failed to synthesize bpf images: No such file or directory
Couldn't synthesize bpf events.
[ perf record: Woken up 1 times to write data ]
[ perf record: Captured and wrote 0.002 MB /root/0460882-Project-HwiSwiCoDesign/results/raytrace/optimized/2026-09-17-13-19/.perf-probe.6IsauC/record.data ]

=== stat: branch-loads ===
# started on Thu Sep 17 13:19:10 2026


 Performance counter stats for 'sleep 0.05':

            118187      branch-loads                                                

       0.051066693 seconds time elapsed

       0.000000000 seconds user
       0.001008000 seconds sys



=== record: branch-loads ===
Couldn't record kernel reference relocation symbol
Symbol resolution may be skewed if relocation was used (e.g. kexec).
Check /proc/kallsyms permission or run as root.
perf_event__synthesize_bpf_events: failed to synthesize bpf images: No such file or directory
Couldn't synthesize bpf events.
[ perf record: Woken up 1 times to write data ]
[ perf record: Captured and wrote 0.002 MB /root/0460882-Project-HwiSwiCoDesign/results/raytrace/optimized/2026-09-17-13-19/.perf-probe.6IsauC/record.data ]

=== stat: branch-load-misses ===
# started on Thu Sep 17 13:19:10 2026


 Performance counter stats for 'sleep 0.05':

              5062      branch-load-misses                                          

       0.051127526 seconds time elapsed

       0.001074000 seconds user
       0.000000000 seconds sys



=== record: branch-load-misses ===
Couldn't record kernel reference relocation symbol
Symbol resolution may be skewed if relocation was used (e.g. kexec).
Check /proc/kallsyms permission or run as root.
perf_event__synthesize_bpf_events: failed to synthesize bpf images: No such file or directory
Couldn't synthesize bpf events.
[ perf record: Woken up 1 times to write data ]
[ perf record: Captured and wrote 0.002 MB /root/0460882-Project-HwiSwiCoDesign/results/raytrace/optimized/2026-09-17-13-19/.perf-probe.6IsauC/record.data ]

=== stat: node-loads ===
# started on Thu Sep 17 13:19:10 2026


 Performance counter stats for 'sleep 0.05':

   <not supported>      node-loads                                                  

       0.050995966 seconds time elapsed

       0.000968000 seconds user
       0.000000000 seconds sys



=== record: node-loads ===
Error:
The sys_perf_event_open() syscall returned with 6 (No such device or address) for event (node-loads).
/bin/dmesg | grep -i perf may provide additional information.


=== stat: node-load-misses ===
# started on Thu Sep 17 13:19:10 2026


 Performance counter stats for 'sleep 0.05':

   <not supported>      node-load-misses                                            

       0.050966911 seconds time elapsed

       0.000914000 seconds user
       0.000000000 seconds sys



=== record: node-load-misses ===
Error:
The sys_perf_event_open() syscall returned with 6 (No such device or address) for event (node-load-misses).
/bin/dmesg | grep -i perf may provide additional information.


=== stat: node-stores ===
# started on Thu Sep 17 13:19:11 2026


 Performance counter stats for 'sleep 0.05':

   <not supported>      node-stores                                                 

       0.051004957 seconds time elapsed

       0.000000000 seconds user
       0.000950000 seconds sys



=== record: node-stores ===
Error:
The sys_perf_event_open() syscall returned with 6 (No such device or address) for event (node-stores).
/bin/dmesg | grep -i perf may provide additional information.


=== stat: node-store-misses ===
# started on Thu Sep 17 13:19:11 2026


 Performance counter stats for 'sleep 0.05':

   <not supported>      node-store-misses                                           

       0.050942819 seconds time elapsed

       0.000901000 seconds user
       0.000000000 seconds sys



=== record: node-store-misses ===
Error:
The sys_perf_event_open() syscall returned with 6 (No such device or address) for event (node-store-misses).
/bin/dmesg | grep -i perf may provide additional information.


=== stat: duration_time ===
# started on Thu Sep 17 13:19:11 2026


 Performance counter stats for 'system wide':

          50945951 ns   duration_time                                               

       0.050945951 seconds time elapsed


=== stat: user_time ===
event syntax error: 'user_time'
                     \___ parser error
Run 'perf list' for a list of valid events

 Usage: perf stat [<options>] [<command>]

    -e, --event <event>   event selector. use 'perf list' to list available events

=== stat: system_time ===
event syntax error: 'system_time'
                     \___ parser error
Run 'perf list' for a list of valid events

 Usage: perf stat [<options>] [<command>]

    -e, --event <event>   event selector. use 'perf list' to list available events

=== stat: dummy ===
# started on Thu Sep 17 13:19:11 2026


 Performance counter stats for 'sleep 0.05':

                 0      dummy                                                       

       0.050893829 seconds time elapsed

       0.000864000 seconds user
       0.000000000 seconds sys



=== stat: bpf-output ===
# started on Thu Sep 17 13:19:11 2026


 Performance counter stats for 'sleep 0.05':

                 0      bpf-output                                                  

       0.050971953 seconds time elapsed

       0.000000000 seconds user
       0.000924000 seconds sys


