
=== stat: cpu-clock ===
# started on Thu Sep 17 14:23:18 2026


 Performance counter stats for 'sleep 0.05':

              0.44 msec cpu-clock                 #    0.009 CPUs utilized          

       0.050882169 seconds time elapsed

       0.000876000 seconds user
       0.000000000 seconds sys



=== record: cpu-clock ===
Couldn't record kernel reference relocation symbol
Symbol resolution may be skewed if relocation was used (e.g. kexec).
Check /proc/kallsyms permission or run as root.
perf_event__synthesize_bpf_events: failed to synthesize bpf images: No such file or directory
Couldn't synthesize bpf events.
[ perf record: Woken up 1 times to write data ]
[ perf record: Captured and wrote 0.002 MB /root/0460882-Project-HwiSwiCoDesign/results/raytrace/optimized/2026-09-17-14-23/.perf-probe.eDpETc/record.data ]

=== stat: task-clock ===
# started on Thu Sep 17 14:23:18 2026


 Performance counter stats for 'sleep 0.05':

              0.42 msec task-clock                #    0.008 CPUs utilized          

       0.050940201 seconds time elapsed

       0.000000000 seconds user
       0.000880000 seconds sys



=== record: task-clock ===
Couldn't record kernel reference relocation symbol
Symbol resolution may be skewed if relocation was used (e.g. kexec).
Check /proc/kallsyms permission or run as root.
perf_event__synthesize_bpf_events: failed to synthesize bpf images: No such file or directory
Couldn't synthesize bpf events.
[ perf record: Woken up 1 times to write data ]
[ perf record: Captured and wrote 0.002 MB /root/0460882-Project-HwiSwiCoDesign/results/raytrace/optimized/2026-09-17-14-23/.perf-probe.eDpETc/record.data ]

=== stat: cycles ===
# started on Thu Sep 17 14:23:19 2026


 Performance counter stats for 'sleep 0.05':

            918871      cycles                                                      

       0.051166470 seconds time elapsed

       0.001138000 seconds user
       0.000000000 seconds sys



=== record: cycles ===
Couldn't record kernel reference relocation symbol
Symbol resolution may be skewed if relocation was used (e.g. kexec).
Check /proc/kallsyms permission or run as root.
perf_event__synthesize_bpf_events: failed to synthesize bpf images: No such file or directory
Couldn't synthesize bpf events.
[ perf record: Woken up 1 times to write data ]
[ perf record: Captured and wrote 0.002 MB /root/0460882-Project-HwiSwiCoDesign/results/raytrace/optimized/2026-09-17-14-23/.perf-probe.eDpETc/record.data ]

=== stat: instructions ===
# started on Thu Sep 17 14:23:19 2026


 Performance counter stats for 'sleep 0.05':

            550771      instructions                                                

       0.051124390 seconds time elapsed

       0.001081000 seconds user
       0.000000000 seconds sys



=== record: instructions ===
Couldn't record kernel reference relocation symbol
Symbol resolution may be skewed if relocation was used (e.g. kexec).
Check /proc/kallsyms permission or run as root.
perf_event__synthesize_bpf_events: failed to synthesize bpf images: No such file or directory
Couldn't synthesize bpf events.
[ perf record: Woken up 1 times to write data ]
[ perf record: Captured and wrote 0.003 MB /root/0460882-Project-HwiSwiCoDesign/results/raytrace/optimized/2026-09-17-14-23/.perf-probe.eDpETc/record.data (7 samples) ]

=== stat: branch-instructions ===
# started on Thu Sep 17 14:23:19 2026


 Performance counter stats for 'sleep 0.05':

            117930      branch-instructions                                         

       0.051055015 seconds time elapsed

       0.001005000 seconds user
       0.000000000 seconds sys



=== record: branch-instructions ===
Couldn't record kernel reference relocation symbol
Symbol resolution may be skewed if relocation was used (e.g. kexec).
Check /proc/kallsyms permission or run as root.
perf_event__synthesize_bpf_events: failed to synthesize bpf images: No such file or directory
Couldn't synthesize bpf events.
[ perf record: Woken up 1 times to write data ]
[ perf record: Captured and wrote 0.002 MB /root/0460882-Project-HwiSwiCoDesign/results/raytrace/optimized/2026-09-17-14-23/.perf-probe.eDpETc/record.data ]

=== stat: branch-misses ===
# started on Thu Sep 17 14:23:19 2026


 Performance counter stats for 'sleep 0.05':

              5068      branch-misses                                               

       0.050984287 seconds time elapsed

       0.000954000 seconds user
       0.000000000 seconds sys



=== record: branch-misses ===
Couldn't record kernel reference relocation symbol
Symbol resolution may be skewed if relocation was used (e.g. kexec).
Check /proc/kallsyms permission or run as root.
perf_event__synthesize_bpf_events: failed to synthesize bpf images: No such file or directory
Couldn't synthesize bpf events.
[ perf record: Woken up 1 times to write data ]
[ perf record: Captured and wrote 0.002 MB /root/0460882-Project-HwiSwiCoDesign/results/raytrace/optimized/2026-09-17-14-23/.perf-probe.eDpETc/record.data ]

=== stat: bus-cycles ===
# started on Thu Sep 17 14:23:19 2026


 Performance counter stats for 'sleep 0.05':

             42372      bus-cycles                                                  

       0.051086917 seconds time elapsed

       0.000000000 seconds user
       0.001031000 seconds sys



=== record: bus-cycles ===
Couldn't record kernel reference relocation symbol
Symbol resolution may be skewed if relocation was used (e.g. kexec).
Check /proc/kallsyms permission or run as root.
perf_event__synthesize_bpf_events: failed to synthesize bpf images: No such file or directory
Couldn't synthesize bpf events.
[ perf record: Woken up 1 times to write data ]
[ perf record: Captured and wrote 0.002 MB /root/0460882-Project-HwiSwiCoDesign/results/raytrace/optimized/2026-09-17-14-23/.perf-probe.eDpETc/record.data ]

=== stat: cache-references ===
# started on Thu Sep 17 14:23:19 2026


 Performance counter stats for 'sleep 0.05':

             20827      cache-references                                            

       0.056381790 seconds time elapsed

       0.003163000 seconds user
       0.003163000 seconds sys



=== record: cache-references ===
Couldn't record kernel reference relocation symbol
Symbol resolution may be skewed if relocation was used (e.g. kexec).
Check /proc/kallsyms permission or run as root.
perf_event__synthesize_bpf_events: failed to synthesize bpf images: No such file or directory
Couldn't synthesize bpf events.
[ perf record: Woken up 1 times to write data ]
[ perf record: Captured and wrote 0.002 MB /root/0460882-Project-HwiSwiCoDesign/results/raytrace/optimized/2026-09-17-14-23/.perf-probe.eDpETc/record.data ]

=== stat: cache-misses ===
# started on Thu Sep 17 14:23:20 2026


 Performance counter stats for 'sleep 0.05':

                70      cache-misses                                                

       0.051097740 seconds time elapsed

       0.001049000 seconds user
       0.000000000 seconds sys



=== record: cache-misses ===
Couldn't record kernel reference relocation symbol
Symbol resolution may be skewed if relocation was used (e.g. kexec).
Check /proc/kallsyms permission or run as root.
perf_event__synthesize_bpf_events: failed to synthesize bpf images: No such file or directory
Couldn't synthesize bpf events.
[ perf record: Woken up 1 times to write data ]
[ perf record: Captured and wrote 0.002 MB /root/0460882-Project-HwiSwiCoDesign/results/raytrace/optimized/2026-09-17-14-23/.perf-probe.eDpETc/record.data ]

=== stat: ref-cycles ===
# started on Thu Sep 17 14:23:20 2026


 Performance counter stats for 'sleep 0.05':

           1028832      ref-cycles                                                  

       0.051086171 seconds time elapsed

       0.001066000 seconds user
       0.000000000 seconds sys



=== record: ref-cycles ===
Couldn't record kernel reference relocation symbol
Symbol resolution may be skewed if relocation was used (e.g. kexec).
Check /proc/kallsyms permission or run as root.
perf_event__synthesize_bpf_events: failed to synthesize bpf images: No such file or directory
Couldn't synthesize bpf events.
[ perf record: Woken up 1 times to write data ]
[ perf record: Captured and wrote 0.002 MB /root/0460882-Project-HwiSwiCoDesign/results/raytrace/optimized/2026-09-17-14-23/.perf-probe.eDpETc/record.data ]

=== stat: stalled-cycles-frontend ===
# started on Thu Sep 17 14:23:20 2026


 Performance counter stats for 'sleep 0.05':

   <not supported>      stalled-cycles-frontend                                     

       0.051020023 seconds time elapsed

       0.000963000 seconds user
       0.000000000 seconds sys



=== record: stalled-cycles-frontend ===
Error:
The stalled-cycles-frontend event is not supported.

=== stat: stalled-cycles-backend ===
# started on Thu Sep 17 14:23:20 2026


 Performance counter stats for 'sleep 0.05':

   <not supported>      stalled-cycles-backend                                      

       0.050965189 seconds time elapsed

       0.000915000 seconds user
       0.000000000 seconds sys



=== record: stalled-cycles-backend ===
Error:
The stalled-cycles-backend event is not supported.

=== stat: page-faults ===
# started on Thu Sep 17 14:23:20 2026


 Performance counter stats for 'sleep 0.05':

                61      page-faults                                                 

       0.050954506 seconds time elapsed

       0.000917000 seconds user
       0.000000000 seconds sys



=== record: page-faults ===
Couldn't record kernel reference relocation symbol
Symbol resolution may be skewed if relocation was used (e.g. kexec).
Check /proc/kallsyms permission or run as root.
perf_event__synthesize_bpf_events: failed to synthesize bpf images: No such file or directory
Couldn't synthesize bpf events.
[ perf record: Woken up 1 times to write data ]
[ perf record: Captured and wrote 0.003 MB /root/0460882-Project-HwiSwiCoDesign/results/raytrace/optimized/2026-09-17-14-23/.perf-probe.eDpETc/record.data (5 samples) ]

=== stat: minor-faults ===
# started on Thu Sep 17 14:23:20 2026


 Performance counter stats for 'sleep 0.05':

                58      minor-faults                                                

       0.050912073 seconds time elapsed

       0.000867000 seconds user
       0.000000000 seconds sys



=== record: minor-faults ===
Couldn't record kernel reference relocation symbol
Symbol resolution may be skewed if relocation was used (e.g. kexec).
Check /proc/kallsyms permission or run as root.
perf_event__synthesize_bpf_events: failed to synthesize bpf images: No such file or directory
Couldn't synthesize bpf events.
[ perf record: Woken up 1 times to write data ]
[ perf record: Captured and wrote 0.003 MB /root/0460882-Project-HwiSwiCoDesign/results/raytrace/optimized/2026-09-17-14-23/.perf-probe.eDpETc/record.data (5 samples) ]

=== stat: major-faults ===
# started on Thu Sep 17 14:23:21 2026


 Performance counter stats for 'sleep 0.05':

                 0      major-faults                                                

       0.050996378 seconds time elapsed

       0.000940000 seconds user
       0.000000000 seconds sys



=== record: major-faults ===
Couldn't record kernel reference relocation symbol
Symbol resolution may be skewed if relocation was used (e.g. kexec).
Check /proc/kallsyms permission or run as root.
perf_event__synthesize_bpf_events: failed to synthesize bpf images: No such file or directory
Couldn't synthesize bpf events.
[ perf record: Woken up 1 times to write data ]
[ perf record: Captured and wrote 0.002 MB /root/0460882-Project-HwiSwiCoDesign/results/raytrace/optimized/2026-09-17-14-23/.perf-probe.eDpETc/record.data ]

=== stat: context-switches ===
# started on Thu Sep 17 14:23:21 2026


 Performance counter stats for 'sleep 0.05':

                 1      context-switches                                            

       0.050986962 seconds time elapsed

       0.000940000 seconds user
       0.000000000 seconds sys



=== record: context-switches ===
Couldn't record kernel reference relocation symbol
Symbol resolution may be skewed if relocation was used (e.g. kexec).
Check /proc/kallsyms permission or run as root.
perf_event__synthesize_bpf_events: failed to synthesize bpf images: No such file or directory
Couldn't synthesize bpf events.
[ perf record: Woken up 1 times to write data ]
[ perf record: Captured and wrote 0.002 MB /root/0460882-Project-HwiSwiCoDesign/results/raytrace/optimized/2026-09-17-14-23/.perf-probe.eDpETc/record.data (1 samples) ]

=== stat: cpu-migrations ===
# started on Thu Sep 17 14:23:21 2026


 Performance counter stats for 'sleep 0.05':

                 0      cpu-migrations                                              

       0.050986811 seconds time elapsed

       0.000942000 seconds user
       0.000000000 seconds sys



=== record: cpu-migrations ===
Couldn't record kernel reference relocation symbol
Symbol resolution may be skewed if relocation was used (e.g. kexec).
Check /proc/kallsyms permission or run as root.
perf_event__synthesize_bpf_events: failed to synthesize bpf images: No such file or directory
Couldn't synthesize bpf events.
[ perf record: Woken up 1 times to write data ]
[ perf record: Captured and wrote 0.002 MB /root/0460882-Project-HwiSwiCoDesign/results/raytrace/optimized/2026-09-17-14-23/.perf-probe.eDpETc/record.data ]

=== stat: alignment-faults ===
# started on Thu Sep 17 14:23:21 2026


 Performance counter stats for 'sleep 0.05':

                 0      alignment-faults                                            

       0.050910359 seconds time elapsed

       0.000872000 seconds user
       0.000000000 seconds sys



=== record: alignment-faults ===
Couldn't record kernel reference relocation symbol
Symbol resolution may be skewed if relocation was used (e.g. kexec).
Check /proc/kallsyms permission or run as root.
perf_event__synthesize_bpf_events: failed to synthesize bpf images: No such file or directory
Couldn't synthesize bpf events.
[ perf record: Woken up 1 times to write data ]
[ perf record: Captured and wrote 0.002 MB /root/0460882-Project-HwiSwiCoDesign/results/raytrace/optimized/2026-09-17-14-23/.perf-probe.eDpETc/record.data ]

=== stat: emulation-faults ===
# started on Thu Sep 17 14:23:21 2026


 Performance counter stats for 'sleep 0.05':

                 0      emulation-faults                                            

       0.050957965 seconds time elapsed

       0.000928000 seconds user
       0.000000000 seconds sys



=== record: emulation-faults ===
Couldn't record kernel reference relocation symbol
Symbol resolution may be skewed if relocation was used (e.g. kexec).
Check /proc/kallsyms permission or run as root.
perf_event__synthesize_bpf_events: failed to synthesize bpf images: No such file or directory
Couldn't synthesize bpf events.
[ perf record: Woken up 1 times to write data ]
[ perf record: Captured and wrote 0.002 MB /root/0460882-Project-HwiSwiCoDesign/results/raytrace/optimized/2026-09-17-14-23/.perf-probe.eDpETc/record.data ]

=== stat: cgroup-switches ===
# started on Thu Sep 17 14:23:21 2026


 Performance counter stats for 'sleep 0.05':

                 2      cgroup-switches                                             

       0.051033117 seconds time elapsed

       0.000966000 seconds user
       0.000000000 seconds sys



=== record: cgroup-switches ===
Couldn't record kernel reference relocation symbol
Symbol resolution may be skewed if relocation was used (e.g. kexec).
Check /proc/kallsyms permission or run as root.
perf_event__synthesize_bpf_events: failed to synthesize bpf images: No such file or directory
Couldn't synthesize bpf events.
[ perf record: Woken up 1 times to write data ]
[ perf record: Captured and wrote 0.002 MB /root/0460882-Project-HwiSwiCoDesign/results/raytrace/optimized/2026-09-17-14-23/.perf-probe.eDpETc/record.data (1 samples) ]

=== stat: L1-dcache-loads ===
# started on Thu Sep 17 14:23:22 2026


 Performance counter stats for 'sleep 0.05':

            157967      L1-dcache-loads                                             

       0.051148680 seconds time elapsed

       0.000000000 seconds user
       0.001100000 seconds sys



=== record: L1-dcache-loads ===
Couldn't record kernel reference relocation symbol
Symbol resolution may be skewed if relocation was used (e.g. kexec).
Check /proc/kallsyms permission or run as root.
perf_event__synthesize_bpf_events: failed to synthesize bpf images: No such file or directory
Couldn't synthesize bpf events.
[ perf record: Woken up 1 times to write data ]
[ perf record: Captured and wrote 0.002 MB /root/0460882-Project-HwiSwiCoDesign/results/raytrace/optimized/2026-09-17-14-23/.perf-probe.eDpETc/record.data ]

=== stat: L1-dcache-load-misses ===
# started on Thu Sep 17 14:23:22 2026


 Performance counter stats for 'sleep 0.05':

             15397      L1-dcache-load-misses                                       

       0.051106657 seconds time elapsed

       0.000000000 seconds user
       0.001074000 seconds sys



=== record: L1-dcache-load-misses ===
Couldn't record kernel reference relocation symbol
Symbol resolution may be skewed if relocation was used (e.g. kexec).
Check /proc/kallsyms permission or run as root.
perf_event__synthesize_bpf_events: failed to synthesize bpf images: No such file or directory
Couldn't synthesize bpf events.
[ perf record: Woken up 1 times to write data ]
[ perf record: Captured and wrote 0.002 MB /root/0460882-Project-HwiSwiCoDesign/results/raytrace/optimized/2026-09-17-14-23/.perf-probe.eDpETc/record.data ]

=== stat: L1-dcache-stores ===
# started on Thu Sep 17 14:23:22 2026


 Performance counter stats for 'sleep 0.05':

             95780      L1-dcache-stores                                            

       0.057104149 seconds time elapsed

       0.000000000 seconds user
       0.006975000 seconds sys



=== record: L1-dcache-stores ===
Couldn't record kernel reference relocation symbol
Symbol resolution may be skewed if relocation was used (e.g. kexec).
Check /proc/kallsyms permission or run as root.
perf_event__synthesize_bpf_events: failed to synthesize bpf images: No such file or directory
Couldn't synthesize bpf events.
[ perf record: Woken up 1 times to write data ]
[ perf record: Captured and wrote 0.002 MB /root/0460882-Project-HwiSwiCoDesign/results/raytrace/optimized/2026-09-17-14-23/.perf-probe.eDpETc/record.data ]

=== stat: L1-dcache-store-misses ===
# started on Thu Sep 17 14:23:22 2026


 Performance counter stats for 'sleep 0.05':

   <not supported>      L1-dcache-store-misses                                      

       0.050966358 seconds time elapsed

       0.000922000 seconds user
       0.000000000 seconds sys



=== record: L1-dcache-store-misses ===
Error:
The L1-dcache-store-misses event is not supported.

=== stat: L1-dcache-prefetches ===
# started on Thu Sep 17 14:23:22 2026


 Performance counter stats for 'sleep 0.05':

   <not supported>      L1-dcache-prefetches                                        

       0.050937960 seconds time elapsed

       0.000906000 seconds user
       0.000000000 seconds sys



=== record: L1-dcache-prefetches ===
Error:
The L1-dcache-prefetches event is not supported.

=== stat: L1-dcache-prefetch-misses ===
# started on Thu Sep 17 14:23:22 2026


 Performance counter stats for 'sleep 0.05':

   <not supported>      L1-dcache-prefetch-misses                                   

       0.050916856 seconds time elapsed

       0.000888000 seconds user
       0.000000000 seconds sys



=== record: L1-dcache-prefetch-misses ===
Error:
The L1-dcache-prefetch-misses event is not supported.

=== stat: L1-icache-loads ===
# started on Thu Sep 17 14:23:22 2026


 Performance counter stats for 'sleep 0.05':

   <not supported>      L1-icache-loads                                             

       0.050885724 seconds time elapsed

       0.000847000 seconds user
       0.000000000 seconds sys



=== record: L1-icache-loads ===
Error:
The L1-icache-loads event is not supported.

=== stat: L1-icache-load-misses ===
# started on Thu Sep 17 14:23:22 2026


 Performance counter stats for 'sleep 0.05':

              8560      L1-icache-load-misses                                       

       0.051058469 seconds time elapsed

       0.001005000 seconds user
       0.000000000 seconds sys



=== record: L1-icache-load-misses ===
Couldn't record kernel reference relocation symbol
Symbol resolution may be skewed if relocation was used (e.g. kexec).
Check /proc/kallsyms permission or run as root.
perf_event__synthesize_bpf_events: failed to synthesize bpf images: No such file or directory
Couldn't synthesize bpf events.
[ perf record: Woken up 1 times to write data ]
[ perf record: Captured and wrote 0.002 MB /root/0460882-Project-HwiSwiCoDesign/results/raytrace/optimized/2026-09-17-14-23/.perf-probe.eDpETc/record.data ]

=== stat: LLC-loads ===
# started on Thu Sep 17 14:23:23 2026


 Performance counter stats for 'sleep 0.05':

   <not supported>      LLC-loads                                                   

       0.050876919 seconds time elapsed

       0.000839000 seconds user
       0.000000000 seconds sys



=== record: LLC-loads ===
Error:
The sys_perf_event_open() syscall returned with 6 (No such device or address) for event (LLC-loads).
/bin/dmesg | grep -i perf may provide additional information.


=== stat: LLC-load-misses ===
# started on Thu Sep 17 14:23:23 2026


 Performance counter stats for 'sleep 0.05':

   <not supported>      LLC-load-misses                                             

       0.050893214 seconds time elapsed

       0.000000000 seconds user
       0.000844000 seconds sys



=== record: LLC-load-misses ===
Error:
The sys_perf_event_open() syscall returned with 6 (No such device or address) for event (LLC-load-misses).
/bin/dmesg | grep -i perf may provide additional information.


=== stat: LLC-stores ===
# started on Thu Sep 17 14:23:23 2026


 Performance counter stats for 'sleep 0.05':

   <not supported>      LLC-stores                                                  

       0.050897221 seconds time elapsed

       0.000000000 seconds user
       0.000869000 seconds sys



=== record: LLC-stores ===
Error:
The sys_perf_event_open() syscall returned with 6 (No such device or address) for event (LLC-stores).
/bin/dmesg | grep -i perf may provide additional information.


=== stat: LLC-store-misses ===
# started on Thu Sep 17 14:23:23 2026


 Performance counter stats for 'sleep 0.05':

   <not supported>      LLC-store-misses                                            

       0.050882836 seconds time elapsed

       0.000849000 seconds user
       0.000000000 seconds sys



=== record: LLC-store-misses ===
Error:
The sys_perf_event_open() syscall returned with 6 (No such device or address) for event (LLC-store-misses).
/bin/dmesg | grep -i perf may provide additional information.


=== stat: LLC-prefetches ===
# started on Thu Sep 17 14:23:23 2026


 Performance counter stats for 'sleep 0.05':

   <not supported>      LLC-prefetches                                              

       0.050965726 seconds time elapsed

       0.000000000 seconds user
       0.000922000 seconds sys



=== record: LLC-prefetches ===
Error:
The LLC-prefetches event is not supported.

=== stat: LLC-prefetch-misses ===
# started on Thu Sep 17 14:23:23 2026


 Performance counter stats for 'sleep 0.05':

   <not supported>      LLC-prefetch-misses                                         

       0.050921432 seconds time elapsed

       0.000863000 seconds user
       0.000000000 seconds sys



=== record: LLC-prefetch-misses ===
Error:
The LLC-prefetch-misses event is not supported.

=== stat: dTLB-loads ===
# started on Thu Sep 17 14:23:23 2026


 Performance counter stats for 'sleep 0.05':

            156942      dTLB-loads                                                  

       0.051032450 seconds time elapsed

       0.000981000 seconds user
       0.000000000 seconds sys



=== record: dTLB-loads ===
Couldn't record kernel reference relocation symbol
Symbol resolution may be skewed if relocation was used (e.g. kexec).
Check /proc/kallsyms permission or run as root.
perf_event__synthesize_bpf_events: failed to synthesize bpf images: No such file or directory
Couldn't synthesize bpf events.
[ perf record: Woken up 1 times to write data ]
[ perf record: Captured and wrote 0.002 MB /root/0460882-Project-HwiSwiCoDesign/results/raytrace/optimized/2026-09-17-14-23/.perf-probe.eDpETc/record.data ]

=== stat: dTLB-load-misses ===
# started on Thu Sep 17 14:23:23 2026


 Performance counter stats for 'sleep 0.05':

              4226      dTLB-load-misses                                            

       0.051113779 seconds time elapsed

       0.001048000 seconds user
       0.000000000 seconds sys



=== record: dTLB-load-misses ===
Couldn't record kernel reference relocation symbol
Symbol resolution may be skewed if relocation was used (e.g. kexec).
Check /proc/kallsyms permission or run as root.
perf_event__synthesize_bpf_events: failed to synthesize bpf images: No such file or directory
Couldn't synthesize bpf events.
[ perf record: Woken up 1 times to write data ]
[ perf record: Captured and wrote 0.002 MB /root/0460882-Project-HwiSwiCoDesign/results/raytrace/optimized/2026-09-17-14-23/.perf-probe.eDpETc/record.data ]

=== stat: dTLB-stores ===
# started on Thu Sep 17 14:23:24 2026


 Performance counter stats for 'sleep 0.05':

             94759      dTLB-stores                                                 

       0.050996659 seconds time elapsed

       0.000958000 seconds user
       0.000000000 seconds sys



=== record: dTLB-stores ===
Couldn't record kernel reference relocation symbol
Symbol resolution may be skewed if relocation was used (e.g. kexec).
Check /proc/kallsyms permission or run as root.
perf_event__synthesize_bpf_events: failed to synthesize bpf images: No such file or directory
Couldn't synthesize bpf events.
[ perf record: Woken up 1 times to write data ]
[ perf record: Captured and wrote 0.002 MB /root/0460882-Project-HwiSwiCoDesign/results/raytrace/optimized/2026-09-17-14-23/.perf-probe.eDpETc/record.data ]

=== stat: dTLB-store-misses ===
# started on Thu Sep 17 14:23:24 2026


 Performance counter stats for 'sleep 0.05':

               574      dTLB-store-misses                                           

       0.051106799 seconds time elapsed

       0.001062000 seconds user
       0.000000000 seconds sys



=== record: dTLB-store-misses ===
Couldn't record kernel reference relocation symbol
Symbol resolution may be skewed if relocation was used (e.g. kexec).
Check /proc/kallsyms permission or run as root.
perf_event__synthesize_bpf_events: failed to synthesize bpf images: No such file or directory
Couldn't synthesize bpf events.
[ perf record: Woken up 1 times to write data ]
[ perf record: Captured and wrote 0.002 MB /root/0460882-Project-HwiSwiCoDesign/results/raytrace/optimized/2026-09-17-14-23/.perf-probe.eDpETc/record.data ]

=== stat: iTLB-loads ===
# started on Thu Sep 17 14:23:24 2026


 Performance counter stats for 'sleep 0.05':

               745      iTLB-loads                                                  

       0.056536500 seconds time elapsed

       0.000000000 seconds user
       0.006513000 seconds sys



=== record: iTLB-loads ===
Couldn't record kernel reference relocation symbol
Symbol resolution may be skewed if relocation was used (e.g. kexec).
Check /proc/kallsyms permission or run as root.
perf_event__synthesize_bpf_events: failed to synthesize bpf images: No such file or directory
Couldn't synthesize bpf events.
[ perf record: Woken up 1 times to write data ]
[ perf record: Captured and wrote 0.002 MB /root/0460882-Project-HwiSwiCoDesign/results/raytrace/optimized/2026-09-17-14-23/.perf-probe.eDpETc/record.data ]

=== stat: iTLB-load-misses ===
# started on Thu Sep 17 14:23:24 2026


 Performance counter stats for 'sleep 0.05':

              3969      iTLB-load-misses                                            

       0.051132917 seconds time elapsed

       0.001080000 seconds user
       0.000000000 seconds sys



=== record: iTLB-load-misses ===
Couldn't record kernel reference relocation symbol
Symbol resolution may be skewed if relocation was used (e.g. kexec).
Check /proc/kallsyms permission or run as root.
perf_event__synthesize_bpf_events: failed to synthesize bpf images: No such file or directory
Couldn't synthesize bpf events.
[ perf record: Woken up 1 times to write data ]
[ perf record: Captured and wrote 0.002 MB /root/0460882-Project-HwiSwiCoDesign/results/raytrace/optimized/2026-09-17-14-23/.perf-probe.eDpETc/record.data ]

=== stat: branch-loads ===
# started on Thu Sep 17 14:23:24 2026


 Performance counter stats for 'sleep 0.05':

            116535      branch-loads                                                

       0.051112703 seconds time elapsed

       0.001066000 seconds user
       0.000000000 seconds sys



=== record: branch-loads ===
Couldn't record kernel reference relocation symbol
Symbol resolution may be skewed if relocation was used (e.g. kexec).
Check /proc/kallsyms permission or run as root.
perf_event__synthesize_bpf_events: failed to synthesize bpf images: No such file or directory
Couldn't synthesize bpf events.
[ perf record: Woken up 1 times to write data ]
[ perf record: Captured and wrote 0.002 MB /root/0460882-Project-HwiSwiCoDesign/results/raytrace/optimized/2026-09-17-14-23/.perf-probe.eDpETc/record.data ]

=== stat: branch-load-misses ===
# started on Thu Sep 17 14:23:24 2026


 Performance counter stats for 'sleep 0.05':

              5025      branch-load-misses                                          

       0.051053237 seconds time elapsed

       0.001038000 seconds user
       0.000000000 seconds sys



=== record: branch-load-misses ===
Couldn't record kernel reference relocation symbol
Symbol resolution may be skewed if relocation was used (e.g. kexec).
Check /proc/kallsyms permission or run as root.
perf_event__synthesize_bpf_events: failed to synthesize bpf images: No such file or directory
Couldn't synthesize bpf events.
[ perf record: Woken up 1 times to write data ]
[ perf record: Captured and wrote 0.002 MB /root/0460882-Project-HwiSwiCoDesign/results/raytrace/optimized/2026-09-17-14-23/.perf-probe.eDpETc/record.data ]

=== stat: node-loads ===
# started on Thu Sep 17 14:23:25 2026


 Performance counter stats for 'sleep 0.05':

   <not supported>      node-loads                                                  

       0.050987076 seconds time elapsed

       0.000938000 seconds user
       0.000000000 seconds sys



=== record: node-loads ===
Error:
The sys_perf_event_open() syscall returned with 6 (No such device or address) for event (node-loads).
/bin/dmesg | grep -i perf may provide additional information.


=== stat: node-load-misses ===
# started on Thu Sep 17 14:23:25 2026


 Performance counter stats for 'sleep 0.05':

   <not supported>      node-load-misses                                            

       0.050900837 seconds time elapsed

       0.000000000 seconds user
       0.000851000 seconds sys



=== record: node-load-misses ===
Error:
The sys_perf_event_open() syscall returned with 6 (No such device or address) for event (node-load-misses).
/bin/dmesg | grep -i perf may provide additional information.


=== stat: node-stores ===
# started on Thu Sep 17 14:23:25 2026


 Performance counter stats for 'sleep 0.05':

   <not supported>      node-stores                                                 

       0.050938994 seconds time elapsed

       0.000887000 seconds user
       0.000000000 seconds sys



=== record: node-stores ===
Error:
The sys_perf_event_open() syscall returned with 6 (No such device or address) for event (node-stores).
/bin/dmesg | grep -i perf may provide additional information.


=== stat: node-store-misses ===
# started on Thu Sep 17 14:23:25 2026


 Performance counter stats for 'sleep 0.05':

   <not supported>      node-store-misses                                           

       0.050948101 seconds time elapsed

       0.000877000 seconds user
       0.000000000 seconds sys



=== record: node-store-misses ===
Error:
The sys_perf_event_open() syscall returned with 6 (No such device or address) for event (node-store-misses).
/bin/dmesg | grep -i perf may provide additional information.


=== stat: duration_time ===
# started on Thu Sep 17 14:23:25 2026


 Performance counter stats for 'system wide':

          50947896 ns   duration_time                                               

       0.050947896 seconds time elapsed


=== stat: user_time ===
event syntax error: 'user_time'
                     \___ parser error
Run 'perf list' for a list of valid events

 Usage: perf stat [<options>] [<command>]

    -e, --event <event>   event selector. use 'perf list' to list available events

=== stat: system_time ===
event syntax error: 'system_time'
                     \___ parser error
Run 'perf list' for a list of valid events

 Usage: perf stat [<options>] [<command>]

    -e, --event <event>   event selector. use 'perf list' to list available events

=== stat: dummy ===
# started on Thu Sep 17 14:23:25 2026


 Performance counter stats for 'sleep 0.05':

                 0      dummy                                                       

       0.050928171 seconds time elapsed

       0.000876000 seconds user
       0.000000000 seconds sys



=== stat: bpf-output ===
# started on Thu Sep 17 14:23:25 2026


 Performance counter stats for 'sleep 0.05':

                 0      bpf-output                                                  

       0.050938551 seconds time elapsed

       0.000889000 seconds user
       0.000000000 seconds sys


