
=== stat: cpu-clock ===
# started on Sat Sep 12 09:27:58 2026


 Performance counter stats for 'sleep 0.05':

              0.84 msec cpu-clock                 #    0.006 CPUs utilized          

       0.138511705 seconds time elapsed

       0.001534000 seconds user
       0.000000000 seconds sys



=== record: cpu-clock ===
Couldn't record kernel reference relocation symbol
Symbol resolution may be skewed if relocation was used (e.g. kexec).
Check /proc/kallsyms permission or run as root.
perf_event__synthesize_bpf_events: failed to synthesize bpf images: No such file or directory
Couldn't synthesize bpf events.
[ perf record: Woken up 1 times to write data ]
[ perf record: Captured and wrote 0.005 MB /root/0460882-Project-HwiSwiCoDesign/results/raytrace/original/.perf-probe.j9nM7Q/record.data ]

=== stat: task-clock ===
# started on Sat Sep 12 09:28:00 2026


 Performance counter stats for 'sleep 0.05':

              0.47 msec task-clock                #    0.009 CPUs utilized          

       0.050939836 seconds time elapsed

       0.000915000 seconds user
       0.000000000 seconds sys



=== record: task-clock ===
Couldn't record kernel reference relocation symbol
Symbol resolution may be skewed if relocation was used (e.g. kexec).
Check /proc/kallsyms permission or run as root.
perf_event__synthesize_bpf_events: failed to synthesize bpf images: No such file or directory
Couldn't synthesize bpf events.
[ perf record: Woken up 1 times to write data ]
[ perf record: Captured and wrote 0.005 MB /root/0460882-Project-HwiSwiCoDesign/results/raytrace/original/.perf-probe.j9nM7Q/record.data ]

=== stat: cycles ===
# started on Sat Sep 12 09:28:00 2026


 Performance counter stats for 'sleep 0.05':

            940652      cycles                                                      

       0.051101545 seconds time elapsed

       0.001056000 seconds user
       0.000000000 seconds sys



=== record: cycles ===
Couldn't record kernel reference relocation symbol
Symbol resolution may be skewed if relocation was used (e.g. kexec).
Check /proc/kallsyms permission or run as root.
perf_event__synthesize_bpf_events: failed to synthesize bpf images: No such file or directory
Couldn't synthesize bpf events.
[ perf record: Woken up 1 times to write data ]
[ perf record: Captured and wrote 0.005 MB /root/0460882-Project-HwiSwiCoDesign/results/raytrace/original/.perf-probe.j9nM7Q/record.data ]

=== stat: instructions ===
# started on Sat Sep 12 09:28:00 2026


 Performance counter stats for 'sleep 0.05':

            558824      instructions                                                

       0.051088065 seconds time elapsed

       0.001064000 seconds user
       0.000000000 seconds sys



=== record: instructions ===
Couldn't record kernel reference relocation symbol
Symbol resolution may be skewed if relocation was used (e.g. kexec).
Check /proc/kallsyms permission or run as root.
perf_event__synthesize_bpf_events: failed to synthesize bpf images: No such file or directory
Couldn't synthesize bpf events.
[ perf record: Woken up 1 times to write data ]
[ perf record: Captured and wrote 0.034 MB /root/0460882-Project-HwiSwiCoDesign/results/raytrace/original/.perf-probe.j9nM7Q/record.data (7 samples) ]

=== stat: branch-instructions ===
# started on Sat Sep 12 09:28:00 2026


 Performance counter stats for 'sleep 0.05':

            116649      branch-instructions                                         

       0.051156752 seconds time elapsed

       0.000000000 seconds user
       0.001091000 seconds sys



=== record: branch-instructions ===
Couldn't record kernel reference relocation symbol
Symbol resolution may be skewed if relocation was used (e.g. kexec).
Check /proc/kallsyms permission or run as root.
perf_event__synthesize_bpf_events: failed to synthesize bpf images: No such file or directory
Couldn't synthesize bpf events.
[ perf record: Woken up 1 times to write data ]
[ perf record: Captured and wrote 0.005 MB /root/0460882-Project-HwiSwiCoDesign/results/raytrace/original/.perf-probe.j9nM7Q/record.data ]

=== stat: branch-misses ===
# started on Sat Sep 12 09:28:00 2026


 Performance counter stats for 'sleep 0.05':

              4961      branch-misses                                               

       0.051089775 seconds time elapsed

       0.001026000 seconds user
       0.000000000 seconds sys



=== record: branch-misses ===
Couldn't record kernel reference relocation symbol
Symbol resolution may be skewed if relocation was used (e.g. kexec).
Check /proc/kallsyms permission or run as root.
perf_event__synthesize_bpf_events: failed to synthesize bpf images: No such file or directory
Couldn't synthesize bpf events.
[ perf record: Woken up 1 times to write data ]
[ perf record: Captured and wrote 0.005 MB /root/0460882-Project-HwiSwiCoDesign/results/raytrace/original/.perf-probe.j9nM7Q/record.data ]

=== stat: bus-cycles ===
# started on Sat Sep 12 09:28:00 2026


 Performance counter stats for 'sleep 0.05':

             51128      bus-cycles                                                  

       0.057095148 seconds time elapsed

       0.000000000 seconds user
       0.006944000 seconds sys



=== record: bus-cycles ===
Couldn't record kernel reference relocation symbol
Symbol resolution may be skewed if relocation was used (e.g. kexec).
Check /proc/kallsyms permission or run as root.
perf_event__synthesize_bpf_events: failed to synthesize bpf images: No such file or directory
Couldn't synthesize bpf events.
[ perf record: Woken up 1 times to write data ]
[ perf record: Captured and wrote 0.005 MB /root/0460882-Project-HwiSwiCoDesign/results/raytrace/original/.perf-probe.j9nM7Q/record.data ]

=== stat: cache-references ===
# started on Sat Sep 12 09:28:01 2026


 Performance counter stats for 'sleep 0.05':

             17072      cache-references                                            

       0.050977479 seconds time elapsed

       0.000950000 seconds user
       0.000000000 seconds sys



=== record: cache-references ===
Couldn't record kernel reference relocation symbol
Symbol resolution may be skewed if relocation was used (e.g. kexec).
Check /proc/kallsyms permission or run as root.
perf_event__synthesize_bpf_events: failed to synthesize bpf images: No such file or directory
Couldn't synthesize bpf events.
[ perf record: Woken up 1 times to write data ]
[ perf record: Captured and wrote 0.005 MB /root/0460882-Project-HwiSwiCoDesign/results/raytrace/original/.perf-probe.j9nM7Q/record.data ]

=== stat: cache-misses ===
# started on Sat Sep 12 09:28:01 2026


 Performance counter stats for 'sleep 0.05':

                81      cache-misses                                                

       0.051086350 seconds time elapsed

       0.001041000 seconds user
       0.000000000 seconds sys



=== record: cache-misses ===
Couldn't record kernel reference relocation symbol
Symbol resolution may be skewed if relocation was used (e.g. kexec).
Check /proc/kallsyms permission or run as root.
perf_event__synthesize_bpf_events: failed to synthesize bpf images: No such file or directory
Couldn't synthesize bpf events.
[ perf record: Woken up 1 times to write data ]
[ perf record: Captured and wrote 0.005 MB /root/0460882-Project-HwiSwiCoDesign/results/raytrace/original/.perf-probe.j9nM7Q/record.data ]

=== stat: ref-cycles ===
# started on Sat Sep 12 09:28:01 2026


 Performance counter stats for 'sleep 0.05':

           1002768      ref-cycles                                                  

       0.051095073 seconds time elapsed

       0.001041000 seconds user
       0.000000000 seconds sys



=== record: ref-cycles ===
Couldn't record kernel reference relocation symbol
Symbol resolution may be skewed if relocation was used (e.g. kexec).
Check /proc/kallsyms permission or run as root.
perf_event__synthesize_bpf_events: failed to synthesize bpf images: No such file or directory
Couldn't synthesize bpf events.
[ perf record: Woken up 1 times to write data ]
[ perf record: Captured and wrote 0.005 MB /root/0460882-Project-HwiSwiCoDesign/results/raytrace/original/.perf-probe.j9nM7Q/record.data ]

=== stat: stalled-cycles-frontend ===
# started on Sat Sep 12 09:28:01 2026


 Performance counter stats for 'sleep 0.05':

   <not supported>      stalled-cycles-frontend                                     

       0.050941865 seconds time elapsed

       0.000913000 seconds user
       0.000000000 seconds sys



=== record: stalled-cycles-frontend ===
Error:
The stalled-cycles-frontend event is not supported.

=== stat: stalled-cycles-backend ===
# started on Sat Sep 12 09:28:01 2026


 Performance counter stats for 'sleep 0.05':

   <not supported>      stalled-cycles-backend                                      

       0.050918709 seconds time elapsed

       0.000868000 seconds user
       0.000000000 seconds sys



=== record: stalled-cycles-backend ===
Error:
The stalled-cycles-backend event is not supported.

=== stat: page-faults ===
# started on Sat Sep 12 09:28:01 2026


 Performance counter stats for 'sleep 0.05':

                59      page-faults                                                 

       0.050942807 seconds time elapsed

       0.000000000 seconds user
       0.000894000 seconds sys



=== record: page-faults ===
Couldn't record kernel reference relocation symbol
Symbol resolution may be skewed if relocation was used (e.g. kexec).
Check /proc/kallsyms permission or run as root.
perf_event__synthesize_bpf_events: failed to synthesize bpf images: No such file or directory
Couldn't synthesize bpf events.
[ perf record: Woken up 1 times to write data ]
[ perf record: Captured and wrote 0.026 MB /root/0460882-Project-HwiSwiCoDesign/results/raytrace/original/.perf-probe.j9nM7Q/record.data (5 samples) ]

=== stat: minor-faults ===
# started on Sat Sep 12 09:28:01 2026


 Performance counter stats for 'sleep 0.05':

                59      minor-faults                                                

       0.050972636 seconds time elapsed

       0.000912000 seconds user
       0.000000000 seconds sys



=== record: minor-faults ===
Couldn't record kernel reference relocation symbol
Symbol resolution may be skewed if relocation was used (e.g. kexec).
Check /proc/kallsyms permission or run as root.
perf_event__synthesize_bpf_events: failed to synthesize bpf images: No such file or directory
Couldn't synthesize bpf events.
[ perf record: Woken up 1 times to write data ]
[ perf record: Captured and wrote 0.026 MB /root/0460882-Project-HwiSwiCoDesign/results/raytrace/original/.perf-probe.j9nM7Q/record.data (5 samples) ]

=== stat: major-faults ===
# started on Sat Sep 12 09:28:02 2026


 Performance counter stats for 'sleep 0.05':

                 0      major-faults                                                

       0.050952579 seconds time elapsed

       0.000906000 seconds user
       0.000000000 seconds sys



=== record: major-faults ===
Couldn't record kernel reference relocation symbol
Symbol resolution may be skewed if relocation was used (e.g. kexec).
Check /proc/kallsyms permission or run as root.
perf_event__synthesize_bpf_events: failed to synthesize bpf images: No such file or directory
Couldn't synthesize bpf events.
[ perf record: Woken up 1 times to write data ]
[ perf record: Captured and wrote 0.005 MB /root/0460882-Project-HwiSwiCoDesign/results/raytrace/original/.perf-probe.j9nM7Q/record.data ]

=== stat: context-switches ===
# started on Sat Sep 12 09:28:02 2026


 Performance counter stats for 'sleep 0.05':

                 2      context-switches                                            

       0.051010723 seconds time elapsed

       0.000000000 seconds user
       0.000929000 seconds sys



=== record: context-switches ===
Couldn't record kernel reference relocation symbol
Symbol resolution may be skewed if relocation was used (e.g. kexec).
Check /proc/kallsyms permission or run as root.
perf_event__synthesize_bpf_events: failed to synthesize bpf images: No such file or directory
Couldn't synthesize bpf events.
[ perf record: Woken up 1 times to write data ]
[ perf record: Captured and wrote 0.009 MB /root/0460882-Project-HwiSwiCoDesign/results/raytrace/original/.perf-probe.j9nM7Q/record.data (1 samples) ]

=== stat: cpu-migrations ===
# started on Sat Sep 12 09:28:02 2026


 Performance counter stats for 'sleep 0.05':

                 0      cpu-migrations                                              

       0.050957989 seconds time elapsed

       0.000913000 seconds user
       0.000000000 seconds sys



=== record: cpu-migrations ===
Couldn't record kernel reference relocation symbol
Symbol resolution may be skewed if relocation was used (e.g. kexec).
Check /proc/kallsyms permission or run as root.
perf_event__synthesize_bpf_events: failed to synthesize bpf images: No such file or directory
Couldn't synthesize bpf events.
[ perf record: Woken up 1 times to write data ]
[ perf record: Captured and wrote 0.005 MB /root/0460882-Project-HwiSwiCoDesign/results/raytrace/original/.perf-probe.j9nM7Q/record.data ]

=== stat: alignment-faults ===
# started on Sat Sep 12 09:28:02 2026


 Performance counter stats for 'sleep 0.05':

                 0      alignment-faults                                            

       0.051000278 seconds time elapsed

       0.000000000 seconds user
       0.000944000 seconds sys



=== record: alignment-faults ===
Couldn't record kernel reference relocation symbol
Symbol resolution may be skewed if relocation was used (e.g. kexec).
Check /proc/kallsyms permission or run as root.
perf_event__synthesize_bpf_events: failed to synthesize bpf images: No such file or directory
Couldn't synthesize bpf events.
[ perf record: Woken up 1 times to write data ]
[ perf record: Captured and wrote 0.005 MB /root/0460882-Project-HwiSwiCoDesign/results/raytrace/original/.perf-probe.j9nM7Q/record.data ]

=== stat: emulation-faults ===
# started on Sat Sep 12 09:28:02 2026


 Performance counter stats for 'sleep 0.05':

                 0      emulation-faults                                            

       0.050972892 seconds time elapsed

       0.000942000 seconds user
       0.000000000 seconds sys



=== record: emulation-faults ===
Couldn't record kernel reference relocation symbol
Symbol resolution may be skewed if relocation was used (e.g. kexec).
Check /proc/kallsyms permission or run as root.
perf_event__synthesize_bpf_events: failed to synthesize bpf images: No such file or directory
Couldn't synthesize bpf events.
[ perf record: Woken up 1 times to write data ]
[ perf record: Captured and wrote 0.005 MB /root/0460882-Project-HwiSwiCoDesign/results/raytrace/original/.perf-probe.j9nM7Q/record.data ]

=== stat: cgroup-switches ===
# started on Sat Sep 12 09:28:02 2026


 Performance counter stats for 'sleep 0.05':

                 1      cgroup-switches                                             

       0.050943912 seconds time elapsed

       0.000000000 seconds user
       0.000904000 seconds sys



=== record: cgroup-switches ===
Couldn't record kernel reference relocation symbol
Symbol resolution may be skewed if relocation was used (e.g. kexec).
Check /proc/kallsyms permission or run as root.
perf_event__synthesize_bpf_events: failed to synthesize bpf images: No such file or directory
Couldn't synthesize bpf events.
[ perf record: Woken up 1 times to write data ]
[ perf record: Captured and wrote 0.009 MB /root/0460882-Project-HwiSwiCoDesign/results/raytrace/original/.perf-probe.j9nM7Q/record.data (1 samples) ]

=== stat: L1-dcache-loads ===
# started on Sat Sep 12 09:28:03 2026


 Performance counter stats for 'sleep 0.05':

            166622      L1-dcache-loads                                             

       0.057030755 seconds time elapsed

       0.000000000 seconds user
       0.006942000 seconds sys



=== record: L1-dcache-loads ===
Couldn't record kernel reference relocation symbol
Symbol resolution may be skewed if relocation was used (e.g. kexec).
Check /proc/kallsyms permission or run as root.
perf_event__synthesize_bpf_events: failed to synthesize bpf images: No such file or directory
Couldn't synthesize bpf events.
[ perf record: Woken up 1 times to write data ]
[ perf record: Captured and wrote 0.005 MB /root/0460882-Project-HwiSwiCoDesign/results/raytrace/original/.perf-probe.j9nM7Q/record.data ]

=== stat: L1-dcache-load-misses ===
# started on Sat Sep 12 09:28:03 2026


 Performance counter stats for 'sleep 0.05':

             14835      L1-dcache-load-misses                                       

       0.051054530 seconds time elapsed

       0.001013000 seconds user
       0.000000000 seconds sys



=== record: L1-dcache-load-misses ===
Couldn't record kernel reference relocation symbol
Symbol resolution may be skewed if relocation was used (e.g. kexec).
Check /proc/kallsyms permission or run as root.
perf_event__synthesize_bpf_events: failed to synthesize bpf images: No such file or directory
Couldn't synthesize bpf events.
[ perf record: Woken up 1 times to write data ]
[ perf record: Captured and wrote 0.005 MB /root/0460882-Project-HwiSwiCoDesign/results/raytrace/original/.perf-probe.j9nM7Q/record.data ]

=== stat: L1-dcache-stores ===
# started on Sat Sep 12 09:28:03 2026


 Performance counter stats for 'sleep 0.05':

             95731      L1-dcache-stores                                            

       0.051124985 seconds time elapsed

       0.000000000 seconds user
       0.001073000 seconds sys



=== record: L1-dcache-stores ===
Couldn't record kernel reference relocation symbol
Symbol resolution may be skewed if relocation was used (e.g. kexec).
Check /proc/kallsyms permission or run as root.
perf_event__synthesize_bpf_events: failed to synthesize bpf images: No such file or directory
Couldn't synthesize bpf events.
[ perf record: Woken up 1 times to write data ]
[ perf record: Captured and wrote 0.005 MB /root/0460882-Project-HwiSwiCoDesign/results/raytrace/original/.perf-probe.j9nM7Q/record.data ]

=== stat: L1-dcache-store-misses ===
# started on Sat Sep 12 09:28:03 2026


 Performance counter stats for 'sleep 0.05':

   <not supported>      L1-dcache-store-misses                                      

       0.050952353 seconds time elapsed

       0.000898000 seconds user
       0.000000000 seconds sys



=== record: L1-dcache-store-misses ===
Error:
The L1-dcache-store-misses event is not supported.

=== stat: L1-dcache-prefetches ===
# started on Sat Sep 12 09:28:03 2026


 Performance counter stats for 'sleep 0.05':

   <not supported>      L1-dcache-prefetches                                        

       0.050928583 seconds time elapsed

       0.000884000 seconds user
       0.000000000 seconds sys



=== record: L1-dcache-prefetches ===
Error:
The L1-dcache-prefetches event is not supported.

=== stat: L1-dcache-prefetch-misses ===
# started on Sat Sep 12 09:28:03 2026


 Performance counter stats for 'sleep 0.05':

   <not supported>      L1-dcache-prefetch-misses                                   

       0.050907609 seconds time elapsed

       0.000864000 seconds user
       0.000000000 seconds sys



=== record: L1-dcache-prefetch-misses ===
Error:
The L1-dcache-prefetch-misses event is not supported.

=== stat: L1-icache-loads ===
# started on Sat Sep 12 09:28:03 2026


 Performance counter stats for 'sleep 0.05':

   <not supported>      L1-icache-loads                                             

       0.050927127 seconds time elapsed

       0.000913000 seconds user
       0.000000000 seconds sys



=== record: L1-icache-loads ===
Error:
The L1-icache-loads event is not supported.

=== stat: L1-icache-load-misses ===
# started on Sat Sep 12 09:28:03 2026


 Performance counter stats for 'sleep 0.05':

              7995      L1-icache-load-misses                                       

       0.051012554 seconds time elapsed

       0.000976000 seconds user
       0.000000000 seconds sys



=== record: L1-icache-load-misses ===
Couldn't record kernel reference relocation symbol
Symbol resolution may be skewed if relocation was used (e.g. kexec).
Check /proc/kallsyms permission or run as root.
perf_event__synthesize_bpf_events: failed to synthesize bpf images: No such file or directory
Couldn't synthesize bpf events.
[ perf record: Woken up 1 times to write data ]
[ perf record: Captured and wrote 0.005 MB /root/0460882-Project-HwiSwiCoDesign/results/raytrace/original/.perf-probe.j9nM7Q/record.data ]

=== stat: LLC-loads ===
# started on Sat Sep 12 09:28:04 2026


 Performance counter stats for 'sleep 0.05':

   <not supported>      LLC-loads                                                   

       0.050897151 seconds time elapsed

       0.000863000 seconds user
       0.000000000 seconds sys



=== record: LLC-loads ===
Error:
The sys_perf_event_open() syscall returned with 6 (No such device or address) for event (LLC-loads).
/bin/dmesg | grep -i perf may provide additional information.


=== stat: LLC-load-misses ===
# started on Sat Sep 12 09:28:04 2026


 Performance counter stats for 'sleep 0.05':

   <not supported>      LLC-load-misses                                             

       0.050837797 seconds time elapsed

       0.000797000 seconds user
       0.000000000 seconds sys



=== record: LLC-load-misses ===
Error:
The sys_perf_event_open() syscall returned with 6 (No such device or address) for event (LLC-load-misses).
/bin/dmesg | grep -i perf may provide additional information.


=== stat: LLC-stores ===
# started on Sat Sep 12 09:28:04 2026


 Performance counter stats for 'sleep 0.05':

   <not supported>      LLC-stores                                                  

       0.050930891 seconds time elapsed

       0.000000000 seconds user
       0.000876000 seconds sys



=== record: LLC-stores ===
Error:
The sys_perf_event_open() syscall returned with 6 (No such device or address) for event (LLC-stores).
/bin/dmesg | grep -i perf may provide additional information.


=== stat: LLC-store-misses ===
# started on Sat Sep 12 09:28:04 2026


 Performance counter stats for 'sleep 0.05':

   <not supported>      LLC-store-misses                                            

       0.050889416 seconds time elapsed

       0.000849000 seconds user
       0.000000000 seconds sys



=== record: LLC-store-misses ===
Error:
The sys_perf_event_open() syscall returned with 6 (No such device or address) for event (LLC-store-misses).
/bin/dmesg | grep -i perf may provide additional information.


=== stat: LLC-prefetches ===
# started on Sat Sep 12 09:28:04 2026


 Performance counter stats for 'sleep 0.05':

   <not supported>      LLC-prefetches                                              

       0.050903331 seconds time elapsed

       0.000844000 seconds user
       0.000000000 seconds sys



=== record: LLC-prefetches ===
Error:
The LLC-prefetches event is not supported.

=== stat: LLC-prefetch-misses ===
# started on Sat Sep 12 09:28:04 2026


 Performance counter stats for 'sleep 0.05':

   <not supported>      LLC-prefetch-misses                                         

       0.050891397 seconds time elapsed

       0.000840000 seconds user
       0.000000000 seconds sys



=== record: LLC-prefetch-misses ===
Error:
The LLC-prefetch-misses event is not supported.

=== stat: dTLB-loads ===
# started on Sat Sep 12 09:28:04 2026


 Performance counter stats for 'sleep 0.05':

            157086      dTLB-loads                                                  

       0.050894454 seconds time elapsed

       0.000862000 seconds user
       0.000000000 seconds sys



=== record: dTLB-loads ===
Couldn't record kernel reference relocation symbol
Symbol resolution may be skewed if relocation was used (e.g. kexec).
Check /proc/kallsyms permission or run as root.
perf_event__synthesize_bpf_events: failed to synthesize bpf images: No such file or directory
Couldn't synthesize bpf events.
[ perf record: Woken up 1 times to write data ]
[ perf record: Captured and wrote 0.005 MB /root/0460882-Project-HwiSwiCoDesign/results/raytrace/original/.perf-probe.j9nM7Q/record.data ]

=== stat: dTLB-load-misses ===
# started on Sat Sep 12 09:28:04 2026


 Performance counter stats for 'sleep 0.05':

              3309      dTLB-load-misses                                            

       0.051007350 seconds time elapsed

       0.000941000 seconds user
       0.000000000 seconds sys



=== record: dTLB-load-misses ===
Couldn't record kernel reference relocation symbol
Symbol resolution may be skewed if relocation was used (e.g. kexec).
Check /proc/kallsyms permission or run as root.
perf_event__synthesize_bpf_events: failed to synthesize bpf images: No such file or directory
Couldn't synthesize bpf events.
[ perf record: Woken up 1 times to write data ]
[ perf record: Captured and wrote 0.005 MB /root/0460882-Project-HwiSwiCoDesign/results/raytrace/original/.perf-probe.j9nM7Q/record.data ]

=== stat: dTLB-stores ===
# started on Sat Sep 12 09:28:05 2026


 Performance counter stats for 'sleep 0.05':

             91849      dTLB-stores                                                 

       0.051034331 seconds time elapsed

       0.000997000 seconds user
       0.000000000 seconds sys



=== record: dTLB-stores ===
Couldn't record kernel reference relocation symbol
Symbol resolution may be skewed if relocation was used (e.g. kexec).
Check /proc/kallsyms permission or run as root.
perf_event__synthesize_bpf_events: failed to synthesize bpf images: No such file or directory
Couldn't synthesize bpf events.
[ perf record: Woken up 1 times to write data ]
[ perf record: Captured and wrote 0.005 MB /root/0460882-Project-HwiSwiCoDesign/results/raytrace/original/.perf-probe.j9nM7Q/record.data ]

=== stat: dTLB-store-misses ===
# started on Sat Sep 12 09:28:05 2026


 Performance counter stats for 'sleep 0.05':

               540      dTLB-store-misses                                           

       0.056675327 seconds time elapsed

       0.000000000 seconds user
       0.006618000 seconds sys



=== record: dTLB-store-misses ===
Couldn't record kernel reference relocation symbol
Symbol resolution may be skewed if relocation was used (e.g. kexec).
Check /proc/kallsyms permission or run as root.
perf_event__synthesize_bpf_events: failed to synthesize bpf images: No such file or directory
Couldn't synthesize bpf events.
[ perf record: Woken up 1 times to write data ]
[ perf record: Captured and wrote 0.005 MB /root/0460882-Project-HwiSwiCoDesign/results/raytrace/original/.perf-probe.j9nM7Q/record.data ]

=== stat: iTLB-loads ===
# started on Sat Sep 12 09:28:05 2026


 Performance counter stats for 'sleep 0.05':

               648      iTLB-loads                                                  

       0.051088520 seconds time elapsed

       0.001057000 seconds user
       0.000000000 seconds sys



=== record: iTLB-loads ===
Couldn't record kernel reference relocation symbol
Symbol resolution may be skewed if relocation was used (e.g. kexec).
Check /proc/kallsyms permission or run as root.
perf_event__synthesize_bpf_events: failed to synthesize bpf images: No such file or directory
Couldn't synthesize bpf events.
[ perf record: Woken up 1 times to write data ]
[ perf record: Captured and wrote 0.005 MB /root/0460882-Project-HwiSwiCoDesign/results/raytrace/original/.perf-probe.j9nM7Q/record.data ]

=== stat: iTLB-load-misses ===
# started on Sat Sep 12 09:28:05 2026


 Performance counter stats for 'sleep 0.05':

              3999      iTLB-load-misses                                            

       0.051118093 seconds time elapsed

       0.000000000 seconds user
       0.001070000 seconds sys



=== record: iTLB-load-misses ===
Couldn't record kernel reference relocation symbol
Symbol resolution may be skewed if relocation was used (e.g. kexec).
Check /proc/kallsyms permission or run as root.
perf_event__synthesize_bpf_events: failed to synthesize bpf images: No such file or directory
Couldn't synthesize bpf events.
[ perf record: Woken up 1 times to write data ]
[ perf record: Captured and wrote 0.005 MB /root/0460882-Project-HwiSwiCoDesign/results/raytrace/original/.perf-probe.j9nM7Q/record.data ]

=== stat: branch-loads ===
# started on Sat Sep 12 09:28:05 2026


 Performance counter stats for 'sleep 0.05':

            114809      branch-loads                                                

       0.051012548 seconds time elapsed

       0.000986000 seconds user
       0.000000000 seconds sys



=== record: branch-loads ===
Couldn't record kernel reference relocation symbol
Symbol resolution may be skewed if relocation was used (e.g. kexec).
Check /proc/kallsyms permission or run as root.
perf_event__synthesize_bpf_events: failed to synthesize bpf images: No such file or directory
Couldn't synthesize bpf events.
[ perf record: Woken up 1 times to write data ]
[ perf record: Captured and wrote 0.005 MB /root/0460882-Project-HwiSwiCoDesign/results/raytrace/original/.perf-probe.j9nM7Q/record.data ]

=== stat: branch-load-misses ===
# started on Sat Sep 12 09:28:05 2026


 Performance counter stats for 'sleep 0.05':

              5242      branch-load-misses                                          

       0.051190864 seconds time elapsed

       0.001059000 seconds user
       0.000000000 seconds sys



=== record: branch-load-misses ===
Couldn't record kernel reference relocation symbol
Symbol resolution may be skewed if relocation was used (e.g. kexec).
Check /proc/kallsyms permission or run as root.
perf_event__synthesize_bpf_events: failed to synthesize bpf images: No such file or directory
Couldn't synthesize bpf events.
[ perf record: Woken up 1 times to write data ]
[ perf record: Captured and wrote 0.005 MB /root/0460882-Project-HwiSwiCoDesign/results/raytrace/original/.perf-probe.j9nM7Q/record.data ]

=== stat: node-loads ===
# started on Sat Sep 12 09:28:06 2026


 Performance counter stats for 'sleep 0.05':

   <not supported>      node-loads                                                  

       0.050910957 seconds time elapsed

       0.000000000 seconds user
       0.000861000 seconds sys



=== record: node-loads ===
Error:
The sys_perf_event_open() syscall returned with 6 (No such device or address) for event (node-loads).
/bin/dmesg | grep -i perf may provide additional information.


=== stat: node-load-misses ===
# started on Sat Sep 12 09:28:06 2026


 Performance counter stats for 'sleep 0.05':

   <not supported>      node-load-misses                                            

       0.050936443 seconds time elapsed

       0.000884000 seconds user
       0.000000000 seconds sys



=== record: node-load-misses ===
Error:
The sys_perf_event_open() syscall returned with 6 (No such device or address) for event (node-load-misses).
/bin/dmesg | grep -i perf may provide additional information.


=== stat: node-stores ===
# started on Sat Sep 12 09:28:06 2026


 Performance counter stats for 'sleep 0.05':

   <not supported>      node-stores                                                 

       0.050898713 seconds time elapsed

       0.000864000 seconds user
       0.000000000 seconds sys



=== record: node-stores ===
Error:
The sys_perf_event_open() syscall returned with 6 (No such device or address) for event (node-stores).
/bin/dmesg | grep -i perf may provide additional information.


=== stat: node-store-misses ===
# started on Sat Sep 12 09:28:06 2026


 Performance counter stats for 'sleep 0.05':

   <not supported>      node-store-misses                                           

       0.050916280 seconds time elapsed

       0.000868000 seconds user
       0.000000000 seconds sys



=== record: node-store-misses ===
Error:
The sys_perf_event_open() syscall returned with 6 (No such device or address) for event (node-store-misses).
/bin/dmesg | grep -i perf may provide additional information.


=== stat: duration_time ===
# started on Sat Sep 12 09:28:06 2026


 Performance counter stats for 'system wide':

          50934450 ns   duration_time                                               

       0.050934450 seconds time elapsed


=== stat: user_time ===
event syntax error: 'user_time'
                     \___ parser error
Run 'perf list' for a list of valid events

 Usage: perf stat [<options>] [<command>]

    -e, --event <event>   event selector. use 'perf list' to list available events

=== stat: system_time ===
event syntax error: 'system_time'
                     \___ parser error
Run 'perf list' for a list of valid events

 Usage: perf stat [<options>] [<command>]

    -e, --event <event>   event selector. use 'perf list' to list available events

=== stat: dummy ===
# started on Sat Sep 12 09:28:06 2026


 Performance counter stats for 'sleep 0.05':

                 0      dummy                                                       

       0.050827139 seconds time elapsed

       0.000785000 seconds user
       0.000000000 seconds sys



=== stat: bpf-output ===
# started on Sat Sep 12 09:28:06 2026


 Performance counter stats for 'sleep 0.05':

                 0      bpf-output                                                  

       0.050915262 seconds time elapsed

       0.000000000 seconds user
       0.000857000 seconds sys


